Checking path: "/mnt/Storage/Projects/Rust/seenlang/languages/en"
Checking path: "/mnt/Storage/Projects/Rust/seenlang/languages/en"
Compiling compiler_seen/src/main_compiler.seen with optimization level 0 (LLVM)
DEBUG: Handling import: typechecker.interfaces
DEBUG: Handling import: lexer.interfaces
DEBUG: Handling import: bootstrap.frontend
DEBUG: Handling import: main_compiler
DEBUG: Handling import: core.option
DEBUG: Handling import: core.result
DEBUG: Stubbing core.result
DEBUG: Handling import: io.file
DEBUG: Handling import: process.process
DEBUG: Handling import: env.env
DEBUG: Handling import: collections.list_utils
DEBUG: Handling import: lexer.lexer
DEBUG: Handling import: lexer
DEBUG: Handling import: lexer.interfaces
DEBUG: Handling import: lexer.keyword_manager
DEBUG: Handling import: lexer.interfaces
DEBUG: Handling import: str.string
DEBUG: Handling import: core.option
DEBUG: Handling import: core.result
DEBUG: Stubbing core.result
DEBUG: Handling import: str.string
DEBUG: Handling import: io.file
DEBUG: Handling import: process.process
DEBUG: Handling import: lexer
DEBUG: Handling import: parser.real_parser
DEBUG: Handling import: typechecker.interfaces
DEBUG: Handling import: typechecker.interfaces
DEBUG: Handling import: ffi.cinterop
DEBUG: Handling import: str.string
DEBUG: Handling import: core.result
DEBUG: Stubbing core.result
DEBUG: Handling import: core.unit
DEBUG: Handling import: str.string
DEBUG: Handling import: collections.vec
DEBUG: Handling import: core.option
DEBUG: Handling import: core.option
DEBUG: Handling import: core.result
DEBUG: Stubbing core.result
DEBUG: Handling import: core.unit
DEBUG: Handling import: collections.vec
DEBUG: Handling import: core.option
DEBUG: Handling import: collections.vec
DEBUG: Handling import: str.string
DEBUG: Handling import: collections.vec
DEBUG: Handling import: str.string
DEBUG: Handling import: bootstrap.frontend
DEBUG: Handling import: io.file
DEBUG: Handling import: process.process
DEBUG: Handling import: env.env
DEBUG: first-pass registering struct type: ProgramNode
DEBUG: first-pass registering struct type: ItemNode
DEBUG: first-pass registering struct type: ImportSymbolNode
DEBUG: first-pass registering struct type: FunctionNode
DEBUG: first-pass registering struct type: ParamNode
DEBUG: first-pass registering struct type: TypeNode
DEBUG: first-pass registering struct type: BlockNode
DEBUG: first-pass registering struct type: ClassNode
DEBUG: first-pass registering struct type: ImportPathInfo
DEBUG: first-pass registering struct type: ProgramNode
DEBUG: first-pass registering struct type: ItemNode
DEBUG: first-pass registering struct type: ImportSymbolNode
DEBUG: first-pass registering struct type: FunctionNode
DEBUG: first-pass registering struct type: ParamNode
DEBUG: first-pass registering struct type: TypeNode
DEBUG: first-pass registering struct type: BlockNode
DEBUG: first-pass registering struct type: ClassNode
DEBUG: first-pass registering struct type: CompilerInfo
DEBUG: first-pass registering struct type: VerificationResult
DEBUG: first-pass registering struct type: StageArtifact
DEBUG: first-pass registering struct type: BinaryComparison
DEBUG: first-pass registering struct type: RemovalResult
DEBUG: first-pass registering struct type: CommandResult
DEBUG: checking static call: TypeChecker.new
DEBUG:   type_definitions has TypeChecker: true
DEBUG:   mangled to: TypeChecker_new
DEBUG: checking static call: TypeChecker.new
DEBUG:   type_definitions has TypeChecker: true
DEBUG:   mangled to: TypeChecker_new
DEBUG: checking static call: checker.check
DEBUG:   type_definitions has checker: false
DEBUG: method call on identifier 'checker', member 'check'
DEBUG:   var type: Struct { name: "TypeChecker", fields: [("environment", Struct { name: "Environment", fields: [("parent", Optional(Struct { name: "Environment", fields: [] }))] }), ("errors", Array(Struct { name: "TypeError", fields: [("location", Struct { name: "Location", fields: [("line", Integer), ("column", Integer), ("file", String)] }), ("expected", Struct { name: "Type", fields: [("name", String), ("isNullable", Boolean)] }), ("actual", Struct { name: "Type", fields: [("name", String), ("isNullable", Boolean)] }), ("context", String)] })), ("warnings", Array(String)), ("strictMode", Boolean)] }
DEBUG:   struct_name: TypeChecker
DEBUG:   type_definitions keys: ["Unit", "SeenTypeChecker", "AST", "Function", "Expression", "Statement", "Class", "Interface", "Type", "FunctionType", "ClassType", "InterfaceType", "Location", "TypeError", "Environment", "TypeInferenceResult", "TypeChecker", "ProgramNode", "ItemNode", "ImportSymbolNode", "FunctionNode", "ParamNode", "TypeNode", "BlockNode", "ClassNode", "ImportPathInfo", "RealParser", "TokenUtils", "SeenLexer", "LanguageConfig", "KeywordManager", "StringBuilder", "TokenType", "Token", "LexerError", "Position", "CommandResult", "BootstrapVerifier", "CompilerInfo", "VerificationResult", "StageArtifact", "BinaryComparison", "RemovalResult", "RustRemover", "BootstrapManager", "FrontendDiagnostic", "FrontendResult", "Duration", "File", "CString", "Result", "Option", "VecChunk", "VecSlot", "Vec", "HashEntry", "StringHashMap", "StringBuffer", "StdString", "TaskKind", "TaskHandle", "ScopeGuard", "Channel"]
DEBUG:   mangled to: TypeChecker_check
DEBUG: checking static call: Type.new
DEBUG:   type_definitions has Type: true
DEBUG:   mangled to: Type_new
DEBUG: implicit this field access: name -> self.name
DEBUG: implicit this field access: isNullable -> self.isNullable
DEBUG: implicit this field access: name -> self.name
DEBUG: implicit this field access: name -> self.name
DEBUG: checking static call: Type.new
DEBUG:   type_definitions has Type: true
DEBUG:   mangled to: Type_new
DEBUG: checking static call: Type.new
DEBUG:   type_definitions has Type: true
DEBUG:   mangled to: Type_new
DEBUG: checking static call: Type.new
DEBUG:   type_definitions has Type: true
DEBUG:   mangled to: Type_new
DEBUG: checking static call: Type.new
DEBUG:   type_definitions has Type: true
DEBUG:   mangled to: Type_new
DEBUG: checking static call: Type.new
DEBUG:   type_definitions has Type: true
DEBUG:   mangled to: Type_new
DEBUG: checking static call: Type.new
DEBUG:   type_definitions has Type: true
DEBUG:   mangled to: Type_new
DEBUG: checking static call: Type.new
DEBUG:   type_definitions has Type: true
DEBUG:   mangled to: Type_new
DEBUG: checking static call: Type.new
DEBUG:   type_definitions has Type: true
DEBUG:   mangled to: Type_new
DEBUG: implicit this field access: location -> self.location
DEBUG: implicit this field access: expected -> self.expected
DEBUG: implicit this field access: actual -> self.actual
DEBUG: implicit this field access: context -> self.context
DEBUG: checking static call: FunctionType.new
DEBUG:   type_definitions has FunctionType: true
DEBUG:   mangled to: FunctionType_new
DEBUG: checking static call: ClassType.new
DEBUG:   type_definitions has ClassType: true
DEBUG:   mangled to: ClassType_new
DEBUG: checking static call: errors.push
DEBUG:   type_definitions has errors: false
DEBUG: implicit this field access: errors -> self.errors
DEBUG: method call on identifier 'errors', member 'push'
DEBUG:   no var type found, using raw member
DEBUG: checking static call: warnings.push
DEBUG:   type_definitions has warnings: false
DEBUG: implicit this field access: warnings -> self.warnings
DEBUG: method call on identifier 'warnings', member 'push'
DEBUG:   no var type found, using raw member
DEBUG: checking static call: environment.lookup
DEBUG:   type_definitions has environment: false
DEBUG: implicit this field access: environment -> self.environment
DEBUG: method call on identifier 'environment', member 'lookup'
DEBUG:   var type: Struct { name: "Environment", fields: [("parent", Optional(Struct { name: "Environment", fields: [] }))] }
DEBUG:   struct_name: Environment
DEBUG:   type_definitions keys: ["Unit", "SeenTypeChecker", "AST", "Function", "Expression", "Statement", "Class", "Interface", "Type", "FunctionType", "ClassType", "InterfaceType", "Location", "TypeError", "Environment", "TypeInferenceResult", "TypeChecker", "ProgramNode", "ItemNode", "ImportSymbolNode", "FunctionNode", "ParamNode", "TypeNode", "BlockNode", "ClassNode", "ImportPathInfo", "RealParser", "TokenUtils", "SeenLexer", "LanguageConfig", "KeywordManager", "StringBuilder", "TokenType", "Token", "LexerError", "Position", "CommandResult", "BootstrapVerifier", "CompilerInfo", "VerificationResult", "StageArtifact", "BinaryComparison", "RemovalResult", "RustRemover", "BootstrapManager", "FrontendDiagnostic", "FrontendResult", "Duration", "File", "CString", "Result", "Option", "VecChunk", "VecSlot", "Vec", "HashEntry", "StringHashMap", "StringBuffer", "StdString", "TaskKind", "TaskHandle", "ScopeGuard", "Channel"]
DEBUG:   mangled to: Environment_lookup
DEBUG: checking static call: Environment.new
DEBUG:   type_definitions has Environment: true
DEBUG:   mangled to: Environment_new
DEBUG: implicit this field access: environment -> self.environment
DEBUG: checking static call: TypeInferenceResult.new
DEBUG:   type_definitions has TypeInferenceResult: true
DEBUG:   mangled to: TypeInferenceResult_new
DEBUG: checking static call: ClassType.new
DEBUG:   type_definitions has ClassType: true
DEBUG:   mangled to: ClassType_new
DEBUG: checking static call: InterfaceType.new
DEBUG:   type_definitions has InterfaceType: true
DEBUG:   mangled to: InterfaceType_new
DEBUG: checking static call: FunctionType.new
DEBUG:   type_definitions has FunctionType: true
DEBUG:   mangled to: FunctionType_new
DEBUG: implicit this field access: errors -> self.errors
DEBUG: implicit this field access: warnings -> self.warnings
DEBUG: checking static call: Environment.new
DEBUG:   type_definitions has Environment: true
DEBUG:   mangled to: Environment_new
DEBUG: checking static call: TypeInferenceResult.new
DEBUG:   type_definitions has TypeInferenceResult: true
DEBUG:   mangled to: TypeInferenceResult_new
DEBUG: checking static call: TypeChecker.new
DEBUG:   type_definitions has TypeChecker: true
DEBUG:   mangled to: TypeChecker_new
DEBUG: checking static call: Type.new
DEBUG:   type_definitions has Type: true
DEBUG:   mangled to: Type_new
DEBUG: checking static call: FunctionNode.new
DEBUG:   type_definitions has FunctionNode: true
DEBUG:   mangled to: FunctionNode_new
DEBUG: checking static call: ClassNode.new
DEBUG:   type_definitions has ClassNode: true
DEBUG:   mangled to: ClassNode_new
DEBUG: checking static call: TypeNode.new
DEBUG:   type_definitions has TypeNode: true
DEBUG:   mangled to: TypeNode_new
DEBUG: checking static call: BlockNode.new
DEBUG:   type_definitions has BlockNode: true
DEBUG:   mangled to: BlockNode_new
DEBUG: checking static call: TypeNode.new
DEBUG:   type_definitions has TypeNode: true
DEBUG:   mangled to: TypeNode_new
DEBUG: checking static call: ProgramNode.new
DEBUG:   type_definitions has ProgramNode: true
DEBUG:   mangled to: ProgramNode_new
DEBUG: implicit this call: isAtEnd -> RealParser_isAtEnd (receiver: self)
DEBUG: implicit this call: matchToken -> RealParser_matchToken (receiver: self)
DEBUG: implicit this call: parseImportItem -> RealParser_parseImportItem (receiver: self)
DEBUG: method call on non-identifier, member 'push'
DEBUG: implicit this call: matchToken -> RealParser_matchToken (receiver: self)
DEBUG: implicit this call: parseImportItem -> RealParser_parseImportItem (receiver: self)
DEBUG: method call on non-identifier, member 'push'
DEBUG: implicit this call: matchToken -> RealParser_matchToken (receiver: self)
DEBUG: implicit this call: parseFunctionItem -> RealParser_parseFunctionItem (receiver: self)
DEBUG: method call on non-identifier, member 'push'
DEBUG: implicit this call: matchToken -> RealParser_matchToken (receiver: self)
DEBUG: implicit this call: parseClassItem -> RealParser_parseClassItem (receiver: self)
DEBUG: method call on non-identifier, member 'push'
DEBUG: implicit this call: advance -> RealParser_advance (receiver: self)
DEBUG: implicit this call: isAtEnd -> RealParser_isAtEnd (receiver: self)
DEBUG: checking static call: ItemNode.new
DEBUG:   type_definitions has ItemNode: true
DEBUG:   mangled to: ItemNode_new
DEBUG: implicit this call: consume -> RealParser_consume (receiver: self)
DEBUG: checking static call: FunctionNode.new
DEBUG:   type_definitions has FunctionNode: true
DEBUG:   mangled to: FunctionNode_new
DEBUG: checking static call: nameToken.getValue
DEBUG:   type_definitions has nameToken: false
DEBUG: method call on identifier 'nameToken', member 'getValue'
DEBUG:   var type: Integer
DEBUG:   not a struct type, using raw member
DEBUG: implicit this call: parseParameterList -> RealParser_parseParameterList (receiver: self)
DEBUG: implicit this call: parseOptionalReturnType -> RealParser_parseOptionalReturnType (receiver: self)
DEBUG: checking static call: BlockNode.new
DEBUG:   type_definitions has BlockNode: true
DEBUG:   mangled to: BlockNode_new
DEBUG: implicit this call: skipOptionalFunctionBody -> RealParser_skipOptionalFunctionBody (receiver: self)
DEBUG: checking static call: ItemNode.new
DEBUG:   type_definitions has ItemNode: true
DEBUG:   mangled to: ItemNode_new
DEBUG: implicit this call: inferVisibility -> RealParser_inferVisibility (receiver: self)
DEBUG: implicit this call: isAtEnd -> RealParser_isAtEnd (receiver: self)
DEBUG: checking static call: ItemNode.new
DEBUG:   type_definitions has ItemNode: true
DEBUG:   mangled to: ItemNode_new
DEBUG: implicit this call: consume -> RealParser_consume (receiver: self)
DEBUG: checking static call: ClassNode.new
DEBUG:   type_definitions has ClassNode: true
DEBUG:   mangled to: ClassNode_new
DEBUG: checking static call: nameToken.getValue
DEBUG:   type_definitions has nameToken: false
DEBUG: method call on identifier 'nameToken', member 'getValue'
DEBUG:   var type: Integer
DEBUG:   not a struct type, using raw member
DEBUG: implicit this call: skipOptionalFunctionBody -> RealParser_skipOptionalFunctionBody (receiver: self)
DEBUG: checking static call: ItemNode.new
DEBUG:   type_definitions has ItemNode: true
DEBUG:   mangled to: ItemNode_new
DEBUG: implicit this call: inferVisibility -> RealParser_inferVisibility (receiver: self)
DEBUG: implicit this call: matchToken -> RealParser_matchToken (receiver: self)
DEBUG: implicit this call: checkToken -> RealParser_checkToken (receiver: self)
DEBUG: implicit this call: advance -> RealParser_advance (receiver: self)
DEBUG: implicit this call: isAtEnd -> RealParser_isAtEnd (receiver: self)
DEBUG: implicit this call: parseParam -> RealParser_parseParam (receiver: self)
DEBUG: method call on non-identifier, member 'push'
DEBUG: implicit this call: matchToken -> RealParser_matchToken (receiver: self)
DEBUG: implicit this call: consume -> RealParser_consume (receiver: self)
DEBUG: implicit this call: checkToken -> RealParser_checkToken (receiver: self)
DEBUG: checking static call: ParamNode.new
DEBUG:   type_definitions has ParamNode: true
DEBUG:   mangled to: ParamNode_new
DEBUG: implicit this call: advance -> RealParser_advance (receiver: self)
DEBUG: checking static call: ParamNode.new
DEBUG:   type_definitions has ParamNode: true
DEBUG:   mangled to: ParamNode_new
DEBUG: checking static call: nameToken.getValue
DEBUG:   type_definitions has nameToken: false
DEBUG: method call on identifier 'nameToken', member 'getValue'
DEBUG:   var type: Integer
DEBUG:   not a struct type, using raw member
DEBUG: implicit this call: parseOptionalTypeAnnotation -> RealParser_parseOptionalTypeAnnotation (receiver: self)
DEBUG: implicit this call: matchToken -> RealParser_matchToken (receiver: self)
DEBUG: implicit this call: skipExpression -> RealParser_skipExpression (receiver: self)
DEBUG: implicit this call: matchToken -> RealParser_matchToken (receiver: self)
DEBUG: checking static call: TypeNode.new
DEBUG:   type_definitions has TypeNode: true
DEBUG:   mangled to: TypeNode_new
DEBUG: implicit this call: parseTypeNode -> RealParser_parseTypeNode (receiver: self)
DEBUG: implicit this call: matchToken -> RealParser_matchToken (receiver: self)
DEBUG: checking static call: TypeNode.new
DEBUG:   type_definitions has TypeNode: true
DEBUG:   mangled to: TypeNode_new
DEBUG: implicit this call: parseTypeNode -> RealParser_parseTypeNode (receiver: self)
DEBUG: checking static call: TypeNode.new
DEBUG:   type_definitions has TypeNode: true
DEBUG:   mangled to: TypeNode_new
DEBUG: implicit this call: checkToken -> RealParser_checkToken (receiver: self)
DEBUG: implicit this call: advance -> RealParser_advance (receiver: self)
DEBUG: checking static call: token.getValue
DEBUG:   type_definitions has token: false
DEBUG: method call on identifier 'token', member 'getValue'
DEBUG:   var type: Integer
DEBUG:   not a struct type, using raw member
DEBUG: implicit this call: matchToken -> RealParser_matchToken (receiver: self)
DEBUG: implicit this call: checkToken -> RealParser_checkToken (receiver: self)
DEBUG: implicit this call: advance -> RealParser_advance (receiver: self)
DEBUG: method call on non-identifier, member 'getValue'
DEBUG: implicit this call: matchToken -> RealParser_matchToken (receiver: self)
DEBUG: implicit this call: isAtEnd -> RealParser_isAtEnd (receiver: self)
DEBUG: implicit this call: matchToken -> RealParser_matchToken (receiver: self)
DEBUG: implicit this call: matchToken -> RealParser_matchToken (receiver: self)
DEBUG: implicit this call: advance -> RealParser_advance (receiver: self)
DEBUG: implicit this call: matchToken -> RealParser_matchToken (receiver: self)
DEBUG: implicit this call: matchToken -> RealParser_matchToken (receiver: self)
DEBUG: implicit this call: skipBlockBody -> RealParser_skipBlockBody (receiver: self)
DEBUG: implicit this call: matchToken -> RealParser_matchToken (receiver: self)
DEBUG: implicit this call: isAtEnd -> RealParser_isAtEnd (receiver: self)
DEBUG: implicit this call: advance -> RealParser_advance (receiver: self)
DEBUG: checking static call: token.getType
DEBUG:   type_definitions has token: false
DEBUG: method call on identifier 'token', member 'getType'
DEBUG:   var type: Integer
DEBUG:   not a struct type, using raw member
DEBUG: implicit this call: parseImportPath -> RealParser_parseImportPath (receiver: self)
DEBUG: implicit this call: parseImportSymbols -> RealParser_parseImportSymbols (receiver: self)
DEBUG: implicit this call: matchToken -> RealParser_matchToken (receiver: self)
DEBUG: checking static call: ItemNode.new
DEBUG:   type_definitions has ItemNode: true
DEBUG:   mangled to: ItemNode_new
DEBUG: implicit this call: checkToken -> RealParser_checkToken (receiver: self)
DEBUG: implicit this call: advance -> RealParser_advance (receiver: self)
DEBUG: method call on non-identifier, member 'getValue'
DEBUG: checking static call: segments.push
DEBUG:   type_definitions has segments: false
DEBUG: method call on identifier 'segments', member 'push'
DEBUG:   var type: Array(String)
DEBUG:   not a struct type, using raw member
DEBUG: implicit this call: joinSegments -> RealParser_joinSegments (receiver: self)
DEBUG: implicit this call: isAtEnd -> RealParser_isAtEnd (receiver: self)
DEBUG: implicit this call: matchToken -> RealParser_matchToken (receiver: self)
DEBUG: implicit this call: checkToken -> RealParser_checkToken (receiver: self)
DEBUG: implicit this call: checkToken -> RealParser_checkToken (receiver: self)
DEBUG: implicit this call: consume -> RealParser_consume (receiver: self)
DEBUG: checking static call: segment.getValue
DEBUG:   type_definitions has segment: false
DEBUG: method call on identifier 'segment', member 'getValue'
DEBUG:   var type: Integer
DEBUG:   not a struct type, using raw member
DEBUG: checking static call: segments.push
DEBUG:   type_definitions has segments: false
DEBUG: method call on identifier 'segments', member 'push'
DEBUG:   var type: Array(String)
DEBUG:   not a struct type, using raw member
DEBUG: checking static call: segment.getValue
DEBUG:   type_definitions has segment: false
DEBUG: method call on identifier 'segment', member 'getValue'
DEBUG:   var type: Integer
DEBUG:   not a struct type, using raw member
DEBUG: implicit this call: matchToken -> RealParser_matchToken (receiver: self)
DEBUG: implicit this call: matchToken -> RealParser_matchToken (receiver: self)
DEBUG: implicit this call: checkToken -> RealParser_checkToken (receiver: self)
DEBUG: implicit this call: checkToken -> RealParser_checkToken (receiver: self)
DEBUG: implicit this call: consume -> RealParser_consume (receiver: self)
DEBUG: checking static call: segment.getValue
DEBUG:   type_definitions has segment: false
DEBUG: method call on identifier 'segment', member 'getValue'
DEBUG:   var type: Integer
DEBUG:   not a struct type, using raw member
DEBUG: checking static call: segments.push
DEBUG:   type_definitions has segments: false
DEBUG: method call on identifier 'segments', member 'push'
DEBUG:   var type: Array(String)
DEBUG:   not a struct type, using raw member
DEBUG: checking static call: segment.getValue
DEBUG:   type_definitions has segment: false
DEBUG: method call on identifier 'segment', member 'getValue'
DEBUG:   var type: Integer
DEBUG:   not a struct type, using raw member
DEBUG: implicit this call: matchToken -> RealParser_matchToken (receiver: self)
DEBUG: implicit this call: consume -> RealParser_consume (receiver: self)
DEBUG: checking static call: alias.getValue
DEBUG:   type_definitions has alias: false
DEBUG: method call on identifier 'alias', member 'getValue'
DEBUG:   var type: Integer
DEBUG:   not a struct type, using raw member
DEBUG: implicit this call: makeImportSymbol -> RealParser_makeImportSymbol (receiver: self)
DEBUG: checking static call: symbols.push
DEBUG:   type_definitions has symbols: false
DEBUG: method call on identifier 'symbols', member 'push'
DEBUG:   var type: Array(Struct { name: "ImportSymbolNode", fields: [("name", String), ("alias", String)] })
DEBUG:   not a struct type, using raw member
DEBUG: implicit this call: matchToken -> RealParser_matchToken (receiver: self)
DEBUG: implicit this call: makeImportSymbol -> RealParser_makeImportSymbol (receiver: self)
DEBUG: checking static call: symbols.push
DEBUG:   type_definitions has symbols: false
DEBUG: method call on identifier 'symbols', member 'push'
DEBUG:   var type: Array(Struct { name: "ImportSymbolNode", fields: [("name", String), ("alias", String)] })
DEBUG:   not a struct type, using raw member
DEBUG: implicit this call: isAtEnd -> RealParser_isAtEnd (receiver: self)
DEBUG: implicit this call: matchToken -> RealParser_matchToken (receiver: self)
DEBUG: implicit this call: consume -> RealParser_consume (receiver: self)
DEBUG: implicit this call: matchToken -> RealParser_matchToken (receiver: self)
DEBUG: implicit this call: consume -> RealParser_consume (receiver: self)
DEBUG: checking static call: aliasToken.getValue
DEBUG:   type_definitions has aliasToken: false
DEBUG: method call on identifier 'aliasToken', member 'getValue'
DEBUG:   var type: Integer
DEBUG:   not a struct type, using raw member
DEBUG: checking static call: symbolToken.getValue
DEBUG:   type_definitions has symbolToken: false
DEBUG: method call on identifier 'symbolToken', member 'getValue'
DEBUG:   var type: Integer
DEBUG:   not a struct type, using raw member
DEBUG: implicit this call: makeImportSymbol -> RealParser_makeImportSymbol (receiver: self)
DEBUG: checking static call: symbols.push
DEBUG:   type_definitions has symbols: false
DEBUG: method call on identifier 'symbols', member 'push'
DEBUG:   var type: Array(Struct { name: "ImportSymbolNode", fields: [("name", String), ("alias", String)] })
DEBUG:   not a struct type, using raw member
DEBUG: implicit this call: matchToken -> RealParser_matchToken (receiver: self)
DEBUG: implicit this call: consume -> RealParser_consume (receiver: self)
DEBUG: checking static call: ImportSymbolNode.new
DEBUG:   type_definitions has ImportSymbolNode: true
DEBUG:   mangled to: ImportSymbolNode_new
DEBUG: checking static call: name.length
DEBUG:   type_definitions has name: false
DEBUG: checking static call: name.substring
DEBUG:   type_definitions has name: false
DEBUG: method call on identifier 'name', member 'substring'
DEBUG:   var type: String
DEBUG:   not a struct type, using raw member
DEBUG: checking static call: first.toUpperCase
DEBUG:   type_definitions has first: false
DEBUG: method call on identifier 'first', member 'toUpperCase'
DEBUG:   var type: Void
DEBUG:   not a struct type, using raw member
DEBUG: implicit this call: isAtEnd -> RealParser_isAtEnd (receiver: self)
DEBUG: implicit this call: peek -> RealParser_peek (receiver: self)
DEBUG: method call on non-identifier, member 'getType'
DEBUG: implicit this call: advance -> RealParser_advance (receiver: self)
DEBUG: checking static call: values.length
DEBUG:   type_definitions has values: false
DEBUG: checking static call: values.length
DEBUG:   type_definitions has values: false
DEBUG: implicit this call: checkToken -> RealParser_checkToken (receiver: self)
DEBUG: implicit this call: advance -> RealParser_advance (receiver: self)
DEBUG: implicit this call: isAtEnd -> RealParser_isAtEnd (receiver: self)
DEBUG: implicit this call: peek -> RealParser_peek (receiver: self)
DEBUG: method call on non-identifier, member 'getType'
DEBUG: implicit this call: isAtEnd -> RealParser_isAtEnd (receiver: self)
DEBUG: implicit this field access: current -> self.current
DEBUG: implicit this call: previous -> RealParser_previous (receiver: self)
DEBUG: implicit this field access: current -> self.current
DEBUG: checking static call: tokens.length
DEBUG:   type_definitions has tokens: false
DEBUG: implicit this field access: tokens -> self.tokens
DEBUG: implicit this call: peek -> RealParser_peek (receiver: self)
DEBUG: method call on non-identifier, member 'getType'
DEBUG: implicit this field access: current -> self.current
DEBUG: checking static call: tokens.length
DEBUG:   type_definitions has tokens: false
DEBUG: implicit this field access: tokens -> self.tokens
DEBUG: implicit this field access: tokens -> self.tokens
DEBUG: checking static call: tokens.length
DEBUG:   type_definitions has tokens: false
DEBUG: implicit this field access: tokens -> self.tokens
DEBUG: implicit this field access: tokens -> self.tokens
DEBUG: implicit this field access: current -> self.current
DEBUG: implicit this field access: current -> self.current
DEBUG: implicit this field access: tokens -> self.tokens
DEBUG: implicit this field access: tokens -> self.tokens
DEBUG: implicit this field access: current -> self.current
DEBUG: implicit this call: checkToken -> RealParser_checkToken (receiver: self)
DEBUG: implicit this call: advance -> RealParser_advance (receiver: self)
DEBUG: implicit this call: peek -> RealParser_peek (receiver: self)
DEBUG: implicit this field access: items -> self.items
DEBUG: checking static call: FunctionNode.new
DEBUG:   type_definitions has FunctionNode: true
DEBUG:   mangled to: FunctionNode_new
DEBUG: checking static call: ClassNode.new
DEBUG:   type_definitions has ClassNode: true
DEBUG:   mangled to: ClassNode_new
DEBUG: checking static call: TypeNode.new
DEBUG:   type_definitions has TypeNode: true
DEBUG:   mangled to: TypeNode_new
DEBUG: checking static call: BlockNode.new
DEBUG:   type_definitions has BlockNode: true
DEBUG:   mangled to: BlockNode_new
DEBUG: checking static call: TypeNode.new
DEBUG:   type_definitions has TypeNode: true
DEBUG:   mangled to: TypeNode_new
DEBUG: checking static call: args.size
DEBUG:   type_definitions has args: false
DEBUG: checking static call: sourceResult.isErr
DEBUG:   type_definitions has sourceResult: false
DEBUG: method call on identifier 'sourceResult', member 'isErr'
DEBUG:   var type: Void
DEBUG:   not a struct type, using raw member
DEBUG: checking static call: sourceResult.unwrapErr
DEBUG:   type_definitions has sourceResult: false
DEBUG: method call on identifier 'sourceResult', member 'unwrapErr'
DEBUG:   var type: Void
DEBUG:   not a struct type, using raw member
DEBUG: checking static call: sourceResult.unwrap
DEBUG:   type_definitions has sourceResult: false
DEBUG: method call on identifier 'sourceResult', member 'unwrap'
DEBUG:   var type: Void
DEBUG:   not a struct type, using raw member
DEBUG: method call on non-identifier, member 'unwrapOr'
DEBUG: checking static call: sourceResult.isErr
DEBUG:   type_definitions has sourceResult: false
DEBUG: method call on identifier 'sourceResult', member 'isErr'
DEBUG:   var type: Void
DEBUG:   not a struct type, using raw member
DEBUG: checking static call: sourceResult.unwrapErr
DEBUG:   type_definitions has sourceResult: false
DEBUG: method call on identifier 'sourceResult', member 'unwrapErr'
DEBUG:   var type: Void
DEBUG:   not a struct type, using raw member
DEBUG: checking static call: sourceResult.unwrap
DEBUG:   type_definitions has sourceResult: false
DEBUG: method call on identifier 'sourceResult', member 'unwrap'
DEBUG:   var type: Void
DEBUG:   not a struct type, using raw member
DEBUG: checking static call: sourceFile.endsWith
DEBUG:   type_definitions has sourceFile: false
DEBUG: method call on identifier 'sourceFile', member 'endsWith'
DEBUG:   var type: String
DEBUG:   not a struct type, using raw member
DEBUG: checking static call: sourceFile.length
DEBUG:   type_definitions has sourceFile: false
DEBUG: checking static call: sourceFile.substring
DEBUG:   type_definitions has sourceFile: false
DEBUG: method call on identifier 'sourceFile', member 'substring'
DEBUG:   var type: String
DEBUG:   not a struct type, using raw member
DEBUG: checking static call: frontend.getDiagnostics
DEBUG:   type_definitions has frontend: false
DEBUG: method call on identifier 'frontend', member 'getDiagnostics'
DEBUG:   var type: Struct { name: "FrontendResult", fields: [("success", Boolean), ("diagnostics", Array(Struct { name: "FrontendDiagnostic", fields: [("file", String), ("line", Integer), ("column", Integer), ("severity", String), ("message", String)] }))] }
DEBUG:   struct_name: FrontendResult
DEBUG:   type_definitions keys: ["Unit", "SeenTypeChecker", "AST", "Function", "Expression", "Statement", "Class", "Interface", "Type", "FunctionType", "ClassType", "InterfaceType", "Location", "TypeError", "Environment", "TypeInferenceResult", "TypeChecker", "ProgramNode", "ItemNode", "ImportSymbolNode", "FunctionNode", "ParamNode", "TypeNode", "BlockNode", "ClassNode", "ImportPathInfo", "RealParser", "TokenUtils", "SeenLexer", "LanguageConfig", "KeywordManager", "StringBuilder", "TokenType", "Token", "LexerError", "Position", "CommandResult", "BootstrapVerifier", "CompilerInfo", "VerificationResult", "StageArtifact", "BinaryComparison", "RemovalResult", "RustRemover", "BootstrapManager", "FrontendDiagnostic", "FrontendResult", "Duration", "File", "CString", "Result", "Option", "VecChunk", "VecSlot", "Vec", "HashEntry", "StringHashMap", "StringBuffer", "StdString", "TaskKind", "TaskHandle", "ScopeGuard", "Channel"]
DEBUG:   mangled to: FrontendResult_getDiagnostics
DEBUG: checking static call: diagnostics.length
DEBUG:   type_definitions has diagnostics: false
DEBUG: checking static call: diagnostics.length
DEBUG:   type_definitions has diagnostics: false
DEBUG: checking static call: frontend.getDiagnostics
DEBUG:   type_definitions has frontend: false
DEBUG: method call on identifier 'frontend', member 'getDiagnostics'
DEBUG:   var type: Struct { name: "FrontendResult", fields: [("success", Boolean), ("diagnostics", Array(Struct { name: "FrontendDiagnostic", fields: [("file", String), ("line", Integer), ("column", Integer), ("severity", String), ("message", String)] }))] }
DEBUG:   struct_name: FrontendResult
DEBUG:   type_definitions keys: ["Unit", "SeenTypeChecker", "AST", "Function", "Expression", "Statement", "Class", "Interface", "Type", "FunctionType", "ClassType", "InterfaceType", "Location", "TypeError", "Environment", "TypeInferenceResult", "TypeChecker", "ProgramNode", "ItemNode", "ImportSymbolNode", "FunctionNode", "ParamNode", "TypeNode", "BlockNode", "ClassNode", "ImportPathInfo", "RealParser", "TokenUtils", "SeenLexer", "LanguageConfig", "KeywordManager", "StringBuilder", "TokenType", "Token", "LexerError", "Position", "CommandResult", "BootstrapVerifier", "CompilerInfo", "VerificationResult", "StageArtifact", "BinaryComparison", "RemovalResult", "RustRemover", "BootstrapManager", "FrontendDiagnostic", "FrontendResult", "Duration", "File", "CString", "Result", "Option", "VecChunk", "VecSlot", "Vec", "HashEntry", "StringHashMap", "StringBuffer", "StdString", "TaskKind", "TaskHandle", "ScopeGuard", "Channel"]
DEBUG:   mangled to: FrontendResult_getDiagnostics
DEBUG: checking static call: diagnostics.length
DEBUG:   type_definitions has diagnostics: false
DEBUG: checking static call: args.size
DEBUG:   type_definitions has args: false
DEBUG: checking static call: args.size
DEBUG:   type_definitions has args: false
DEBUG: checking static call: rawArgs.length
DEBUG:   type_definitions has rawArgs: false
DEBUG: checking static call: list.push
DEBUG:   type_definitions has list: false
DEBUG: method call on identifier 'list', member 'push'
DEBUG:   var type: Array(Void)
DEBUG:   not a struct type, using raw member
DEBUG: checking static call: SeenLexer.new
DEBUG:   type_definitions has SeenLexer: true
DEBUG:   mangled to: SeenLexer_new
DEBUG: checking static call: SeenLexer.new
DEBUG:   type_definitions has SeenLexer: true
DEBUG:   mangled to: SeenLexer_new
DEBUG: checking static call: lexer.tokenize
DEBUG:   type_definitions has lexer: false
DEBUG: method call on identifier 'lexer', member 'tokenize'
DEBUG:   var type: Struct { name: "SeenLexer", fields: [("source", String), ("fileId", Integer), ("language", String), ("errorRecoveryMode", Boolean), ("keywordManager", Integer), ("position", Integer), ("line", Integer), ("column", Integer), ("tokens", Array(Integer))] }
DEBUG:   struct_name: SeenLexer
DEBUG:   type_definitions keys: ["Unit", "SeenTypeChecker", "AST", "Function", "Expression", "Statement", "Class", "Interface", "Type", "FunctionType", "ClassType", "InterfaceType", "Location", "TypeError", "Environment", "TypeInferenceResult", "TypeChecker", "ProgramNode", "ItemNode", "ImportSymbolNode", "FunctionNode", "ParamNode", "TypeNode", "BlockNode", "ClassNode", "ImportPathInfo", "RealParser", "TokenUtils", "SeenLexer", "LanguageConfig", "KeywordManager", "StringBuilder", "TokenType", "Token", "LexerError", "Position", "CommandResult", "BootstrapVerifier", "CompilerInfo", "VerificationResult", "StageArtifact", "BinaryComparison", "RemovalResult", "RustRemover", "BootstrapManager", "FrontendDiagnostic", "FrontendResult", "Duration", "File", "CString", "Result", "Option", "VecChunk", "VecSlot", "Vec", "HashEntry", "StringHashMap", "StringBuffer", "StdString", "TaskKind", "TaskHandle", "ScopeGuard", "Channel"]
DEBUG:   mangled to: SeenLexer_tokenize
DEBUG: checking static call: KeywordManager.new
DEBUG:   type_definitions has KeywordManager: true
DEBUG:   mangled to: KeywordManager_new
DEBUG: checking static call: KeywordManager.new
DEBUG:   type_definitions has KeywordManager: true
DEBUG:   mangled to: KeywordManager_new
DEBUG: implicit this field access: position -> self.position
DEBUG: checking static call: source.length
DEBUG:   type_definitions has source: false
DEBUG: implicit this field access: source -> self.source
DEBUG: checking static call: this.getCurrentChar
DEBUG:   type_definitions has this: false
DEBUG: Resolved 'this' to receiver 'self'
DEBUG: method call on identifier 'this', member 'getCurrentChar'
DEBUG:   var type: Struct { name: "SeenLexer", fields: [("source", String), ("fileId", Integer), ("language", String), ("errorRecoveryMode", Boolean), ("keywordManager", Integer), ("position", Integer), ("line", Integer), ("column", Integer), ("tokens", Array(Integer))] }
DEBUG:   struct_name: SeenLexer
DEBUG:   type_definitions keys: ["Unit", "SeenTypeChecker", "AST", "Function", "Expression", "Statement", "Class", "Interface", "Type", "FunctionType", "ClassType", "InterfaceType", "Location", "TypeError", "Environment", "TypeInferenceResult", "TypeChecker", "ProgramNode", "ItemNode", "ImportSymbolNode", "FunctionNode", "ParamNode", "TypeNode", "BlockNode", "ClassNode", "ImportPathInfo", "RealParser", "TokenUtils", "SeenLexer", "LanguageConfig", "KeywordManager", "StringBuilder", "TokenType", "Token", "LexerError", "Position", "CommandResult", "BootstrapVerifier", "CompilerInfo", "VerificationResult", "StageArtifact", "BinaryComparison", "RemovalResult", "RustRemover", "BootstrapManager", "FrontendDiagnostic", "FrontendResult", "Duration", "File", "CString", "Result", "Option", "VecChunk", "VecSlot", "Vec", "HashEntry", "StringHashMap", "StringBuffer", "StdString", "TaskKind", "TaskHandle", "ScopeGuard", "Channel"]
DEBUG:   mangled to: SeenLexer_getCurrentChar
DEBUG: checking static call: this.isWhitespace
DEBUG:   type_definitions has this: false
DEBUG: Resolved 'this' to receiver 'self'
DEBUG: method call on identifier 'this', member 'isWhitespace'
DEBUG:   var type: Struct { name: "SeenLexer", fields: [("source", String), ("fileId", Integer), ("language", String), ("errorRecoveryMode", Boolean), ("keywordManager", Integer), ("position", Integer), ("line", Integer), ("column", Integer), ("tokens", Array(Integer))] }
DEBUG:   struct_name: SeenLexer
DEBUG:   type_definitions keys: ["Unit", "SeenTypeChecker", "AST", "Function", "Expression", "Statement", "Class", "Interface", "Type", "FunctionType", "ClassType", "InterfaceType", "Location", "TypeError", "Environment", "TypeInferenceResult", "TypeChecker", "ProgramNode", "ItemNode", "ImportSymbolNode", "FunctionNode", "ParamNode", "TypeNode", "BlockNode", "ClassNode", "ImportPathInfo", "RealParser", "TokenUtils", "SeenLexer", "LanguageConfig", "KeywordManager", "StringBuilder", "TokenType", "Token", "LexerError", "Position", "CommandResult", "BootstrapVerifier", "CompilerInfo", "VerificationResult", "StageArtifact", "BinaryComparison", "RemovalResult", "RustRemover", "BootstrapManager", "FrontendDiagnostic", "FrontendResult", "Duration", "File", "CString", "Result", "Option", "VecChunk", "VecSlot", "Vec", "HashEntry", "StringHashMap", "StringBuffer", "StdString", "TaskKind", "TaskHandle", "ScopeGuard", "Channel"]
DEBUG:   mangled to: SeenLexer_isWhitespace
DEBUG: checking static call: this.handleWhitespace
DEBUG:   type_definitions has this: false
DEBUG: Resolved 'this' to receiver 'self'
DEBUG: method call on identifier 'this', member 'handleWhitespace'
DEBUG:   var type: Struct { name: "SeenLexer", fields: [("source", String), ("fileId", Integer), ("language", String), ("errorRecoveryMode", Boolean), ("keywordManager", Integer), ("position", Integer), ("line", Integer), ("column", Integer), ("tokens", Array(Integer))] }
DEBUG:   struct_name: SeenLexer
DEBUG:   type_definitions keys: ["Unit", "SeenTypeChecker", "AST", "Function", "Expression", "Statement", "Class", "Interface", "Type", "FunctionType", "ClassType", "InterfaceType", "Location", "TypeError", "Environment", "TypeInferenceResult", "TypeChecker", "ProgramNode", "ItemNode", "ImportSymbolNode", "FunctionNode", "ParamNode", "TypeNode", "BlockNode", "ClassNode", "ImportPathInfo", "RealParser", "TokenUtils", "SeenLexer", "LanguageConfig", "KeywordManager", "StringBuilder", "TokenType", "Token", "LexerError", "Position", "CommandResult", "BootstrapVerifier", "CompilerInfo", "VerificationResult", "StageArtifact", "BinaryComparison", "RemovalResult", "RustRemover", "BootstrapManager", "FrontendDiagnostic", "FrontendResult", "Duration", "File", "CString", "Result", "Option", "VecChunk", "VecSlot", "Vec", "HashEntry", "StringHashMap", "StringBuffer", "StdString", "TaskKind", "TaskHandle", "ScopeGuard", "Channel"]
DEBUG:   mangled to: SeenLexer_handleWhitespace
DEBUG: checking static call: this.peekChar
DEBUG:   type_definitions has this: false
DEBUG: Resolved 'this' to receiver 'self'
DEBUG: method call on identifier 'this', member 'peekChar'
DEBUG:   var type: Struct { name: "SeenLexer", fields: [("source", String), ("fileId", Integer), ("language", String), ("errorRecoveryMode", Boolean), ("keywordManager", Integer), ("position", Integer), ("line", Integer), ("column", Integer), ("tokens", Array(Integer))] }
DEBUG:   struct_name: SeenLexer
DEBUG:   type_definitions keys: ["Unit", "SeenTypeChecker", "AST", "Function", "Expression", "Statement", "Class", "Interface", "Type", "FunctionType", "ClassType", "InterfaceType", "Location", "TypeError", "Environment", "TypeInferenceResult", "TypeChecker", "ProgramNode", "ItemNode", "ImportSymbolNode", "FunctionNode", "ParamNode", "TypeNode", "BlockNode", "ClassNode", "ImportPathInfo", "RealParser", "TokenUtils", "SeenLexer", "LanguageConfig", "KeywordManager", "StringBuilder", "TokenType", "Token", "LexerError", "Position", "CommandResult", "BootstrapVerifier", "CompilerInfo", "VerificationResult", "StageArtifact", "BinaryComparison", "RemovalResult", "RustRemover", "BootstrapManager", "FrontendDiagnostic", "FrontendResult", "Duration", "File", "CString", "Result", "Option", "VecChunk", "VecSlot", "Vec", "HashEntry", "StringHashMap", "StringBuffer", "StdString", "TaskKind", "TaskHandle", "ScopeGuard", "Channel"]
DEBUG:   mangled to: SeenLexer_peekChar
DEBUG: checking static call: this.handleSingleLineComment
DEBUG:   type_definitions has this: false
DEBUG: Resolved 'this' to receiver 'self'
DEBUG: method call on identifier 'this', member 'handleSingleLineComment'
DEBUG:   var type: Struct { name: "SeenLexer", fields: [("source", String), ("fileId", Integer), ("language", String), ("errorRecoveryMode", Boolean), ("keywordManager", Integer), ("position", Integer), ("line", Integer), ("column", Integer), ("tokens", Array(Integer))] }
DEBUG:   struct_name: SeenLexer
DEBUG:   type_definitions keys: ["Unit", "SeenTypeChecker", "AST", "Function", "Expression", "Statement", "Class", "Interface", "Type", "FunctionType", "ClassType", "InterfaceType", "Location", "TypeError", "Environment", "TypeInferenceResult", "TypeChecker", "ProgramNode", "ItemNode", "ImportSymbolNode", "FunctionNode", "ParamNode", "TypeNode", "BlockNode", "ClassNode", "ImportPathInfo", "RealParser", "TokenUtils", "SeenLexer", "LanguageConfig", "KeywordManager", "StringBuilder", "TokenType", "Token", "LexerError", "Position", "CommandResult", "BootstrapVerifier", "CompilerInfo", "VerificationResult", "StageArtifact", "BinaryComparison", "RemovalResult", "RustRemover", "BootstrapManager", "FrontendDiagnostic", "FrontendResult", "Duration", "File", "CString", "Result", "Option", "VecChunk", "VecSlot", "Vec", "HashEntry", "StringHashMap", "StringBuffer", "StdString", "TaskKind", "TaskHandle", "ScopeGuard", "Channel"]
DEBUG:   mangled to: SeenLexer_handleSingleLineComment
DEBUG: checking static call: this.peekChar
DEBUG:   type_definitions has this: false
DEBUG: Resolved 'this' to receiver 'self'
DEBUG: method call on identifier 'this', member 'peekChar'
DEBUG:   var type: Struct { name: "SeenLexer", fields: [("source", String), ("fileId", Integer), ("language", String), ("errorRecoveryMode", Boolean), ("keywordManager", Integer), ("position", Integer), ("line", Integer), ("column", Integer), ("tokens", Array(Integer))] }
DEBUG:   struct_name: SeenLexer
DEBUG:   type_definitions keys: ["Unit", "SeenTypeChecker", "AST", "Function", "Expression", "Statement", "Class", "Interface", "Type", "FunctionType", "ClassType", "InterfaceType", "Location", "TypeError", "Environment", "TypeInferenceResult", "TypeChecker", "ProgramNode", "ItemNode", "ImportSymbolNode", "FunctionNode", "ParamNode", "TypeNode", "BlockNode", "ClassNode", "ImportPathInfo", "RealParser", "TokenUtils", "SeenLexer", "LanguageConfig", "KeywordManager", "StringBuilder", "TokenType", "Token", "LexerError", "Position", "CommandResult", "BootstrapVerifier", "CompilerInfo", "VerificationResult", "StageArtifact", "BinaryComparison", "RemovalResult", "RustRemover", "BootstrapManager", "FrontendDiagnostic", "FrontendResult", "Duration", "File", "CString", "Result", "Option", "VecChunk", "VecSlot", "Vec", "HashEntry", "StringHashMap", "StringBuffer", "StdString", "TaskKind", "TaskHandle", "ScopeGuard", "Channel"]
DEBUG:   mangled to: SeenLexer_peekChar
DEBUG: checking static call: this.handleMultiLineComment
DEBUG:   type_definitions has this: false
DEBUG: Resolved 'this' to receiver 'self'
DEBUG: method call on identifier 'this', member 'handleMultiLineComment'
DEBUG:   var type: Struct { name: "SeenLexer", fields: [("source", String), ("fileId", Integer), ("language", String), ("errorRecoveryMode", Boolean), ("keywordManager", Integer), ("position", Integer), ("line", Integer), ("column", Integer), ("tokens", Array(Integer))] }
DEBUG:   struct_name: SeenLexer
DEBUG:   type_definitions keys: ["Unit", "SeenTypeChecker", "AST", "Function", "Expression", "Statement", "Class", "Interface", "Type", "FunctionType", "ClassType", "InterfaceType", "Location", "TypeError", "Environment", "TypeInferenceResult", "TypeChecker", "ProgramNode", "ItemNode", "ImportSymbolNode", "FunctionNode", "ParamNode", "TypeNode", "BlockNode", "ClassNode", "ImportPathInfo", "RealParser", "TokenUtils", "SeenLexer", "LanguageConfig", "KeywordManager", "StringBuilder", "TokenType", "Token", "LexerError", "Position", "CommandResult", "BootstrapVerifier", "CompilerInfo", "VerificationResult", "StageArtifact", "BinaryComparison", "RemovalResult", "RustRemover", "BootstrapManager", "FrontendDiagnostic", "FrontendResult", "Duration", "File", "CString", "Result", "Option", "VecChunk", "VecSlot", "Vec", "HashEntry", "StringHashMap", "StringBuffer", "StdString", "TaskKind", "TaskHandle", "ScopeGuard", "Channel"]
DEBUG:   mangled to: SeenLexer_handleMultiLineComment
DEBUG: checking static call: this.handleStringLiteral
DEBUG:   type_definitions has this: false
DEBUG: Resolved 'this' to receiver 'self'
DEBUG: method call on identifier 'this', member 'handleStringLiteral'
DEBUG:   var type: Struct { name: "SeenLexer", fields: [("source", String), ("fileId", Integer), ("language", String), ("errorRecoveryMode", Boolean), ("keywordManager", Integer), ("position", Integer), ("line", Integer), ("column", Integer), ("tokens", Array(Integer))] }
DEBUG:   struct_name: SeenLexer
DEBUG:   type_definitions keys: ["Unit", "SeenTypeChecker", "AST", "Function", "Expression", "Statement", "Class", "Interface", "Type", "FunctionType", "ClassType", "InterfaceType", "Location", "TypeError", "Environment", "TypeInferenceResult", "TypeChecker", "ProgramNode", "ItemNode", "ImportSymbolNode", "FunctionNode", "ParamNode", "TypeNode", "BlockNode", "ClassNode", "ImportPathInfo", "RealParser", "TokenUtils", "SeenLexer", "LanguageConfig", "KeywordManager", "StringBuilder", "TokenType", "Token", "LexerError", "Position", "CommandResult", "BootstrapVerifier", "CompilerInfo", "VerificationResult", "StageArtifact", "BinaryComparison", "RemovalResult", "RustRemover", "BootstrapManager", "FrontendDiagnostic", "FrontendResult", "Duration", "File", "CString", "Result", "Option", "VecChunk", "VecSlot", "Vec", "HashEntry", "StringHashMap", "StringBuffer", "StdString", "TaskKind", "TaskHandle", "ScopeGuard", "Channel"]
DEBUG:   mangled to: SeenLexer_handleStringLiteral
DEBUG: checking static call: this.isDigit
DEBUG:   type_definitions has this: false
DEBUG: Resolved 'this' to receiver 'self'
DEBUG: method call on identifier 'this', member 'isDigit'
DEBUG:   var type: Struct { name: "SeenLexer", fields: [("source", String), ("fileId", Integer), ("language", String), ("errorRecoveryMode", Boolean), ("keywordManager", Integer), ("position", Integer), ("line", Integer), ("column", Integer), ("tokens", Array(Integer))] }
DEBUG:   struct_name: SeenLexer
DEBUG:   type_definitions keys: ["Unit", "SeenTypeChecker", "AST", "Function", "Expression", "Statement", "Class", "Interface", "Type", "FunctionType", "ClassType", "InterfaceType", "Location", "TypeError", "Environment", "TypeInferenceResult", "TypeChecker", "ProgramNode", "ItemNode", "ImportSymbolNode", "FunctionNode", "ParamNode", "TypeNode", "BlockNode", "ClassNode", "ImportPathInfo", "RealParser", "TokenUtils", "SeenLexer", "LanguageConfig", "KeywordManager", "StringBuilder", "TokenType", "Token", "LexerError", "Position", "CommandResult", "BootstrapVerifier", "CompilerInfo", "VerificationResult", "StageArtifact", "BinaryComparison", "RemovalResult", "RustRemover", "BootstrapManager", "FrontendDiagnostic", "FrontendResult", "Duration", "File", "CString", "Result", "Option", "VecChunk", "VecSlot", "Vec", "HashEntry", "StringHashMap", "StringBuffer", "StdString", "TaskKind", "TaskHandle", "ScopeGuard", "Channel"]
DEBUG:   mangled to: SeenLexer_isDigit
DEBUG: checking static call: this.handleNumericLiteral
DEBUG:   type_definitions has this: false
DEBUG: Resolved 'this' to receiver 'self'
DEBUG: method call on identifier 'this', member 'handleNumericLiteral'
DEBUG:   var type: Struct { name: "SeenLexer", fields: [("source", String), ("fileId", Integer), ("language", String), ("errorRecoveryMode", Boolean), ("keywordManager", Integer), ("position", Integer), ("line", Integer), ("column", Integer), ("tokens", Array(Integer))] }
DEBUG:   struct_name: SeenLexer
DEBUG:   type_definitions keys: ["Unit", "SeenTypeChecker", "AST", "Function", "Expression", "Statement", "Class", "Interface", "Type", "FunctionType", "ClassType", "InterfaceType", "Location", "TypeError", "Environment", "TypeInferenceResult", "TypeChecker", "ProgramNode", "ItemNode", "ImportSymbolNode", "FunctionNode", "ParamNode", "TypeNode", "BlockNode", "ClassNode", "ImportPathInfo", "RealParser", "TokenUtils", "SeenLexer", "LanguageConfig", "KeywordManager", "StringBuilder", "TokenType", "Token", "LexerError", "Position", "CommandResult", "BootstrapVerifier", "CompilerInfo", "VerificationResult", "StageArtifact", "BinaryComparison", "RemovalResult", "RustRemover", "BootstrapManager", "FrontendDiagnostic", "FrontendResult", "Duration", "File", "CString", "Result", "Option", "VecChunk", "VecSlot", "Vec", "HashEntry", "StringHashMap", "StringBuffer", "StdString", "TaskKind", "TaskHandle", "ScopeGuard", "Channel"]
DEBUG:   mangled to: SeenLexer_handleNumericLiteral
DEBUG: checking static call: this.isAlpha
DEBUG:   type_definitions has this: false
DEBUG: Resolved 'this' to receiver 'self'
DEBUG: method call on identifier 'this', member 'isAlpha'
DEBUG:   var type: Struct { name: "SeenLexer", fields: [("source", String), ("fileId", Integer), ("language", String), ("errorRecoveryMode", Boolean), ("keywordManager", Integer), ("position", Integer), ("line", Integer), ("column", Integer), ("tokens", Array(Integer))] }
DEBUG:   struct_name: SeenLexer
DEBUG:   type_definitions keys: ["Unit", "SeenTypeChecker", "AST", "Function", "Expression", "Statement", "Class", "Interface", "Type", "FunctionType", "ClassType", "InterfaceType", "Location", "TypeError", "Environment", "TypeInferenceResult", "TypeChecker", "ProgramNode", "ItemNode", "ImportSymbolNode", "FunctionNode", "ParamNode", "TypeNode", "BlockNode", "ClassNode", "ImportPathInfo", "RealParser", "TokenUtils", "SeenLexer", "LanguageConfig", "KeywordManager", "StringBuilder", "TokenType", "Token", "LexerError", "Position", "CommandResult", "BootstrapVerifier", "CompilerInfo", "VerificationResult", "StageArtifact", "BinaryComparison", "RemovalResult", "RustRemover", "BootstrapManager", "FrontendDiagnostic", "FrontendResult", "Duration", "File", "CString", "Result", "Option", "VecChunk", "VecSlot", "Vec", "HashEntry", "StringHashMap", "StringBuffer", "StdString", "TaskKind", "TaskHandle", "ScopeGuard", "Channel"]
DEBUG:   mangled to: SeenLexer_isAlpha
DEBUG: checking static call: this.handleIdentifierOrKeyword
DEBUG:   type_definitions has this: false
DEBUG: Resolved 'this' to receiver 'self'
DEBUG: method call on identifier 'this', member 'handleIdentifierOrKeyword'
DEBUG:   var type: Struct { name: "SeenLexer", fields: [("source", String), ("fileId", Integer), ("language", String), ("errorRecoveryMode", Boolean), ("keywordManager", Integer), ("position", Integer), ("line", Integer), ("column", Integer), ("tokens", Array(Integer))] }
DEBUG:   struct_name: SeenLexer
DEBUG:   type_definitions keys: ["Unit", "SeenTypeChecker", "AST", "Function", "Expression", "Statement", "Class", "Interface", "Type", "FunctionType", "ClassType", "InterfaceType", "Location", "TypeError", "Environment", "TypeInferenceResult", "TypeChecker", "ProgramNode", "ItemNode", "ImportSymbolNode", "FunctionNode", "ParamNode", "TypeNode", "BlockNode", "ClassNode", "ImportPathInfo", "RealParser", "TokenUtils", "SeenLexer", "LanguageConfig", "KeywordManager", "StringBuilder", "TokenType", "Token", "LexerError", "Position", "CommandResult", "BootstrapVerifier", "CompilerInfo", "VerificationResult", "StageArtifact", "BinaryComparison", "RemovalResult", "RustRemover", "BootstrapManager", "FrontendDiagnostic", "FrontendResult", "Duration", "File", "CString", "Result", "Option", "VecChunk", "VecSlot", "Vec", "HashEntry", "StringHashMap", "StringBuffer", "StdString", "TaskKind", "TaskHandle", "ScopeGuard", "Channel"]
DEBUG:   mangled to: SeenLexer_handleIdentifierOrKeyword
DEBUG: checking static call: this.handleOperator
DEBUG:   type_definitions has this: false
DEBUG: Resolved 'this' to receiver 'self'
DEBUG: method call on identifier 'this', member 'handleOperator'
DEBUG:   var type: Struct { name: "SeenLexer", fields: [("source", String), ("fileId", Integer), ("language", String), ("errorRecoveryMode", Boolean), ("keywordManager", Integer), ("position", Integer), ("line", Integer), ("column", Integer), ("tokens", Array(Integer))] }
DEBUG:   struct_name: SeenLexer
DEBUG:   type_definitions keys: ["Unit", "SeenTypeChecker", "AST", "Function", "Expression", "Statement", "Class", "Interface", "Type", "FunctionType", "ClassType", "InterfaceType", "Location", "TypeError", "Environment", "TypeInferenceResult", "TypeChecker", "ProgramNode", "ItemNode", "ImportSymbolNode", "FunctionNode", "ParamNode", "TypeNode", "BlockNode", "ClassNode", "ImportPathInfo", "RealParser", "TokenUtils", "SeenLexer", "LanguageConfig", "KeywordManager", "StringBuilder", "TokenType", "Token", "LexerError", "Position", "CommandResult", "BootstrapVerifier", "CompilerInfo", "VerificationResult", "StageArtifact", "BinaryComparison", "RemovalResult", "RustRemover", "BootstrapManager", "FrontendDiagnostic", "FrontendResult", "Duration", "File", "CString", "Result", "Option", "VecChunk", "VecSlot", "Vec", "HashEntry", "StringHashMap", "StringBuffer", "StdString", "TaskKind", "TaskHandle", "ScopeGuard", "Channel"]
DEBUG:   mangled to: SeenLexer_handleOperator
DEBUG: checking static call: this.handleSingleCharToken
DEBUG:   type_definitions has this: false
DEBUG: Resolved 'this' to receiver 'self'
DEBUG: method call on identifier 'this', member 'handleSingleCharToken'
DEBUG:   var type: Struct { name: "SeenLexer", fields: [("source", String), ("fileId", Integer), ("language", String), ("errorRecoveryMode", Boolean), ("keywordManager", Integer), ("position", Integer), ("line", Integer), ("column", Integer), ("tokens", Array(Integer))] }
DEBUG:   struct_name: SeenLexer
DEBUG:   type_definitions keys: ["Unit", "SeenTypeChecker", "AST", "Function", "Expression", "Statement", "Class", "Interface", "Type", "FunctionType", "ClassType", "InterfaceType", "Location", "TypeError", "Environment", "TypeInferenceResult", "TypeChecker", "ProgramNode", "ItemNode", "ImportSymbolNode", "FunctionNode", "ParamNode", "TypeNode", "BlockNode", "ClassNode", "ImportPathInfo", "RealParser", "TokenUtils", "SeenLexer", "LanguageConfig", "KeywordManager", "StringBuilder", "TokenType", "Token", "LexerError", "Position", "CommandResult", "BootstrapVerifier", "CompilerInfo", "VerificationResult", "StageArtifact", "BinaryComparison", "RemovalResult", "RustRemover", "BootstrapManager", "FrontendDiagnostic", "FrontendResult", "Duration", "File", "CString", "Result", "Option", "VecChunk", "VecSlot", "Vec", "HashEntry", "StringHashMap", "StringBuffer", "StdString", "TaskKind", "TaskHandle", "ScopeGuard", "Channel"]
DEBUG:   mangled to: SeenLexer_handleSingleCharToken
DEBUG: implicit this field access: errorRecoveryMode -> self.errorRecoveryMode
DEBUG: checking static call: this.emitErrorToken
DEBUG:   type_definitions has this: false
DEBUG: Resolved 'this' to receiver 'self'
DEBUG: method call on identifier 'this', member 'emitErrorToken'
DEBUG:   var type: Struct { name: "SeenLexer", fields: [("source", String), ("fileId", Integer), ("language", String), ("errorRecoveryMode", Boolean), ("keywordManager", Integer), ("position", Integer), ("line", Integer), ("column", Integer), ("tokens", Array(Integer))] }
DEBUG:   struct_name: SeenLexer
DEBUG:   type_definitions keys: ["Unit", "SeenTypeChecker", "AST", "Function", "Expression", "Statement", "Class", "Interface", "Type", "FunctionType", "ClassType", "InterfaceType", "Location", "TypeError", "Environment", "TypeInferenceResult", "TypeChecker", "ProgramNode", "ItemNode", "ImportSymbolNode", "FunctionNode", "ParamNode", "TypeNode", "BlockNode", "ClassNode", "ImportPathInfo", "RealParser", "TokenUtils", "SeenLexer", "LanguageConfig", "KeywordManager", "StringBuilder", "TokenType", "Token", "LexerError", "Position", "CommandResult", "BootstrapVerifier", "CompilerInfo", "VerificationResult", "StageArtifact", "BinaryComparison", "RemovalResult", "RustRemover", "BootstrapManager", "FrontendDiagnostic", "FrontendResult", "Duration", "File", "CString", "Result", "Option", "VecChunk", "VecSlot", "Vec", "HashEntry", "StringHashMap", "StringBuffer", "StdString", "TaskKind", "TaskHandle", "ScopeGuard", "Channel"]
DEBUG:   mangled to: SeenLexer_emitErrorToken
DEBUG: checking static call: this.advance
DEBUG:   type_definitions has this: false
DEBUG: Resolved 'this' to receiver 'self'
DEBUG: method call on identifier 'this', member 'advance'
DEBUG:   var type: Struct { name: "SeenLexer", fields: [("source", String), ("fileId", Integer), ("language", String), ("errorRecoveryMode", Boolean), ("keywordManager", Integer), ("position", Integer), ("line", Integer), ("column", Integer), ("tokens", Array(Integer))] }
DEBUG:   struct_name: SeenLexer
DEBUG:   type_definitions keys: ["Unit", "SeenTypeChecker", "AST", "Function", "Expression", "Statement", "Class", "Interface", "Type", "FunctionType", "ClassType", "InterfaceType", "Location", "TypeError", "Environment", "TypeInferenceResult", "TypeChecker", "ProgramNode", "ItemNode", "ImportSymbolNode", "FunctionNode", "ParamNode", "TypeNode", "BlockNode", "ClassNode", "ImportPathInfo", "RealParser", "TokenUtils", "SeenLexer", "LanguageConfig", "KeywordManager", "StringBuilder", "TokenType", "Token", "LexerError", "Position", "CommandResult", "BootstrapVerifier", "CompilerInfo", "VerificationResult", "StageArtifact", "BinaryComparison", "RemovalResult", "RustRemover", "BootstrapManager", "FrontendDiagnostic", "FrontendResult", "Duration", "File", "CString", "Result", "Option", "VecChunk", "VecSlot", "Vec", "HashEntry", "StringHashMap", "StringBuffer", "StdString", "TaskKind", "TaskHandle", "ScopeGuard", "Channel"]
DEBUG:   mangled to: SeenLexer_advance
DEBUG: checking static call: this.getCurrentPosition
DEBUG:   type_definitions has this: false
DEBUG: Resolved 'this' to receiver 'self'
DEBUG: method call on identifier 'this', member 'getCurrentPosition'
DEBUG:   var type: Struct { name: "SeenLexer", fields: [("source", String), ("fileId", Integer), ("language", String), ("errorRecoveryMode", Boolean), ("keywordManager", Integer), ("position", Integer), ("line", Integer), ("column", Integer), ("tokens", Array(Integer))] }
DEBUG:   struct_name: SeenLexer
DEBUG:   type_definitions keys: ["Unit", "SeenTypeChecker", "AST", "Function", "Expression", "Statement", "Class", "Interface", "Type", "FunctionType", "ClassType", "InterfaceType", "Location", "TypeError", "Environment", "TypeInferenceResult", "TypeChecker", "ProgramNode", "ItemNode", "ImportSymbolNode", "FunctionNode", "ParamNode", "TypeNode", "BlockNode", "ClassNode", "ImportPathInfo", "RealParser", "TokenUtils", "SeenLexer", "LanguageConfig", "KeywordManager", "StringBuilder", "TokenType", "Token", "LexerError", "Position", "CommandResult", "BootstrapVerifier", "CompilerInfo", "VerificationResult", "StageArtifact", "BinaryComparison", "RemovalResult", "RustRemover", "BootstrapManager", "FrontendDiagnostic", "FrontendResult", "Duration", "File", "CString", "Result", "Option", "VecChunk", "VecSlot", "Vec", "HashEntry", "StringHashMap", "StringBuffer", "StdString", "TaskKind", "TaskHandle", "ScopeGuard", "Channel"]
DEBUG:   mangled to: SeenLexer_getCurrentPosition
DEBUG: checking static call: LexerError.new
DEBUG:   type_definitions has LexerError: true
DEBUG:   mangled to: LexerError_new
DEBUG: checking static call: this.emitToken
DEBUG:   type_definitions has this: false
DEBUG: Resolved 'this' to receiver 'self'
DEBUG: method call on identifier 'this', member 'emitToken'
DEBUG:   var type: Struct { name: "SeenLexer", fields: [("source", String), ("fileId", Integer), ("language", String), ("errorRecoveryMode", Boolean), ("keywordManager", Integer), ("position", Integer), ("line", Integer), ("column", Integer), ("tokens", Array(Integer))] }
DEBUG:   struct_name: SeenLexer
DEBUG:   type_definitions keys: ["Unit", "SeenTypeChecker", "AST", "Function", "Expression", "Statement", "Class", "Interface", "Type", "FunctionType", "ClassType", "InterfaceType", "Location", "TypeError", "Environment", "TypeInferenceResult", "TypeChecker", "ProgramNode", "ItemNode", "ImportSymbolNode", "FunctionNode", "ParamNode", "TypeNode", "BlockNode", "ClassNode", "ImportPathInfo", "RealParser", "TokenUtils", "SeenLexer", "LanguageConfig", "KeywordManager", "StringBuilder", "TokenType", "Token", "LexerError", "Position", "CommandResult", "BootstrapVerifier", "CompilerInfo", "VerificationResult", "StageArtifact", "BinaryComparison", "RemovalResult", "RustRemover", "BootstrapManager", "FrontendDiagnostic", "FrontendResult", "Duration", "File", "CString", "Result", "Option", "VecChunk", "VecSlot", "Vec", "HashEntry", "StringHashMap", "StringBuffer", "StdString", "TaskKind", "TaskHandle", "ScopeGuard", "Channel"]
DEBUG:   mangled to: SeenLexer_emitToken
DEBUG: implicit this field access: tokens -> self.tokens
DEBUG: checking static call: keywordManager.isDynamic
DEBUG:   type_definitions has keywordManager: false
DEBUG: implicit this field access: keywordManager -> self.keywordManager
DEBUG: method call on identifier 'keywordManager', member 'isDynamic'
DEBUG:   no var type found, using raw member
DEBUG: checking static call: keywordManager.getSources
DEBUG:   type_definitions has keywordManager: false
DEBUG: implicit this field access: keywordManager -> self.keywordManager
DEBUG: method call on identifier 'keywordManager', member 'getSources'
DEBUG:   no var type found, using raw member
DEBUG: checking static call: keywordManager.getKeywordCount
DEBUG:   type_definitions has keywordManager: false
DEBUG: implicit this field access: keywordManager -> self.keywordManager
DEBUG: method call on identifier 'keywordManager', member 'getKeywordCount'
DEBUG:   no var type found, using raw member
DEBUG: checking static call: keywordManager.isKeyword
DEBUG:   type_definitions has keywordManager: false
DEBUG: implicit this field access: keywordManager -> self.keywordManager
DEBUG: method call on identifier 'keywordManager', member 'isKeyword'
DEBUG:   no var type found, using raw member
DEBUG: checking static call: keywordManager.hasTranslation
DEBUG:   type_definitions has keywordManager: false
DEBUG: implicit this field access: keywordManager -> self.keywordManager
DEBUG: method call on identifier 'keywordManager', member 'hasTranslation'
DEBUG:   no var type found, using raw member
DEBUG: checking static call: source.length
DEBUG:   type_definitions has source: false
DEBUG: implicit this field access: source -> self.source
DEBUG: checking static call: tokens.length
DEBUG:   type_definitions has tokens: false
DEBUG: implicit this field access: tokens -> self.tokens
DEBUG: implicit this field access: position -> self.position
DEBUG: checking static call: source.length
DEBUG:   type_definitions has source: false
DEBUG: implicit this field access: source -> self.source
DEBUG: implicit this field access: position -> self.position
DEBUG: checking static call: source.charAt
DEBUG:   type_definitions has source: false
DEBUG: implicit this field access: source -> self.source
DEBUG: method call on identifier 'source', member 'charAt'
DEBUG:   var type: String
DEBUG:   not a struct type, using raw member
DEBUG: implicit this field access: position -> self.position
DEBUG: checking static call: source.length
DEBUG:   type_definitions has source: false
DEBUG: implicit this field access: source -> self.source
DEBUG: checking static call: source.charAt
DEBUG:   type_definitions has source: false
DEBUG: implicit this field access: source -> self.source
DEBUG: method call on identifier 'source', member 'charAt'
DEBUG:   var type: String
DEBUG:   not a struct type, using raw member
DEBUG: implicit this field access: position -> self.position
DEBUG: checking static call: source.length
DEBUG:   type_definitions has source: false
DEBUG: implicit this field access: source -> self.source
DEBUG: implicit this field access: position -> self.position
DEBUG: checking static call: source.charAt
DEBUG:   type_definitions has source: false
DEBUG: implicit this field access: source -> self.source
DEBUG: method call on identifier 'source', member 'charAt'
DEBUG:   var type: String
DEBUG:   not a struct type, using raw member
DEBUG: implicit this field access: line -> self.line
DEBUG: implicit this field access: column -> self.column
DEBUG: implicit this field access: fileId -> self.fileId
DEBUG: checking static call: Position.new
DEBUG:   type_definitions has Position: true
DEBUG:   mangled to: Position_new
DEBUG: implicit this field access: line -> self.line
DEBUG: implicit this field access: column -> self.column
DEBUG: implicit this field access: fileId -> self.fileId
DEBUG: checking static call: Token.new
DEBUG:   type_definitions has Token: true
DEBUG:   mangled to: Token_new
DEBUG: checking static call: tokens.push
DEBUG:   type_definitions has tokens: false
DEBUG: implicit this field access: tokens -> self.tokens
DEBUG: method call on identifier 'tokens', member 'push'
DEBUG:   var type: Array(Integer)
DEBUG:   not a struct type, using raw member
DEBUG: implicit this call: emitToken -> SeenLexer_emitToken (receiver: self)
DEBUG: checking static call: this.isUnicodeAlpha
DEBUG:   type_definitions has this: false
DEBUG: Resolved 'this' to receiver 'self'
DEBUG: method call on identifier 'this', member 'isUnicodeAlpha'
DEBUG:   var type: Struct { name: "SeenLexer", fields: [("source", String), ("fileId", Integer), ("language", String), ("errorRecoveryMode", Boolean), ("keywordManager", Integer), ("position", Integer), ("line", Integer), ("column", Integer), ("tokens", Array(Integer))] }
DEBUG:   struct_name: SeenLexer
DEBUG:   type_definitions keys: ["Unit", "SeenTypeChecker", "AST", "Function", "Expression", "Statement", "Class", "Interface", "Type", "FunctionType", "ClassType", "InterfaceType", "Location", "TypeError", "Environment", "TypeInferenceResult", "TypeChecker", "ProgramNode", "ItemNode", "ImportSymbolNode", "FunctionNode", "ParamNode", "TypeNode", "BlockNode", "ClassNode", "ImportPathInfo", "RealParser", "TokenUtils", "SeenLexer", "LanguageConfig", "KeywordManager", "StringBuilder", "TokenType", "Token", "LexerError", "Position", "CommandResult", "BootstrapVerifier", "CompilerInfo", "VerificationResult", "StageArtifact", "BinaryComparison", "RemovalResult", "RustRemover", "BootstrapManager", "FrontendDiagnostic", "FrontendResult", "Duration", "File", "CString", "Result", "Option", "VecChunk", "VecSlot", "Vec", "HashEntry", "StringHashMap", "StringBuffer", "StdString", "TaskKind", "TaskHandle", "ScopeGuard", "Channel"]
DEBUG:   mangled to: SeenLexer_isUnicodeAlpha
DEBUG: checking static call: this.isAlpha
DEBUG:   type_definitions has this: false
DEBUG: Resolved 'this' to receiver 'self'
DEBUG: method call on identifier 'this', member 'isAlpha'
DEBUG:   var type: Struct { name: "SeenLexer", fields: [("source", String), ("fileId", Integer), ("language", String), ("errorRecoveryMode", Boolean), ("keywordManager", Integer), ("position", Integer), ("line", Integer), ("column", Integer), ("tokens", Array(Integer))] }
DEBUG:   struct_name: SeenLexer
DEBUG:   type_definitions keys: ["Unit", "SeenTypeChecker", "AST", "Function", "Expression", "Statement", "Class", "Interface", "Type", "FunctionType", "ClassType", "InterfaceType", "Location", "TypeError", "Environment", "TypeInferenceResult", "TypeChecker", "ProgramNode", "ItemNode", "ImportSymbolNode", "FunctionNode", "ParamNode", "TypeNode", "BlockNode", "ClassNode", "ImportPathInfo", "RealParser", "TokenUtils", "SeenLexer", "LanguageConfig", "KeywordManager", "StringBuilder", "TokenType", "Token", "LexerError", "Position", "CommandResult", "BootstrapVerifier", "CompilerInfo", "VerificationResult", "StageArtifact", "BinaryComparison", "RemovalResult", "RustRemover", "BootstrapManager", "FrontendDiagnostic", "FrontendResult", "Duration", "File", "CString", "Result", "Option", "VecChunk", "VecSlot", "Vec", "HashEntry", "StringHashMap", "StringBuffer", "StdString", "TaskKind", "TaskHandle", "ScopeGuard", "Channel"]
DEBUG:   mangled to: SeenLexer_isAlpha
DEBUG: checking static call: this.isDigit
DEBUG:   type_definitions has this: false
DEBUG: Resolved 'this' to receiver 'self'
DEBUG: method call on identifier 'this', member 'isDigit'
DEBUG:   var type: Struct { name: "SeenLexer", fields: [("source", String), ("fileId", Integer), ("language", String), ("errorRecoveryMode", Boolean), ("keywordManager", Integer), ("position", Integer), ("line", Integer), ("column", Integer), ("tokens", Array(Integer))] }
DEBUG:   struct_name: SeenLexer
DEBUG:   type_definitions keys: ["Unit", "SeenTypeChecker", "AST", "Function", "Expression", "Statement", "Class", "Interface", "Type", "FunctionType", "ClassType", "InterfaceType", "Location", "TypeError", "Environment", "TypeInferenceResult", "TypeChecker", "ProgramNode", "ItemNode", "ImportSymbolNode", "FunctionNode", "ParamNode", "TypeNode", "BlockNode", "ClassNode", "ImportPathInfo", "RealParser", "TokenUtils", "SeenLexer", "LanguageConfig", "KeywordManager", "StringBuilder", "TokenType", "Token", "LexerError", "Position", "CommandResult", "BootstrapVerifier", "CompilerInfo", "VerificationResult", "StageArtifact", "BinaryComparison", "RemovalResult", "RustRemover", "BootstrapManager", "FrontendDiagnostic", "FrontendResult", "Duration", "File", "CString", "Result", "Option", "VecChunk", "VecSlot", "Vec", "HashEntry", "StringHashMap", "StringBuffer", "StdString", "TaskKind", "TaskHandle", "ScopeGuard", "Channel"]
DEBUG:   mangled to: SeenLexer_isDigit
DEBUG: checking static call: char.toInt
DEBUG:   type_definitions has char: false
DEBUG: method call on identifier 'char', member 'toInt'
DEBUG:   var type: String
DEBUG:   not a struct type, using raw member
DEBUG: checking static call: this.advance
DEBUG:   type_definitions has this: false
DEBUG: Resolved 'this' to receiver 'self'
DEBUG: method call on identifier 'this', member 'advance'
DEBUG:   var type: Struct { name: "SeenLexer", fields: [("source", String), ("fileId", Integer), ("language", String), ("errorRecoveryMode", Boolean), ("keywordManager", Integer), ("position", Integer), ("line", Integer), ("column", Integer), ("tokens", Array(Integer))] }
DEBUG:   struct_name: SeenLexer
DEBUG:   type_definitions keys: ["Unit", "SeenTypeChecker", "AST", "Function", "Expression", "Statement", "Class", "Interface", "Type", "FunctionType", "ClassType", "InterfaceType", "Location", "TypeError", "Environment", "TypeInferenceResult", "TypeChecker", "ProgramNode", "ItemNode", "ImportSymbolNode", "FunctionNode", "ParamNode", "TypeNode", "BlockNode", "ClassNode", "ImportPathInfo", "RealParser", "TokenUtils", "SeenLexer", "LanguageConfig", "KeywordManager", "StringBuilder", "TokenType", "Token", "LexerError", "Position", "CommandResult", "BootstrapVerifier", "CompilerInfo", "VerificationResult", "StageArtifact", "BinaryComparison", "RemovalResult", "RustRemover", "BootstrapManager", "FrontendDiagnostic", "FrontendResult", "Duration", "File", "CString", "Result", "Option", "VecChunk", "VecSlot", "Vec", "HashEntry", "StringHashMap", "StringBuffer", "StdString", "TaskKind", "TaskHandle", "ScopeGuard", "Channel"]
DEBUG:   mangled to: SeenLexer_advance
DEBUG: checking static call: this.getCurrentChar
DEBUG:   type_definitions has this: false
DEBUG: Resolved 'this' to receiver 'self'
DEBUG: method call on identifier 'this', member 'getCurrentChar'
DEBUG:   var type: Struct { name: "SeenLexer", fields: [("source", String), ("fileId", Integer), ("language", String), ("errorRecoveryMode", Boolean), ("keywordManager", Integer), ("position", Integer), ("line", Integer), ("column", Integer), ("tokens", Array(Integer))] }
DEBUG:   struct_name: SeenLexer
DEBUG:   type_definitions keys: ["Unit", "SeenTypeChecker", "AST", "Function", "Expression", "Statement", "Class", "Interface", "Type", "FunctionType", "ClassType", "InterfaceType", "Location", "TypeError", "Environment", "TypeInferenceResult", "TypeChecker", "ProgramNode", "ItemNode", "ImportSymbolNode", "FunctionNode", "ParamNode", "TypeNode", "BlockNode", "ClassNode", "ImportPathInfo", "RealParser", "TokenUtils", "SeenLexer", "LanguageConfig", "KeywordManager", "StringBuilder", "TokenType", "Token", "LexerError", "Position", "CommandResult", "BootstrapVerifier", "CompilerInfo", "VerificationResult", "StageArtifact", "BinaryComparison", "RemovalResult", "RustRemover", "BootstrapManager", "FrontendDiagnostic", "FrontendResult", "Duration", "File", "CString", "Result", "Option", "VecChunk", "VecSlot", "Vec", "HashEntry", "StringHashMap", "StringBuffer", "StdString", "TaskKind", "TaskHandle", "ScopeGuard", "Channel"]
DEBUG:   mangled to: SeenLexer_getCurrentChar
DEBUG: implicit this field access: position -> self.position
DEBUG: checking static call: source.length
DEBUG:   type_definitions has source: false
DEBUG: implicit this field access: source -> self.source
DEBUG: checking static call: this.advance
DEBUG:   type_definitions has this: false
DEBUG: Resolved 'this' to receiver 'self'
DEBUG: method call on identifier 'this', member 'advance'
DEBUG:   var type: Struct { name: "SeenLexer", fields: [("source", String), ("fileId", Integer), ("language", String), ("errorRecoveryMode", Boolean), ("keywordManager", Integer), ("position", Integer), ("line", Integer), ("column", Integer), ("tokens", Array(Integer))] }
DEBUG:   struct_name: SeenLexer
DEBUG:   type_definitions keys: ["Unit", "SeenTypeChecker", "AST", "Function", "Expression", "Statement", "Class", "Interface", "Type", "FunctionType", "ClassType", "InterfaceType", "Location", "TypeError", "Environment", "TypeInferenceResult", "TypeChecker", "ProgramNode", "ItemNode", "ImportSymbolNode", "FunctionNode", "ParamNode", "TypeNode", "BlockNode", "ClassNode", "ImportPathInfo", "RealParser", "TokenUtils", "SeenLexer", "LanguageConfig", "KeywordManager", "StringBuilder", "TokenType", "Token", "LexerError", "Position", "CommandResult", "BootstrapVerifier", "CompilerInfo", "VerificationResult", "StageArtifact", "BinaryComparison", "RemovalResult", "RustRemover", "BootstrapManager", "FrontendDiagnostic", "FrontendResult", "Duration", "File", "CString", "Result", "Option", "VecChunk", "VecSlot", "Vec", "HashEntry", "StringHashMap", "StringBuffer", "StdString", "TaskKind", "TaskHandle", "ScopeGuard", "Channel"]
DEBUG:   mangled to: SeenLexer_advance
DEBUG: checking static call: this.advance
DEBUG:   type_definitions has this: false
DEBUG: Resolved 'this' to receiver 'self'
DEBUG: method call on identifier 'this', member 'advance'
DEBUG:   var type: Struct { name: "SeenLexer", fields: [("source", String), ("fileId", Integer), ("language", String), ("errorRecoveryMode", Boolean), ("keywordManager", Integer), ("position", Integer), ("line", Integer), ("column", Integer), ("tokens", Array(Integer))] }
DEBUG:   struct_name: SeenLexer
DEBUG:   type_definitions keys: ["Unit", "SeenTypeChecker", "AST", "Function", "Expression", "Statement", "Class", "Interface", "Type", "FunctionType", "ClassType", "InterfaceType", "Location", "TypeError", "Environment", "TypeInferenceResult", "TypeChecker", "ProgramNode", "ItemNode", "ImportSymbolNode", "FunctionNode", "ParamNode", "TypeNode", "BlockNode", "ClassNode", "ImportPathInfo", "RealParser", "TokenUtils", "SeenLexer", "LanguageConfig", "KeywordManager", "StringBuilder", "TokenType", "Token", "LexerError", "Position", "CommandResult", "BootstrapVerifier", "CompilerInfo", "VerificationResult", "StageArtifact", "BinaryComparison", "RemovalResult", "RustRemover", "BootstrapManager", "FrontendDiagnostic", "FrontendResult", "Duration", "File", "CString", "Result", "Option", "VecChunk", "VecSlot", "Vec", "HashEntry", "StringHashMap", "StringBuffer", "StdString", "TaskKind", "TaskHandle", "ScopeGuard", "Channel"]
DEBUG:   mangled to: SeenLexer_advance
DEBUG: checking static call: this.advance
DEBUG:   type_definitions has this: false
DEBUG: Resolved 'this' to receiver 'self'
DEBUG: method call on identifier 'this', member 'advance'
DEBUG:   var type: Struct { name: "SeenLexer", fields: [("source", String), ("fileId", Integer), ("language", String), ("errorRecoveryMode", Boolean), ("keywordManager", Integer), ("position", Integer), ("line", Integer), ("column", Integer), ("tokens", Array(Integer))] }
DEBUG:   struct_name: SeenLexer
DEBUG:   type_definitions keys: ["Unit", "SeenTypeChecker", "AST", "Function", "Expression", "Statement", "Class", "Interface", "Type", "FunctionType", "ClassType", "InterfaceType", "Location", "TypeError", "Environment", "TypeInferenceResult", "TypeChecker", "ProgramNode", "ItemNode", "ImportSymbolNode", "FunctionNode", "ParamNode", "TypeNode", "BlockNode", "ClassNode", "ImportPathInfo", "RealParser", "TokenUtils", "SeenLexer", "LanguageConfig", "KeywordManager", "StringBuilder", "TokenType", "Token", "LexerError", "Position", "CommandResult", "BootstrapVerifier", "CompilerInfo", "VerificationResult", "StageArtifact", "BinaryComparison", "RemovalResult", "RustRemover", "BootstrapManager", "FrontendDiagnostic", "FrontendResult", "Duration", "File", "CString", "Result", "Option", "VecChunk", "VecSlot", "Vec", "HashEntry", "StringHashMap", "StringBuffer", "StdString", "TaskKind", "TaskHandle", "ScopeGuard", "Channel"]
DEBUG:   mangled to: SeenLexer_advance
DEBUG: implicit this field access: position -> self.position
DEBUG: checking static call: source.length
DEBUG:   type_definitions has source: false
DEBUG: implicit this field access: source -> self.source
DEBUG: checking static call: this.getCurrentChar
DEBUG:   type_definitions has this: false
DEBUG: Resolved 'this' to receiver 'self'
DEBUG: method call on identifier 'this', member 'getCurrentChar'
DEBUG:   var type: Struct { name: "SeenLexer", fields: [("source", String), ("fileId", Integer), ("language", String), ("errorRecoveryMode", Boolean), ("keywordManager", Integer), ("position", Integer), ("line", Integer), ("column", Integer), ("tokens", Array(Integer))] }
DEBUG:   struct_name: SeenLexer
DEBUG:   type_definitions keys: ["Unit", "SeenTypeChecker", "AST", "Function", "Expression", "Statement", "Class", "Interface", "Type", "FunctionType", "ClassType", "InterfaceType", "Location", "TypeError", "Environment", "TypeInferenceResult", "TypeChecker", "ProgramNode", "ItemNode", "ImportSymbolNode", "FunctionNode", "ParamNode", "TypeNode", "BlockNode", "ClassNode", "ImportPathInfo", "RealParser", "TokenUtils", "SeenLexer", "LanguageConfig", "KeywordManager", "StringBuilder", "TokenType", "Token", "LexerError", "Position", "CommandResult", "BootstrapVerifier", "CompilerInfo", "VerificationResult", "StageArtifact", "BinaryComparison", "RemovalResult", "RustRemover", "BootstrapManager", "FrontendDiagnostic", "FrontendResult", "Duration", "File", "CString", "Result", "Option", "VecChunk", "VecSlot", "Vec", "HashEntry", "StringHashMap", "StringBuffer", "StdString", "TaskKind", "TaskHandle", "ScopeGuard", "Channel"]
DEBUG:   mangled to: SeenLexer_getCurrentChar
DEBUG: checking static call: this.peekChar
DEBUG:   type_definitions has this: false
DEBUG: Resolved 'this' to receiver 'self'
DEBUG: method call on identifier 'this', member 'peekChar'
DEBUG:   var type: Struct { name: "SeenLexer", fields: [("source", String), ("fileId", Integer), ("language", String), ("errorRecoveryMode", Boolean), ("keywordManager", Integer), ("position", Integer), ("line", Integer), ("column", Integer), ("tokens", Array(Integer))] }
DEBUG:   struct_name: SeenLexer
DEBUG:   type_definitions keys: ["Unit", "SeenTypeChecker", "AST", "Function", "Expression", "Statement", "Class", "Interface", "Type", "FunctionType", "ClassType", "InterfaceType", "Location", "TypeError", "Environment", "TypeInferenceResult", "TypeChecker", "ProgramNode", "ItemNode", "ImportSymbolNode", "FunctionNode", "ParamNode", "TypeNode", "BlockNode", "ClassNode", "ImportPathInfo", "RealParser", "TokenUtils", "SeenLexer", "LanguageConfig", "KeywordManager", "StringBuilder", "TokenType", "Token", "LexerError", "Position", "CommandResult", "BootstrapVerifier", "CompilerInfo", "VerificationResult", "StageArtifact", "BinaryComparison", "RemovalResult", "RustRemover", "BootstrapManager", "FrontendDiagnostic", "FrontendResult", "Duration", "File", "CString", "Result", "Option", "VecChunk", "VecSlot", "Vec", "HashEntry", "StringHashMap", "StringBuffer", "StdString", "TaskKind", "TaskHandle", "ScopeGuard", "Channel"]
DEBUG:   mangled to: SeenLexer_peekChar
DEBUG: checking static call: this.advance
DEBUG:   type_definitions has this: false
DEBUG: Resolved 'this' to receiver 'self'
DEBUG: method call on identifier 'this', member 'advance'
DEBUG:   var type: Struct { name: "SeenLexer", fields: [("source", String), ("fileId", Integer), ("language", String), ("errorRecoveryMode", Boolean), ("keywordManager", Integer), ("position", Integer), ("line", Integer), ("column", Integer), ("tokens", Array(Integer))] }
DEBUG:   struct_name: SeenLexer
DEBUG:   type_definitions keys: ["Unit", "SeenTypeChecker", "AST", "Function", "Expression", "Statement", "Class", "Interface", "Type", "FunctionType", "ClassType", "InterfaceType", "Location", "TypeError", "Environment", "TypeInferenceResult", "TypeChecker", "ProgramNode", "ItemNode", "ImportSymbolNode", "FunctionNode", "ParamNode", "TypeNode", "BlockNode", "ClassNode", "ImportPathInfo", "RealParser", "TokenUtils", "SeenLexer", "LanguageConfig", "KeywordManager", "StringBuilder", "TokenType", "Token", "LexerError", "Position", "CommandResult", "BootstrapVerifier", "CompilerInfo", "VerificationResult", "StageArtifact", "BinaryComparison", "RemovalResult", "RustRemover", "BootstrapManager", "FrontendDiagnostic", "FrontendResult", "Duration", "File", "CString", "Result", "Option", "VecChunk", "VecSlot", "Vec", "HashEntry", "StringHashMap", "StringBuffer", "StdString", "TaskKind", "TaskHandle", "ScopeGuard", "Channel"]
DEBUG:   mangled to: SeenLexer_advance
DEBUG: checking static call: this.advance
DEBUG:   type_definitions has this: false
DEBUG: Resolved 'this' to receiver 'self'
DEBUG: method call on identifier 'this', member 'advance'
DEBUG:   var type: Struct { name: "SeenLexer", fields: [("source", String), ("fileId", Integer), ("language", String), ("errorRecoveryMode", Boolean), ("keywordManager", Integer), ("position", Integer), ("line", Integer), ("column", Integer), ("tokens", Array(Integer))] }
DEBUG:   struct_name: SeenLexer
DEBUG:   type_definitions keys: ["Unit", "SeenTypeChecker", "AST", "Function", "Expression", "Statement", "Class", "Interface", "Type", "FunctionType", "ClassType", "InterfaceType", "Location", "TypeError", "Environment", "TypeInferenceResult", "TypeChecker", "ProgramNode", "ItemNode", "ImportSymbolNode", "FunctionNode", "ParamNode", "TypeNode", "BlockNode", "ClassNode", "ImportPathInfo", "RealParser", "TokenUtils", "SeenLexer", "LanguageConfig", "KeywordManager", "StringBuilder", "TokenType", "Token", "LexerError", "Position", "CommandResult", "BootstrapVerifier", "CompilerInfo", "VerificationResult", "StageArtifact", "BinaryComparison", "RemovalResult", "RustRemover", "BootstrapManager", "FrontendDiagnostic", "FrontendResult", "Duration", "File", "CString", "Result", "Option", "VecChunk", "VecSlot", "Vec", "HashEntry", "StringHashMap", "StringBuffer", "StdString", "TaskKind", "TaskHandle", "ScopeGuard", "Channel"]
DEBUG:   mangled to: SeenLexer_advance
DEBUG: checking static call: this.advance
DEBUG:   type_definitions has this: false
DEBUG: Resolved 'this' to receiver 'self'
DEBUG: method call on identifier 'this', member 'advance'
DEBUG:   var type: Struct { name: "SeenLexer", fields: [("source", String), ("fileId", Integer), ("language", String), ("errorRecoveryMode", Boolean), ("keywordManager", Integer), ("position", Integer), ("line", Integer), ("column", Integer), ("tokens", Array(Integer))] }
DEBUG:   struct_name: SeenLexer
DEBUG:   type_definitions keys: ["Unit", "SeenTypeChecker", "AST", "Function", "Expression", "Statement", "Class", "Interface", "Type", "FunctionType", "ClassType", "InterfaceType", "Location", "TypeError", "Environment", "TypeInferenceResult", "TypeChecker", "ProgramNode", "ItemNode", "ImportSymbolNode", "FunctionNode", "ParamNode", "TypeNode", "BlockNode", "ClassNode", "ImportPathInfo", "RealParser", "TokenUtils", "SeenLexer", "LanguageConfig", "KeywordManager", "StringBuilder", "TokenType", "Token", "LexerError", "Position", "CommandResult", "BootstrapVerifier", "CompilerInfo", "VerificationResult", "StageArtifact", "BinaryComparison", "RemovalResult", "RustRemover", "BootstrapManager", "FrontendDiagnostic", "FrontendResult", "Duration", "File", "CString", "Result", "Option", "VecChunk", "VecSlot", "Vec", "HashEntry", "StringHashMap", "StringBuffer", "StdString", "TaskKind", "TaskHandle", "ScopeGuard", "Channel"]
DEBUG:   mangled to: SeenLexer_advance
DEBUG: implicit this field access: position -> self.position
DEBUG: checking static call: this.advance
DEBUG:   type_definitions has this: false
DEBUG: Resolved 'this' to receiver 'self'
DEBUG: method call on identifier 'this', member 'advance'
DEBUG:   var type: Struct { name: "SeenLexer", fields: [("source", String), ("fileId", Integer), ("language", String), ("errorRecoveryMode", Boolean), ("keywordManager", Integer), ("position", Integer), ("line", Integer), ("column", Integer), ("tokens", Array(Integer))] }
DEBUG:   struct_name: SeenLexer
DEBUG:   type_definitions keys: ["Unit", "SeenTypeChecker", "AST", "Function", "Expression", "Statement", "Class", "Interface", "Type", "FunctionType", "ClassType", "InterfaceType", "Location", "TypeError", "Environment", "TypeInferenceResult", "TypeChecker", "ProgramNode", "ItemNode", "ImportSymbolNode", "FunctionNode", "ParamNode", "TypeNode", "BlockNode", "ClassNode", "ImportPathInfo", "RealParser", "TokenUtils", "SeenLexer", "LanguageConfig", "KeywordManager", "StringBuilder", "TokenType", "Token", "LexerError", "Position", "CommandResult", "BootstrapVerifier", "CompilerInfo", "VerificationResult", "StageArtifact", "BinaryComparison", "RemovalResult", "RustRemover", "BootstrapManager", "FrontendDiagnostic", "FrontendResult", "Duration", "File", "CString", "Result", "Option", "VecChunk", "VecSlot", "Vec", "HashEntry", "StringHashMap", "StringBuffer", "StdString", "TaskKind", "TaskHandle", "ScopeGuard", "Channel"]
DEBUG:   mangled to: SeenLexer_advance
DEBUG: implicit this field access: position -> self.position
DEBUG: checking static call: source.length
DEBUG:   type_definitions has source: false
DEBUG: implicit this field access: source -> self.source
DEBUG: checking static call: this.getCurrentChar
DEBUG:   type_definitions has this: false
DEBUG: Resolved 'this' to receiver 'self'
DEBUG: method call on identifier 'this', member 'getCurrentChar'
DEBUG:   var type: Struct { name: "SeenLexer", fields: [("source", String), ("fileId", Integer), ("language", String), ("errorRecoveryMode", Boolean), ("keywordManager", Integer), ("position", Integer), ("line", Integer), ("column", Integer), ("tokens", Array(Integer))] }
DEBUG:   struct_name: SeenLexer
DEBUG:   type_definitions keys: ["Unit", "SeenTypeChecker", "AST", "Function", "Expression", "Statement", "Class", "Interface", "Type", "FunctionType", "ClassType", "InterfaceType", "Location", "TypeError", "Environment", "TypeInferenceResult", "TypeChecker", "ProgramNode", "ItemNode", "ImportSymbolNode", "FunctionNode", "ParamNode", "TypeNode", "BlockNode", "ClassNode", "ImportPathInfo", "RealParser", "TokenUtils", "SeenLexer", "LanguageConfig", "KeywordManager", "StringBuilder", "TokenType", "Token", "LexerError", "Position", "CommandResult", "BootstrapVerifier", "CompilerInfo", "VerificationResult", "StageArtifact", "BinaryComparison", "RemovalResult", "RustRemover", "BootstrapManager", "FrontendDiagnostic", "FrontendResult", "Duration", "File", "CString", "Result", "Option", "VecChunk", "VecSlot", "Vec", "HashEntry", "StringHashMap", "StringBuffer", "StdString", "TaskKind", "TaskHandle", "ScopeGuard", "Channel"]
DEBUG:   mangled to: SeenLexer_getCurrentChar
DEBUG: checking static call: this.getCurrentChar
DEBUG:   type_definitions has this: false
DEBUG: Resolved 'this' to receiver 'self'
DEBUG: method call on identifier 'this', member 'getCurrentChar'
DEBUG:   var type: Struct { name: "SeenLexer", fields: [("source", String), ("fileId", Integer), ("language", String), ("errorRecoveryMode", Boolean), ("keywordManager", Integer), ("position", Integer), ("line", Integer), ("column", Integer), ("tokens", Array(Integer))] }
DEBUG:   struct_name: SeenLexer
DEBUG:   type_definitions keys: ["Unit", "SeenTypeChecker", "AST", "Function", "Expression", "Statement", "Class", "Interface", "Type", "FunctionType", "ClassType", "InterfaceType", "Location", "TypeError", "Environment", "TypeInferenceResult", "TypeChecker", "ProgramNode", "ItemNode", "ImportSymbolNode", "FunctionNode", "ParamNode", "TypeNode", "BlockNode", "ClassNode", "ImportPathInfo", "RealParser", "TokenUtils", "SeenLexer", "LanguageConfig", "KeywordManager", "StringBuilder", "TokenType", "Token", "LexerError", "Position", "CommandResult", "BootstrapVerifier", "CompilerInfo", "VerificationResult", "StageArtifact", "BinaryComparison", "RemovalResult", "RustRemover", "BootstrapManager", "FrontendDiagnostic", "FrontendResult", "Duration", "File", "CString", "Result", "Option", "VecChunk", "VecSlot", "Vec", "HashEntry", "StringHashMap", "StringBuffer", "StdString", "TaskKind", "TaskHandle", "ScopeGuard", "Channel"]
DEBUG:   mangled to: SeenLexer_getCurrentChar
DEBUG: checking static call: this.advance
DEBUG:   type_definitions has this: false
DEBUG: Resolved 'this' to receiver 'self'
DEBUG: method call on identifier 'this', member 'advance'
DEBUG:   var type: Struct { name: "SeenLexer", fields: [("source", String), ("fileId", Integer), ("language", String), ("errorRecoveryMode", Boolean), ("keywordManager", Integer), ("position", Integer), ("line", Integer), ("column", Integer), ("tokens", Array(Integer))] }
DEBUG:   struct_name: SeenLexer
DEBUG:   type_definitions keys: ["Unit", "SeenTypeChecker", "AST", "Function", "Expression", "Statement", "Class", "Interface", "Type", "FunctionType", "ClassType", "InterfaceType", "Location", "TypeError", "Environment", "TypeInferenceResult", "TypeChecker", "ProgramNode", "ItemNode", "ImportSymbolNode", "FunctionNode", "ParamNode", "TypeNode", "BlockNode", "ClassNode", "ImportPathInfo", "RealParser", "TokenUtils", "SeenLexer", "LanguageConfig", "KeywordManager", "StringBuilder", "TokenType", "Token", "LexerError", "Position", "CommandResult", "BootstrapVerifier", "CompilerInfo", "VerificationResult", "StageArtifact", "BinaryComparison", "RemovalResult", "RustRemover", "BootstrapManager", "FrontendDiagnostic", "FrontendResult", "Duration", "File", "CString", "Result", "Option", "VecChunk", "VecSlot", "Vec", "HashEntry", "StringHashMap", "StringBuffer", "StdString", "TaskKind", "TaskHandle", "ScopeGuard", "Channel"]
DEBUG:   mangled to: SeenLexer_advance
DEBUG: checking static call: this.getCurrentChar
DEBUG:   type_definitions has this: false
DEBUG: Resolved 'this' to receiver 'self'
DEBUG: method call on identifier 'this', member 'getCurrentChar'
DEBUG:   var type: Struct { name: "SeenLexer", fields: [("source", String), ("fileId", Integer), ("language", String), ("errorRecoveryMode", Boolean), ("keywordManager", Integer), ("position", Integer), ("line", Integer), ("column", Integer), ("tokens", Array(Integer))] }
DEBUG:   struct_name: SeenLexer
DEBUG:   type_definitions keys: ["Unit", "SeenTypeChecker", "AST", "Function", "Expression", "Statement", "Class", "Interface", "Type", "FunctionType", "ClassType", "InterfaceType", "Location", "TypeError", "Environment", "TypeInferenceResult", "TypeChecker", "ProgramNode", "ItemNode", "ImportSymbolNode", "FunctionNode", "ParamNode", "TypeNode", "BlockNode", "ClassNode", "ImportPathInfo", "RealParser", "TokenUtils", "SeenLexer", "LanguageConfig", "KeywordManager", "StringBuilder", "TokenType", "Token", "LexerError", "Position", "CommandResult", "BootstrapVerifier", "CompilerInfo", "VerificationResult", "StageArtifact", "BinaryComparison", "RemovalResult", "RustRemover", "BootstrapManager", "FrontendDiagnostic", "FrontendResult", "Duration", "File", "CString", "Result", "Option", "VecChunk", "VecSlot", "Vec", "HashEntry", "StringHashMap", "StringBuffer", "StdString", "TaskKind", "TaskHandle", "ScopeGuard", "Channel"]
DEBUG:   mangled to: SeenLexer_getCurrentChar
DEBUG: checking static call: this.handleEscapeSequence
DEBUG:   type_definitions has this: false
DEBUG: Resolved 'this' to receiver 'self'
DEBUG: method call on identifier 'this', member 'handleEscapeSequence'
DEBUG:   var type: Struct { name: "SeenLexer", fields: [("source", String), ("fileId", Integer), ("language", String), ("errorRecoveryMode", Boolean), ("keywordManager", Integer), ("position", Integer), ("line", Integer), ("column", Integer), ("tokens", Array(Integer))] }
DEBUG:   struct_name: SeenLexer
DEBUG:   type_definitions keys: ["Unit", "SeenTypeChecker", "AST", "Function", "Expression", "Statement", "Class", "Interface", "Type", "FunctionType", "ClassType", "InterfaceType", "Location", "TypeError", "Environment", "TypeInferenceResult", "TypeChecker", "ProgramNode", "ItemNode", "ImportSymbolNode", "FunctionNode", "ParamNode", "TypeNode", "BlockNode", "ClassNode", "ImportPathInfo", "RealParser", "TokenUtils", "SeenLexer", "LanguageConfig", "KeywordManager", "StringBuilder", "TokenType", "Token", "LexerError", "Position", "CommandResult", "BootstrapVerifier", "CompilerInfo", "VerificationResult", "StageArtifact", "BinaryComparison", "RemovalResult", "RustRemover", "BootstrapManager", "FrontendDiagnostic", "FrontendResult", "Duration", "File", "CString", "Result", "Option", "VecChunk", "VecSlot", "Vec", "HashEntry", "StringHashMap", "StringBuffer", "StdString", "TaskKind", "TaskHandle", "ScopeGuard", "Channel"]
DEBUG:   mangled to: SeenLexer_handleEscapeSequence
DEBUG: checking static call: this.advance
DEBUG:   type_definitions has this: false
DEBUG: Resolved 'this' to receiver 'self'
DEBUG: method call on identifier 'this', member 'advance'
DEBUG:   var type: Struct { name: "SeenLexer", fields: [("source", String), ("fileId", Integer), ("language", String), ("errorRecoveryMode", Boolean), ("keywordManager", Integer), ("position", Integer), ("line", Integer), ("column", Integer), ("tokens", Array(Integer))] }
DEBUG:   struct_name: SeenLexer
DEBUG:   type_definitions keys: ["Unit", "SeenTypeChecker", "AST", "Function", "Expression", "Statement", "Class", "Interface", "Type", "FunctionType", "ClassType", "InterfaceType", "Location", "TypeError", "Environment", "TypeInferenceResult", "TypeChecker", "ProgramNode", "ItemNode", "ImportSymbolNode", "FunctionNode", "ParamNode", "TypeNode", "BlockNode", "ClassNode", "ImportPathInfo", "RealParser", "TokenUtils", "SeenLexer", "LanguageConfig", "KeywordManager", "StringBuilder", "TokenType", "Token", "LexerError", "Position", "CommandResult", "BootstrapVerifier", "CompilerInfo", "VerificationResult", "StageArtifact", "BinaryComparison", "RemovalResult", "RustRemover", "BootstrapManager", "FrontendDiagnostic", "FrontendResult", "Duration", "File", "CString", "Result", "Option", "VecChunk", "VecSlot", "Vec", "HashEntry", "StringHashMap", "StringBuffer", "StdString", "TaskKind", "TaskHandle", "ScopeGuard", "Channel"]
DEBUG:   mangled to: SeenLexer_advance
DEBUG: checking static call: this.isInInterpolation
DEBUG:   type_definitions has this: false
DEBUG: Resolved 'this' to receiver 'self'
DEBUG: method call on identifier 'this', member 'isInInterpolation'
DEBUG:   var type: Struct { name: "SeenLexer", fields: [("source", String), ("fileId", Integer), ("language", String), ("errorRecoveryMode", Boolean), ("keywordManager", Integer), ("position", Integer), ("line", Integer), ("column", Integer), ("tokens", Array(Integer))] }
DEBUG:   struct_name: SeenLexer
DEBUG:   type_definitions keys: ["Unit", "SeenTypeChecker", "AST", "Function", "Expression", "Statement", "Class", "Interface", "Type", "FunctionType", "ClassType", "InterfaceType", "Location", "TypeError", "Environment", "TypeInferenceResult", "TypeChecker", "ProgramNode", "ItemNode", "ImportSymbolNode", "FunctionNode", "ParamNode", "TypeNode", "BlockNode", "ClassNode", "ImportPathInfo", "RealParser", "TokenUtils", "SeenLexer", "LanguageConfig", "KeywordManager", "StringBuilder", "TokenType", "Token", "LexerError", "Position", "CommandResult", "BootstrapVerifier", "CompilerInfo", "VerificationResult", "StageArtifact", "BinaryComparison", "RemovalResult", "RustRemover", "BootstrapManager", "FrontendDiagnostic", "FrontendResult", "Duration", "File", "CString", "Result", "Option", "VecChunk", "VecSlot", "Vec", "HashEntry", "StringHashMap", "StringBuffer", "StdString", "TaskKind", "TaskHandle", "ScopeGuard", "Channel"]
DEBUG:   mangled to: SeenLexer_isInInterpolation
DEBUG: checking static call: this.advance
DEBUG:   type_definitions has this: false
DEBUG: Resolved 'this' to receiver 'self'
DEBUG: method call on identifier 'this', member 'advance'
DEBUG:   var type: Struct { name: "SeenLexer", fields: [("source", String), ("fileId", Integer), ("language", String), ("errorRecoveryMode", Boolean), ("keywordManager", Integer), ("position", Integer), ("line", Integer), ("column", Integer), ("tokens", Array(Integer))] }
DEBUG:   struct_name: SeenLexer
DEBUG:   type_definitions keys: ["Unit", "SeenTypeChecker", "AST", "Function", "Expression", "Statement", "Class", "Interface", "Type", "FunctionType", "ClassType", "InterfaceType", "Location", "TypeError", "Environment", "TypeInferenceResult", "TypeChecker", "ProgramNode", "ItemNode", "ImportSymbolNode", "FunctionNode", "ParamNode", "TypeNode", "BlockNode", "ClassNode", "ImportPathInfo", "RealParser", "TokenUtils", "SeenLexer", "LanguageConfig", "KeywordManager", "StringBuilder", "TokenType", "Token", "LexerError", "Position", "CommandResult", "BootstrapVerifier", "CompilerInfo", "VerificationResult", "StageArtifact", "BinaryComparison", "RemovalResult", "RustRemover", "BootstrapManager", "FrontendDiagnostic", "FrontendResult", "Duration", "File", "CString", "Result", "Option", "VecChunk", "VecSlot", "Vec", "HashEntry", "StringHashMap", "StringBuffer", "StdString", "TaskKind", "TaskHandle", "ScopeGuard", "Channel"]
DEBUG:   mangled to: SeenLexer_advance
DEBUG: checking static call: this.getCurrentChar
DEBUG:   type_definitions has this: false
DEBUG: Resolved 'this' to receiver 'self'
DEBUG: method call on identifier 'this', member 'getCurrentChar'
DEBUG:   var type: Struct { name: "SeenLexer", fields: [("source", String), ("fileId", Integer), ("language", String), ("errorRecoveryMode", Boolean), ("keywordManager", Integer), ("position", Integer), ("line", Integer), ("column", Integer), ("tokens", Array(Integer))] }
DEBUG:   struct_name: SeenLexer
DEBUG:   type_definitions keys: ["Unit", "SeenTypeChecker", "AST", "Function", "Expression", "Statement", "Class", "Interface", "Type", "FunctionType", "ClassType", "InterfaceType", "Location", "TypeError", "Environment", "TypeInferenceResult", "TypeChecker", "ProgramNode", "ItemNode", "ImportSymbolNode", "FunctionNode", "ParamNode", "TypeNode", "BlockNode", "ClassNode", "ImportPathInfo", "RealParser", "TokenUtils", "SeenLexer", "LanguageConfig", "KeywordManager", "StringBuilder", "TokenType", "Token", "LexerError", "Position", "CommandResult", "BootstrapVerifier", "CompilerInfo", "VerificationResult", "StageArtifact", "BinaryComparison", "RemovalResult", "RustRemover", "BootstrapManager", "FrontendDiagnostic", "FrontendResult", "Duration", "File", "CString", "Result", "Option", "VecChunk", "VecSlot", "Vec", "HashEntry", "StringHashMap", "StringBuffer", "StdString", "TaskKind", "TaskHandle", "ScopeGuard", "Channel"]
DEBUG:   mangled to: SeenLexer_getCurrentChar
DEBUG: checking static call: this.advance
DEBUG:   type_definitions has this: false
DEBUG: Resolved 'this' to receiver 'self'
DEBUG: method call on identifier 'this', member 'advance'
DEBUG:   var type: Struct { name: "SeenLexer", fields: [("source", String), ("fileId", Integer), ("language", String), ("errorRecoveryMode", Boolean), ("keywordManager", Integer), ("position", Integer), ("line", Integer), ("column", Integer), ("tokens", Array(Integer))] }
DEBUG:   struct_name: SeenLexer
DEBUG:   type_definitions keys: ["Unit", "SeenTypeChecker", "AST", "Function", "Expression", "Statement", "Class", "Interface", "Type", "FunctionType", "ClassType", "InterfaceType", "Location", "TypeError", "Environment", "TypeInferenceResult", "TypeChecker", "ProgramNode", "ItemNode", "ImportSymbolNode", "FunctionNode", "ParamNode", "TypeNode", "BlockNode", "ClassNode", "ImportPathInfo", "RealParser", "TokenUtils", "SeenLexer", "LanguageConfig", "KeywordManager", "StringBuilder", "TokenType", "Token", "LexerError", "Position", "CommandResult", "BootstrapVerifier", "CompilerInfo", "VerificationResult", "StageArtifact", "BinaryComparison", "RemovalResult", "RustRemover", "BootstrapManager", "FrontendDiagnostic", "FrontendResult", "Duration", "File", "CString", "Result", "Option", "VecChunk", "VecSlot", "Vec", "HashEntry", "StringHashMap", "StringBuffer", "StdString", "TaskKind", "TaskHandle", "ScopeGuard", "Channel"]
DEBUG:   mangled to: SeenLexer_advance
DEBUG: checking static call: this.getCurrentPosition
DEBUG:   type_definitions has this: false
DEBUG: Resolved 'this' to receiver 'self'
DEBUG: method call on identifier 'this', member 'getCurrentPosition'
DEBUG:   var type: Struct { name: "SeenLexer", fields: [("source", String), ("fileId", Integer), ("language", String), ("errorRecoveryMode", Boolean), ("keywordManager", Integer), ("position", Integer), ("line", Integer), ("column", Integer), ("tokens", Array(Integer))] }
DEBUG:   struct_name: SeenLexer
DEBUG:   type_definitions keys: ["Unit", "SeenTypeChecker", "AST", "Function", "Expression", "Statement", "Class", "Interface", "Type", "FunctionType", "ClassType", "InterfaceType", "Location", "TypeError", "Environment", "TypeInferenceResult", "TypeChecker", "ProgramNode", "ItemNode", "ImportSymbolNode", "FunctionNode", "ParamNode", "TypeNode", "BlockNode", "ClassNode", "ImportPathInfo", "RealParser", "TokenUtils", "SeenLexer", "LanguageConfig", "KeywordManager", "StringBuilder", "TokenType", "Token", "LexerError", "Position", "CommandResult", "BootstrapVerifier", "CompilerInfo", "VerificationResult", "StageArtifact", "BinaryComparison", "RemovalResult", "RustRemover", "BootstrapManager", "FrontendDiagnostic", "FrontendResult", "Duration", "File", "CString", "Result", "Option", "VecChunk", "VecSlot", "Vec", "HashEntry", "StringHashMap", "StringBuffer", "StdString", "TaskKind", "TaskHandle", "ScopeGuard", "Channel"]
DEBUG:   mangled to: SeenLexer_getCurrentPosition
DEBUG: checking static call: LexerError.new
DEBUG:   type_definitions has LexerError: true
DEBUG:   mangled to: LexerError_new
DEBUG: checking static call: this.handleInterpolatedString
DEBUG:   type_definitions has this: false
DEBUG: Resolved 'this' to receiver 'self'
DEBUG: method call on identifier 'this', member 'handleInterpolatedString'
DEBUG:   var type: Struct { name: "SeenLexer", fields: [("source", String), ("fileId", Integer), ("language", String), ("errorRecoveryMode", Boolean), ("keywordManager", Integer), ("position", Integer), ("line", Integer), ("column", Integer), ("tokens", Array(Integer))] }
DEBUG:   struct_name: SeenLexer
DEBUG:   type_definitions keys: ["Unit", "SeenTypeChecker", "AST", "Function", "Expression", "Statement", "Class", "Interface", "Type", "FunctionType", "ClassType", "InterfaceType", "Location", "TypeError", "Environment", "TypeInferenceResult", "TypeChecker", "ProgramNode", "ItemNode", "ImportSymbolNode", "FunctionNode", "ParamNode", "TypeNode", "BlockNode", "ClassNode", "ImportPathInfo", "RealParser", "TokenUtils", "SeenLexer", "LanguageConfig", "KeywordManager", "StringBuilder", "TokenType", "Token", "LexerError", "Position", "CommandResult", "BootstrapVerifier", "CompilerInfo", "VerificationResult", "StageArtifact", "BinaryComparison", "RemovalResult", "RustRemover", "BootstrapManager", "FrontendDiagnostic", "FrontendResult", "Duration", "File", "CString", "Result", "Option", "VecChunk", "VecSlot", "Vec", "HashEntry", "StringHashMap", "StringBuffer", "StdString", "TaskKind", "TaskHandle", "ScopeGuard", "Channel"]
DEBUG:   mangled to: SeenLexer_handleInterpolatedString
DEBUG: implicit this field access: position -> self.position
DEBUG: checking static call: this.emitToken
DEBUG:   type_definitions has this: false
DEBUG: Resolved 'this' to receiver 'self'
DEBUG: method call on identifier 'this', member 'emitToken'
DEBUG:   var type: Struct { name: "SeenLexer", fields: [("source", String), ("fileId", Integer), ("language", String), ("errorRecoveryMode", Boolean), ("keywordManager", Integer), ("position", Integer), ("line", Integer), ("column", Integer), ("tokens", Array(Integer))] }
DEBUG:   struct_name: SeenLexer
DEBUG:   type_definitions keys: ["Unit", "SeenTypeChecker", "AST", "Function", "Expression", "Statement", "Class", "Interface", "Type", "FunctionType", "ClassType", "InterfaceType", "Location", "TypeError", "Environment", "TypeInferenceResult", "TypeChecker", "ProgramNode", "ItemNode", "ImportSymbolNode", "FunctionNode", "ParamNode", "TypeNode", "BlockNode", "ClassNode", "ImportPathInfo", "RealParser", "TokenUtils", "SeenLexer", "LanguageConfig", "KeywordManager", "StringBuilder", "TokenType", "Token", "LexerError", "Position", "CommandResult", "BootstrapVerifier", "CompilerInfo", "VerificationResult", "StageArtifact", "BinaryComparison", "RemovalResult", "RustRemover", "BootstrapManager", "FrontendDiagnostic", "FrontendResult", "Duration", "File", "CString", "Result", "Option", "VecChunk", "VecSlot", "Vec", "HashEntry", "StringHashMap", "StringBuffer", "StdString", "TaskKind", "TaskHandle", "ScopeGuard", "Channel"]
DEBUG:   mangled to: SeenLexer_emitToken
DEBUG: checking static call: this.advance
DEBUG:   type_definitions has this: false
DEBUG: Resolved 'this' to receiver 'self'
DEBUG: method call on identifier 'this', member 'advance'
DEBUG:   var type: Struct { name: "SeenLexer", fields: [("source", String), ("fileId", Integer), ("language", String), ("errorRecoveryMode", Boolean), ("keywordManager", Integer), ("position", Integer), ("line", Integer), ("column", Integer), ("tokens", Array(Integer))] }
DEBUG:   struct_name: SeenLexer
DEBUG:   type_definitions keys: ["Unit", "SeenTypeChecker", "AST", "Function", "Expression", "Statement", "Class", "Interface", "Type", "FunctionType", "ClassType", "InterfaceType", "Location", "TypeError", "Environment", "TypeInferenceResult", "TypeChecker", "ProgramNode", "ItemNode", "ImportSymbolNode", "FunctionNode", "ParamNode", "TypeNode", "BlockNode", "ClassNode", "ImportPathInfo", "RealParser", "TokenUtils", "SeenLexer", "LanguageConfig", "KeywordManager", "StringBuilder", "TokenType", "Token", "LexerError", "Position", "CommandResult", "BootstrapVerifier", "CompilerInfo", "VerificationResult", "StageArtifact", "BinaryComparison", "RemovalResult", "RustRemover", "BootstrapManager", "FrontendDiagnostic", "FrontendResult", "Duration", "File", "CString", "Result", "Option", "VecChunk", "VecSlot", "Vec", "HashEntry", "StringHashMap", "StringBuffer", "StdString", "TaskKind", "TaskHandle", "ScopeGuard", "Channel"]
DEBUG:   mangled to: SeenLexer_advance
DEBUG: checking static call: this.emitToken
DEBUG:   type_definitions has this: false
DEBUG: Resolved 'this' to receiver 'self'
DEBUG: method call on identifier 'this', member 'emitToken'
DEBUG:   var type: Struct { name: "SeenLexer", fields: [("source", String), ("fileId", Integer), ("language", String), ("errorRecoveryMode", Boolean), ("keywordManager", Integer), ("position", Integer), ("line", Integer), ("column", Integer), ("tokens", Array(Integer))] }
DEBUG:   struct_name: SeenLexer
DEBUG:   type_definitions keys: ["Unit", "SeenTypeChecker", "AST", "Function", "Expression", "Statement", "Class", "Interface", "Type", "FunctionType", "ClassType", "InterfaceType", "Location", "TypeError", "Environment", "TypeInferenceResult", "TypeChecker", "ProgramNode", "ItemNode", "ImportSymbolNode", "FunctionNode", "ParamNode", "TypeNode", "BlockNode", "ClassNode", "ImportPathInfo", "RealParser", "TokenUtils", "SeenLexer", "LanguageConfig", "KeywordManager", "StringBuilder", "TokenType", "Token", "LexerError", "Position", "CommandResult", "BootstrapVerifier", "CompilerInfo", "VerificationResult", "StageArtifact", "BinaryComparison", "RemovalResult", "RustRemover", "BootstrapManager", "FrontendDiagnostic", "FrontendResult", "Duration", "File", "CString", "Result", "Option", "VecChunk", "VecSlot", "Vec", "HashEntry", "StringHashMap", "StringBuffer", "StdString", "TaskKind", "TaskHandle", "ScopeGuard", "Channel"]
DEBUG:   mangled to: SeenLexer_emitToken
DEBUG: implicit this field access: position -> self.position
DEBUG: checking static call: source.length
DEBUG:   type_definitions has source: false
DEBUG: implicit this field access: source -> self.source
DEBUG: checking static call: this.getCurrentChar
DEBUG:   type_definitions has this: false
DEBUG: Resolved 'this' to receiver 'self'
DEBUG: method call on identifier 'this', member 'getCurrentChar'
DEBUG:   var type: Struct { name: "SeenLexer", fields: [("source", String), ("fileId", Integer), ("language", String), ("errorRecoveryMode", Boolean), ("keywordManager", Integer), ("position", Integer), ("line", Integer), ("column", Integer), ("tokens", Array(Integer))] }
DEBUG:   struct_name: SeenLexer
DEBUG:   type_definitions keys: ["Unit", "SeenTypeChecker", "AST", "Function", "Expression", "Statement", "Class", "Interface", "Type", "FunctionType", "ClassType", "InterfaceType", "Location", "TypeError", "Environment", "TypeInferenceResult", "TypeChecker", "ProgramNode", "ItemNode", "ImportSymbolNode", "FunctionNode", "ParamNode", "TypeNode", "BlockNode", "ClassNode", "ImportPathInfo", "RealParser", "TokenUtils", "SeenLexer", "LanguageConfig", "KeywordManager", "StringBuilder", "TokenType", "Token", "LexerError", "Position", "CommandResult", "BootstrapVerifier", "CompilerInfo", "VerificationResult", "StageArtifact", "BinaryComparison", "RemovalResult", "RustRemover", "BootstrapManager", "FrontendDiagnostic", "FrontendResult", "Duration", "File", "CString", "Result", "Option", "VecChunk", "VecSlot", "Vec", "HashEntry", "StringHashMap", "StringBuffer", "StdString", "TaskKind", "TaskHandle", "ScopeGuard", "Channel"]
DEBUG:   mangled to: SeenLexer_getCurrentChar
DEBUG: checking static call: this.getCurrentChar
DEBUG:   type_definitions has this: false
DEBUG: Resolved 'this' to receiver 'self'
DEBUG: method call on identifier 'this', member 'getCurrentChar'
DEBUG:   var type: Struct { name: "SeenLexer", fields: [("source", String), ("fileId", Integer), ("language", String), ("errorRecoveryMode", Boolean), ("keywordManager", Integer), ("position", Integer), ("line", Integer), ("column", Integer), ("tokens", Array(Integer))] }
DEBUG:   struct_name: SeenLexer
DEBUG:   type_definitions keys: ["Unit", "SeenTypeChecker", "AST", "Function", "Expression", "Statement", "Class", "Interface", "Type", "FunctionType", "ClassType", "InterfaceType", "Location", "TypeError", "Environment", "TypeInferenceResult", "TypeChecker", "ProgramNode", "ItemNode", "ImportSymbolNode", "FunctionNode", "ParamNode", "TypeNode", "BlockNode", "ClassNode", "ImportPathInfo", "RealParser", "TokenUtils", "SeenLexer", "LanguageConfig", "KeywordManager", "StringBuilder", "TokenType", "Token", "LexerError", "Position", "CommandResult", "BootstrapVerifier", "CompilerInfo", "VerificationResult", "StageArtifact", "BinaryComparison", "RemovalResult", "RustRemover", "BootstrapManager", "FrontendDiagnostic", "FrontendResult", "Duration", "File", "CString", "Result", "Option", "VecChunk", "VecSlot", "Vec", "HashEntry", "StringHashMap", "StringBuffer", "StdString", "TaskKind", "TaskHandle", "ScopeGuard", "Channel"]
DEBUG:   mangled to: SeenLexer_getCurrentChar
DEBUG: checking static call: currentPart.length
DEBUG:   type_definitions has currentPart: false
DEBUG: checking static call: currentPart.length
DEBUG:   type_definitions has currentPart: false
DEBUG: checking static call: this.emitToken
DEBUG:   type_definitions has this: false
DEBUG: Resolved 'this' to receiver 'self'
DEBUG: method call on identifier 'this', member 'emitToken'
DEBUG:   var type: Struct { name: "SeenLexer", fields: [("source", String), ("fileId", Integer), ("language", String), ("errorRecoveryMode", Boolean), ("keywordManager", Integer), ("position", Integer), ("line", Integer), ("column", Integer), ("tokens", Array(Integer))] }
DEBUG:   struct_name: SeenLexer
DEBUG:   type_definitions keys: ["Unit", "SeenTypeChecker", "AST", "Function", "Expression", "Statement", "Class", "Interface", "Type", "FunctionType", "ClassType", "InterfaceType", "Location", "TypeError", "Environment", "TypeInferenceResult", "TypeChecker", "ProgramNode", "ItemNode", "ImportSymbolNode", "FunctionNode", "ParamNode", "TypeNode", "BlockNode", "ClassNode", "ImportPathInfo", "RealParser", "TokenUtils", "SeenLexer", "LanguageConfig", "KeywordManager", "StringBuilder", "TokenType", "Token", "LexerError", "Position", "CommandResult", "BootstrapVerifier", "CompilerInfo", "VerificationResult", "StageArtifact", "BinaryComparison", "RemovalResult", "RustRemover", "BootstrapManager", "FrontendDiagnostic", "FrontendResult", "Duration", "File", "CString", "Result", "Option", "VecChunk", "VecSlot", "Vec", "HashEntry", "StringHashMap", "StringBuffer", "StdString", "TaskKind", "TaskHandle", "ScopeGuard", "Channel"]
DEBUG:   mangled to: SeenLexer_emitToken
DEBUG: checking static call: this.advance
DEBUG:   type_definitions has this: false
DEBUG: Resolved 'this' to receiver 'self'
DEBUG: method call on identifier 'this', member 'advance'
DEBUG:   var type: Struct { name: "SeenLexer", fields: [("source", String), ("fileId", Integer), ("language", String), ("errorRecoveryMode", Boolean), ("keywordManager", Integer), ("position", Integer), ("line", Integer), ("column", Integer), ("tokens", Array(Integer))] }
DEBUG:   struct_name: SeenLexer
DEBUG:   type_definitions keys: ["Unit", "SeenTypeChecker", "AST", "Function", "Expression", "Statement", "Class", "Interface", "Type", "FunctionType", "ClassType", "InterfaceType", "Location", "TypeError", "Environment", "TypeInferenceResult", "TypeChecker", "ProgramNode", "ItemNode", "ImportSymbolNode", "FunctionNode", "ParamNode", "TypeNode", "BlockNode", "ClassNode", "ImportPathInfo", "RealParser", "TokenUtils", "SeenLexer", "LanguageConfig", "KeywordManager", "StringBuilder", "TokenType", "Token", "LexerError", "Position", "CommandResult", "BootstrapVerifier", "CompilerInfo", "VerificationResult", "StageArtifact", "BinaryComparison", "RemovalResult", "RustRemover", "BootstrapManager", "FrontendDiagnostic", "FrontendResult", "Duration", "File", "CString", "Result", "Option", "VecChunk", "VecSlot", "Vec", "HashEntry", "StringHashMap", "StringBuffer", "StdString", "TaskKind", "TaskHandle", "ScopeGuard", "Channel"]
DEBUG:   mangled to: SeenLexer_advance
DEBUG: checking static call: this.parseInterpolationExpression
DEBUG:   type_definitions has this: false
DEBUG: Resolved 'this' to receiver 'self'
DEBUG: method call on identifier 'this', member 'parseInterpolationExpression'
DEBUG:   var type: Struct { name: "SeenLexer", fields: [("source", String), ("fileId", Integer), ("language", String), ("errorRecoveryMode", Boolean), ("keywordManager", Integer), ("position", Integer), ("line", Integer), ("column", Integer), ("tokens", Array(Integer))] }
DEBUG:   struct_name: SeenLexer
DEBUG:   type_definitions keys: ["Unit", "SeenTypeChecker", "AST", "Function", "Expression", "Statement", "Class", "Interface", "Type", "FunctionType", "ClassType", "InterfaceType", "Location", "TypeError", "Environment", "TypeInferenceResult", "TypeChecker", "ProgramNode", "ItemNode", "ImportSymbolNode", "FunctionNode", "ParamNode", "TypeNode", "BlockNode", "ClassNode", "ImportPathInfo", "RealParser", "TokenUtils", "SeenLexer", "LanguageConfig", "KeywordManager", "StringBuilder", "TokenType", "Token", "LexerError", "Position", "CommandResult", "BootstrapVerifier", "CompilerInfo", "VerificationResult", "StageArtifact", "BinaryComparison", "RemovalResult", "RustRemover", "BootstrapManager", "FrontendDiagnostic", "FrontendResult", "Duration", "File", "CString", "Result", "Option", "VecChunk", "VecSlot", "Vec", "HashEntry", "StringHashMap", "StringBuffer", "StdString", "TaskKind", "TaskHandle", "ScopeGuard", "Channel"]
DEBUG:   mangled to: SeenLexer_parseInterpolationExpression
DEBUG: checking static call: this.advance
DEBUG:   type_definitions has this: false
DEBUG: Resolved 'this' to receiver 'self'
DEBUG: method call on identifier 'this', member 'advance'
DEBUG:   var type: Struct { name: "SeenLexer", fields: [("source", String), ("fileId", Integer), ("language", String), ("errorRecoveryMode", Boolean), ("keywordManager", Integer), ("position", Integer), ("line", Integer), ("column", Integer), ("tokens", Array(Integer))] }
DEBUG:   struct_name: SeenLexer
DEBUG:   type_definitions keys: ["Unit", "SeenTypeChecker", "AST", "Function", "Expression", "Statement", "Class", "Interface", "Type", "FunctionType", "ClassType", "InterfaceType", "Location", "TypeError", "Environment", "TypeInferenceResult", "TypeChecker", "ProgramNode", "ItemNode", "ImportSymbolNode", "FunctionNode", "ParamNode", "TypeNode", "BlockNode", "ClassNode", "ImportPathInfo", "RealParser", "TokenUtils", "SeenLexer", "LanguageConfig", "KeywordManager", "StringBuilder", "TokenType", "Token", "LexerError", "Position", "CommandResult", "BootstrapVerifier", "CompilerInfo", "VerificationResult", "StageArtifact", "BinaryComparison", "RemovalResult", "RustRemover", "BootstrapManager", "FrontendDiagnostic", "FrontendResult", "Duration", "File", "CString", "Result", "Option", "VecChunk", "VecSlot", "Vec", "HashEntry", "StringHashMap", "StringBuffer", "StdString", "TaskKind", "TaskHandle", "ScopeGuard", "Channel"]
DEBUG:   mangled to: SeenLexer_advance
DEBUG: checking static call: this.advance
DEBUG:   type_definitions has this: false
DEBUG: Resolved 'this' to receiver 'self'
DEBUG: method call on identifier 'this', member 'advance'
DEBUG:   var type: Struct { name: "SeenLexer", fields: [("source", String), ("fileId", Integer), ("language", String), ("errorRecoveryMode", Boolean), ("keywordManager", Integer), ("position", Integer), ("line", Integer), ("column", Integer), ("tokens", Array(Integer))] }
DEBUG:   struct_name: SeenLexer
DEBUG:   type_definitions keys: ["Unit", "SeenTypeChecker", "AST", "Function", "Expression", "Statement", "Class", "Interface", "Type", "FunctionType", "ClassType", "InterfaceType", "Location", "TypeError", "Environment", "TypeInferenceResult", "TypeChecker", "ProgramNode", "ItemNode", "ImportSymbolNode", "FunctionNode", "ParamNode", "TypeNode", "BlockNode", "ClassNode", "ImportPathInfo", "RealParser", "TokenUtils", "SeenLexer", "LanguageConfig", "KeywordManager", "StringBuilder", "TokenType", "Token", "LexerError", "Position", "CommandResult", "BootstrapVerifier", "CompilerInfo", "VerificationResult", "StageArtifact", "BinaryComparison", "RemovalResult", "RustRemover", "BootstrapManager", "FrontendDiagnostic", "FrontendResult", "Duration", "File", "CString", "Result", "Option", "VecChunk", "VecSlot", "Vec", "HashEntry", "StringHashMap", "StringBuffer", "StdString", "TaskKind", "TaskHandle", "ScopeGuard", "Channel"]
DEBUG:   mangled to: SeenLexer_advance
DEBUG: checking static call: this.advance
DEBUG:   type_definitions has this: false
DEBUG: Resolved 'this' to receiver 'self'
DEBUG: method call on identifier 'this', member 'advance'
DEBUG:   var type: Struct { name: "SeenLexer", fields: [("source", String), ("fileId", Integer), ("language", String), ("errorRecoveryMode", Boolean), ("keywordManager", Integer), ("position", Integer), ("line", Integer), ("column", Integer), ("tokens", Array(Integer))] }
DEBUG:   struct_name: SeenLexer
DEBUG:   type_definitions keys: ["Unit", "SeenTypeChecker", "AST", "Function", "Expression", "Statement", "Class", "Interface", "Type", "FunctionType", "ClassType", "InterfaceType", "Location", "TypeError", "Environment", "TypeInferenceResult", "TypeChecker", "ProgramNode", "ItemNode", "ImportSymbolNode", "FunctionNode", "ParamNode", "TypeNode", "BlockNode", "ClassNode", "ImportPathInfo", "RealParser", "TokenUtils", "SeenLexer", "LanguageConfig", "KeywordManager", "StringBuilder", "TokenType", "Token", "LexerError", "Position", "CommandResult", "BootstrapVerifier", "CompilerInfo", "VerificationResult", "StageArtifact", "BinaryComparison", "RemovalResult", "RustRemover", "BootstrapManager", "FrontendDiagnostic", "FrontendResult", "Duration", "File", "CString", "Result", "Option", "VecChunk", "VecSlot", "Vec", "HashEntry", "StringHashMap", "StringBuffer", "StdString", "TaskKind", "TaskHandle", "ScopeGuard", "Channel"]
DEBUG:   mangled to: SeenLexer_advance
DEBUG: checking static call: currentPart.length
DEBUG:   type_definitions has currentPart: false
DEBUG: checking static call: currentPart.length
DEBUG:   type_definitions has currentPart: false
DEBUG: checking static call: this.emitToken
DEBUG:   type_definitions has this: false
DEBUG: Resolved 'this' to receiver 'self'
DEBUG: method call on identifier 'this', member 'emitToken'
DEBUG:   var type: Struct { name: "SeenLexer", fields: [("source", String), ("fileId", Integer), ("language", String), ("errorRecoveryMode", Boolean), ("keywordManager", Integer), ("position", Integer), ("line", Integer), ("column", Integer), ("tokens", Array(Integer))] }
DEBUG:   struct_name: SeenLexer
DEBUG:   type_definitions keys: ["Unit", "SeenTypeChecker", "AST", "Function", "Expression", "Statement", "Class", "Interface", "Type", "FunctionType", "ClassType", "InterfaceType", "Location", "TypeError", "Environment", "TypeInferenceResult", "TypeChecker", "ProgramNode", "ItemNode", "ImportSymbolNode", "FunctionNode", "ParamNode", "TypeNode", "BlockNode", "ClassNode", "ImportPathInfo", "RealParser", "TokenUtils", "SeenLexer", "LanguageConfig", "KeywordManager", "StringBuilder", "TokenType", "Token", "LexerError", "Position", "CommandResult", "BootstrapVerifier", "CompilerInfo", "VerificationResult", "StageArtifact", "BinaryComparison", "RemovalResult", "RustRemover", "BootstrapManager", "FrontendDiagnostic", "FrontendResult", "Duration", "File", "CString", "Result", "Option", "VecChunk", "VecSlot", "Vec", "HashEntry", "StringHashMap", "StringBuffer", "StdString", "TaskKind", "TaskHandle", "ScopeGuard", "Channel"]
DEBUG:   mangled to: SeenLexer_emitToken
DEBUG: checking static call: this.getCurrentChar
DEBUG:   type_definitions has this: false
DEBUG: Resolved 'this' to receiver 'self'
DEBUG: method call on identifier 'this', member 'getCurrentChar'
DEBUG:   var type: Struct { name: "SeenLexer", fields: [("source", String), ("fileId", Integer), ("language", String), ("errorRecoveryMode", Boolean), ("keywordManager", Integer), ("position", Integer), ("line", Integer), ("column", Integer), ("tokens", Array(Integer))] }
DEBUG:   struct_name: SeenLexer
DEBUG:   type_definitions keys: ["Unit", "SeenTypeChecker", "AST", "Function", "Expression", "Statement", "Class", "Interface", "Type", "FunctionType", "ClassType", "InterfaceType", "Location", "TypeError", "Environment", "TypeInferenceResult", "TypeChecker", "ProgramNode", "ItemNode", "ImportSymbolNode", "FunctionNode", "ParamNode", "TypeNode", "BlockNode", "ClassNode", "ImportPathInfo", "RealParser", "TokenUtils", "SeenLexer", "LanguageConfig", "KeywordManager", "StringBuilder", "TokenType", "Token", "LexerError", "Position", "CommandResult", "BootstrapVerifier", "CompilerInfo", "VerificationResult", "StageArtifact", "BinaryComparison", "RemovalResult", "RustRemover", "BootstrapManager", "FrontendDiagnostic", "FrontendResult", "Duration", "File", "CString", "Result", "Option", "VecChunk", "VecSlot", "Vec", "HashEntry", "StringHashMap", "StringBuffer", "StdString", "TaskKind", "TaskHandle", "ScopeGuard", "Channel"]
DEBUG:   mangled to: SeenLexer_getCurrentChar
DEBUG: checking static call: this.advance
DEBUG:   type_definitions has this: false
DEBUG: Resolved 'this' to receiver 'self'
DEBUG: method call on identifier 'this', member 'advance'
DEBUG:   var type: Struct { name: "SeenLexer", fields: [("source", String), ("fileId", Integer), ("language", String), ("errorRecoveryMode", Boolean), ("keywordManager", Integer), ("position", Integer), ("line", Integer), ("column", Integer), ("tokens", Array(Integer))] }
DEBUG:   struct_name: SeenLexer
DEBUG:   type_definitions keys: ["Unit", "SeenTypeChecker", "AST", "Function", "Expression", "Statement", "Class", "Interface", "Type", "FunctionType", "ClassType", "InterfaceType", "Location", "TypeError", "Environment", "TypeInferenceResult", "TypeChecker", "ProgramNode", "ItemNode", "ImportSymbolNode", "FunctionNode", "ParamNode", "TypeNode", "BlockNode", "ClassNode", "ImportPathInfo", "RealParser", "TokenUtils", "SeenLexer", "LanguageConfig", "KeywordManager", "StringBuilder", "TokenType", "Token", "LexerError", "Position", "CommandResult", "BootstrapVerifier", "CompilerInfo", "VerificationResult", "StageArtifact", "BinaryComparison", "RemovalResult", "RustRemover", "BootstrapManager", "FrontendDiagnostic", "FrontendResult", "Duration", "File", "CString", "Result", "Option", "VecChunk", "VecSlot", "Vec", "HashEntry", "StringHashMap", "StringBuffer", "StdString", "TaskKind", "TaskHandle", "ScopeGuard", "Channel"]
DEBUG:   mangled to: SeenLexer_advance
DEBUG: checking static call: this.emitToken
DEBUG:   type_definitions has this: false
DEBUG: Resolved 'this' to receiver 'self'
DEBUG: method call on identifier 'this', member 'emitToken'
DEBUG:   var type: Struct { name: "SeenLexer", fields: [("source", String), ("fileId", Integer), ("language", String), ("errorRecoveryMode", Boolean), ("keywordManager", Integer), ("position", Integer), ("line", Integer), ("column", Integer), ("tokens", Array(Integer))] }
DEBUG:   struct_name: SeenLexer
DEBUG:   type_definitions keys: ["Unit", "SeenTypeChecker", "AST", "Function", "Expression", "Statement", "Class", "Interface", "Type", "FunctionType", "ClassType", "InterfaceType", "Location", "TypeError", "Environment", "TypeInferenceResult", "TypeChecker", "ProgramNode", "ItemNode", "ImportSymbolNode", "FunctionNode", "ParamNode", "TypeNode", "BlockNode", "ClassNode", "ImportPathInfo", "RealParser", "TokenUtils", "SeenLexer", "LanguageConfig", "KeywordManager", "StringBuilder", "TokenType", "Token", "LexerError", "Position", "CommandResult", "BootstrapVerifier", "CompilerInfo", "VerificationResult", "StageArtifact", "BinaryComparison", "RemovalResult", "RustRemover", "BootstrapManager", "FrontendDiagnostic", "FrontendResult", "Duration", "File", "CString", "Result", "Option", "VecChunk", "VecSlot", "Vec", "HashEntry", "StringHashMap", "StringBuffer", "StdString", "TaskKind", "TaskHandle", "ScopeGuard", "Channel"]
DEBUG:   mangled to: SeenLexer_emitToken
DEBUG: implicit this field access: position -> self.position
DEBUG: implicit this field access: position -> self.position
DEBUG: checking static call: source.length
DEBUG:   type_definitions has source: false
DEBUG: implicit this field access: source -> self.source
DEBUG: checking static call: this.getCurrentChar
DEBUG:   type_definitions has this: false
DEBUG: Resolved 'this' to receiver 'self'
DEBUG: method call on identifier 'this', member 'getCurrentChar'
DEBUG:   var type: Struct { name: "SeenLexer", fields: [("source", String), ("fileId", Integer), ("language", String), ("errorRecoveryMode", Boolean), ("keywordManager", Integer), ("position", Integer), ("line", Integer), ("column", Integer), ("tokens", Array(Integer))] }
DEBUG:   struct_name: SeenLexer
DEBUG:   type_definitions keys: ["Unit", "SeenTypeChecker", "AST", "Function", "Expression", "Statement", "Class", "Interface", "Type", "FunctionType", "ClassType", "InterfaceType", "Location", "TypeError", "Environment", "TypeInferenceResult", "TypeChecker", "ProgramNode", "ItemNode", "ImportSymbolNode", "FunctionNode", "ParamNode", "TypeNode", "BlockNode", "ClassNode", "ImportPathInfo", "RealParser", "TokenUtils", "SeenLexer", "LanguageConfig", "KeywordManager", "StringBuilder", "TokenType", "Token", "LexerError", "Position", "CommandResult", "BootstrapVerifier", "CompilerInfo", "VerificationResult", "StageArtifact", "BinaryComparison", "RemovalResult", "RustRemover", "BootstrapManager", "FrontendDiagnostic", "FrontendResult", "Duration", "File", "CString", "Result", "Option", "VecChunk", "VecSlot", "Vec", "HashEntry", "StringHashMap", "StringBuffer", "StdString", "TaskKind", "TaskHandle", "ScopeGuard", "Channel"]
DEBUG:   mangled to: SeenLexer_getCurrentChar
DEBUG: checking static call: this.getCurrentChar
DEBUG:   type_definitions has this: false
DEBUG: Resolved 'this' to receiver 'self'
DEBUG: method call on identifier 'this', member 'getCurrentChar'
DEBUG:   var type: Struct { name: "SeenLexer", fields: [("source", String), ("fileId", Integer), ("language", String), ("errorRecoveryMode", Boolean), ("keywordManager", Integer), ("position", Integer), ("line", Integer), ("column", Integer), ("tokens", Array(Integer))] }
DEBUG:   struct_name: SeenLexer
DEBUG:   type_definitions keys: ["Unit", "SeenTypeChecker", "AST", "Function", "Expression", "Statement", "Class", "Interface", "Type", "FunctionType", "ClassType", "InterfaceType", "Location", "TypeError", "Environment", "TypeInferenceResult", "TypeChecker", "ProgramNode", "ItemNode", "ImportSymbolNode", "FunctionNode", "ParamNode", "TypeNode", "BlockNode", "ClassNode", "ImportPathInfo", "RealParser", "TokenUtils", "SeenLexer", "LanguageConfig", "KeywordManager", "StringBuilder", "TokenType", "Token", "LexerError", "Position", "CommandResult", "BootstrapVerifier", "CompilerInfo", "VerificationResult", "StageArtifact", "BinaryComparison", "RemovalResult", "RustRemover", "BootstrapManager", "FrontendDiagnostic", "FrontendResult", "Duration", "File", "CString", "Result", "Option", "VecChunk", "VecSlot", "Vec", "HashEntry", "StringHashMap", "StringBuffer", "StdString", "TaskKind", "TaskHandle", "ScopeGuard", "Channel"]
DEBUG:   mangled to: SeenLexer_getCurrentChar
DEBUG: checking static call: this.isAlpha
DEBUG:   type_definitions has this: false
DEBUG: Resolved 'this' to receiver 'self'
DEBUG: method call on identifier 'this', member 'isAlpha'
DEBUG:   var type: Struct { name: "SeenLexer", fields: [("source", String), ("fileId", Integer), ("language", String), ("errorRecoveryMode", Boolean), ("keywordManager", Integer), ("position", Integer), ("line", Integer), ("column", Integer), ("tokens", Array(Integer))] }
DEBUG:   struct_name: SeenLexer
DEBUG:   type_definitions keys: ["Unit", "SeenTypeChecker", "AST", "Function", "Expression", "Statement", "Class", "Interface", "Type", "FunctionType", "ClassType", "InterfaceType", "Location", "TypeError", "Environment", "TypeInferenceResult", "TypeChecker", "ProgramNode", "ItemNode", "ImportSymbolNode", "FunctionNode", "ParamNode", "TypeNode", "BlockNode", "ClassNode", "ImportPathInfo", "RealParser", "TokenUtils", "SeenLexer", "LanguageConfig", "KeywordManager", "StringBuilder", "TokenType", "Token", "LexerError", "Position", "CommandResult", "BootstrapVerifier", "CompilerInfo", "VerificationResult", "StageArtifact", "BinaryComparison", "RemovalResult", "RustRemover", "BootstrapManager", "FrontendDiagnostic", "FrontendResult", "Duration", "File", "CString", "Result", "Option", "VecChunk", "VecSlot", "Vec", "HashEntry", "StringHashMap", "StringBuffer", "StdString", "TaskKind", "TaskHandle", "ScopeGuard", "Channel"]
DEBUG:   mangled to: SeenLexer_isAlpha
DEBUG: checking static call: this.getCurrentChar
DEBUG:   type_definitions has this: false
DEBUG: Resolved 'this' to receiver 'self'
DEBUG: method call on identifier 'this', member 'getCurrentChar'
DEBUG:   var type: Struct { name: "SeenLexer", fields: [("source", String), ("fileId", Integer), ("language", String), ("errorRecoveryMode", Boolean), ("keywordManager", Integer), ("position", Integer), ("line", Integer), ("column", Integer), ("tokens", Array(Integer))] }
DEBUG:   struct_name: SeenLexer
DEBUG:   type_definitions keys: ["Unit", "SeenTypeChecker", "AST", "Function", "Expression", "Statement", "Class", "Interface", "Type", "FunctionType", "ClassType", "InterfaceType", "Location", "TypeError", "Environment", "TypeInferenceResult", "TypeChecker", "ProgramNode", "ItemNode", "ImportSymbolNode", "FunctionNode", "ParamNode", "TypeNode", "BlockNode", "ClassNode", "ImportPathInfo", "RealParser", "TokenUtils", "SeenLexer", "LanguageConfig", "KeywordManager", "StringBuilder", "TokenType", "Token", "LexerError", "Position", "CommandResult", "BootstrapVerifier", "CompilerInfo", "VerificationResult", "StageArtifact", "BinaryComparison", "RemovalResult", "RustRemover", "BootstrapManager", "FrontendDiagnostic", "FrontendResult", "Duration", "File", "CString", "Result", "Option", "VecChunk", "VecSlot", "Vec", "HashEntry", "StringHashMap", "StringBuffer", "StdString", "TaskKind", "TaskHandle", "ScopeGuard", "Channel"]
DEBUG:   mangled to: SeenLexer_getCurrentChar
DEBUG: checking static call: this.handleIdentifierOrKeyword
DEBUG:   type_definitions has this: false
DEBUG: Resolved 'this' to receiver 'self'
DEBUG: method call on identifier 'this', member 'handleIdentifierOrKeyword'
DEBUG:   var type: Struct { name: "SeenLexer", fields: [("source", String), ("fileId", Integer), ("language", String), ("errorRecoveryMode", Boolean), ("keywordManager", Integer), ("position", Integer), ("line", Integer), ("column", Integer), ("tokens", Array(Integer))] }
DEBUG:   struct_name: SeenLexer
DEBUG:   type_definitions keys: ["Unit", "SeenTypeChecker", "AST", "Function", "Expression", "Statement", "Class", "Interface", "Type", "FunctionType", "ClassType", "InterfaceType", "Location", "TypeError", "Environment", "TypeInferenceResult", "TypeChecker", "ProgramNode", "ItemNode", "ImportSymbolNode", "FunctionNode", "ParamNode", "TypeNode", "BlockNode", "ClassNode", "ImportPathInfo", "RealParser", "TokenUtils", "SeenLexer", "LanguageConfig", "KeywordManager", "StringBuilder", "TokenType", "Token", "LexerError", "Position", "CommandResult", "BootstrapVerifier", "CompilerInfo", "VerificationResult", "StageArtifact", "BinaryComparison", "RemovalResult", "RustRemover", "BootstrapManager", "FrontendDiagnostic", "FrontendResult", "Duration", "File", "CString", "Result", "Option", "VecChunk", "VecSlot", "Vec", "HashEntry", "StringHashMap", "StringBuffer", "StdString", "TaskKind", "TaskHandle", "ScopeGuard", "Channel"]
DEBUG:   mangled to: SeenLexer_handleIdentifierOrKeyword
DEBUG: checking static call: this.getCurrentChar
DEBUG:   type_definitions has this: false
DEBUG: Resolved 'this' to receiver 'self'
DEBUG: method call on identifier 'this', member 'getCurrentChar'
DEBUG:   var type: Struct { name: "SeenLexer", fields: [("source", String), ("fileId", Integer), ("language", String), ("errorRecoveryMode", Boolean), ("keywordManager", Integer), ("position", Integer), ("line", Integer), ("column", Integer), ("tokens", Array(Integer))] }
DEBUG:   struct_name: SeenLexer
DEBUG:   type_definitions keys: ["Unit", "SeenTypeChecker", "AST", "Function", "Expression", "Statement", "Class", "Interface", "Type", "FunctionType", "ClassType", "InterfaceType", "Location", "TypeError", "Environment", "TypeInferenceResult", "TypeChecker", "ProgramNode", "ItemNode", "ImportSymbolNode", "FunctionNode", "ParamNode", "TypeNode", "BlockNode", "ClassNode", "ImportPathInfo", "RealParser", "TokenUtils", "SeenLexer", "LanguageConfig", "KeywordManager", "StringBuilder", "TokenType", "Token", "LexerError", "Position", "CommandResult", "BootstrapVerifier", "CompilerInfo", "VerificationResult", "StageArtifact", "BinaryComparison", "RemovalResult", "RustRemover", "BootstrapManager", "FrontendDiagnostic", "FrontendResult", "Duration", "File", "CString", "Result", "Option", "VecChunk", "VecSlot", "Vec", "HashEntry", "StringHashMap", "StringBuffer", "StdString", "TaskKind", "TaskHandle", "ScopeGuard", "Channel"]
DEBUG:   mangled to: SeenLexer_getCurrentChar
DEBUG: checking static call: this.isDigit
DEBUG:   type_definitions has this: false
DEBUG: Resolved 'this' to receiver 'self'
DEBUG: method call on identifier 'this', member 'isDigit'
DEBUG:   var type: Struct { name: "SeenLexer", fields: [("source", String), ("fileId", Integer), ("language", String), ("errorRecoveryMode", Boolean), ("keywordManager", Integer), ("position", Integer), ("line", Integer), ("column", Integer), ("tokens", Array(Integer))] }
DEBUG:   struct_name: SeenLexer
DEBUG:   type_definitions keys: ["Unit", "SeenTypeChecker", "AST", "Function", "Expression", "Statement", "Class", "Interface", "Type", "FunctionType", "ClassType", "InterfaceType", "Location", "TypeError", "Environment", "TypeInferenceResult", "TypeChecker", "ProgramNode", "ItemNode", "ImportSymbolNode", "FunctionNode", "ParamNode", "TypeNode", "BlockNode", "ClassNode", "ImportPathInfo", "RealParser", "TokenUtils", "SeenLexer", "LanguageConfig", "KeywordManager", "StringBuilder", "TokenType", "Token", "LexerError", "Position", "CommandResult", "BootstrapVerifier", "CompilerInfo", "VerificationResult", "StageArtifact", "BinaryComparison", "RemovalResult", "RustRemover", "BootstrapManager", "FrontendDiagnostic", "FrontendResult", "Duration", "File", "CString", "Result", "Option", "VecChunk", "VecSlot", "Vec", "HashEntry", "StringHashMap", "StringBuffer", "StdString", "TaskKind", "TaskHandle", "ScopeGuard", "Channel"]
DEBUG:   mangled to: SeenLexer_isDigit
DEBUG: checking static call: this.handleNumericLiteral
DEBUG:   type_definitions has this: false
DEBUG: Resolved 'this' to receiver 'self'
DEBUG: method call on identifier 'this', member 'handleNumericLiteral'
DEBUG:   var type: Struct { name: "SeenLexer", fields: [("source", String), ("fileId", Integer), ("language", String), ("errorRecoveryMode", Boolean), ("keywordManager", Integer), ("position", Integer), ("line", Integer), ("column", Integer), ("tokens", Array(Integer))] }
DEBUG:   struct_name: SeenLexer
DEBUG:   type_definitions keys: ["Unit", "SeenTypeChecker", "AST", "Function", "Expression", "Statement", "Class", "Interface", "Type", "FunctionType", "ClassType", "InterfaceType", "Location", "TypeError", "Environment", "TypeInferenceResult", "TypeChecker", "ProgramNode", "ItemNode", "ImportSymbolNode", "FunctionNode", "ParamNode", "TypeNode", "BlockNode", "ClassNode", "ImportPathInfo", "RealParser", "TokenUtils", "SeenLexer", "LanguageConfig", "KeywordManager", "StringBuilder", "TokenType", "Token", "LexerError", "Position", "CommandResult", "BootstrapVerifier", "CompilerInfo", "VerificationResult", "StageArtifact", "BinaryComparison", "RemovalResult", "RustRemover", "BootstrapManager", "FrontendDiagnostic", "FrontendResult", "Duration", "File", "CString", "Result", "Option", "VecChunk", "VecSlot", "Vec", "HashEntry", "StringHashMap", "StringBuffer", "StdString", "TaskKind", "TaskHandle", "ScopeGuard", "Channel"]
DEBUG:   mangled to: SeenLexer_handleNumericLiteral
DEBUG: checking static call: this.handleOperator
DEBUG:   type_definitions has this: false
DEBUG: Resolved 'this' to receiver 'self'
DEBUG: method call on identifier 'this', member 'handleOperator'
DEBUG:   var type: Struct { name: "SeenLexer", fields: [("source", String), ("fileId", Integer), ("language", String), ("errorRecoveryMode", Boolean), ("keywordManager", Integer), ("position", Integer), ("line", Integer), ("column", Integer), ("tokens", Array(Integer))] }
DEBUG:   struct_name: SeenLexer
DEBUG:   type_definitions keys: ["Unit", "SeenTypeChecker", "AST", "Function", "Expression", "Statement", "Class", "Interface", "Type", "FunctionType", "ClassType", "InterfaceType", "Location", "TypeError", "Environment", "TypeInferenceResult", "TypeChecker", "ProgramNode", "ItemNode", "ImportSymbolNode", "FunctionNode", "ParamNode", "TypeNode", "BlockNode", "ClassNode", "ImportPathInfo", "RealParser", "TokenUtils", "SeenLexer", "LanguageConfig", "KeywordManager", "StringBuilder", "TokenType", "Token", "LexerError", "Position", "CommandResult", "BootstrapVerifier", "CompilerInfo", "VerificationResult", "StageArtifact", "BinaryComparison", "RemovalResult", "RustRemover", "BootstrapManager", "FrontendDiagnostic", "FrontendResult", "Duration", "File", "CString", "Result", "Option", "VecChunk", "VecSlot", "Vec", "HashEntry", "StringHashMap", "StringBuffer", "StdString", "TaskKind", "TaskHandle", "ScopeGuard", "Channel"]
DEBUG:   mangled to: SeenLexer_handleOperator
DEBUG: checking static call: this.handleSingleCharToken
DEBUG:   type_definitions has this: false
DEBUG: Resolved 'this' to receiver 'self'
DEBUG: method call on identifier 'this', member 'handleSingleCharToken'
DEBUG:   var type: Struct { name: "SeenLexer", fields: [("source", String), ("fileId", Integer), ("language", String), ("errorRecoveryMode", Boolean), ("keywordManager", Integer), ("position", Integer), ("line", Integer), ("column", Integer), ("tokens", Array(Integer))] }
DEBUG:   struct_name: SeenLexer
DEBUG:   type_definitions keys: ["Unit", "SeenTypeChecker", "AST", "Function", "Expression", "Statement", "Class", "Interface", "Type", "FunctionType", "ClassType", "InterfaceType", "Location", "TypeError", "Environment", "TypeInferenceResult", "TypeChecker", "ProgramNode", "ItemNode", "ImportSymbolNode", "FunctionNode", "ParamNode", "TypeNode", "BlockNode", "ClassNode", "ImportPathInfo", "RealParser", "TokenUtils", "SeenLexer", "LanguageConfig", "KeywordManager", "StringBuilder", "TokenType", "Token", "LexerError", "Position", "CommandResult", "BootstrapVerifier", "CompilerInfo", "VerificationResult", "StageArtifact", "BinaryComparison", "RemovalResult", "RustRemover", "BootstrapManager", "FrontendDiagnostic", "FrontendResult", "Duration", "File", "CString", "Result", "Option", "VecChunk", "VecSlot", "Vec", "HashEntry", "StringHashMap", "StringBuffer", "StdString", "TaskKind", "TaskHandle", "ScopeGuard", "Channel"]
DEBUG:   mangled to: SeenLexer_handleSingleCharToken
DEBUG: checking static call: this.advance
DEBUG:   type_definitions has this: false
DEBUG: Resolved 'this' to receiver 'self'
DEBUG: method call on identifier 'this', member 'advance'
DEBUG:   var type: Struct { name: "SeenLexer", fields: [("source", String), ("fileId", Integer), ("language", String), ("errorRecoveryMode", Boolean), ("keywordManager", Integer), ("position", Integer), ("line", Integer), ("column", Integer), ("tokens", Array(Integer))] }
DEBUG:   struct_name: SeenLexer
DEBUG:   type_definitions keys: ["Unit", "SeenTypeChecker", "AST", "Function", "Expression", "Statement", "Class", "Interface", "Type", "FunctionType", "ClassType", "InterfaceType", "Location", "TypeError", "Environment", "TypeInferenceResult", "TypeChecker", "ProgramNode", "ItemNode", "ImportSymbolNode", "FunctionNode", "ParamNode", "TypeNode", "BlockNode", "ClassNode", "ImportPathInfo", "RealParser", "TokenUtils", "SeenLexer", "LanguageConfig", "KeywordManager", "StringBuilder", "TokenType", "Token", "LexerError", "Position", "CommandResult", "BootstrapVerifier", "CompilerInfo", "VerificationResult", "StageArtifact", "BinaryComparison", "RemovalResult", "RustRemover", "BootstrapManager", "FrontendDiagnostic", "FrontendResult", "Duration", "File", "CString", "Result", "Option", "VecChunk", "VecSlot", "Vec", "HashEntry", "StringHashMap", "StringBuffer", "StdString", "TaskKind", "TaskHandle", "ScopeGuard", "Channel"]
DEBUG:   mangled to: SeenLexer_advance
DEBUG: implicit this field access: position -> self.position
DEBUG: checking static call: this.getCurrentChar
DEBUG:   type_definitions has this: false
DEBUG: Resolved 'this' to receiver 'self'
DEBUG: method call on identifier 'this', member 'getCurrentChar'
DEBUG:   var type: Struct { name: "SeenLexer", fields: [("source", String), ("fileId", Integer), ("language", String), ("errorRecoveryMode", Boolean), ("keywordManager", Integer), ("position", Integer), ("line", Integer), ("column", Integer), ("tokens", Array(Integer))] }
DEBUG:   struct_name: SeenLexer
DEBUG:   type_definitions keys: ["Unit", "SeenTypeChecker", "AST", "Function", "Expression", "Statement", "Class", "Interface", "Type", "FunctionType", "ClassType", "InterfaceType", "Location", "TypeError", "Environment", "TypeInferenceResult", "TypeChecker", "ProgramNode", "ItemNode", "ImportSymbolNode", "FunctionNode", "ParamNode", "TypeNode", "BlockNode", "ClassNode", "ImportPathInfo", "RealParser", "TokenUtils", "SeenLexer", "LanguageConfig", "KeywordManager", "StringBuilder", "TokenType", "Token", "LexerError", "Position", "CommandResult", "BootstrapVerifier", "CompilerInfo", "VerificationResult", "StageArtifact", "BinaryComparison", "RemovalResult", "RustRemover", "BootstrapManager", "FrontendDiagnostic", "FrontendResult", "Duration", "File", "CString", "Result", "Option", "VecChunk", "VecSlot", "Vec", "HashEntry", "StringHashMap", "StringBuffer", "StdString", "TaskKind", "TaskHandle", "ScopeGuard", "Channel"]
DEBUG:   mangled to: SeenLexer_getCurrentChar
DEBUG: checking static call: this.peekChar
DEBUG:   type_definitions has this: false
DEBUG: Resolved 'this' to receiver 'self'
DEBUG: method call on identifier 'this', member 'peekChar'
DEBUG:   var type: Struct { name: "SeenLexer", fields: [("source", String), ("fileId", Integer), ("language", String), ("errorRecoveryMode", Boolean), ("keywordManager", Integer), ("position", Integer), ("line", Integer), ("column", Integer), ("tokens", Array(Integer))] }
DEBUG:   struct_name: SeenLexer
DEBUG:   type_definitions keys: ["Unit", "SeenTypeChecker", "AST", "Function", "Expression", "Statement", "Class", "Interface", "Type", "FunctionType", "ClassType", "InterfaceType", "Location", "TypeError", "Environment", "TypeInferenceResult", "TypeChecker", "ProgramNode", "ItemNode", "ImportSymbolNode", "FunctionNode", "ParamNode", "TypeNode", "BlockNode", "ClassNode", "ImportPathInfo", "RealParser", "TokenUtils", "SeenLexer", "LanguageConfig", "KeywordManager", "StringBuilder", "TokenType", "Token", "LexerError", "Position", "CommandResult", "BootstrapVerifier", "CompilerInfo", "VerificationResult", "StageArtifact", "BinaryComparison", "RemovalResult", "RustRemover", "BootstrapManager", "FrontendDiagnostic", "FrontendResult", "Duration", "File", "CString", "Result", "Option", "VecChunk", "VecSlot", "Vec", "HashEntry", "StringHashMap", "StringBuffer", "StdString", "TaskKind", "TaskHandle", "ScopeGuard", "Channel"]
DEBUG:   mangled to: SeenLexer_peekChar
DEBUG: checking static call: this.peekChar
DEBUG:   type_definitions has this: false
DEBUG: Resolved 'this' to receiver 'self'
DEBUG: method call on identifier 'this', member 'peekChar'
DEBUG:   var type: Struct { name: "SeenLexer", fields: [("source", String), ("fileId", Integer), ("language", String), ("errorRecoveryMode", Boolean), ("keywordManager", Integer), ("position", Integer), ("line", Integer), ("column", Integer), ("tokens", Array(Integer))] }
DEBUG:   struct_name: SeenLexer
DEBUG:   type_definitions keys: ["Unit", "SeenTypeChecker", "AST", "Function", "Expression", "Statement", "Class", "Interface", "Type", "FunctionType", "ClassType", "InterfaceType", "Location", "TypeError", "Environment", "TypeInferenceResult", "TypeChecker", "ProgramNode", "ItemNode", "ImportSymbolNode", "FunctionNode", "ParamNode", "TypeNode", "BlockNode", "ClassNode", "ImportPathInfo", "RealParser", "TokenUtils", "SeenLexer", "LanguageConfig", "KeywordManager", "StringBuilder", "TokenType", "Token", "LexerError", "Position", "CommandResult", "BootstrapVerifier", "CompilerInfo", "VerificationResult", "StageArtifact", "BinaryComparison", "RemovalResult", "RustRemover", "BootstrapManager", "FrontendDiagnostic", "FrontendResult", "Duration", "File", "CString", "Result", "Option", "VecChunk", "VecSlot", "Vec", "HashEntry", "StringHashMap", "StringBuffer", "StdString", "TaskKind", "TaskHandle", "ScopeGuard", "Channel"]
DEBUG:   mangled to: SeenLexer_peekChar
DEBUG: checking static call: this.advance
DEBUG:   type_definitions has this: false
DEBUG: Resolved 'this' to receiver 'self'
DEBUG: method call on identifier 'this', member 'advance'
DEBUG:   var type: Struct { name: "SeenLexer", fields: [("source", String), ("fileId", Integer), ("language", String), ("errorRecoveryMode", Boolean), ("keywordManager", Integer), ("position", Integer), ("line", Integer), ("column", Integer), ("tokens", Array(Integer))] }
DEBUG:   struct_name: SeenLexer
DEBUG:   type_definitions keys: ["Unit", "SeenTypeChecker", "AST", "Function", "Expression", "Statement", "Class", "Interface", "Type", "FunctionType", "ClassType", "InterfaceType", "Location", "TypeError", "Environment", "TypeInferenceResult", "TypeChecker", "ProgramNode", "ItemNode", "ImportSymbolNode", "FunctionNode", "ParamNode", "TypeNode", "BlockNode", "ClassNode", "ImportPathInfo", "RealParser", "TokenUtils", "SeenLexer", "LanguageConfig", "KeywordManager", "StringBuilder", "TokenType", "Token", "LexerError", "Position", "CommandResult", "BootstrapVerifier", "CompilerInfo", "VerificationResult", "StageArtifact", "BinaryComparison", "RemovalResult", "RustRemover", "BootstrapManager", "FrontendDiagnostic", "FrontendResult", "Duration", "File", "CString", "Result", "Option", "VecChunk", "VecSlot", "Vec", "HashEntry", "StringHashMap", "StringBuffer", "StdString", "TaskKind", "TaskHandle", "ScopeGuard", "Channel"]
DEBUG:   mangled to: SeenLexer_advance
DEBUG: checking static call: this.advance
DEBUG:   type_definitions has this: false
DEBUG: Resolved 'this' to receiver 'self'
DEBUG: method call on identifier 'this', member 'advance'
DEBUG:   var type: Struct { name: "SeenLexer", fields: [("source", String), ("fileId", Integer), ("language", String), ("errorRecoveryMode", Boolean), ("keywordManager", Integer), ("position", Integer), ("line", Integer), ("column", Integer), ("tokens", Array(Integer))] }
DEBUG:   struct_name: SeenLexer
DEBUG:   type_definitions keys: ["Unit", "SeenTypeChecker", "AST", "Function", "Expression", "Statement", "Class", "Interface", "Type", "FunctionType", "ClassType", "InterfaceType", "Location", "TypeError", "Environment", "TypeInferenceResult", "TypeChecker", "ProgramNode", "ItemNode", "ImportSymbolNode", "FunctionNode", "ParamNode", "TypeNode", "BlockNode", "ClassNode", "ImportPathInfo", "RealParser", "TokenUtils", "SeenLexer", "LanguageConfig", "KeywordManager", "StringBuilder", "TokenType", "Token", "LexerError", "Position", "CommandResult", "BootstrapVerifier", "CompilerInfo", "VerificationResult", "StageArtifact", "BinaryComparison", "RemovalResult", "RustRemover", "BootstrapManager", "FrontendDiagnostic", "FrontendResult", "Duration", "File", "CString", "Result", "Option", "VecChunk", "VecSlot", "Vec", "HashEntry", "StringHashMap", "StringBuffer", "StdString", "TaskKind", "TaskHandle", "ScopeGuard", "Channel"]
DEBUG:   mangled to: SeenLexer_advance
DEBUG: checking static call: this.getCurrentChar
DEBUG:   type_definitions has this: false
DEBUG: Resolved 'this' to receiver 'self'
DEBUG: method call on identifier 'this', member 'getCurrentChar'
DEBUG:   var type: Struct { name: "SeenLexer", fields: [("source", String), ("fileId", Integer), ("language", String), ("errorRecoveryMode", Boolean), ("keywordManager", Integer), ("position", Integer), ("line", Integer), ("column", Integer), ("tokens", Array(Integer))] }
DEBUG:   struct_name: SeenLexer
DEBUG:   type_definitions keys: ["Unit", "SeenTypeChecker", "AST", "Function", "Expression", "Statement", "Class", "Interface", "Type", "FunctionType", "ClassType", "InterfaceType", "Location", "TypeError", "Environment", "TypeInferenceResult", "TypeChecker", "ProgramNode", "ItemNode", "ImportSymbolNode", "FunctionNode", "ParamNode", "TypeNode", "BlockNode", "ClassNode", "ImportPathInfo", "RealParser", "TokenUtils", "SeenLexer", "LanguageConfig", "KeywordManager", "StringBuilder", "TokenType", "Token", "LexerError", "Position", "CommandResult", "BootstrapVerifier", "CompilerInfo", "VerificationResult", "StageArtifact", "BinaryComparison", "RemovalResult", "RustRemover", "BootstrapManager", "FrontendDiagnostic", "FrontendResult", "Duration", "File", "CString", "Result", "Option", "VecChunk", "VecSlot", "Vec", "HashEntry", "StringHashMap", "StringBuffer", "StdString", "TaskKind", "TaskHandle", "ScopeGuard", "Channel"]
DEBUG:   mangled to: SeenLexer_getCurrentChar
DEBUG: checking static call: this.isHexDigit
DEBUG:   type_definitions has this: false
DEBUG: Resolved 'this' to receiver 'self'
DEBUG: method call on identifier 'this', member 'isHexDigit'
DEBUG:   var type: Struct { name: "SeenLexer", fields: [("source", String), ("fileId", Integer), ("language", String), ("errorRecoveryMode", Boolean), ("keywordManager", Integer), ("position", Integer), ("line", Integer), ("column", Integer), ("tokens", Array(Integer))] }
DEBUG:   struct_name: SeenLexer
DEBUG:   type_definitions keys: ["Unit", "SeenTypeChecker", "AST", "Function", "Expression", "Statement", "Class", "Interface", "Type", "FunctionType", "ClassType", "InterfaceType", "Location", "TypeError", "Environment", "TypeInferenceResult", "TypeChecker", "ProgramNode", "ItemNode", "ImportSymbolNode", "FunctionNode", "ParamNode", "TypeNode", "BlockNode", "ClassNode", "ImportPathInfo", "RealParser", "TokenUtils", "SeenLexer", "LanguageConfig", "KeywordManager", "StringBuilder", "TokenType", "Token", "LexerError", "Position", "CommandResult", "BootstrapVerifier", "CompilerInfo", "VerificationResult", "StageArtifact", "BinaryComparison", "RemovalResult", "RustRemover", "BootstrapManager", "FrontendDiagnostic", "FrontendResult", "Duration", "File", "CString", "Result", "Option", "VecChunk", "VecSlot", "Vec", "HashEntry", "StringHashMap", "StringBuffer", "StdString", "TaskKind", "TaskHandle", "ScopeGuard", "Channel"]
DEBUG:   mangled to: SeenLexer_isHexDigit
DEBUG: checking static call: this.getCurrentChar
DEBUG:   type_definitions has this: false
DEBUG: Resolved 'this' to receiver 'self'
DEBUG: method call on identifier 'this', member 'getCurrentChar'
DEBUG:   var type: Struct { name: "SeenLexer", fields: [("source", String), ("fileId", Integer), ("language", String), ("errorRecoveryMode", Boolean), ("keywordManager", Integer), ("position", Integer), ("line", Integer), ("column", Integer), ("tokens", Array(Integer))] }
DEBUG:   struct_name: SeenLexer
DEBUG:   type_definitions keys: ["Unit", "SeenTypeChecker", "AST", "Function", "Expression", "Statement", "Class", "Interface", "Type", "FunctionType", "ClassType", "InterfaceType", "Location", "TypeError", "Environment", "TypeInferenceResult", "TypeChecker", "ProgramNode", "ItemNode", "ImportSymbolNode", "FunctionNode", "ParamNode", "TypeNode", "BlockNode", "ClassNode", "ImportPathInfo", "RealParser", "TokenUtils", "SeenLexer", "LanguageConfig", "KeywordManager", "StringBuilder", "TokenType", "Token", "LexerError", "Position", "CommandResult", "BootstrapVerifier", "CompilerInfo", "VerificationResult", "StageArtifact", "BinaryComparison", "RemovalResult", "RustRemover", "BootstrapManager", "FrontendDiagnostic", "FrontendResult", "Duration", "File", "CString", "Result", "Option", "VecChunk", "VecSlot", "Vec", "HashEntry", "StringHashMap", "StringBuffer", "StdString", "TaskKind", "TaskHandle", "ScopeGuard", "Channel"]
DEBUG:   mangled to: SeenLexer_getCurrentChar
DEBUG: checking static call: this.advance
DEBUG:   type_definitions has this: false
DEBUG: Resolved 'this' to receiver 'self'
DEBUG: method call on identifier 'this', member 'advance'
DEBUG:   var type: Struct { name: "SeenLexer", fields: [("source", String), ("fileId", Integer), ("language", String), ("errorRecoveryMode", Boolean), ("keywordManager", Integer), ("position", Integer), ("line", Integer), ("column", Integer), ("tokens", Array(Integer))] }
DEBUG:   struct_name: SeenLexer
DEBUG:   type_definitions keys: ["Unit", "SeenTypeChecker", "AST", "Function", "Expression", "Statement", "Class", "Interface", "Type", "FunctionType", "ClassType", "InterfaceType", "Location", "TypeError", "Environment", "TypeInferenceResult", "TypeChecker", "ProgramNode", "ItemNode", "ImportSymbolNode", "FunctionNode", "ParamNode", "TypeNode", "BlockNode", "ClassNode", "ImportPathInfo", "RealParser", "TokenUtils", "SeenLexer", "LanguageConfig", "KeywordManager", "StringBuilder", "TokenType", "Token", "LexerError", "Position", "CommandResult", "BootstrapVerifier", "CompilerInfo", "VerificationResult", "StageArtifact", "BinaryComparison", "RemovalResult", "RustRemover", "BootstrapManager", "FrontendDiagnostic", "FrontendResult", "Duration", "File", "CString", "Result", "Option", "VecChunk", "VecSlot", "Vec", "HashEntry", "StringHashMap", "StringBuffer", "StdString", "TaskKind", "TaskHandle", "ScopeGuard", "Channel"]
DEBUG:   mangled to: SeenLexer_advance
DEBUG: checking static call: this.getCurrentChar
DEBUG:   type_definitions has this: false
DEBUG: Resolved 'this' to receiver 'self'
DEBUG: method call on identifier 'this', member 'getCurrentChar'
DEBUG:   var type: Struct { name: "SeenLexer", fields: [("source", String), ("fileId", Integer), ("language", String), ("errorRecoveryMode", Boolean), ("keywordManager", Integer), ("position", Integer), ("line", Integer), ("column", Integer), ("tokens", Array(Integer))] }
DEBUG:   struct_name: SeenLexer
DEBUG:   type_definitions keys: ["Unit", "SeenTypeChecker", "AST", "Function", "Expression", "Statement", "Class", "Interface", "Type", "FunctionType", "ClassType", "InterfaceType", "Location", "TypeError", "Environment", "TypeInferenceResult", "TypeChecker", "ProgramNode", "ItemNode", "ImportSymbolNode", "FunctionNode", "ParamNode", "TypeNode", "BlockNode", "ClassNode", "ImportPathInfo", "RealParser", "TokenUtils", "SeenLexer", "LanguageConfig", "KeywordManager", "StringBuilder", "TokenType", "Token", "LexerError", "Position", "CommandResult", "BootstrapVerifier", "CompilerInfo", "VerificationResult", "StageArtifact", "BinaryComparison", "RemovalResult", "RustRemover", "BootstrapManager", "FrontendDiagnostic", "FrontendResult", "Duration", "File", "CString", "Result", "Option", "VecChunk", "VecSlot", "Vec", "HashEntry", "StringHashMap", "StringBuffer", "StdString", "TaskKind", "TaskHandle", "ScopeGuard", "Channel"]
DEBUG:   mangled to: SeenLexer_getCurrentChar
DEBUG: checking static call: this.peekChar
DEBUG:   type_definitions has this: false
DEBUG: Resolved 'this' to receiver 'self'
DEBUG: method call on identifier 'this', member 'peekChar'
DEBUG:   var type: Struct { name: "SeenLexer", fields: [("source", String), ("fileId", Integer), ("language", String), ("errorRecoveryMode", Boolean), ("keywordManager", Integer), ("position", Integer), ("line", Integer), ("column", Integer), ("tokens", Array(Integer))] }
DEBUG:   struct_name: SeenLexer
DEBUG:   type_definitions keys: ["Unit", "SeenTypeChecker", "AST", "Function", "Expression", "Statement", "Class", "Interface", "Type", "FunctionType", "ClassType", "InterfaceType", "Location", "TypeError", "Environment", "TypeInferenceResult", "TypeChecker", "ProgramNode", "ItemNode", "ImportSymbolNode", "FunctionNode", "ParamNode", "TypeNode", "BlockNode", "ClassNode", "ImportPathInfo", "RealParser", "TokenUtils", "SeenLexer", "LanguageConfig", "KeywordManager", "StringBuilder", "TokenType", "Token", "LexerError", "Position", "CommandResult", "BootstrapVerifier", "CompilerInfo", "VerificationResult", "StageArtifact", "BinaryComparison", "RemovalResult", "RustRemover", "BootstrapManager", "FrontendDiagnostic", "FrontendResult", "Duration", "File", "CString", "Result", "Option", "VecChunk", "VecSlot", "Vec", "HashEntry", "StringHashMap", "StringBuffer", "StdString", "TaskKind", "TaskHandle", "ScopeGuard", "Channel"]
DEBUG:   mangled to: SeenLexer_peekChar
DEBUG: checking static call: this.peekChar
DEBUG:   type_definitions has this: false
DEBUG: Resolved 'this' to receiver 'self'
DEBUG: method call on identifier 'this', member 'peekChar'
DEBUG:   var type: Struct { name: "SeenLexer", fields: [("source", String), ("fileId", Integer), ("language", String), ("errorRecoveryMode", Boolean), ("keywordManager", Integer), ("position", Integer), ("line", Integer), ("column", Integer), ("tokens", Array(Integer))] }
DEBUG:   struct_name: SeenLexer
DEBUG:   type_definitions keys: ["Unit", "SeenTypeChecker", "AST", "Function", "Expression", "Statement", "Class", "Interface", "Type", "FunctionType", "ClassType", "InterfaceType", "Location", "TypeError", "Environment", "TypeInferenceResult", "TypeChecker", "ProgramNode", "ItemNode", "ImportSymbolNode", "FunctionNode", "ParamNode", "TypeNode", "BlockNode", "ClassNode", "ImportPathInfo", "RealParser", "TokenUtils", "SeenLexer", "LanguageConfig", "KeywordManager", "StringBuilder", "TokenType", "Token", "LexerError", "Position", "CommandResult", "BootstrapVerifier", "CompilerInfo", "VerificationResult", "StageArtifact", "BinaryComparison", "RemovalResult", "RustRemover", "BootstrapManager", "FrontendDiagnostic", "FrontendResult", "Duration", "File", "CString", "Result", "Option", "VecChunk", "VecSlot", "Vec", "HashEntry", "StringHashMap", "StringBuffer", "StdString", "TaskKind", "TaskHandle", "ScopeGuard", "Channel"]
DEBUG:   mangled to: SeenLexer_peekChar
DEBUG: checking static call: this.advance
DEBUG:   type_definitions has this: false
DEBUG: Resolved 'this' to receiver 'self'
DEBUG: method call on identifier 'this', member 'advance'
DEBUG:   var type: Struct { name: "SeenLexer", fields: [("source", String), ("fileId", Integer), ("language", String), ("errorRecoveryMode", Boolean), ("keywordManager", Integer), ("position", Integer), ("line", Integer), ("column", Integer), ("tokens", Array(Integer))] }
DEBUG:   struct_name: SeenLexer
DEBUG:   type_definitions keys: ["Unit", "SeenTypeChecker", "AST", "Function", "Expression", "Statement", "Class", "Interface", "Type", "FunctionType", "ClassType", "InterfaceType", "Location", "TypeError", "Environment", "TypeInferenceResult", "TypeChecker", "ProgramNode", "ItemNode", "ImportSymbolNode", "FunctionNode", "ParamNode", "TypeNode", "BlockNode", "ClassNode", "ImportPathInfo", "RealParser", "TokenUtils", "SeenLexer", "LanguageConfig", "KeywordManager", "StringBuilder", "TokenType", "Token", "LexerError", "Position", "CommandResult", "BootstrapVerifier", "CompilerInfo", "VerificationResult", "StageArtifact", "BinaryComparison", "RemovalResult", "RustRemover", "BootstrapManager", "FrontendDiagnostic", "FrontendResult", "Duration", "File", "CString", "Result", "Option", "VecChunk", "VecSlot", "Vec", "HashEntry", "StringHashMap", "StringBuffer", "StdString", "TaskKind", "TaskHandle", "ScopeGuard", "Channel"]
DEBUG:   mangled to: SeenLexer_advance
DEBUG: checking static call: this.advance
DEBUG:   type_definitions has this: false
DEBUG: Resolved 'this' to receiver 'self'
DEBUG: method call on identifier 'this', member 'advance'
DEBUG:   var type: Struct { name: "SeenLexer", fields: [("source", String), ("fileId", Integer), ("language", String), ("errorRecoveryMode", Boolean), ("keywordManager", Integer), ("position", Integer), ("line", Integer), ("column", Integer), ("tokens", Array(Integer))] }
DEBUG:   struct_name: SeenLexer
DEBUG:   type_definitions keys: ["Unit", "SeenTypeChecker", "AST", "Function", "Expression", "Statement", "Class", "Interface", "Type", "FunctionType", "ClassType", "InterfaceType", "Location", "TypeError", "Environment", "TypeInferenceResult", "TypeChecker", "ProgramNode", "ItemNode", "ImportSymbolNode", "FunctionNode", "ParamNode", "TypeNode", "BlockNode", "ClassNode", "ImportPathInfo", "RealParser", "TokenUtils", "SeenLexer", "LanguageConfig", "KeywordManager", "StringBuilder", "TokenType", "Token", "LexerError", "Position", "CommandResult", "BootstrapVerifier", "CompilerInfo", "VerificationResult", "StageArtifact", "BinaryComparison", "RemovalResult", "RustRemover", "BootstrapManager", "FrontendDiagnostic", "FrontendResult", "Duration", "File", "CString", "Result", "Option", "VecChunk", "VecSlot", "Vec", "HashEntry", "StringHashMap", "StringBuffer", "StdString", "TaskKind", "TaskHandle", "ScopeGuard", "Channel"]
DEBUG:   mangled to: SeenLexer_advance
DEBUG: checking static call: this.getCurrentChar
DEBUG:   type_definitions has this: false
DEBUG: Resolved 'this' to receiver 'self'
DEBUG: method call on identifier 'this', member 'getCurrentChar'
DEBUG:   var type: Struct { name: "SeenLexer", fields: [("source", String), ("fileId", Integer), ("language", String), ("errorRecoveryMode", Boolean), ("keywordManager", Integer), ("position", Integer), ("line", Integer), ("column", Integer), ("tokens", Array(Integer))] }
DEBUG:   struct_name: SeenLexer
DEBUG:   type_definitions keys: ["Unit", "SeenTypeChecker", "AST", "Function", "Expression", "Statement", "Class", "Interface", "Type", "FunctionType", "ClassType", "InterfaceType", "Location", "TypeError", "Environment", "TypeInferenceResult", "TypeChecker", "ProgramNode", "ItemNode", "ImportSymbolNode", "FunctionNode", "ParamNode", "TypeNode", "BlockNode", "ClassNode", "ImportPathInfo", "RealParser", "TokenUtils", "SeenLexer", "LanguageConfig", "KeywordManager", "StringBuilder", "TokenType", "Token", "LexerError", "Position", "CommandResult", "BootstrapVerifier", "CompilerInfo", "VerificationResult", "StageArtifact", "BinaryComparison", "RemovalResult", "RustRemover", "BootstrapManager", "FrontendDiagnostic", "FrontendResult", "Duration", "File", "CString", "Result", "Option", "VecChunk", "VecSlot", "Vec", "HashEntry", "StringHashMap", "StringBuffer", "StdString", "TaskKind", "TaskHandle", "ScopeGuard", "Channel"]
DEBUG:   mangled to: SeenLexer_getCurrentChar
DEBUG: checking static call: this.isBinaryDigit
DEBUG:   type_definitions has this: false
DEBUG: Resolved 'this' to receiver 'self'
DEBUG: method call on identifier 'this', member 'isBinaryDigit'
DEBUG:   var type: Struct { name: "SeenLexer", fields: [("source", String), ("fileId", Integer), ("language", String), ("errorRecoveryMode", Boolean), ("keywordManager", Integer), ("position", Integer), ("line", Integer), ("column", Integer), ("tokens", Array(Integer))] }
DEBUG:   struct_name: SeenLexer
DEBUG:   type_definitions keys: ["Unit", "SeenTypeChecker", "AST", "Function", "Expression", "Statement", "Class", "Interface", "Type", "FunctionType", "ClassType", "InterfaceType", "Location", "TypeError", "Environment", "TypeInferenceResult", "TypeChecker", "ProgramNode", "ItemNode", "ImportSymbolNode", "FunctionNode", "ParamNode", "TypeNode", "BlockNode", "ClassNode", "ImportPathInfo", "RealParser", "TokenUtils", "SeenLexer", "LanguageConfig", "KeywordManager", "StringBuilder", "TokenType", "Token", "LexerError", "Position", "CommandResult", "BootstrapVerifier", "CompilerInfo", "VerificationResult", "StageArtifact", "BinaryComparison", "RemovalResult", "RustRemover", "BootstrapManager", "FrontendDiagnostic", "FrontendResult", "Duration", "File", "CString", "Result", "Option", "VecChunk", "VecSlot", "Vec", "HashEntry", "StringHashMap", "StringBuffer", "StdString", "TaskKind", "TaskHandle", "ScopeGuard", "Channel"]
DEBUG:   mangled to: SeenLexer_isBinaryDigit
DEBUG: checking static call: this.getCurrentChar
DEBUG:   type_definitions has this: false
DEBUG: Resolved 'this' to receiver 'self'
DEBUG: method call on identifier 'this', member 'getCurrentChar'
DEBUG:   var type: Struct { name: "SeenLexer", fields: [("source", String), ("fileId", Integer), ("language", String), ("errorRecoveryMode", Boolean), ("keywordManager", Integer), ("position", Integer), ("line", Integer), ("column", Integer), ("tokens", Array(Integer))] }
DEBUG:   struct_name: SeenLexer
DEBUG:   type_definitions keys: ["Unit", "SeenTypeChecker", "AST", "Function", "Expression", "Statement", "Class", "Interface", "Type", "FunctionType", "ClassType", "InterfaceType", "Location", "TypeError", "Environment", "TypeInferenceResult", "TypeChecker", "ProgramNode", "ItemNode", "ImportSymbolNode", "FunctionNode", "ParamNode", "TypeNode", "BlockNode", "ClassNode", "ImportPathInfo", "RealParser", "TokenUtils", "SeenLexer", "LanguageConfig", "KeywordManager", "StringBuilder", "TokenType", "Token", "LexerError", "Position", "CommandResult", "BootstrapVerifier", "CompilerInfo", "VerificationResult", "StageArtifact", "BinaryComparison", "RemovalResult", "RustRemover", "BootstrapManager", "FrontendDiagnostic", "FrontendResult", "Duration", "File", "CString", "Result", "Option", "VecChunk", "VecSlot", "Vec", "HashEntry", "StringHashMap", "StringBuffer", "StdString", "TaskKind", "TaskHandle", "ScopeGuard", "Channel"]
DEBUG:   mangled to: SeenLexer_getCurrentChar
DEBUG: checking static call: this.advance
DEBUG:   type_definitions has this: false
DEBUG: Resolved 'this' to receiver 'self'
DEBUG: method call on identifier 'this', member 'advance'
DEBUG:   var type: Struct { name: "SeenLexer", fields: [("source", String), ("fileId", Integer), ("language", String), ("errorRecoveryMode", Boolean), ("keywordManager", Integer), ("position", Integer), ("line", Integer), ("column", Integer), ("tokens", Array(Integer))] }
DEBUG:   struct_name: SeenLexer
DEBUG:   type_definitions keys: ["Unit", "SeenTypeChecker", "AST", "Function", "Expression", "Statement", "Class", "Interface", "Type", "FunctionType", "ClassType", "InterfaceType", "Location", "TypeError", "Environment", "TypeInferenceResult", "TypeChecker", "ProgramNode", "ItemNode", "ImportSymbolNode", "FunctionNode", "ParamNode", "TypeNode", "BlockNode", "ClassNode", "ImportPathInfo", "RealParser", "TokenUtils", "SeenLexer", "LanguageConfig", "KeywordManager", "StringBuilder", "TokenType", "Token", "LexerError", "Position", "CommandResult", "BootstrapVerifier", "CompilerInfo", "VerificationResult", "StageArtifact", "BinaryComparison", "RemovalResult", "RustRemover", "BootstrapManager", "FrontendDiagnostic", "FrontendResult", "Duration", "File", "CString", "Result", "Option", "VecChunk", "VecSlot", "Vec", "HashEntry", "StringHashMap", "StringBuffer", "StdString", "TaskKind", "TaskHandle", "ScopeGuard", "Channel"]
DEBUG:   mangled to: SeenLexer_advance
DEBUG: checking static call: this.getCurrentChar
DEBUG:   type_definitions has this: false
DEBUG: Resolved 'this' to receiver 'self'
DEBUG: method call on identifier 'this', member 'getCurrentChar'
DEBUG:   var type: Struct { name: "SeenLexer", fields: [("source", String), ("fileId", Integer), ("language", String), ("errorRecoveryMode", Boolean), ("keywordManager", Integer), ("position", Integer), ("line", Integer), ("column", Integer), ("tokens", Array(Integer))] }
DEBUG:   struct_name: SeenLexer
DEBUG:   type_definitions keys: ["Unit", "SeenTypeChecker", "AST", "Function", "Expression", "Statement", "Class", "Interface", "Type", "FunctionType", "ClassType", "InterfaceType", "Location", "TypeError", "Environment", "TypeInferenceResult", "TypeChecker", "ProgramNode", "ItemNode", "ImportSymbolNode", "FunctionNode", "ParamNode", "TypeNode", "BlockNode", "ClassNode", "ImportPathInfo", "RealParser", "TokenUtils", "SeenLexer", "LanguageConfig", "KeywordManager", "StringBuilder", "TokenType", "Token", "LexerError", "Position", "CommandResult", "BootstrapVerifier", "CompilerInfo", "VerificationResult", "StageArtifact", "BinaryComparison", "RemovalResult", "RustRemover", "BootstrapManager", "FrontendDiagnostic", "FrontendResult", "Duration", "File", "CString", "Result", "Option", "VecChunk", "VecSlot", "Vec", "HashEntry", "StringHashMap", "StringBuffer", "StdString", "TaskKind", "TaskHandle", "ScopeGuard", "Channel"]
DEBUG:   mangled to: SeenLexer_getCurrentChar
DEBUG: checking static call: this.isDigit
DEBUG:   type_definitions has this: false
DEBUG: Resolved 'this' to receiver 'self'
DEBUG: method call on identifier 'this', member 'isDigit'
DEBUG:   var type: Struct { name: "SeenLexer", fields: [("source", String), ("fileId", Integer), ("language", String), ("errorRecoveryMode", Boolean), ("keywordManager", Integer), ("position", Integer), ("line", Integer), ("column", Integer), ("tokens", Array(Integer))] }
DEBUG:   struct_name: SeenLexer
DEBUG:   type_definitions keys: ["Unit", "SeenTypeChecker", "AST", "Function", "Expression", "Statement", "Class", "Interface", "Type", "FunctionType", "ClassType", "InterfaceType", "Location", "TypeError", "Environment", "TypeInferenceResult", "TypeChecker", "ProgramNode", "ItemNode", "ImportSymbolNode", "FunctionNode", "ParamNode", "TypeNode", "BlockNode", "ClassNode", "ImportPathInfo", "RealParser", "TokenUtils", "SeenLexer", "LanguageConfig", "KeywordManager", "StringBuilder", "TokenType", "Token", "LexerError", "Position", "CommandResult", "BootstrapVerifier", "CompilerInfo", "VerificationResult", "StageArtifact", "BinaryComparison", "RemovalResult", "RustRemover", "BootstrapManager", "FrontendDiagnostic", "FrontendResult", "Duration", "File", "CString", "Result", "Option", "VecChunk", "VecSlot", "Vec", "HashEntry", "StringHashMap", "StringBuffer", "StdString", "TaskKind", "TaskHandle", "ScopeGuard", "Channel"]
DEBUG:   mangled to: SeenLexer_isDigit
DEBUG: checking static call: this.getCurrentChar
DEBUG:   type_definitions has this: false
DEBUG: Resolved 'this' to receiver 'self'
DEBUG: method call on identifier 'this', member 'getCurrentChar'
DEBUG:   var type: Struct { name: "SeenLexer", fields: [("source", String), ("fileId", Integer), ("language", String), ("errorRecoveryMode", Boolean), ("keywordManager", Integer), ("position", Integer), ("line", Integer), ("column", Integer), ("tokens", Array(Integer))] }
DEBUG:   struct_name: SeenLexer
DEBUG:   type_definitions keys: ["Unit", "SeenTypeChecker", "AST", "Function", "Expression", "Statement", "Class", "Interface", "Type", "FunctionType", "ClassType", "InterfaceType", "Location", "TypeError", "Environment", "TypeInferenceResult", "TypeChecker", "ProgramNode", "ItemNode", "ImportSymbolNode", "FunctionNode", "ParamNode", "TypeNode", "BlockNode", "ClassNode", "ImportPathInfo", "RealParser", "TokenUtils", "SeenLexer", "LanguageConfig", "KeywordManager", "StringBuilder", "TokenType", "Token", "LexerError", "Position", "CommandResult", "BootstrapVerifier", "CompilerInfo", "VerificationResult", "StageArtifact", "BinaryComparison", "RemovalResult", "RustRemover", "BootstrapManager", "FrontendDiagnostic", "FrontendResult", "Duration", "File", "CString", "Result", "Option", "VecChunk", "VecSlot", "Vec", "HashEntry", "StringHashMap", "StringBuffer", "StdString", "TaskKind", "TaskHandle", "ScopeGuard", "Channel"]
DEBUG:   mangled to: SeenLexer_getCurrentChar
DEBUG: checking static call: this.getCurrentChar
DEBUG:   type_definitions has this: false
DEBUG: Resolved 'this' to receiver 'self'
DEBUG: method call on identifier 'this', member 'getCurrentChar'
DEBUG:   var type: Struct { name: "SeenLexer", fields: [("source", String), ("fileId", Integer), ("language", String), ("errorRecoveryMode", Boolean), ("keywordManager", Integer), ("position", Integer), ("line", Integer), ("column", Integer), ("tokens", Array(Integer))] }
DEBUG:   struct_name: SeenLexer
DEBUG:   type_definitions keys: ["Unit", "SeenTypeChecker", "AST", "Function", "Expression", "Statement", "Class", "Interface", "Type", "FunctionType", "ClassType", "InterfaceType", "Location", "TypeError", "Environment", "TypeInferenceResult", "TypeChecker", "ProgramNode", "ItemNode", "ImportSymbolNode", "FunctionNode", "ParamNode", "TypeNode", "BlockNode", "ClassNode", "ImportPathInfo", "RealParser", "TokenUtils", "SeenLexer", "LanguageConfig", "KeywordManager", "StringBuilder", "TokenType", "Token", "LexerError", "Position", "CommandResult", "BootstrapVerifier", "CompilerInfo", "VerificationResult", "StageArtifact", "BinaryComparison", "RemovalResult", "RustRemover", "BootstrapManager", "FrontendDiagnostic", "FrontendResult", "Duration", "File", "CString", "Result", "Option", "VecChunk", "VecSlot", "Vec", "HashEntry", "StringHashMap", "StringBuffer", "StdString", "TaskKind", "TaskHandle", "ScopeGuard", "Channel"]
DEBUG:   mangled to: SeenLexer_getCurrentChar
DEBUG: checking static call: this.getCurrentChar
DEBUG:   type_definitions has this: false
DEBUG: Resolved 'this' to receiver 'self'
DEBUG: method call on identifier 'this', member 'getCurrentChar'
DEBUG:   var type: Struct { name: "SeenLexer", fields: [("source", String), ("fileId", Integer), ("language", String), ("errorRecoveryMode", Boolean), ("keywordManager", Integer), ("position", Integer), ("line", Integer), ("column", Integer), ("tokens", Array(Integer))] }
DEBUG:   struct_name: SeenLexer
DEBUG:   type_definitions keys: ["Unit", "SeenTypeChecker", "AST", "Function", "Expression", "Statement", "Class", "Interface", "Type", "FunctionType", "ClassType", "InterfaceType", "Location", "TypeError", "Environment", "TypeInferenceResult", "TypeChecker", "ProgramNode", "ItemNode", "ImportSymbolNode", "FunctionNode", "ParamNode", "TypeNode", "BlockNode", "ClassNode", "ImportPathInfo", "RealParser", "TokenUtils", "SeenLexer", "LanguageConfig", "KeywordManager", "StringBuilder", "TokenType", "Token", "LexerError", "Position", "CommandResult", "BootstrapVerifier", "CompilerInfo", "VerificationResult", "StageArtifact", "BinaryComparison", "RemovalResult", "RustRemover", "BootstrapManager", "FrontendDiagnostic", "FrontendResult", "Duration", "File", "CString", "Result", "Option", "VecChunk", "VecSlot", "Vec", "HashEntry", "StringHashMap", "StringBuffer", "StdString", "TaskKind", "TaskHandle", "ScopeGuard", "Channel"]
DEBUG:   mangled to: SeenLexer_getCurrentChar
DEBUG: checking static call: this.advance
DEBUG:   type_definitions has this: false
DEBUG: Resolved 'this' to receiver 'self'
DEBUG: method call on identifier 'this', member 'advance'
DEBUG:   var type: Struct { name: "SeenLexer", fields: [("source", String), ("fileId", Integer), ("language", String), ("errorRecoveryMode", Boolean), ("keywordManager", Integer), ("position", Integer), ("line", Integer), ("column", Integer), ("tokens", Array(Integer))] }
DEBUG:   struct_name: SeenLexer
DEBUG:   type_definitions keys: ["Unit", "SeenTypeChecker", "AST", "Function", "Expression", "Statement", "Class", "Interface", "Type", "FunctionType", "ClassType", "InterfaceType", "Location", "TypeError", "Environment", "TypeInferenceResult", "TypeChecker", "ProgramNode", "ItemNode", "ImportSymbolNode", "FunctionNode", "ParamNode", "TypeNode", "BlockNode", "ClassNode", "ImportPathInfo", "RealParser", "TokenUtils", "SeenLexer", "LanguageConfig", "KeywordManager", "StringBuilder", "TokenType", "Token", "LexerError", "Position", "CommandResult", "BootstrapVerifier", "CompilerInfo", "VerificationResult", "StageArtifact", "BinaryComparison", "RemovalResult", "RustRemover", "BootstrapManager", "FrontendDiagnostic", "FrontendResult", "Duration", "File", "CString", "Result", "Option", "VecChunk", "VecSlot", "Vec", "HashEntry", "StringHashMap", "StringBuffer", "StdString", "TaskKind", "TaskHandle", "ScopeGuard", "Channel"]
DEBUG:   mangled to: SeenLexer_advance
DEBUG: checking static call: this.getCurrentChar
DEBUG:   type_definitions has this: false
DEBUG: Resolved 'this' to receiver 'self'
DEBUG: method call on identifier 'this', member 'getCurrentChar'
DEBUG:   var type: Struct { name: "SeenLexer", fields: [("source", String), ("fileId", Integer), ("language", String), ("errorRecoveryMode", Boolean), ("keywordManager", Integer), ("position", Integer), ("line", Integer), ("column", Integer), ("tokens", Array(Integer))] }
DEBUG:   struct_name: SeenLexer
DEBUG:   type_definitions keys: ["Unit", "SeenTypeChecker", "AST", "Function", "Expression", "Statement", "Class", "Interface", "Type", "FunctionType", "ClassType", "InterfaceType", "Location", "TypeError", "Environment", "TypeInferenceResult", "TypeChecker", "ProgramNode", "ItemNode", "ImportSymbolNode", "FunctionNode", "ParamNode", "TypeNode", "BlockNode", "ClassNode", "ImportPathInfo", "RealParser", "TokenUtils", "SeenLexer", "LanguageConfig", "KeywordManager", "StringBuilder", "TokenType", "Token", "LexerError", "Position", "CommandResult", "BootstrapVerifier", "CompilerInfo", "VerificationResult", "StageArtifact", "BinaryComparison", "RemovalResult", "RustRemover", "BootstrapManager", "FrontendDiagnostic", "FrontendResult", "Duration", "File", "CString", "Result", "Option", "VecChunk", "VecSlot", "Vec", "HashEntry", "StringHashMap", "StringBuffer", "StdString", "TaskKind", "TaskHandle", "ScopeGuard", "Channel"]
DEBUG:   mangled to: SeenLexer_getCurrentChar
DEBUG: checking static call: this.peekChar
DEBUG:   type_definitions has this: false
DEBUG: Resolved 'this' to receiver 'self'
DEBUG: method call on identifier 'this', member 'peekChar'
DEBUG:   var type: Struct { name: "SeenLexer", fields: [("source", String), ("fileId", Integer), ("language", String), ("errorRecoveryMode", Boolean), ("keywordManager", Integer), ("position", Integer), ("line", Integer), ("column", Integer), ("tokens", Array(Integer))] }
DEBUG:   struct_name: SeenLexer
DEBUG:   type_definitions keys: ["Unit", "SeenTypeChecker", "AST", "Function", "Expression", "Statement", "Class", "Interface", "Type", "FunctionType", "ClassType", "InterfaceType", "Location", "TypeError", "Environment", "TypeInferenceResult", "TypeChecker", "ProgramNode", "ItemNode", "ImportSymbolNode", "FunctionNode", "ParamNode", "TypeNode", "BlockNode", "ClassNode", "ImportPathInfo", "RealParser", "TokenUtils", "SeenLexer", "LanguageConfig", "KeywordManager", "StringBuilder", "TokenType", "Token", "LexerError", "Position", "CommandResult", "BootstrapVerifier", "CompilerInfo", "VerificationResult", "StageArtifact", "BinaryComparison", "RemovalResult", "RustRemover", "BootstrapManager", "FrontendDiagnostic", "FrontendResult", "Duration", "File", "CString", "Result", "Option", "VecChunk", "VecSlot", "Vec", "HashEntry", "StringHashMap", "StringBuffer", "StdString", "TaskKind", "TaskHandle", "ScopeGuard", "Channel"]
DEBUG:   mangled to: SeenLexer_peekChar
DEBUG: checking static call: this.isDigit
DEBUG:   type_definitions has this: false
DEBUG: Resolved 'this' to receiver 'self'
DEBUG: method call on identifier 'this', member 'isDigit'
DEBUG:   var type: Struct { name: "SeenLexer", fields: [("source", String), ("fileId", Integer), ("language", String), ("errorRecoveryMode", Boolean), ("keywordManager", Integer), ("position", Integer), ("line", Integer), ("column", Integer), ("tokens", Array(Integer))] }
DEBUG:   struct_name: SeenLexer
DEBUG:   type_definitions keys: ["Unit", "SeenTypeChecker", "AST", "Function", "Expression", "Statement", "Class", "Interface", "Type", "FunctionType", "ClassType", "InterfaceType", "Location", "TypeError", "Environment", "TypeInferenceResult", "TypeChecker", "ProgramNode", "ItemNode", "ImportSymbolNode", "FunctionNode", "ParamNode", "TypeNode", "BlockNode", "ClassNode", "ImportPathInfo", "RealParser", "TokenUtils", "SeenLexer", "LanguageConfig", "KeywordManager", "StringBuilder", "TokenType", "Token", "LexerError", "Position", "CommandResult", "BootstrapVerifier", "CompilerInfo", "VerificationResult", "StageArtifact", "BinaryComparison", "RemovalResult", "RustRemover", "BootstrapManager", "FrontendDiagnostic", "FrontendResult", "Duration", "File", "CString", "Result", "Option", "VecChunk", "VecSlot", "Vec", "HashEntry", "StringHashMap", "StringBuffer", "StdString", "TaskKind", "TaskHandle", "ScopeGuard", "Channel"]
DEBUG:   mangled to: SeenLexer_isDigit
DEBUG: checking static call: this.getCurrentChar
DEBUG:   type_definitions has this: false
DEBUG: Resolved 'this' to receiver 'self'
DEBUG: method call on identifier 'this', member 'getCurrentChar'
DEBUG:   var type: Struct { name: "SeenLexer", fields: [("source", String), ("fileId", Integer), ("language", String), ("errorRecoveryMode", Boolean), ("keywordManager", Integer), ("position", Integer), ("line", Integer), ("column", Integer), ("tokens", Array(Integer))] }
DEBUG:   struct_name: SeenLexer
DEBUG:   type_definitions keys: ["Unit", "SeenTypeChecker", "AST", "Function", "Expression", "Statement", "Class", "Interface", "Type", "FunctionType", "ClassType", "InterfaceType", "Location", "TypeError", "Environment", "TypeInferenceResult", "TypeChecker", "ProgramNode", "ItemNode", "ImportSymbolNode", "FunctionNode", "ParamNode", "TypeNode", "BlockNode", "ClassNode", "ImportPathInfo", "RealParser", "TokenUtils", "SeenLexer", "LanguageConfig", "KeywordManager", "StringBuilder", "TokenType", "Token", "LexerError", "Position", "CommandResult", "BootstrapVerifier", "CompilerInfo", "VerificationResult", "StageArtifact", "BinaryComparison", "RemovalResult", "RustRemover", "BootstrapManager", "FrontendDiagnostic", "FrontendResult", "Duration", "File", "CString", "Result", "Option", "VecChunk", "VecSlot", "Vec", "HashEntry", "StringHashMap", "StringBuffer", "StdString", "TaskKind", "TaskHandle", "ScopeGuard", "Channel"]
DEBUG:   mangled to: SeenLexer_getCurrentChar
DEBUG: checking static call: this.advance
DEBUG:   type_definitions has this: false
DEBUG: Resolved 'this' to receiver 'self'
DEBUG: method call on identifier 'this', member 'advance'
DEBUG:   var type: Struct { name: "SeenLexer", fields: [("source", String), ("fileId", Integer), ("language", String), ("errorRecoveryMode", Boolean), ("keywordManager", Integer), ("position", Integer), ("line", Integer), ("column", Integer), ("tokens", Array(Integer))] }
DEBUG:   struct_name: SeenLexer
DEBUG:   type_definitions keys: ["Unit", "SeenTypeChecker", "AST", "Function", "Expression", "Statement", "Class", "Interface", "Type", "FunctionType", "ClassType", "InterfaceType", "Location", "TypeError", "Environment", "TypeInferenceResult", "TypeChecker", "ProgramNode", "ItemNode", "ImportSymbolNode", "FunctionNode", "ParamNode", "TypeNode", "BlockNode", "ClassNode", "ImportPathInfo", "RealParser", "TokenUtils", "SeenLexer", "LanguageConfig", "KeywordManager", "StringBuilder", "TokenType", "Token", "LexerError", "Position", "CommandResult", "BootstrapVerifier", "CompilerInfo", "VerificationResult", "StageArtifact", "BinaryComparison", "RemovalResult", "RustRemover", "BootstrapManager", "FrontendDiagnostic", "FrontendResult", "Duration", "File", "CString", "Result", "Option", "VecChunk", "VecSlot", "Vec", "HashEntry", "StringHashMap", "StringBuffer", "StdString", "TaskKind", "TaskHandle", "ScopeGuard", "Channel"]
DEBUG:   mangled to: SeenLexer_advance
DEBUG: checking static call: this.getCurrentChar
DEBUG:   type_definitions has this: false
DEBUG: Resolved 'this' to receiver 'self'
DEBUG: method call on identifier 'this', member 'getCurrentChar'
DEBUG:   var type: Struct { name: "SeenLexer", fields: [("source", String), ("fileId", Integer), ("language", String), ("errorRecoveryMode", Boolean), ("keywordManager", Integer), ("position", Integer), ("line", Integer), ("column", Integer), ("tokens", Array(Integer))] }
DEBUG:   struct_name: SeenLexer
DEBUG:   type_definitions keys: ["Unit", "SeenTypeChecker", "AST", "Function", "Expression", "Statement", "Class", "Interface", "Type", "FunctionType", "ClassType", "InterfaceType", "Location", "TypeError", "Environment", "TypeInferenceResult", "TypeChecker", "ProgramNode", "ItemNode", "ImportSymbolNode", "FunctionNode", "ParamNode", "TypeNode", "BlockNode", "ClassNode", "ImportPathInfo", "RealParser", "TokenUtils", "SeenLexer", "LanguageConfig", "KeywordManager", "StringBuilder", "TokenType", "Token", "LexerError", "Position", "CommandResult", "BootstrapVerifier", "CompilerInfo", "VerificationResult", "StageArtifact", "BinaryComparison", "RemovalResult", "RustRemover", "BootstrapManager", "FrontendDiagnostic", "FrontendResult", "Duration", "File", "CString", "Result", "Option", "VecChunk", "VecSlot", "Vec", "HashEntry", "StringHashMap", "StringBuffer", "StdString", "TaskKind", "TaskHandle", "ScopeGuard", "Channel"]
DEBUG:   mangled to: SeenLexer_getCurrentChar
DEBUG: checking static call: this.isDigit
DEBUG:   type_definitions has this: false
DEBUG: Resolved 'this' to receiver 'self'
DEBUG: method call on identifier 'this', member 'isDigit'
DEBUG:   var type: Struct { name: "SeenLexer", fields: [("source", String), ("fileId", Integer), ("language", String), ("errorRecoveryMode", Boolean), ("keywordManager", Integer), ("position", Integer), ("line", Integer), ("column", Integer), ("tokens", Array(Integer))] }
DEBUG:   struct_name: SeenLexer
DEBUG:   type_definitions keys: ["Unit", "SeenTypeChecker", "AST", "Function", "Expression", "Statement", "Class", "Interface", "Type", "FunctionType", "ClassType", "InterfaceType", "Location", "TypeError", "Environment", "TypeInferenceResult", "TypeChecker", "ProgramNode", "ItemNode", "ImportSymbolNode", "FunctionNode", "ParamNode", "TypeNode", "BlockNode", "ClassNode", "ImportPathInfo", "RealParser", "TokenUtils", "SeenLexer", "LanguageConfig", "KeywordManager", "StringBuilder", "TokenType", "Token", "LexerError", "Position", "CommandResult", "BootstrapVerifier", "CompilerInfo", "VerificationResult", "StageArtifact", "BinaryComparison", "RemovalResult", "RustRemover", "BootstrapManager", "FrontendDiagnostic", "FrontendResult", "Duration", "File", "CString", "Result", "Option", "VecChunk", "VecSlot", "Vec", "HashEntry", "StringHashMap", "StringBuffer", "StdString", "TaskKind", "TaskHandle", "ScopeGuard", "Channel"]
DEBUG:   mangled to: SeenLexer_isDigit
DEBUG: checking static call: this.getCurrentChar
DEBUG:   type_definitions has this: false
DEBUG: Resolved 'this' to receiver 'self'
DEBUG: method call on identifier 'this', member 'getCurrentChar'
DEBUG:   var type: Struct { name: "SeenLexer", fields: [("source", String), ("fileId", Integer), ("language", String), ("errorRecoveryMode", Boolean), ("keywordManager", Integer), ("position", Integer), ("line", Integer), ("column", Integer), ("tokens", Array(Integer))] }
DEBUG:   struct_name: SeenLexer
DEBUG:   type_definitions keys: ["Unit", "SeenTypeChecker", "AST", "Function", "Expression", "Statement", "Class", "Interface", "Type", "FunctionType", "ClassType", "InterfaceType", "Location", "TypeError", "Environment", "TypeInferenceResult", "TypeChecker", "ProgramNode", "ItemNode", "ImportSymbolNode", "FunctionNode", "ParamNode", "TypeNode", "BlockNode", "ClassNode", "ImportPathInfo", "RealParser", "TokenUtils", "SeenLexer", "LanguageConfig", "KeywordManager", "StringBuilder", "TokenType", "Token", "LexerError", "Position", "CommandResult", "BootstrapVerifier", "CompilerInfo", "VerificationResult", "StageArtifact", "BinaryComparison", "RemovalResult", "RustRemover", "BootstrapManager", "FrontendDiagnostic", "FrontendResult", "Duration", "File", "CString", "Result", "Option", "VecChunk", "VecSlot", "Vec", "HashEntry", "StringHashMap", "StringBuffer", "StdString", "TaskKind", "TaskHandle", "ScopeGuard", "Channel"]
DEBUG:   mangled to: SeenLexer_getCurrentChar
DEBUG: checking static call: this.getCurrentChar
DEBUG:   type_definitions has this: false
DEBUG: Resolved 'this' to receiver 'self'
DEBUG: method call on identifier 'this', member 'getCurrentChar'
DEBUG:   var type: Struct { name: "SeenLexer", fields: [("source", String), ("fileId", Integer), ("language", String), ("errorRecoveryMode", Boolean), ("keywordManager", Integer), ("position", Integer), ("line", Integer), ("column", Integer), ("tokens", Array(Integer))] }
DEBUG:   struct_name: SeenLexer
DEBUG:   type_definitions keys: ["Unit", "SeenTypeChecker", "AST", "Function", "Expression", "Statement", "Class", "Interface", "Type", "FunctionType", "ClassType", "InterfaceType", "Location", "TypeError", "Environment", "TypeInferenceResult", "TypeChecker", "ProgramNode", "ItemNode", "ImportSymbolNode", "FunctionNode", "ParamNode", "TypeNode", "BlockNode", "ClassNode", "ImportPathInfo", "RealParser", "TokenUtils", "SeenLexer", "LanguageConfig", "KeywordManager", "StringBuilder", "TokenType", "Token", "LexerError", "Position", "CommandResult", "BootstrapVerifier", "CompilerInfo", "VerificationResult", "StageArtifact", "BinaryComparison", "RemovalResult", "RustRemover", "BootstrapManager", "FrontendDiagnostic", "FrontendResult", "Duration", "File", "CString", "Result", "Option", "VecChunk", "VecSlot", "Vec", "HashEntry", "StringHashMap", "StringBuffer", "StdString", "TaskKind", "TaskHandle", "ScopeGuard", "Channel"]
DEBUG:   mangled to: SeenLexer_getCurrentChar
DEBUG: checking static call: this.getCurrentChar
DEBUG:   type_definitions has this: false
DEBUG: Resolved 'this' to receiver 'self'
DEBUG: method call on identifier 'this', member 'getCurrentChar'
DEBUG:   var type: Struct { name: "SeenLexer", fields: [("source", String), ("fileId", Integer), ("language", String), ("errorRecoveryMode", Boolean), ("keywordManager", Integer), ("position", Integer), ("line", Integer), ("column", Integer), ("tokens", Array(Integer))] }
DEBUG:   struct_name: SeenLexer
DEBUG:   type_definitions keys: ["Unit", "SeenTypeChecker", "AST", "Function", "Expression", "Statement", "Class", "Interface", "Type", "FunctionType", "ClassType", "InterfaceType", "Location", "TypeError", "Environment", "TypeInferenceResult", "TypeChecker", "ProgramNode", "ItemNode", "ImportSymbolNode", "FunctionNode", "ParamNode", "TypeNode", "BlockNode", "ClassNode", "ImportPathInfo", "RealParser", "TokenUtils", "SeenLexer", "LanguageConfig", "KeywordManager", "StringBuilder", "TokenType", "Token", "LexerError", "Position", "CommandResult", "BootstrapVerifier", "CompilerInfo", "VerificationResult", "StageArtifact", "BinaryComparison", "RemovalResult", "RustRemover", "BootstrapManager", "FrontendDiagnostic", "FrontendResult", "Duration", "File", "CString", "Result", "Option", "VecChunk", "VecSlot", "Vec", "HashEntry", "StringHashMap", "StringBuffer", "StdString", "TaskKind", "TaskHandle", "ScopeGuard", "Channel"]
DEBUG:   mangled to: SeenLexer_getCurrentChar
DEBUG: checking static call: this.advance
DEBUG:   type_definitions has this: false
DEBUG: Resolved 'this' to receiver 'self'
DEBUG: method call on identifier 'this', member 'advance'
DEBUG:   var type: Struct { name: "SeenLexer", fields: [("source", String), ("fileId", Integer), ("language", String), ("errorRecoveryMode", Boolean), ("keywordManager", Integer), ("position", Integer), ("line", Integer), ("column", Integer), ("tokens", Array(Integer))] }
DEBUG:   struct_name: SeenLexer
DEBUG:   type_definitions keys: ["Unit", "SeenTypeChecker", "AST", "Function", "Expression", "Statement", "Class", "Interface", "Type", "FunctionType", "ClassType", "InterfaceType", "Location", "TypeError", "Environment", "TypeInferenceResult", "TypeChecker", "ProgramNode", "ItemNode", "ImportSymbolNode", "FunctionNode", "ParamNode", "TypeNode", "BlockNode", "ClassNode", "ImportPathInfo", "RealParser", "TokenUtils", "SeenLexer", "LanguageConfig", "KeywordManager", "StringBuilder", "TokenType", "Token", "LexerError", "Position", "CommandResult", "BootstrapVerifier", "CompilerInfo", "VerificationResult", "StageArtifact", "BinaryComparison", "RemovalResult", "RustRemover", "BootstrapManager", "FrontendDiagnostic", "FrontendResult", "Duration", "File", "CString", "Result", "Option", "VecChunk", "VecSlot", "Vec", "HashEntry", "StringHashMap", "StringBuffer", "StdString", "TaskKind", "TaskHandle", "ScopeGuard", "Channel"]
DEBUG:   mangled to: SeenLexer_advance
DEBUG: checking static call: this.getCurrentChar
DEBUG:   type_definitions has this: false
DEBUG: Resolved 'this' to receiver 'self'
DEBUG: method call on identifier 'this', member 'getCurrentChar'
DEBUG:   var type: Struct { name: "SeenLexer", fields: [("source", String), ("fileId", Integer), ("language", String), ("errorRecoveryMode", Boolean), ("keywordManager", Integer), ("position", Integer), ("line", Integer), ("column", Integer), ("tokens", Array(Integer))] }
DEBUG:   struct_name: SeenLexer
DEBUG:   type_definitions keys: ["Unit", "SeenTypeChecker", "AST", "Function", "Expression", "Statement", "Class", "Interface", "Type", "FunctionType", "ClassType", "InterfaceType", "Location", "TypeError", "Environment", "TypeInferenceResult", "TypeChecker", "ProgramNode", "ItemNode", "ImportSymbolNode", "FunctionNode", "ParamNode", "TypeNode", "BlockNode", "ClassNode", "ImportPathInfo", "RealParser", "TokenUtils", "SeenLexer", "LanguageConfig", "KeywordManager", "StringBuilder", "TokenType", "Token", "LexerError", "Position", "CommandResult", "BootstrapVerifier", "CompilerInfo", "VerificationResult", "StageArtifact", "BinaryComparison", "RemovalResult", "RustRemover", "BootstrapManager", "FrontendDiagnostic", "FrontendResult", "Duration", "File", "CString", "Result", "Option", "VecChunk", "VecSlot", "Vec", "HashEntry", "StringHashMap", "StringBuffer", "StdString", "TaskKind", "TaskHandle", "ScopeGuard", "Channel"]
DEBUG:   mangled to: SeenLexer_getCurrentChar
DEBUG: checking static call: this.getCurrentChar
DEBUG:   type_definitions has this: false
DEBUG: Resolved 'this' to receiver 'self'
DEBUG: method call on identifier 'this', member 'getCurrentChar'
DEBUG:   var type: Struct { name: "SeenLexer", fields: [("source", String), ("fileId", Integer), ("language", String), ("errorRecoveryMode", Boolean), ("keywordManager", Integer), ("position", Integer), ("line", Integer), ("column", Integer), ("tokens", Array(Integer))] }
DEBUG:   struct_name: SeenLexer
DEBUG:   type_definitions keys: ["Unit", "SeenTypeChecker", "AST", "Function", "Expression", "Statement", "Class", "Interface", "Type", "FunctionType", "ClassType", "InterfaceType", "Location", "TypeError", "Environment", "TypeInferenceResult", "TypeChecker", "ProgramNode", "ItemNode", "ImportSymbolNode", "FunctionNode", "ParamNode", "TypeNode", "BlockNode", "ClassNode", "ImportPathInfo", "RealParser", "TokenUtils", "SeenLexer", "LanguageConfig", "KeywordManager", "StringBuilder", "TokenType", "Token", "LexerError", "Position", "CommandResult", "BootstrapVerifier", "CompilerInfo", "VerificationResult", "StageArtifact", "BinaryComparison", "RemovalResult", "RustRemover", "BootstrapManager", "FrontendDiagnostic", "FrontendResult", "Duration", "File", "CString", "Result", "Option", "VecChunk", "VecSlot", "Vec", "HashEntry", "StringHashMap", "StringBuffer", "StdString", "TaskKind", "TaskHandle", "ScopeGuard", "Channel"]
DEBUG:   mangled to: SeenLexer_getCurrentChar
DEBUG: checking static call: this.getCurrentChar
DEBUG:   type_definitions has this: false
DEBUG: Resolved 'this' to receiver 'self'
DEBUG: method call on identifier 'this', member 'getCurrentChar'
DEBUG:   var type: Struct { name: "SeenLexer", fields: [("source", String), ("fileId", Integer), ("language", String), ("errorRecoveryMode", Boolean), ("keywordManager", Integer), ("position", Integer), ("line", Integer), ("column", Integer), ("tokens", Array(Integer))] }
DEBUG:   struct_name: SeenLexer
DEBUG:   type_definitions keys: ["Unit", "SeenTypeChecker", "AST", "Function", "Expression", "Statement", "Class", "Interface", "Type", "FunctionType", "ClassType", "InterfaceType", "Location", "TypeError", "Environment", "TypeInferenceResult", "TypeChecker", "ProgramNode", "ItemNode", "ImportSymbolNode", "FunctionNode", "ParamNode", "TypeNode", "BlockNode", "ClassNode", "ImportPathInfo", "RealParser", "TokenUtils", "SeenLexer", "LanguageConfig", "KeywordManager", "StringBuilder", "TokenType", "Token", "LexerError", "Position", "CommandResult", "BootstrapVerifier", "CompilerInfo", "VerificationResult", "StageArtifact", "BinaryComparison", "RemovalResult", "RustRemover", "BootstrapManager", "FrontendDiagnostic", "FrontendResult", "Duration", "File", "CString", "Result", "Option", "VecChunk", "VecSlot", "Vec", "HashEntry", "StringHashMap", "StringBuffer", "StdString", "TaskKind", "TaskHandle", "ScopeGuard", "Channel"]
DEBUG:   mangled to: SeenLexer_getCurrentChar
DEBUG: checking static call: this.advance
DEBUG:   type_definitions has this: false
DEBUG: Resolved 'this' to receiver 'self'
DEBUG: method call on identifier 'this', member 'advance'
DEBUG:   var type: Struct { name: "SeenLexer", fields: [("source", String), ("fileId", Integer), ("language", String), ("errorRecoveryMode", Boolean), ("keywordManager", Integer), ("position", Integer), ("line", Integer), ("column", Integer), ("tokens", Array(Integer))] }
DEBUG:   struct_name: SeenLexer
DEBUG:   type_definitions keys: ["Unit", "SeenTypeChecker", "AST", "Function", "Expression", "Statement", "Class", "Interface", "Type", "FunctionType", "ClassType", "InterfaceType", "Location", "TypeError", "Environment", "TypeInferenceResult", "TypeChecker", "ProgramNode", "ItemNode", "ImportSymbolNode", "FunctionNode", "ParamNode", "TypeNode", "BlockNode", "ClassNode", "ImportPathInfo", "RealParser", "TokenUtils", "SeenLexer", "LanguageConfig", "KeywordManager", "StringBuilder", "TokenType", "Token", "LexerError", "Position", "CommandResult", "BootstrapVerifier", "CompilerInfo", "VerificationResult", "StageArtifact", "BinaryComparison", "RemovalResult", "RustRemover", "BootstrapManager", "FrontendDiagnostic", "FrontendResult", "Duration", "File", "CString", "Result", "Option", "VecChunk", "VecSlot", "Vec", "HashEntry", "StringHashMap", "StringBuffer", "StdString", "TaskKind", "TaskHandle", "ScopeGuard", "Channel"]
DEBUG:   mangled to: SeenLexer_advance
DEBUG: checking static call: this.getCurrentChar
DEBUG:   type_definitions has this: false
DEBUG: Resolved 'this' to receiver 'self'
DEBUG: method call on identifier 'this', member 'getCurrentChar'
DEBUG:   var type: Struct { name: "SeenLexer", fields: [("source", String), ("fileId", Integer), ("language", String), ("errorRecoveryMode", Boolean), ("keywordManager", Integer), ("position", Integer), ("line", Integer), ("column", Integer), ("tokens", Array(Integer))] }
DEBUG:   struct_name: SeenLexer
DEBUG:   type_definitions keys: ["Unit", "SeenTypeChecker", "AST", "Function", "Expression", "Statement", "Class", "Interface", "Type", "FunctionType", "ClassType", "InterfaceType", "Location", "TypeError", "Environment", "TypeInferenceResult", "TypeChecker", "ProgramNode", "ItemNode", "ImportSymbolNode", "FunctionNode", "ParamNode", "TypeNode", "BlockNode", "ClassNode", "ImportPathInfo", "RealParser", "TokenUtils", "SeenLexer", "LanguageConfig", "KeywordManager", "StringBuilder", "TokenType", "Token", "LexerError", "Position", "CommandResult", "BootstrapVerifier", "CompilerInfo", "VerificationResult", "StageArtifact", "BinaryComparison", "RemovalResult", "RustRemover", "BootstrapManager", "FrontendDiagnostic", "FrontendResult", "Duration", "File", "CString", "Result", "Option", "VecChunk", "VecSlot", "Vec", "HashEntry", "StringHashMap", "StringBuffer", "StdString", "TaskKind", "TaskHandle", "ScopeGuard", "Channel"]
DEBUG:   mangled to: SeenLexer_getCurrentChar
DEBUG: checking static call: this.getCurrentChar
DEBUG:   type_definitions has this: false
DEBUG: Resolved 'this' to receiver 'self'
DEBUG: method call on identifier 'this', member 'getCurrentChar'
DEBUG:   var type: Struct { name: "SeenLexer", fields: [("source", String), ("fileId", Integer), ("language", String), ("errorRecoveryMode", Boolean), ("keywordManager", Integer), ("position", Integer), ("line", Integer), ("column", Integer), ("tokens", Array(Integer))] }
DEBUG:   struct_name: SeenLexer
DEBUG:   type_definitions keys: ["Unit", "SeenTypeChecker", "AST", "Function", "Expression", "Statement", "Class", "Interface", "Type", "FunctionType", "ClassType", "InterfaceType", "Location", "TypeError", "Environment", "TypeInferenceResult", "TypeChecker", "ProgramNode", "ItemNode", "ImportSymbolNode", "FunctionNode", "ParamNode", "TypeNode", "BlockNode", "ClassNode", "ImportPathInfo", "RealParser", "TokenUtils", "SeenLexer", "LanguageConfig", "KeywordManager", "StringBuilder", "TokenType", "Token", "LexerError", "Position", "CommandResult", "BootstrapVerifier", "CompilerInfo", "VerificationResult", "StageArtifact", "BinaryComparison", "RemovalResult", "RustRemover", "BootstrapManager", "FrontendDiagnostic", "FrontendResult", "Duration", "File", "CString", "Result", "Option", "VecChunk", "VecSlot", "Vec", "HashEntry", "StringHashMap", "StringBuffer", "StdString", "TaskKind", "TaskHandle", "ScopeGuard", "Channel"]
DEBUG:   mangled to: SeenLexer_getCurrentChar
DEBUG: checking static call: this.getCurrentChar
DEBUG:   type_definitions has this: false
DEBUG: Resolved 'this' to receiver 'self'
DEBUG: method call on identifier 'this', member 'getCurrentChar'
DEBUG:   var type: Struct { name: "SeenLexer", fields: [("source", String), ("fileId", Integer), ("language", String), ("errorRecoveryMode", Boolean), ("keywordManager", Integer), ("position", Integer), ("line", Integer), ("column", Integer), ("tokens", Array(Integer))] }
DEBUG:   struct_name: SeenLexer
DEBUG:   type_definitions keys: ["Unit", "SeenTypeChecker", "AST", "Function", "Expression", "Statement", "Class", "Interface", "Type", "FunctionType", "ClassType", "InterfaceType", "Location", "TypeError", "Environment", "TypeInferenceResult", "TypeChecker", "ProgramNode", "ItemNode", "ImportSymbolNode", "FunctionNode", "ParamNode", "TypeNode", "BlockNode", "ClassNode", "ImportPathInfo", "RealParser", "TokenUtils", "SeenLexer", "LanguageConfig", "KeywordManager", "StringBuilder", "TokenType", "Token", "LexerError", "Position", "CommandResult", "BootstrapVerifier", "CompilerInfo", "VerificationResult", "StageArtifact", "BinaryComparison", "RemovalResult", "RustRemover", "BootstrapManager", "FrontendDiagnostic", "FrontendResult", "Duration", "File", "CString", "Result", "Option", "VecChunk", "VecSlot", "Vec", "HashEntry", "StringHashMap", "StringBuffer", "StdString", "TaskKind", "TaskHandle", "ScopeGuard", "Channel"]
DEBUG:   mangled to: SeenLexer_getCurrentChar
DEBUG: checking static call: this.advance
DEBUG:   type_definitions has this: false
DEBUG: Resolved 'this' to receiver 'self'
DEBUG: method call on identifier 'this', member 'advance'
DEBUG:   var type: Struct { name: "SeenLexer", fields: [("source", String), ("fileId", Integer), ("language", String), ("errorRecoveryMode", Boolean), ("keywordManager", Integer), ("position", Integer), ("line", Integer), ("column", Integer), ("tokens", Array(Integer))] }
DEBUG:   struct_name: SeenLexer
DEBUG:   type_definitions keys: ["Unit", "SeenTypeChecker", "AST", "Function", "Expression", "Statement", "Class", "Interface", "Type", "FunctionType", "ClassType", "InterfaceType", "Location", "TypeError", "Environment", "TypeInferenceResult", "TypeChecker", "ProgramNode", "ItemNode", "ImportSymbolNode", "FunctionNode", "ParamNode", "TypeNode", "BlockNode", "ClassNode", "ImportPathInfo", "RealParser", "TokenUtils", "SeenLexer", "LanguageConfig", "KeywordManager", "StringBuilder", "TokenType", "Token", "LexerError", "Position", "CommandResult", "BootstrapVerifier", "CompilerInfo", "VerificationResult", "StageArtifact", "BinaryComparison", "RemovalResult", "RustRemover", "BootstrapManager", "FrontendDiagnostic", "FrontendResult", "Duration", "File", "CString", "Result", "Option", "VecChunk", "VecSlot", "Vec", "HashEntry", "StringHashMap", "StringBuffer", "StdString", "TaskKind", "TaskHandle", "ScopeGuard", "Channel"]
DEBUG:   mangled to: SeenLexer_advance
DEBUG: checking static call: this.getCurrentChar
DEBUG:   type_definitions has this: false
DEBUG: Resolved 'this' to receiver 'self'
DEBUG: method call on identifier 'this', member 'getCurrentChar'
DEBUG:   var type: Struct { name: "SeenLexer", fields: [("source", String), ("fileId", Integer), ("language", String), ("errorRecoveryMode", Boolean), ("keywordManager", Integer), ("position", Integer), ("line", Integer), ("column", Integer), ("tokens", Array(Integer))] }
DEBUG:   struct_name: SeenLexer
DEBUG:   type_definitions keys: ["Unit", "SeenTypeChecker", "AST", "Function", "Expression", "Statement", "Class", "Interface", "Type", "FunctionType", "ClassType", "InterfaceType", "Location", "TypeError", "Environment", "TypeInferenceResult", "TypeChecker", "ProgramNode", "ItemNode", "ImportSymbolNode", "FunctionNode", "ParamNode", "TypeNode", "BlockNode", "ClassNode", "ImportPathInfo", "RealParser", "TokenUtils", "SeenLexer", "LanguageConfig", "KeywordManager", "StringBuilder", "TokenType", "Token", "LexerError", "Position", "CommandResult", "BootstrapVerifier", "CompilerInfo", "VerificationResult", "StageArtifact", "BinaryComparison", "RemovalResult", "RustRemover", "BootstrapManager", "FrontendDiagnostic", "FrontendResult", "Duration", "File", "CString", "Result", "Option", "VecChunk", "VecSlot", "Vec", "HashEntry", "StringHashMap", "StringBuffer", "StdString", "TaskKind", "TaskHandle", "ScopeGuard", "Channel"]
DEBUG:   mangled to: SeenLexer_getCurrentChar
DEBUG: checking static call: this.isDigit
DEBUG:   type_definitions has this: false
DEBUG: Resolved 'this' to receiver 'self'
DEBUG: method call on identifier 'this', member 'isDigit'
DEBUG:   var type: Struct { name: "SeenLexer", fields: [("source", String), ("fileId", Integer), ("language", String), ("errorRecoveryMode", Boolean), ("keywordManager", Integer), ("position", Integer), ("line", Integer), ("column", Integer), ("tokens", Array(Integer))] }
DEBUG:   struct_name: SeenLexer
DEBUG:   type_definitions keys: ["Unit", "SeenTypeChecker", "AST", "Function", "Expression", "Statement", "Class", "Interface", "Type", "FunctionType", "ClassType", "InterfaceType", "Location", "TypeError", "Environment", "TypeInferenceResult", "TypeChecker", "ProgramNode", "ItemNode", "ImportSymbolNode", "FunctionNode", "ParamNode", "TypeNode", "BlockNode", "ClassNode", "ImportPathInfo", "RealParser", "TokenUtils", "SeenLexer", "LanguageConfig", "KeywordManager", "StringBuilder", "TokenType", "Token", "LexerError", "Position", "CommandResult", "BootstrapVerifier", "CompilerInfo", "VerificationResult", "StageArtifact", "BinaryComparison", "RemovalResult", "RustRemover", "BootstrapManager", "FrontendDiagnostic", "FrontendResult", "Duration", "File", "CString", "Result", "Option", "VecChunk", "VecSlot", "Vec", "HashEntry", "StringHashMap", "StringBuffer", "StdString", "TaskKind", "TaskHandle", "ScopeGuard", "Channel"]
DEBUG:   mangled to: SeenLexer_isDigit
DEBUG: checking static call: this.getCurrentChar
DEBUG:   type_definitions has this: false
DEBUG: Resolved 'this' to receiver 'self'
DEBUG: method call on identifier 'this', member 'getCurrentChar'
DEBUG:   var type: Struct { name: "SeenLexer", fields: [("source", String), ("fileId", Integer), ("language", String), ("errorRecoveryMode", Boolean), ("keywordManager", Integer), ("position", Integer), ("line", Integer), ("column", Integer), ("tokens", Array(Integer))] }
DEBUG:   struct_name: SeenLexer
DEBUG:   type_definitions keys: ["Unit", "SeenTypeChecker", "AST", "Function", "Expression", "Statement", "Class", "Interface", "Type", "FunctionType", "ClassType", "InterfaceType", "Location", "TypeError", "Environment", "TypeInferenceResult", "TypeChecker", "ProgramNode", "ItemNode", "ImportSymbolNode", "FunctionNode", "ParamNode", "TypeNode", "BlockNode", "ClassNode", "ImportPathInfo", "RealParser", "TokenUtils", "SeenLexer", "LanguageConfig", "KeywordManager", "StringBuilder", "TokenType", "Token", "LexerError", "Position", "CommandResult", "BootstrapVerifier", "CompilerInfo", "VerificationResult", "StageArtifact", "BinaryComparison", "RemovalResult", "RustRemover", "BootstrapManager", "FrontendDiagnostic", "FrontendResult", "Duration", "File", "CString", "Result", "Option", "VecChunk", "VecSlot", "Vec", "HashEntry", "StringHashMap", "StringBuffer", "StdString", "TaskKind", "TaskHandle", "ScopeGuard", "Channel"]
DEBUG:   mangled to: SeenLexer_getCurrentChar
DEBUG: checking static call: this.advance
DEBUG:   type_definitions has this: false
DEBUG: Resolved 'this' to receiver 'self'
DEBUG: method call on identifier 'this', member 'advance'
DEBUG:   var type: Struct { name: "SeenLexer", fields: [("source", String), ("fileId", Integer), ("language", String), ("errorRecoveryMode", Boolean), ("keywordManager", Integer), ("position", Integer), ("line", Integer), ("column", Integer), ("tokens", Array(Integer))] }
DEBUG:   struct_name: SeenLexer
DEBUG:   type_definitions keys: ["Unit", "SeenTypeChecker", "AST", "Function", "Expression", "Statement", "Class", "Interface", "Type", "FunctionType", "ClassType", "InterfaceType", "Location", "TypeError", "Environment", "TypeInferenceResult", "TypeChecker", "ProgramNode", "ItemNode", "ImportSymbolNode", "FunctionNode", "ParamNode", "TypeNode", "BlockNode", "ClassNode", "ImportPathInfo", "RealParser", "TokenUtils", "SeenLexer", "LanguageConfig", "KeywordManager", "StringBuilder", "TokenType", "Token", "LexerError", "Position", "CommandResult", "BootstrapVerifier", "CompilerInfo", "VerificationResult", "StageArtifact", "BinaryComparison", "RemovalResult", "RustRemover", "BootstrapManager", "FrontendDiagnostic", "FrontendResult", "Duration", "File", "CString", "Result", "Option", "VecChunk", "VecSlot", "Vec", "HashEntry", "StringHashMap", "StringBuffer", "StdString", "TaskKind", "TaskHandle", "ScopeGuard", "Channel"]
DEBUG:   mangled to: SeenLexer_advance
DEBUG: implicit this field access: position -> self.position
DEBUG: checking static call: this.emitToken
DEBUG:   type_definitions has this: false
DEBUG: Resolved 'this' to receiver 'self'
DEBUG: method call on identifier 'this', member 'emitToken'
DEBUG:   var type: Struct { name: "SeenLexer", fields: [("source", String), ("fileId", Integer), ("language", String), ("errorRecoveryMode", Boolean), ("keywordManager", Integer), ("position", Integer), ("line", Integer), ("column", Integer), ("tokens", Array(Integer))] }
DEBUG:   struct_name: SeenLexer
DEBUG:   type_definitions keys: ["Unit", "SeenTypeChecker", "AST", "Function", "Expression", "Statement", "Class", "Interface", "Type", "FunctionType", "ClassType", "InterfaceType", "Location", "TypeError", "Environment", "TypeInferenceResult", "TypeChecker", "ProgramNode", "ItemNode", "ImportSymbolNode", "FunctionNode", "ParamNode", "TypeNode", "BlockNode", "ClassNode", "ImportPathInfo", "RealParser", "TokenUtils", "SeenLexer", "LanguageConfig", "KeywordManager", "StringBuilder", "TokenType", "Token", "LexerError", "Position", "CommandResult", "BootstrapVerifier", "CompilerInfo", "VerificationResult", "StageArtifact", "BinaryComparison", "RemovalResult", "RustRemover", "BootstrapManager", "FrontendDiagnostic", "FrontendResult", "Duration", "File", "CString", "Result", "Option", "VecChunk", "VecSlot", "Vec", "HashEntry", "StringHashMap", "StringBuffer", "StdString", "TaskKind", "TaskHandle", "ScopeGuard", "Channel"]
DEBUG:   mangled to: SeenLexer_emitToken
DEBUG: checking static call: this.isDigit
DEBUG:   type_definitions has this: false
DEBUG: Resolved 'this' to receiver 'self'
DEBUG: method call on identifier 'this', member 'isDigit'
DEBUG:   var type: Struct { name: "SeenLexer", fields: [("source", String), ("fileId", Integer), ("language", String), ("errorRecoveryMode", Boolean), ("keywordManager", Integer), ("position", Integer), ("line", Integer), ("column", Integer), ("tokens", Array(Integer))] }
DEBUG:   struct_name: SeenLexer
DEBUG:   type_definitions keys: ["Unit", "SeenTypeChecker", "AST", "Function", "Expression", "Statement", "Class", "Interface", "Type", "FunctionType", "ClassType", "InterfaceType", "Location", "TypeError", "Environment", "TypeInferenceResult", "TypeChecker", "ProgramNode", "ItemNode", "ImportSymbolNode", "FunctionNode", "ParamNode", "TypeNode", "BlockNode", "ClassNode", "ImportPathInfo", "RealParser", "TokenUtils", "SeenLexer", "LanguageConfig", "KeywordManager", "StringBuilder", "TokenType", "Token", "LexerError", "Position", "CommandResult", "BootstrapVerifier", "CompilerInfo", "VerificationResult", "StageArtifact", "BinaryComparison", "RemovalResult", "RustRemover", "BootstrapManager", "FrontendDiagnostic", "FrontendResult", "Duration", "File", "CString", "Result", "Option", "VecChunk", "VecSlot", "Vec", "HashEntry", "StringHashMap", "StringBuffer", "StdString", "TaskKind", "TaskHandle", "ScopeGuard", "Channel"]
DEBUG:   mangled to: SeenLexer_isDigit
DEBUG: implicit this field access: position -> self.position
DEBUG: checking static call: this.getCurrentChar
DEBUG:   type_definitions has this: false
DEBUG: Resolved 'this' to receiver 'self'
DEBUG: method call on identifier 'this', member 'getCurrentChar'
DEBUG:   var type: Struct { name: "SeenLexer", fields: [("source", String), ("fileId", Integer), ("language", String), ("errorRecoveryMode", Boolean), ("keywordManager", Integer), ("position", Integer), ("line", Integer), ("column", Integer), ("tokens", Array(Integer))] }
DEBUG:   struct_name: SeenLexer
DEBUG:   type_definitions keys: ["Unit", "SeenTypeChecker", "AST", "Function", "Expression", "Statement", "Class", "Interface", "Type", "FunctionType", "ClassType", "InterfaceType", "Location", "TypeError", "Environment", "TypeInferenceResult", "TypeChecker", "ProgramNode", "ItemNode", "ImportSymbolNode", "FunctionNode", "ParamNode", "TypeNode", "BlockNode", "ClassNode", "ImportPathInfo", "RealParser", "TokenUtils", "SeenLexer", "LanguageConfig", "KeywordManager", "StringBuilder", "TokenType", "Token", "LexerError", "Position", "CommandResult", "BootstrapVerifier", "CompilerInfo", "VerificationResult", "StageArtifact", "BinaryComparison", "RemovalResult", "RustRemover", "BootstrapManager", "FrontendDiagnostic", "FrontendResult", "Duration", "File", "CString", "Result", "Option", "VecChunk", "VecSlot", "Vec", "HashEntry", "StringHashMap", "StringBuffer", "StdString", "TaskKind", "TaskHandle", "ScopeGuard", "Channel"]
DEBUG:   mangled to: SeenLexer_getCurrentChar
DEBUG: checking static call: this.advance
DEBUG:   type_definitions has this: false
DEBUG: Resolved 'this' to receiver 'self'
DEBUG: method call on identifier 'this', member 'advance'
DEBUG:   var type: Struct { name: "SeenLexer", fields: [("source", String), ("fileId", Integer), ("language", String), ("errorRecoveryMode", Boolean), ("keywordManager", Integer), ("position", Integer), ("line", Integer), ("column", Integer), ("tokens", Array(Integer))] }
DEBUG:   struct_name: SeenLexer
DEBUG:   type_definitions keys: ["Unit", "SeenTypeChecker", "AST", "Function", "Expression", "Statement", "Class", "Interface", "Type", "FunctionType", "ClassType", "InterfaceType", "Location", "TypeError", "Environment", "TypeInferenceResult", "TypeChecker", "ProgramNode", "ItemNode", "ImportSymbolNode", "FunctionNode", "ParamNode", "TypeNode", "BlockNode", "ClassNode", "ImportPathInfo", "RealParser", "TokenUtils", "SeenLexer", "LanguageConfig", "KeywordManager", "StringBuilder", "TokenType", "Token", "LexerError", "Position", "CommandResult", "BootstrapVerifier", "CompilerInfo", "VerificationResult", "StageArtifact", "BinaryComparison", "RemovalResult", "RustRemover", "BootstrapManager", "FrontendDiagnostic", "FrontendResult", "Duration", "File", "CString", "Result", "Option", "VecChunk", "VecSlot", "Vec", "HashEntry", "StringHashMap", "StringBuffer", "StdString", "TaskKind", "TaskHandle", "ScopeGuard", "Channel"]
DEBUG:   mangled to: SeenLexer_advance
DEBUG: checking static call: this.getCurrentChar
DEBUG:   type_definitions has this: false
DEBUG: Resolved 'this' to receiver 'self'
DEBUG: method call on identifier 'this', member 'getCurrentChar'
DEBUG:   var type: Struct { name: "SeenLexer", fields: [("source", String), ("fileId", Integer), ("language", String), ("errorRecoveryMode", Boolean), ("keywordManager", Integer), ("position", Integer), ("line", Integer), ("column", Integer), ("tokens", Array(Integer))] }
DEBUG:   struct_name: SeenLexer
DEBUG:   type_definitions keys: ["Unit", "SeenTypeChecker", "AST", "Function", "Expression", "Statement", "Class", "Interface", "Type", "FunctionType", "ClassType", "InterfaceType", "Location", "TypeError", "Environment", "TypeInferenceResult", "TypeChecker", "ProgramNode", "ItemNode", "ImportSymbolNode", "FunctionNode", "ParamNode", "TypeNode", "BlockNode", "ClassNode", "ImportPathInfo", "RealParser", "TokenUtils", "SeenLexer", "LanguageConfig", "KeywordManager", "StringBuilder", "TokenType", "Token", "LexerError", "Position", "CommandResult", "BootstrapVerifier", "CompilerInfo", "VerificationResult", "StageArtifact", "BinaryComparison", "RemovalResult", "RustRemover", "BootstrapManager", "FrontendDiagnostic", "FrontendResult", "Duration", "File", "CString", "Result", "Option", "VecChunk", "VecSlot", "Vec", "HashEntry", "StringHashMap", "StringBuffer", "StdString", "TaskKind", "TaskHandle", "ScopeGuard", "Channel"]
DEBUG:   mangled to: SeenLexer_getCurrentChar
DEBUG: checking static call: this.isAlphaNumeric
DEBUG:   type_definitions has this: false
DEBUG: Resolved 'this' to receiver 'self'
DEBUG: method call on identifier 'this', member 'isAlphaNumeric'
DEBUG:   var type: Struct { name: "SeenLexer", fields: [("source", String), ("fileId", Integer), ("language", String), ("errorRecoveryMode", Boolean), ("keywordManager", Integer), ("position", Integer), ("line", Integer), ("column", Integer), ("tokens", Array(Integer))] }
DEBUG:   struct_name: SeenLexer
DEBUG:   type_definitions keys: ["Unit", "SeenTypeChecker", "AST", "Function", "Expression", "Statement", "Class", "Interface", "Type", "FunctionType", "ClassType", "InterfaceType", "Location", "TypeError", "Environment", "TypeInferenceResult", "TypeChecker", "ProgramNode", "ItemNode", "ImportSymbolNode", "FunctionNode", "ParamNode", "TypeNode", "BlockNode", "ClassNode", "ImportPathInfo", "RealParser", "TokenUtils", "SeenLexer", "LanguageConfig", "KeywordManager", "StringBuilder", "TokenType", "Token", "LexerError", "Position", "CommandResult", "BootstrapVerifier", "CompilerInfo", "VerificationResult", "StageArtifact", "BinaryComparison", "RemovalResult", "RustRemover", "BootstrapManager", "FrontendDiagnostic", "FrontendResult", "Duration", "File", "CString", "Result", "Option", "VecChunk", "VecSlot", "Vec", "HashEntry", "StringHashMap", "StringBuffer", "StdString", "TaskKind", "TaskHandle", "ScopeGuard", "Channel"]
DEBUG:   mangled to: SeenLexer_isAlphaNumeric
DEBUG: checking static call: this.getCurrentChar
DEBUG:   type_definitions has this: false
DEBUG: Resolved 'this' to receiver 'self'
DEBUG: method call on identifier 'this', member 'getCurrentChar'
DEBUG:   var type: Struct { name: "SeenLexer", fields: [("source", String), ("fileId", Integer), ("language", String), ("errorRecoveryMode", Boolean), ("keywordManager", Integer), ("position", Integer), ("line", Integer), ("column", Integer), ("tokens", Array(Integer))] }
DEBUG:   struct_name: SeenLexer
DEBUG:   type_definitions keys: ["Unit", "SeenTypeChecker", "AST", "Function", "Expression", "Statement", "Class", "Interface", "Type", "FunctionType", "ClassType", "InterfaceType", "Location", "TypeError", "Environment", "TypeInferenceResult", "TypeChecker", "ProgramNode", "ItemNode", "ImportSymbolNode", "FunctionNode", "ParamNode", "TypeNode", "BlockNode", "ClassNode", "ImportPathInfo", "RealParser", "TokenUtils", "SeenLexer", "LanguageConfig", "KeywordManager", "StringBuilder", "TokenType", "Token", "LexerError", "Position", "CommandResult", "BootstrapVerifier", "CompilerInfo", "VerificationResult", "StageArtifact", "BinaryComparison", "RemovalResult", "RustRemover", "BootstrapManager", "FrontendDiagnostic", "FrontendResult", "Duration", "File", "CString", "Result", "Option", "VecChunk", "VecSlot", "Vec", "HashEntry", "StringHashMap", "StringBuffer", "StdString", "TaskKind", "TaskHandle", "ScopeGuard", "Channel"]
DEBUG:   mangled to: SeenLexer_getCurrentChar
DEBUG: checking static call: this.getCurrentChar
DEBUG:   type_definitions has this: false
DEBUG: Resolved 'this' to receiver 'self'
DEBUG: method call on identifier 'this', member 'getCurrentChar'
DEBUG:   var type: Struct { name: "SeenLexer", fields: [("source", String), ("fileId", Integer), ("language", String), ("errorRecoveryMode", Boolean), ("keywordManager", Integer), ("position", Integer), ("line", Integer), ("column", Integer), ("tokens", Array(Integer))] }
DEBUG:   struct_name: SeenLexer
DEBUG:   type_definitions keys: ["Unit", "SeenTypeChecker", "AST", "Function", "Expression", "Statement", "Class", "Interface", "Type", "FunctionType", "ClassType", "InterfaceType", "Location", "TypeError", "Environment", "TypeInferenceResult", "TypeChecker", "ProgramNode", "ItemNode", "ImportSymbolNode", "FunctionNode", "ParamNode", "TypeNode", "BlockNode", "ClassNode", "ImportPathInfo", "RealParser", "TokenUtils", "SeenLexer", "LanguageConfig", "KeywordManager", "StringBuilder", "TokenType", "Token", "LexerError", "Position", "CommandResult", "BootstrapVerifier", "CompilerInfo", "VerificationResult", "StageArtifact", "BinaryComparison", "RemovalResult", "RustRemover", "BootstrapManager", "FrontendDiagnostic", "FrontendResult", "Duration", "File", "CString", "Result", "Option", "VecChunk", "VecSlot", "Vec", "HashEntry", "StringHashMap", "StringBuffer", "StdString", "TaskKind", "TaskHandle", "ScopeGuard", "Channel"]
DEBUG:   mangled to: SeenLexer_getCurrentChar
DEBUG: checking static call: this.advance
DEBUG:   type_definitions has this: false
DEBUG: Resolved 'this' to receiver 'self'
DEBUG: method call on identifier 'this', member 'advance'
DEBUG:   var type: Struct { name: "SeenLexer", fields: [("source", String), ("fileId", Integer), ("language", String), ("errorRecoveryMode", Boolean), ("keywordManager", Integer), ("position", Integer), ("line", Integer), ("column", Integer), ("tokens", Array(Integer))] }
DEBUG:   struct_name: SeenLexer
DEBUG:   type_definitions keys: ["Unit", "SeenTypeChecker", "AST", "Function", "Expression", "Statement", "Class", "Interface", "Type", "FunctionType", "ClassType", "InterfaceType", "Location", "TypeError", "Environment", "TypeInferenceResult", "TypeChecker", "ProgramNode", "ItemNode", "ImportSymbolNode", "FunctionNode", "ParamNode", "TypeNode", "BlockNode", "ClassNode", "ImportPathInfo", "RealParser", "TokenUtils", "SeenLexer", "LanguageConfig", "KeywordManager", "StringBuilder", "TokenType", "Token", "LexerError", "Position", "CommandResult", "BootstrapVerifier", "CompilerInfo", "VerificationResult", "StageArtifact", "BinaryComparison", "RemovalResult", "RustRemover", "BootstrapManager", "FrontendDiagnostic", "FrontendResult", "Duration", "File", "CString", "Result", "Option", "VecChunk", "VecSlot", "Vec", "HashEntry", "StringHashMap", "StringBuffer", "StdString", "TaskKind", "TaskHandle", "ScopeGuard", "Channel"]
DEBUG:   mangled to: SeenLexer_advance
DEBUG: implicit this field access: position -> self.position
DEBUG: checking static call: keywordManager.getKeywordType
DEBUG:   type_definitions has keywordManager: false
DEBUG: implicit this field access: keywordManager -> self.keywordManager
DEBUG: method call on identifier 'keywordManager', member 'getKeywordType'
DEBUG:   no var type found, using raw member
DEBUG: checking static call: this.emitToken
DEBUG:   type_definitions has this: false
DEBUG: Resolved 'this' to receiver 'self'
DEBUG: method call on identifier 'this', member 'emitToken'
DEBUG:   var type: Struct { name: "SeenLexer", fields: [("source", String), ("fileId", Integer), ("language", String), ("errorRecoveryMode", Boolean), ("keywordManager", Integer), ("position", Integer), ("line", Integer), ("column", Integer), ("tokens", Array(Integer))] }
DEBUG:   struct_name: SeenLexer
DEBUG:   type_definitions keys: ["Unit", "SeenTypeChecker", "AST", "Function", "Expression", "Statement", "Class", "Interface", "Type", "FunctionType", "ClassType", "InterfaceType", "Location", "TypeError", "Environment", "TypeInferenceResult", "TypeChecker", "ProgramNode", "ItemNode", "ImportSymbolNode", "FunctionNode", "ParamNode", "TypeNode", "BlockNode", "ClassNode", "ImportPathInfo", "RealParser", "TokenUtils", "SeenLexer", "LanguageConfig", "KeywordManager", "StringBuilder", "TokenType", "Token", "LexerError", "Position", "CommandResult", "BootstrapVerifier", "CompilerInfo", "VerificationResult", "StageArtifact", "BinaryComparison", "RemovalResult", "RustRemover", "BootstrapManager", "FrontendDiagnostic", "FrontendResult", "Duration", "File", "CString", "Result", "Option", "VecChunk", "VecSlot", "Vec", "HashEntry", "StringHashMap", "StringBuffer", "StdString", "TaskKind", "TaskHandle", "ScopeGuard", "Channel"]
DEBUG:   mangled to: SeenLexer_emitToken
DEBUG: checking static call: this.emitToken
DEBUG:   type_definitions has this: false
DEBUG: Resolved 'this' to receiver 'self'
DEBUG: method call on identifier 'this', member 'emitToken'
DEBUG:   var type: Struct { name: "SeenLexer", fields: [("source", String), ("fileId", Integer), ("language", String), ("errorRecoveryMode", Boolean), ("keywordManager", Integer), ("position", Integer), ("line", Integer), ("column", Integer), ("tokens", Array(Integer))] }
DEBUG:   struct_name: SeenLexer
DEBUG:   type_definitions keys: ["Unit", "SeenTypeChecker", "AST", "Function", "Expression", "Statement", "Class", "Interface", "Type", "FunctionType", "ClassType", "InterfaceType", "Location", "TypeError", "Environment", "TypeInferenceResult", "TypeChecker", "ProgramNode", "ItemNode", "ImportSymbolNode", "FunctionNode", "ParamNode", "TypeNode", "BlockNode", "ClassNode", "ImportPathInfo", "RealParser", "TokenUtils", "SeenLexer", "LanguageConfig", "KeywordManager", "StringBuilder", "TokenType", "Token", "LexerError", "Position", "CommandResult", "BootstrapVerifier", "CompilerInfo", "VerificationResult", "StageArtifact", "BinaryComparison", "RemovalResult", "RustRemover", "BootstrapManager", "FrontendDiagnostic", "FrontendResult", "Duration", "File", "CString", "Result", "Option", "VecChunk", "VecSlot", "Vec", "HashEntry", "StringHashMap", "StringBuffer", "StdString", "TaskKind", "TaskHandle", "ScopeGuard", "Channel"]
DEBUG:   mangled to: SeenLexer_emitToken
DEBUG: checking static call: this.getCurrentChar
DEBUG:   type_definitions has this: false
DEBUG: Resolved 'this' to receiver 'self'
DEBUG: method call on identifier 'this', member 'getCurrentChar'
DEBUG:   var type: Struct { name: "SeenLexer", fields: [("source", String), ("fileId", Integer), ("language", String), ("errorRecoveryMode", Boolean), ("keywordManager", Integer), ("position", Integer), ("line", Integer), ("column", Integer), ("tokens", Array(Integer))] }
DEBUG:   struct_name: SeenLexer
DEBUG:   type_definitions keys: ["Unit", "SeenTypeChecker", "AST", "Function", "Expression", "Statement", "Class", "Interface", "Type", "FunctionType", "ClassType", "InterfaceType", "Location", "TypeError", "Environment", "TypeInferenceResult", "TypeChecker", "ProgramNode", "ItemNode", "ImportSymbolNode", "FunctionNode", "ParamNode", "TypeNode", "BlockNode", "ClassNode", "ImportPathInfo", "RealParser", "TokenUtils", "SeenLexer", "LanguageConfig", "KeywordManager", "StringBuilder", "TokenType", "Token", "LexerError", "Position", "CommandResult", "BootstrapVerifier", "CompilerInfo", "VerificationResult", "StageArtifact", "BinaryComparison", "RemovalResult", "RustRemover", "BootstrapManager", "FrontendDiagnostic", "FrontendResult", "Duration", "File", "CString", "Result", "Option", "VecChunk", "VecSlot", "Vec", "HashEntry", "StringHashMap", "StringBuffer", "StdString", "TaskKind", "TaskHandle", "ScopeGuard", "Channel"]
DEBUG:   mangled to: SeenLexer_getCurrentChar
DEBUG: checking static call: this.peekChar
DEBUG:   type_definitions has this: false
DEBUG: Resolved 'this' to receiver 'self'
DEBUG: method call on identifier 'this', member 'peekChar'
DEBUG:   var type: Struct { name: "SeenLexer", fields: [("source", String), ("fileId", Integer), ("language", String), ("errorRecoveryMode", Boolean), ("keywordManager", Integer), ("position", Integer), ("line", Integer), ("column", Integer), ("tokens", Array(Integer))] }
DEBUG:   struct_name: SeenLexer
DEBUG:   type_definitions keys: ["Unit", "SeenTypeChecker", "AST", "Function", "Expression", "Statement", "Class", "Interface", "Type", "FunctionType", "ClassType", "InterfaceType", "Location", "TypeError", "Environment", "TypeInferenceResult", "TypeChecker", "ProgramNode", "ItemNode", "ImportSymbolNode", "FunctionNode", "ParamNode", "TypeNode", "BlockNode", "ClassNode", "ImportPathInfo", "RealParser", "TokenUtils", "SeenLexer", "LanguageConfig", "KeywordManager", "StringBuilder", "TokenType", "Token", "LexerError", "Position", "CommandResult", "BootstrapVerifier", "CompilerInfo", "VerificationResult", "StageArtifact", "BinaryComparison", "RemovalResult", "RustRemover", "BootstrapManager", "FrontendDiagnostic", "FrontendResult", "Duration", "File", "CString", "Result", "Option", "VecChunk", "VecSlot", "Vec", "HashEntry", "StringHashMap", "StringBuffer", "StdString", "TaskKind", "TaskHandle", "ScopeGuard", "Channel"]
DEBUG:   mangled to: SeenLexer_peekChar
DEBUG: checking static call: this.getTwoCharOperatorType
DEBUG:   type_definitions has this: false
DEBUG: Resolved 'this' to receiver 'self'
DEBUG: method call on identifier 'this', member 'getTwoCharOperatorType'
DEBUG:   var type: Struct { name: "SeenLexer", fields: [("source", String), ("fileId", Integer), ("language", String), ("errorRecoveryMode", Boolean), ("keywordManager", Integer), ("position", Integer), ("line", Integer), ("column", Integer), ("tokens", Array(Integer))] }
DEBUG:   struct_name: SeenLexer
DEBUG:   type_definitions keys: ["Unit", "SeenTypeChecker", "AST", "Function", "Expression", "Statement", "Class", "Interface", "Type", "FunctionType", "ClassType", "InterfaceType", "Location", "TypeError", "Environment", "TypeInferenceResult", "TypeChecker", "ProgramNode", "ItemNode", "ImportSymbolNode", "FunctionNode", "ParamNode", "TypeNode", "BlockNode", "ClassNode", "ImportPathInfo", "RealParser", "TokenUtils", "SeenLexer", "LanguageConfig", "KeywordManager", "StringBuilder", "TokenType", "Token", "LexerError", "Position", "CommandResult", "BootstrapVerifier", "CompilerInfo", "VerificationResult", "StageArtifact", "BinaryComparison", "RemovalResult", "RustRemover", "BootstrapManager", "FrontendDiagnostic", "FrontendResult", "Duration", "File", "CString", "Result", "Option", "VecChunk", "VecSlot", "Vec", "HashEntry", "StringHashMap", "StringBuffer", "StdString", "TaskKind", "TaskHandle", "ScopeGuard", "Channel"]
DEBUG:   mangled to: SeenLexer_getTwoCharOperatorType
DEBUG: checking static call: this.advance
DEBUG:   type_definitions has this: false
DEBUG: Resolved 'this' to receiver 'self'
DEBUG: method call on identifier 'this', member 'advance'
DEBUG:   var type: Struct { name: "SeenLexer", fields: [("source", String), ("fileId", Integer), ("language", String), ("errorRecoveryMode", Boolean), ("keywordManager", Integer), ("position", Integer), ("line", Integer), ("column", Integer), ("tokens", Array(Integer))] }
DEBUG:   struct_name: SeenLexer
DEBUG:   type_definitions keys: ["Unit", "SeenTypeChecker", "AST", "Function", "Expression", "Statement", "Class", "Interface", "Type", "FunctionType", "ClassType", "InterfaceType", "Location", "TypeError", "Environment", "TypeInferenceResult", "TypeChecker", "ProgramNode", "ItemNode", "ImportSymbolNode", "FunctionNode", "ParamNode", "TypeNode", "BlockNode", "ClassNode", "ImportPathInfo", "RealParser", "TokenUtils", "SeenLexer", "LanguageConfig", "KeywordManager", "StringBuilder", "TokenType", "Token", "LexerError", "Position", "CommandResult", "BootstrapVerifier", "CompilerInfo", "VerificationResult", "StageArtifact", "BinaryComparison", "RemovalResult", "RustRemover", "BootstrapManager", "FrontendDiagnostic", "FrontendResult", "Duration", "File", "CString", "Result", "Option", "VecChunk", "VecSlot", "Vec", "HashEntry", "StringHashMap", "StringBuffer", "StdString", "TaskKind", "TaskHandle", "ScopeGuard", "Channel"]
DEBUG:   mangled to: SeenLexer_advance
DEBUG: checking static call: this.advance
DEBUG:   type_definitions has this: false
DEBUG: Resolved 'this' to receiver 'self'
DEBUG: method call on identifier 'this', member 'advance'
DEBUG:   var type: Struct { name: "SeenLexer", fields: [("source", String), ("fileId", Integer), ("language", String), ("errorRecoveryMode", Boolean), ("keywordManager", Integer), ("position", Integer), ("line", Integer), ("column", Integer), ("tokens", Array(Integer))] }
DEBUG:   struct_name: SeenLexer
DEBUG:   type_definitions keys: ["Unit", "SeenTypeChecker", "AST", "Function", "Expression", "Statement", "Class", "Interface", "Type", "FunctionType", "ClassType", "InterfaceType", "Location", "TypeError", "Environment", "TypeInferenceResult", "TypeChecker", "ProgramNode", "ItemNode", "ImportSymbolNode", "FunctionNode", "ParamNode", "TypeNode", "BlockNode", "ClassNode", "ImportPathInfo", "RealParser", "TokenUtils", "SeenLexer", "LanguageConfig", "KeywordManager", "StringBuilder", "TokenType", "Token", "LexerError", "Position", "CommandResult", "BootstrapVerifier", "CompilerInfo", "VerificationResult", "StageArtifact", "BinaryComparison", "RemovalResult", "RustRemover", "BootstrapManager", "FrontendDiagnostic", "FrontendResult", "Duration", "File", "CString", "Result", "Option", "VecChunk", "VecSlot", "Vec", "HashEntry", "StringHashMap", "StringBuffer", "StdString", "TaskKind", "TaskHandle", "ScopeGuard", "Channel"]
DEBUG:   mangled to: SeenLexer_advance
DEBUG: checking static call: this.emitToken
DEBUG:   type_definitions has this: false
DEBUG: Resolved 'this' to receiver 'self'
DEBUG: method call on identifier 'this', member 'emitToken'
DEBUG:   var type: Struct { name: "SeenLexer", fields: [("source", String), ("fileId", Integer), ("language", String), ("errorRecoveryMode", Boolean), ("keywordManager", Integer), ("position", Integer), ("line", Integer), ("column", Integer), ("tokens", Array(Integer))] }
DEBUG:   struct_name: SeenLexer
DEBUG:   type_definitions keys: ["Unit", "SeenTypeChecker", "AST", "Function", "Expression", "Statement", "Class", "Interface", "Type", "FunctionType", "ClassType", "InterfaceType", "Location", "TypeError", "Environment", "TypeInferenceResult", "TypeChecker", "ProgramNode", "ItemNode", "ImportSymbolNode", "FunctionNode", "ParamNode", "TypeNode", "BlockNode", "ClassNode", "ImportPathInfo", "RealParser", "TokenUtils", "SeenLexer", "LanguageConfig", "KeywordManager", "StringBuilder", "TokenType", "Token", "LexerError", "Position", "CommandResult", "BootstrapVerifier", "CompilerInfo", "VerificationResult", "StageArtifact", "BinaryComparison", "RemovalResult", "RustRemover", "BootstrapManager", "FrontendDiagnostic", "FrontendResult", "Duration", "File", "CString", "Result", "Option", "VecChunk", "VecSlot", "Vec", "HashEntry", "StringHashMap", "StringBuffer", "StdString", "TaskKind", "TaskHandle", "ScopeGuard", "Channel"]
DEBUG:   mangled to: SeenLexer_emitToken
DEBUG: checking static call: this.getSingleCharOperatorType
DEBUG:   type_definitions has this: false
DEBUG: Resolved 'this' to receiver 'self'
DEBUG: method call on identifier 'this', member 'getSingleCharOperatorType'
DEBUG:   var type: Struct { name: "SeenLexer", fields: [("source", String), ("fileId", Integer), ("language", String), ("errorRecoveryMode", Boolean), ("keywordManager", Integer), ("position", Integer), ("line", Integer), ("column", Integer), ("tokens", Array(Integer))] }
DEBUG:   struct_name: SeenLexer
DEBUG:   type_definitions keys: ["Unit", "SeenTypeChecker", "AST", "Function", "Expression", "Statement", "Class", "Interface", "Type", "FunctionType", "ClassType", "InterfaceType", "Location", "TypeError", "Environment", "TypeInferenceResult", "TypeChecker", "ProgramNode", "ItemNode", "ImportSymbolNode", "FunctionNode", "ParamNode", "TypeNode", "BlockNode", "ClassNode", "ImportPathInfo", "RealParser", "TokenUtils", "SeenLexer", "LanguageConfig", "KeywordManager", "StringBuilder", "TokenType", "Token", "LexerError", "Position", "CommandResult", "BootstrapVerifier", "CompilerInfo", "VerificationResult", "StageArtifact", "BinaryComparison", "RemovalResult", "RustRemover", "BootstrapManager", "FrontendDiagnostic", "FrontendResult", "Duration", "File", "CString", "Result", "Option", "VecChunk", "VecSlot", "Vec", "HashEntry", "StringHashMap", "StringBuffer", "StdString", "TaskKind", "TaskHandle", "ScopeGuard", "Channel"]
DEBUG:   mangled to: SeenLexer_getSingleCharOperatorType
DEBUG: checking static call: this.advance
DEBUG:   type_definitions has this: false
DEBUG: Resolved 'this' to receiver 'self'
DEBUG: method call on identifier 'this', member 'advance'
DEBUG:   var type: Struct { name: "SeenLexer", fields: [("source", String), ("fileId", Integer), ("language", String), ("errorRecoveryMode", Boolean), ("keywordManager", Integer), ("position", Integer), ("line", Integer), ("column", Integer), ("tokens", Array(Integer))] }
DEBUG:   struct_name: SeenLexer
DEBUG:   type_definitions keys: ["Unit", "SeenTypeChecker", "AST", "Function", "Expression", "Statement", "Class", "Interface", "Type", "FunctionType", "ClassType", "InterfaceType", "Location", "TypeError", "Environment", "TypeInferenceResult", "TypeChecker", "ProgramNode", "ItemNode", "ImportSymbolNode", "FunctionNode", "ParamNode", "TypeNode", "BlockNode", "ClassNode", "ImportPathInfo", "RealParser", "TokenUtils", "SeenLexer", "LanguageConfig", "KeywordManager", "StringBuilder", "TokenType", "Token", "LexerError", "Position", "CommandResult", "BootstrapVerifier", "CompilerInfo", "VerificationResult", "StageArtifact", "BinaryComparison", "RemovalResult", "RustRemover", "BootstrapManager", "FrontendDiagnostic", "FrontendResult", "Duration", "File", "CString", "Result", "Option", "VecChunk", "VecSlot", "Vec", "HashEntry", "StringHashMap", "StringBuffer", "StdString", "TaskKind", "TaskHandle", "ScopeGuard", "Channel"]
DEBUG:   mangled to: SeenLexer_advance
DEBUG: checking static call: this.emitToken
DEBUG:   type_definitions has this: false
DEBUG: Resolved 'this' to receiver 'self'
DEBUG: method call on identifier 'this', member 'emitToken'
DEBUG:   var type: Struct { name: "SeenLexer", fields: [("source", String), ("fileId", Integer), ("language", String), ("errorRecoveryMode", Boolean), ("keywordManager", Integer), ("position", Integer), ("line", Integer), ("column", Integer), ("tokens", Array(Integer))] }
DEBUG:   struct_name: SeenLexer
DEBUG:   type_definitions keys: ["Unit", "SeenTypeChecker", "AST", "Function", "Expression", "Statement", "Class", "Interface", "Type", "FunctionType", "ClassType", "InterfaceType", "Location", "TypeError", "Environment", "TypeInferenceResult", "TypeChecker", "ProgramNode", "ItemNode", "ImportSymbolNode", "FunctionNode", "ParamNode", "TypeNode", "BlockNode", "ClassNode", "ImportPathInfo", "RealParser", "TokenUtils", "SeenLexer", "LanguageConfig", "KeywordManager", "StringBuilder", "TokenType", "Token", "LexerError", "Position", "CommandResult", "BootstrapVerifier", "CompilerInfo", "VerificationResult", "StageArtifact", "BinaryComparison", "RemovalResult", "RustRemover", "BootstrapManager", "FrontendDiagnostic", "FrontendResult", "Duration", "File", "CString", "Result", "Option", "VecChunk", "VecSlot", "Vec", "HashEntry", "StringHashMap", "StringBuffer", "StdString", "TaskKind", "TaskHandle", "ScopeGuard", "Channel"]
DEBUG:   mangled to: SeenLexer_emitToken
DEBUG: checking static call: this.getCurrentChar
DEBUG:   type_definitions has this: false
DEBUG: Resolved 'this' to receiver 'self'
DEBUG: method call on identifier 'this', member 'getCurrentChar'
DEBUG:   var type: Struct { name: "SeenLexer", fields: [("source", String), ("fileId", Integer), ("language", String), ("errorRecoveryMode", Boolean), ("keywordManager", Integer), ("position", Integer), ("line", Integer), ("column", Integer), ("tokens", Array(Integer))] }
DEBUG:   struct_name: SeenLexer
DEBUG:   type_definitions keys: ["Unit", "SeenTypeChecker", "AST", "Function", "Expression", "Statement", "Class", "Interface", "Type", "FunctionType", "ClassType", "InterfaceType", "Location", "TypeError", "Environment", "TypeInferenceResult", "TypeChecker", "ProgramNode", "ItemNode", "ImportSymbolNode", "FunctionNode", "ParamNode", "TypeNode", "BlockNode", "ClassNode", "ImportPathInfo", "RealParser", "TokenUtils", "SeenLexer", "LanguageConfig", "KeywordManager", "StringBuilder", "TokenType", "Token", "LexerError", "Position", "CommandResult", "BootstrapVerifier", "CompilerInfo", "VerificationResult", "StageArtifact", "BinaryComparison", "RemovalResult", "RustRemover", "BootstrapManager", "FrontendDiagnostic", "FrontendResult", "Duration", "File", "CString", "Result", "Option", "VecChunk", "VecSlot", "Vec", "HashEntry", "StringHashMap", "StringBuffer", "StdString", "TaskKind", "TaskHandle", "ScopeGuard", "Channel"]
DEBUG:   mangled to: SeenLexer_getCurrentChar
DEBUG: checking static call: this.getSingleCharTokenType
DEBUG:   type_definitions has this: false
DEBUG: Resolved 'this' to receiver 'self'
DEBUG: method call on identifier 'this', member 'getSingleCharTokenType'
DEBUG:   var type: Struct { name: "SeenLexer", fields: [("source", String), ("fileId", Integer), ("language", String), ("errorRecoveryMode", Boolean), ("keywordManager", Integer), ("position", Integer), ("line", Integer), ("column", Integer), ("tokens", Array(Integer))] }
DEBUG:   struct_name: SeenLexer
DEBUG:   type_definitions keys: ["Unit", "SeenTypeChecker", "AST", "Function", "Expression", "Statement", "Class", "Interface", "Type", "FunctionType", "ClassType", "InterfaceType", "Location", "TypeError", "Environment", "TypeInferenceResult", "TypeChecker", "ProgramNode", "ItemNode", "ImportSymbolNode", "FunctionNode", "ParamNode", "TypeNode", "BlockNode", "ClassNode", "ImportPathInfo", "RealParser", "TokenUtils", "SeenLexer", "LanguageConfig", "KeywordManager", "StringBuilder", "TokenType", "Token", "LexerError", "Position", "CommandResult", "BootstrapVerifier", "CompilerInfo", "VerificationResult", "StageArtifact", "BinaryComparison", "RemovalResult", "RustRemover", "BootstrapManager", "FrontendDiagnostic", "FrontendResult", "Duration", "File", "CString", "Result", "Option", "VecChunk", "VecSlot", "Vec", "HashEntry", "StringHashMap", "StringBuffer", "StdString", "TaskKind", "TaskHandle", "ScopeGuard", "Channel"]
DEBUG:   mangled to: SeenLexer_getSingleCharTokenType
DEBUG: checking static call: this.advance
DEBUG:   type_definitions has this: false
DEBUG: Resolved 'this' to receiver 'self'
DEBUG: method call on identifier 'this', member 'advance'
DEBUG:   var type: Struct { name: "SeenLexer", fields: [("source", String), ("fileId", Integer), ("language", String), ("errorRecoveryMode", Boolean), ("keywordManager", Integer), ("position", Integer), ("line", Integer), ("column", Integer), ("tokens", Array(Integer))] }
DEBUG:   struct_name: SeenLexer
DEBUG:   type_definitions keys: ["Unit", "SeenTypeChecker", "AST", "Function", "Expression", "Statement", "Class", "Interface", "Type", "FunctionType", "ClassType", "InterfaceType", "Location", "TypeError", "Environment", "TypeInferenceResult", "TypeChecker", "ProgramNode", "ItemNode", "ImportSymbolNode", "FunctionNode", "ParamNode", "TypeNode", "BlockNode", "ClassNode", "ImportPathInfo", "RealParser", "TokenUtils", "SeenLexer", "LanguageConfig", "KeywordManager", "StringBuilder", "TokenType", "Token", "LexerError", "Position", "CommandResult", "BootstrapVerifier", "CompilerInfo", "VerificationResult", "StageArtifact", "BinaryComparison", "RemovalResult", "RustRemover", "BootstrapManager", "FrontendDiagnostic", "FrontendResult", "Duration", "File", "CString", "Result", "Option", "VecChunk", "VecSlot", "Vec", "HashEntry", "StringHashMap", "StringBuffer", "StdString", "TaskKind", "TaskHandle", "ScopeGuard", "Channel"]
DEBUG:   mangled to: SeenLexer_advance
DEBUG: checking static call: this.emitToken
DEBUG:   type_definitions has this: false
DEBUG: Resolved 'this' to receiver 'self'
DEBUG: method call on identifier 'this', member 'emitToken'
DEBUG:   var type: Struct { name: "SeenLexer", fields: [("source", String), ("fileId", Integer), ("language", String), ("errorRecoveryMode", Boolean), ("keywordManager", Integer), ("position", Integer), ("line", Integer), ("column", Integer), ("tokens", Array(Integer))] }
DEBUG:   struct_name: SeenLexer
DEBUG:   type_definitions keys: ["Unit", "SeenTypeChecker", "AST", "Function", "Expression", "Statement", "Class", "Interface", "Type", "FunctionType", "ClassType", "InterfaceType", "Location", "TypeError", "Environment", "TypeInferenceResult", "TypeChecker", "ProgramNode", "ItemNode", "ImportSymbolNode", "FunctionNode", "ParamNode", "TypeNode", "BlockNode", "ClassNode", "ImportPathInfo", "RealParser", "TokenUtils", "SeenLexer", "LanguageConfig", "KeywordManager", "StringBuilder", "TokenType", "Token", "LexerError", "Position", "CommandResult", "BootstrapVerifier", "CompilerInfo", "VerificationResult", "StageArtifact", "BinaryComparison", "RemovalResult", "RustRemover", "BootstrapManager", "FrontendDiagnostic", "FrontendResult", "Duration", "File", "CString", "Result", "Option", "VecChunk", "VecSlot", "Vec", "HashEntry", "StringHashMap", "StringBuffer", "StdString", "TaskKind", "TaskHandle", "ScopeGuard", "Channel"]
DEBUG:   mangled to: SeenLexer_emitToken
DEBUG: checking static call: km.loadFromToml
DEBUG:   type_definitions has km: false
DEBUG: method call on identifier 'km', member 'loadFromToml'
DEBUG:   var type: Struct { name: "KeywordManager", fields: [("language", Generic("Unresolved")), ("keywords", Generic("Unresolved")), ("sources", Generic("Unresolved"))] }
DEBUG:   struct_name: KeywordManager
DEBUG:   type_definitions keys: ["Unit", "SeenTypeChecker", "AST", "Function", "Expression", "Statement", "Class", "Interface", "Type", "FunctionType", "ClassType", "InterfaceType", "Location", "TypeError", "Environment", "TypeInferenceResult", "TypeChecker", "ProgramNode", "ItemNode", "ImportSymbolNode", "FunctionNode", "ParamNode", "TypeNode", "BlockNode", "ClassNode", "ImportPathInfo", "RealParser", "TokenUtils", "SeenLexer", "LanguageConfig", "KeywordManager", "StringBuilder", "TokenType", "Token", "LexerError", "Position", "CommandResult", "BootstrapVerifier", "CompilerInfo", "VerificationResult", "StageArtifact", "BinaryComparison", "RemovalResult", "RustRemover", "BootstrapManager", "FrontendDiagnostic", "FrontendResult", "Duration", "File", "CString", "Result", "Option", "VecChunk", "VecSlot", "Vec", "HashEntry", "StringHashMap", "StringBuffer", "StdString", "TaskKind", "TaskHandle", "ScopeGuard", "Channel"]
DEBUG:   mangled to: KeywordManager_loadFromToml
DEBUG: checking static call: sources.push
DEBUG:   type_definitions has sources: false
DEBUG: implicit this field access: sources -> self.sources
DEBUG: method call on identifier 'sources', member 'push'
DEBUG:   no var type found, using raw member
DEBUG: implicit this field access: language -> self.language
DEBUG: checking static call: this.loadEnglishKeywords
DEBUG:   type_definitions has this: false
DEBUG: Resolved 'this' to receiver 'self'
DEBUG: method call on identifier 'this', member 'loadEnglishKeywords'
DEBUG:   var type: Struct { name: "KeywordManager", fields: [("language", String), ("keywords", Integer), ("sources", Array(String))] }
DEBUG:   struct_name: KeywordManager
DEBUG:   type_definitions keys: ["Unit", "SeenTypeChecker", "AST", "Function", "Expression", "Statement", "Class", "Interface", "Type", "FunctionType", "ClassType", "InterfaceType", "Location", "TypeError", "Environment", "TypeInferenceResult", "TypeChecker", "ProgramNode", "ItemNode", "ImportSymbolNode", "FunctionNode", "ParamNode", "TypeNode", "BlockNode", "ClassNode", "ImportPathInfo", "RealParser", "TokenUtils", "SeenLexer", "LanguageConfig", "KeywordManager", "StringBuilder", "TokenType", "Token", "LexerError", "Position", "CommandResult", "BootstrapVerifier", "CompilerInfo", "VerificationResult", "StageArtifact", "BinaryComparison", "RemovalResult", "RustRemover", "BootstrapManager", "FrontendDiagnostic", "FrontendResult", "Duration", "File", "CString", "Result", "Option", "VecChunk", "VecSlot", "Vec", "HashEntry", "StringHashMap", "StringBuffer", "StdString", "TaskKind", "TaskHandle", "ScopeGuard", "Channel"]
DEBUG:   mangled to: KeywordManager_loadEnglishKeywords
DEBUG: implicit this field access: language -> self.language
DEBUG: checking static call: this.loadArabicKeywords
DEBUG:   type_definitions has this: false
DEBUG: Resolved 'this' to receiver 'self'
DEBUG: method call on identifier 'this', member 'loadArabicKeywords'
DEBUG:   var type: Struct { name: "KeywordManager", fields: [("language", String), ("keywords", Integer), ("sources", Array(String))] }
DEBUG:   struct_name: KeywordManager
DEBUG:   type_definitions keys: ["Unit", "SeenTypeChecker", "AST", "Function", "Expression", "Statement", "Class", "Interface", "Type", "FunctionType", "ClassType", "InterfaceType", "Location", "TypeError", "Environment", "TypeInferenceResult", "TypeChecker", "ProgramNode", "ItemNode", "ImportSymbolNode", "FunctionNode", "ParamNode", "TypeNode", "BlockNode", "ClassNode", "ImportPathInfo", "RealParser", "TokenUtils", "SeenLexer", "LanguageConfig", "KeywordManager", "StringBuilder", "TokenType", "Token", "LexerError", "Position", "CommandResult", "BootstrapVerifier", "CompilerInfo", "VerificationResult", "StageArtifact", "BinaryComparison", "RemovalResult", "RustRemover", "BootstrapManager", "FrontendDiagnostic", "FrontendResult", "Duration", "File", "CString", "Result", "Option", "VecChunk", "VecSlot", "Vec", "HashEntry", "StringHashMap", "StringBuffer", "StdString", "TaskKind", "TaskHandle", "ScopeGuard", "Channel"]
DEBUG:   mangled to: KeywordManager_loadArabicKeywords
DEBUG: implicit this field access: language -> self.language
DEBUG: checking static call: this.loadSpanishKeywords
DEBUG:   type_definitions has this: false
DEBUG: Resolved 'this' to receiver 'self'
DEBUG: method call on identifier 'this', member 'loadSpanishKeywords'
DEBUG:   var type: Struct { name: "KeywordManager", fields: [("language", String), ("keywords", Integer), ("sources", Array(String))] }
DEBUG:   struct_name: KeywordManager
DEBUG:   type_definitions keys: ["Unit", "SeenTypeChecker", "AST", "Function", "Expression", "Statement", "Class", "Interface", "Type", "FunctionType", "ClassType", "InterfaceType", "Location", "TypeError", "Environment", "TypeInferenceResult", "TypeChecker", "ProgramNode", "ItemNode", "ImportSymbolNode", "FunctionNode", "ParamNode", "TypeNode", "BlockNode", "ClassNode", "ImportPathInfo", "RealParser", "TokenUtils", "SeenLexer", "LanguageConfig", "KeywordManager", "StringBuilder", "TokenType", "Token", "LexerError", "Position", "CommandResult", "BootstrapVerifier", "CompilerInfo", "VerificationResult", "StageArtifact", "BinaryComparison", "RemovalResult", "RustRemover", "BootstrapManager", "FrontendDiagnostic", "FrontendResult", "Duration", "File", "CString", "Result", "Option", "VecChunk", "VecSlot", "Vec", "HashEntry", "StringHashMap", "StringBuffer", "StdString", "TaskKind", "TaskHandle", "ScopeGuard", "Channel"]
DEBUG:   mangled to: KeywordManager_loadSpanishKeywords
DEBUG: implicit this field access: language -> self.language
DEBUG: checking static call: this.loadFrenchKeywords
DEBUG:   type_definitions has this: false
DEBUG: Resolved 'this' to receiver 'self'
DEBUG: method call on identifier 'this', member 'loadFrenchKeywords'
DEBUG:   var type: Struct { name: "KeywordManager", fields: [("language", String), ("keywords", Integer), ("sources", Array(String))] }
DEBUG:   struct_name: KeywordManager
DEBUG:   type_definitions keys: ["Unit", "SeenTypeChecker", "AST", "Function", "Expression", "Statement", "Class", "Interface", "Type", "FunctionType", "ClassType", "InterfaceType", "Location", "TypeError", "Environment", "TypeInferenceResult", "TypeChecker", "ProgramNode", "ItemNode", "ImportSymbolNode", "FunctionNode", "ParamNode", "TypeNode", "BlockNode", "ClassNode", "ImportPathInfo", "RealParser", "TokenUtils", "SeenLexer", "LanguageConfig", "KeywordManager", "StringBuilder", "TokenType", "Token", "LexerError", "Position", "CommandResult", "BootstrapVerifier", "CompilerInfo", "VerificationResult", "StageArtifact", "BinaryComparison", "RemovalResult", "RustRemover", "BootstrapManager", "FrontendDiagnostic", "FrontendResult", "Duration", "File", "CString", "Result", "Option", "VecChunk", "VecSlot", "Vec", "HashEntry", "StringHashMap", "StringBuffer", "StdString", "TaskKind", "TaskHandle", "ScopeGuard", "Channel"]
DEBUG:   mangled to: KeywordManager_loadFrenchKeywords
DEBUG: implicit this field access: language -> self.language
DEBUG: checking static call: this.loadGermanKeywords
DEBUG:   type_definitions has this: false
DEBUG: Resolved 'this' to receiver 'self'
DEBUG: method call on identifier 'this', member 'loadGermanKeywords'
DEBUG:   var type: Struct { name: "KeywordManager", fields: [("language", String), ("keywords", Integer), ("sources", Array(String))] }
DEBUG:   struct_name: KeywordManager
DEBUG:   type_definitions keys: ["Unit", "SeenTypeChecker", "AST", "Function", "Expression", "Statement", "Class", "Interface", "Type", "FunctionType", "ClassType", "InterfaceType", "Location", "TypeError", "Environment", "TypeInferenceResult", "TypeChecker", "ProgramNode", "ItemNode", "ImportSymbolNode", "FunctionNode", "ParamNode", "TypeNode", "BlockNode", "ClassNode", "ImportPathInfo", "RealParser", "TokenUtils", "SeenLexer", "LanguageConfig", "KeywordManager", "StringBuilder", "TokenType", "Token", "LexerError", "Position", "CommandResult", "BootstrapVerifier", "CompilerInfo", "VerificationResult", "StageArtifact", "BinaryComparison", "RemovalResult", "RustRemover", "BootstrapManager", "FrontendDiagnostic", "FrontendResult", "Duration", "File", "CString", "Result", "Option", "VecChunk", "VecSlot", "Vec", "HashEntry", "StringHashMap", "StringBuffer", "StdString", "TaskKind", "TaskHandle", "ScopeGuard", "Channel"]
DEBUG:   mangled to: KeywordManager_loadGermanKeywords
DEBUG: implicit this field access: language -> self.language
DEBUG: checking static call: this.loadChineseKeywords
DEBUG:   type_definitions has this: false
DEBUG: Resolved 'this' to receiver 'self'
DEBUG: method call on identifier 'this', member 'loadChineseKeywords'
DEBUG:   var type: Struct { name: "KeywordManager", fields: [("language", String), ("keywords", Integer), ("sources", Array(String))] }
DEBUG:   struct_name: KeywordManager
DEBUG:   type_definitions keys: ["Unit", "SeenTypeChecker", "AST", "Function", "Expression", "Statement", "Class", "Interface", "Type", "FunctionType", "ClassType", "InterfaceType", "Location", "TypeError", "Environment", "TypeInferenceResult", "TypeChecker", "ProgramNode", "ItemNode", "ImportSymbolNode", "FunctionNode", "ParamNode", "TypeNode", "BlockNode", "ClassNode", "ImportPathInfo", "RealParser", "TokenUtils", "SeenLexer", "LanguageConfig", "KeywordManager", "StringBuilder", "TokenType", "Token", "LexerError", "Position", "CommandResult", "BootstrapVerifier", "CompilerInfo", "VerificationResult", "StageArtifact", "BinaryComparison", "RemovalResult", "RustRemover", "BootstrapManager", "FrontendDiagnostic", "FrontendResult", "Duration", "File", "CString", "Result", "Option", "VecChunk", "VecSlot", "Vec", "HashEntry", "StringHashMap", "StringBuffer", "StdString", "TaskKind", "TaskHandle", "ScopeGuard", "Channel"]
DEBUG:   mangled to: KeywordManager_loadChineseKeywords
DEBUG: implicit this field access: language -> self.language
DEBUG: checking static call: this.loadJapaneseKeywords
DEBUG:   type_definitions has this: false
DEBUG: Resolved 'this' to receiver 'self'
DEBUG: method call on identifier 'this', member 'loadJapaneseKeywords'
DEBUG:   var type: Struct { name: "KeywordManager", fields: [("language", String), ("keywords", Integer), ("sources", Array(String))] }
DEBUG:   struct_name: KeywordManager
DEBUG:   type_definitions keys: ["Unit", "SeenTypeChecker", "AST", "Function", "Expression", "Statement", "Class", "Interface", "Type", "FunctionType", "ClassType", "InterfaceType", "Location", "TypeError", "Environment", "TypeInferenceResult", "TypeChecker", "ProgramNode", "ItemNode", "ImportSymbolNode", "FunctionNode", "ParamNode", "TypeNode", "BlockNode", "ClassNode", "ImportPathInfo", "RealParser", "TokenUtils", "SeenLexer", "LanguageConfig", "KeywordManager", "StringBuilder", "TokenType", "Token", "LexerError", "Position", "CommandResult", "BootstrapVerifier", "CompilerInfo", "VerificationResult", "StageArtifact", "BinaryComparison", "RemovalResult", "RustRemover", "BootstrapManager", "FrontendDiagnostic", "FrontendResult", "Duration", "File", "CString", "Result", "Option", "VecChunk", "VecSlot", "Vec", "HashEntry", "StringHashMap", "StringBuffer", "StdString", "TaskKind", "TaskHandle", "ScopeGuard", "Channel"]
DEBUG:   mangled to: KeywordManager_loadJapaneseKeywords
DEBUG: implicit this field access: language -> self.language
DEBUG: checking static call: this.loadPortugueseKeywords
DEBUG:   type_definitions has this: false
DEBUG: Resolved 'this' to receiver 'self'
DEBUG: method call on identifier 'this', member 'loadPortugueseKeywords'
DEBUG:   var type: Struct { name: "KeywordManager", fields: [("language", String), ("keywords", Integer), ("sources", Array(String))] }
DEBUG:   struct_name: KeywordManager
DEBUG:   type_definitions keys: ["Unit", "SeenTypeChecker", "AST", "Function", "Expression", "Statement", "Class", "Interface", "Type", "FunctionType", "ClassType", "InterfaceType", "Location", "TypeError", "Environment", "TypeInferenceResult", "TypeChecker", "ProgramNode", "ItemNode", "ImportSymbolNode", "FunctionNode", "ParamNode", "TypeNode", "BlockNode", "ClassNode", "ImportPathInfo", "RealParser", "TokenUtils", "SeenLexer", "LanguageConfig", "KeywordManager", "StringBuilder", "TokenType", "Token", "LexerError", "Position", "CommandResult", "BootstrapVerifier", "CompilerInfo", "VerificationResult", "StageArtifact", "BinaryComparison", "RemovalResult", "RustRemover", "BootstrapManager", "FrontendDiagnostic", "FrontendResult", "Duration", "File", "CString", "Result", "Option", "VecChunk", "VecSlot", "Vec", "HashEntry", "StringHashMap", "StringBuffer", "StdString", "TaskKind", "TaskHandle", "ScopeGuard", "Channel"]
DEBUG:   mangled to: KeywordManager_loadPortugueseKeywords
DEBUG: implicit this field access: language -> self.language
DEBUG: checking static call: this.loadRussianKeywords
DEBUG:   type_definitions has this: false
DEBUG: Resolved 'this' to receiver 'self'
DEBUG: method call on identifier 'this', member 'loadRussianKeywords'
DEBUG:   var type: Struct { name: "KeywordManager", fields: [("language", String), ("keywords", Integer), ("sources", Array(String))] }
DEBUG:   struct_name: KeywordManager
DEBUG:   type_definitions keys: ["Unit", "SeenTypeChecker", "AST", "Function", "Expression", "Statement", "Class", "Interface", "Type", "FunctionType", "ClassType", "InterfaceType", "Location", "TypeError", "Environment", "TypeInferenceResult", "TypeChecker", "ProgramNode", "ItemNode", "ImportSymbolNode", "FunctionNode", "ParamNode", "TypeNode", "BlockNode", "ClassNode", "ImportPathInfo", "RealParser", "TokenUtils", "SeenLexer", "LanguageConfig", "KeywordManager", "StringBuilder", "TokenType", "Token", "LexerError", "Position", "CommandResult", "BootstrapVerifier", "CompilerInfo", "VerificationResult", "StageArtifact", "BinaryComparison", "RemovalResult", "RustRemover", "BootstrapManager", "FrontendDiagnostic", "FrontendResult", "Duration", "File", "CString", "Result", "Option", "VecChunk", "VecSlot", "Vec", "HashEntry", "StringHashMap", "StringBuffer", "StdString", "TaskKind", "TaskHandle", "ScopeGuard", "Channel"]
DEBUG:   mangled to: KeywordManager_loadRussianKeywords
DEBUG: implicit this field access: language -> self.language
DEBUG: checking static call: this.loadHindiKeywords
DEBUG:   type_definitions has this: false
DEBUG: Resolved 'this' to receiver 'self'
DEBUG: method call on identifier 'this', member 'loadHindiKeywords'
DEBUG:   var type: Struct { name: "KeywordManager", fields: [("language", String), ("keywords", Integer), ("sources", Array(String))] }
DEBUG:   struct_name: KeywordManager
DEBUG:   type_definitions keys: ["Unit", "SeenTypeChecker", "AST", "Function", "Expression", "Statement", "Class", "Interface", "Type", "FunctionType", "ClassType", "InterfaceType", "Location", "TypeError", "Environment", "TypeInferenceResult", "TypeChecker", "ProgramNode", "ItemNode", "ImportSymbolNode", "FunctionNode", "ParamNode", "TypeNode", "BlockNode", "ClassNode", "ImportPathInfo", "RealParser", "TokenUtils", "SeenLexer", "LanguageConfig", "KeywordManager", "StringBuilder", "TokenType", "Token", "LexerError", "Position", "CommandResult", "BootstrapVerifier", "CompilerInfo", "VerificationResult", "StageArtifact", "BinaryComparison", "RemovalResult", "RustRemover", "BootstrapManager", "FrontendDiagnostic", "FrontendResult", "Duration", "File", "CString", "Result", "Option", "VecChunk", "VecSlot", "Vec", "HashEntry", "StringHashMap", "StringBuffer", "StdString", "TaskKind", "TaskHandle", "ScopeGuard", "Channel"]
DEBUG:   mangled to: KeywordManager_loadHindiKeywords
DEBUG: implicit this call: loadEnglishKeywords -> KeywordManager_loadEnglishKeywords (receiver: self)
DEBUG: checking static call: keywords.containsKey
DEBUG:   type_definitions has keywords: false
DEBUG: implicit this field access: keywords -> self.keywords
DEBUG: method call on identifier 'keywords', member 'containsKey'
DEBUG:   no var type found, using raw member
DEBUG: checking static call: keywords.get
DEBUG:   type_definitions has keywords: false
DEBUG: implicit this field access: keywords -> self.keywords
DEBUG: method call on identifier 'keywords', member 'get'
DEBUG:   no var type found, using raw member
DEBUG: checking static call: keywords.keys
DEBUG:   type_definitions has keywords: false
DEBUG: implicit this field access: keywords -> self.keywords
DEBUG: method call on identifier 'keywords', member 'keys'
DEBUG:   no var type found, using raw member
DEBUG: implicit this field access: sources -> self.sources
DEBUG: checking static call: keywords.size
DEBUG:   type_definitions has keywords: false
DEBUG: implicit this field access: keywords -> self.keywords
DEBUG: implicit this call: getEnglishKeywordType -> KeywordManager_getEnglishKeywordType (receiver: self)
DEBUG: checking static call: keywords.containsValue
DEBUG:   type_definitions has keywords: false
DEBUG: implicit this field access: keywords -> self.keywords
DEBUG: method call on identifier 'keywords', member 'containsValue'
DEBUG:   no var type found, using raw member
DEBUG: checking static call: keywords.put
DEBUG:   type_definitions has keywords: false
DEBUG: implicit this field access: keywords -> self.keywords
DEBUG: method call on identifier 'keywords', member 'put'
DEBUG:   no var type found, using raw member
DEBUG: checking static call: keywords.put
DEBUG:   type_definitions has keywords: false
DEBUG: implicit this field access: keywords -> self.keywords
DEBUG: method call on identifier 'keywords', member 'put'
DEBUG:   no var type found, using raw member
DEBUG: checking static call: keywords.put
DEBUG:   type_definitions has keywords: false
DEBUG: implicit this field access: keywords -> self.keywords
DEBUG: method call on identifier 'keywords', member 'put'
DEBUG:   no var type found, using raw member
DEBUG: checking static call: keywords.put
DEBUG:   type_definitions has keywords: false
DEBUG: implicit this field access: keywords -> self.keywords
DEBUG: method call on identifier 'keywords', member 'put'
DEBUG:   no var type found, using raw member
DEBUG: checking static call: keywords.put
DEBUG:   type_definitions has keywords: false
DEBUG: implicit this field access: keywords -> self.keywords
DEBUG: method call on identifier 'keywords', member 'put'
DEBUG:   no var type found, using raw member
DEBUG: checking static call: keywords.put
DEBUG:   type_definitions has keywords: false
DEBUG: implicit this field access: keywords -> self.keywords
DEBUG: method call on identifier 'keywords', member 'put'
DEBUG:   no var type found, using raw member
DEBUG: checking static call: keywords.put
DEBUG:   type_definitions has keywords: false
DEBUG: implicit this field access: keywords -> self.keywords
DEBUG: method call on identifier 'keywords', member 'put'
DEBUG:   no var type found, using raw member
DEBUG: checking static call: keywords.put
DEBUG:   type_definitions has keywords: false
DEBUG: implicit this field access: keywords -> self.keywords
DEBUG: method call on identifier 'keywords', member 'put'
DEBUG:   no var type found, using raw member
DEBUG: checking static call: keywords.put
DEBUG:   type_definitions has keywords: false
DEBUG: implicit this field access: keywords -> self.keywords
DEBUG: method call on identifier 'keywords', member 'put'
DEBUG:   no var type found, using raw member
DEBUG: checking static call: keywords.put
DEBUG:   type_definitions has keywords: false
DEBUG: implicit this field access: keywords -> self.keywords
DEBUG: method call on identifier 'keywords', member 'put'
DEBUG:   no var type found, using raw member
DEBUG: checking static call: keywords.put
DEBUG:   type_definitions has keywords: false
DEBUG: implicit this field access: keywords -> self.keywords
DEBUG: method call on identifier 'keywords', member 'put'
DEBUG:   no var type found, using raw member
DEBUG: checking static call: keywords.put
DEBUG:   type_definitions has keywords: false
DEBUG: implicit this field access: keywords -> self.keywords
DEBUG: method call on identifier 'keywords', member 'put'
DEBUG:   no var type found, using raw member
DEBUG: checking static call: keywords.put
DEBUG:   type_definitions has keywords: false
DEBUG: implicit this field access: keywords -> self.keywords
DEBUG: method call on identifier 'keywords', member 'put'
DEBUG:   no var type found, using raw member
DEBUG: checking static call: keywords.put
DEBUG:   type_definitions has keywords: false
DEBUG: implicit this field access: keywords -> self.keywords
DEBUG: method call on identifier 'keywords', member 'put'
DEBUG:   no var type found, using raw member
DEBUG: checking static call: keywords.put
DEBUG:   type_definitions has keywords: false
DEBUG: implicit this field access: keywords -> self.keywords
DEBUG: method call on identifier 'keywords', member 'put'
DEBUG:   no var type found, using raw member
DEBUG: checking static call: keywords.put
DEBUG:   type_definitions has keywords: false
DEBUG: implicit this field access: keywords -> self.keywords
DEBUG: method call on identifier 'keywords', member 'put'
DEBUG:   no var type found, using raw member
DEBUG: checking static call: keywords.put
DEBUG:   type_definitions has keywords: false
DEBUG: implicit this field access: keywords -> self.keywords
DEBUG: method call on identifier 'keywords', member 'put'
DEBUG:   no var type found, using raw member
DEBUG: checking static call: keywords.put
DEBUG:   type_definitions has keywords: false
DEBUG: implicit this field access: keywords -> self.keywords
DEBUG: method call on identifier 'keywords', member 'put'
DEBUG:   no var type found, using raw member
DEBUG: checking static call: keywords.put
DEBUG:   type_definitions has keywords: false
DEBUG: implicit this field access: keywords -> self.keywords
DEBUG: method call on identifier 'keywords', member 'put'
DEBUG:   no var type found, using raw member
DEBUG: checking static call: keywords.put
DEBUG:   type_definitions has keywords: false
DEBUG: implicit this field access: keywords -> self.keywords
DEBUG: method call on identifier 'keywords', member 'put'
DEBUG:   no var type found, using raw member
DEBUG: checking static call: keywords.put
DEBUG:   type_definitions has keywords: false
DEBUG: implicit this field access: keywords -> self.keywords
DEBUG: method call on identifier 'keywords', member 'put'
DEBUG:   no var type found, using raw member
DEBUG: checking static call: keywords.put
DEBUG:   type_definitions has keywords: false
DEBUG: implicit this field access: keywords -> self.keywords
DEBUG: method call on identifier 'keywords', member 'put'
DEBUG:   no var type found, using raw member
DEBUG: checking static call: keywords.put
DEBUG:   type_definitions has keywords: false
DEBUG: implicit this field access: keywords -> self.keywords
DEBUG: method call on identifier 'keywords', member 'put'
DEBUG:   no var type found, using raw member
DEBUG: checking static call: keywords.put
DEBUG:   type_definitions has keywords: false
DEBUG: implicit this field access: keywords -> self.keywords
DEBUG: method call on identifier 'keywords', member 'put'
DEBUG:   no var type found, using raw member
DEBUG: checking static call: keywords.put
DEBUG:   type_definitions has keywords: false
DEBUG: implicit this field access: keywords -> self.keywords
DEBUG: method call on identifier 'keywords', member 'put'
DEBUG:   no var type found, using raw member
DEBUG: checking static call: keywords.put
DEBUG:   type_definitions has keywords: false
DEBUG: implicit this field access: keywords -> self.keywords
DEBUG: method call on identifier 'keywords', member 'put'
DEBUG:   no var type found, using raw member
DEBUG: checking static call: keywords.put
DEBUG:   type_definitions has keywords: false
DEBUG: implicit this field access: keywords -> self.keywords
DEBUG: method call on identifier 'keywords', member 'put'
DEBUG:   no var type found, using raw member
DEBUG: checking static call: keywords.put
DEBUG:   type_definitions has keywords: false
DEBUG: implicit this field access: keywords -> self.keywords
DEBUG: method call on identifier 'keywords', member 'put'
DEBUG:   no var type found, using raw member
DEBUG: checking static call: keywords.put
DEBUG:   type_definitions has keywords: false
DEBUG: implicit this field access: keywords -> self.keywords
DEBUG: method call on identifier 'keywords', member 'put'
DEBUG:   no var type found, using raw member
DEBUG: checking static call: keywords.put
DEBUG:   type_definitions has keywords: false
DEBUG: implicit this field access: keywords -> self.keywords
DEBUG: method call on identifier 'keywords', member 'put'
DEBUG:   no var type found, using raw member
DEBUG: checking static call: keywords.put
DEBUG:   type_definitions has keywords: false
DEBUG: implicit this field access: keywords -> self.keywords
DEBUG: method call on identifier 'keywords', member 'put'
DEBUG:   no var type found, using raw member
DEBUG: checking static call: keywords.put
DEBUG:   type_definitions has keywords: false
DEBUG: implicit this field access: keywords -> self.keywords
DEBUG: method call on identifier 'keywords', member 'put'
DEBUG:   no var type found, using raw member
DEBUG: checking static call: keywords.put
DEBUG:   type_definitions has keywords: false
DEBUG: implicit this field access: keywords -> self.keywords
DEBUG: method call on identifier 'keywords', member 'put'
DEBUG:   no var type found, using raw member
DEBUG: checking static call: keywords.put
DEBUG:   type_definitions has keywords: false
DEBUG: implicit this field access: keywords -> self.keywords
DEBUG: method call on identifier 'keywords', member 'put'
DEBUG:   no var type found, using raw member
DEBUG: checking static call: keywords.put
DEBUG:   type_definitions has keywords: false
DEBUG: implicit this field access: keywords -> self.keywords
DEBUG: method call on identifier 'keywords', member 'put'
DEBUG:   no var type found, using raw member
DEBUG: checking static call: keywords.put
DEBUG:   type_definitions has keywords: false
DEBUG: implicit this field access: keywords -> self.keywords
DEBUG: method call on identifier 'keywords', member 'put'
DEBUG:   no var type found, using raw member
DEBUG: checking static call: keywords.put
DEBUG:   type_definitions has keywords: false
DEBUG: implicit this field access: keywords -> self.keywords
DEBUG: method call on identifier 'keywords', member 'put'
DEBUG:   no var type found, using raw member
DEBUG: checking static call: keywords.put
DEBUG:   type_definitions has keywords: false
DEBUG: implicit this field access: keywords -> self.keywords
DEBUG: method call on identifier 'keywords', member 'put'
DEBUG:   no var type found, using raw member
DEBUG: checking static call: keywords.put
DEBUG:   type_definitions has keywords: false
DEBUG: implicit this field access: keywords -> self.keywords
DEBUG: method call on identifier 'keywords', member 'put'
DEBUG:   no var type found, using raw member
DEBUG: checking static call: keywords.put
DEBUG:   type_definitions has keywords: false
DEBUG: implicit this field access: keywords -> self.keywords
DEBUG: method call on identifier 'keywords', member 'put'
DEBUG:   no var type found, using raw member
DEBUG: checking static call: keywords.put
DEBUG:   type_definitions has keywords: false
DEBUG: implicit this field access: keywords -> self.keywords
DEBUG: method call on identifier 'keywords', member 'put'
DEBUG:   no var type found, using raw member
DEBUG: checking static call: keywords.put
DEBUG:   type_definitions has keywords: false
DEBUG: implicit this field access: keywords -> self.keywords
DEBUG: method call on identifier 'keywords', member 'put'
DEBUG:   no var type found, using raw member
DEBUG: checking static call: keywords.put
DEBUG:   type_definitions has keywords: false
DEBUG: implicit this field access: keywords -> self.keywords
DEBUG: method call on identifier 'keywords', member 'put'
DEBUG:   no var type found, using raw member
DEBUG: checking static call: keywords.put
DEBUG:   type_definitions has keywords: false
DEBUG: implicit this field access: keywords -> self.keywords
DEBUG: method call on identifier 'keywords', member 'put'
DEBUG:   no var type found, using raw member
DEBUG: checking static call: keywords.put
DEBUG:   type_definitions has keywords: false
DEBUG: implicit this field access: keywords -> self.keywords
DEBUG: method call on identifier 'keywords', member 'put'
DEBUG:   no var type found, using raw member
DEBUG: checking static call: keywords.put
DEBUG:   type_definitions has keywords: false
DEBUG: implicit this field access: keywords -> self.keywords
DEBUG: method call on identifier 'keywords', member 'put'
DEBUG:   no var type found, using raw member
DEBUG: checking static call: keywords.put
DEBUG:   type_definitions has keywords: false
DEBUG: implicit this field access: keywords -> self.keywords
DEBUG: method call on identifier 'keywords', member 'put'
DEBUG:   no var type found, using raw member
DEBUG: checking static call: keywords.put
DEBUG:   type_definitions has keywords: false
DEBUG: implicit this field access: keywords -> self.keywords
DEBUG: method call on identifier 'keywords', member 'put'
DEBUG:   no var type found, using raw member
DEBUG: checking static call: keywords.put
DEBUG:   type_definitions has keywords: false
DEBUG: implicit this field access: keywords -> self.keywords
DEBUG: method call on identifier 'keywords', member 'put'
DEBUG:   no var type found, using raw member
DEBUG: checking static call: keywords.put
DEBUG:   type_definitions has keywords: false
DEBUG: implicit this field access: keywords -> self.keywords
DEBUG: method call on identifier 'keywords', member 'put'
DEBUG:   no var type found, using raw member
DEBUG: checking static call: keywords.put
DEBUG:   type_definitions has keywords: false
DEBUG: implicit this field access: keywords -> self.keywords
DEBUG: method call on identifier 'keywords', member 'put'
DEBUG:   no var type found, using raw member
DEBUG: checking static call: keywords.put
DEBUG:   type_definitions has keywords: false
DEBUG: implicit this field access: keywords -> self.keywords
DEBUG: method call on identifier 'keywords', member 'put'
DEBUG:   no var type found, using raw member
DEBUG: checking static call: keywords.put
DEBUG:   type_definitions has keywords: false
DEBUG: implicit this field access: keywords -> self.keywords
DEBUG: method call on identifier 'keywords', member 'put'
DEBUG:   no var type found, using raw member
DEBUG: checking static call: keywords.put
DEBUG:   type_definitions has keywords: false
DEBUG: implicit this field access: keywords -> self.keywords
DEBUG: method call on identifier 'keywords', member 'put'
DEBUG:   no var type found, using raw member
DEBUG: checking static call: keywords.put
DEBUG:   type_definitions has keywords: false
DEBUG: implicit this field access: keywords -> self.keywords
DEBUG: method call on identifier 'keywords', member 'put'
DEBUG:   no var type found, using raw member
DEBUG: checking static call: keywords.put
DEBUG:   type_definitions has keywords: false
DEBUG: implicit this field access: keywords -> self.keywords
DEBUG: method call on identifier 'keywords', member 'put'
DEBUG:   no var type found, using raw member
DEBUG: checking static call: keywords.put
DEBUG:   type_definitions has keywords: false
DEBUG: implicit this field access: keywords -> self.keywords
DEBUG: method call on identifier 'keywords', member 'put'
DEBUG:   no var type found, using raw member
DEBUG: checking static call: keywords.put
DEBUG:   type_definitions has keywords: false
DEBUG: implicit this field access: keywords -> self.keywords
DEBUG: method call on identifier 'keywords', member 'put'
DEBUG:   no var type found, using raw member
DEBUG: checking static call: keywords.put
DEBUG:   type_definitions has keywords: false
DEBUG: implicit this field access: keywords -> self.keywords
DEBUG: method call on identifier 'keywords', member 'put'
DEBUG:   no var type found, using raw member
DEBUG: checking static call: keywords.put
DEBUG:   type_definitions has keywords: false
DEBUG: implicit this field access: keywords -> self.keywords
DEBUG: method call on identifier 'keywords', member 'put'
DEBUG:   no var type found, using raw member
DEBUG: checking static call: keywords.put
DEBUG:   type_definitions has keywords: false
DEBUG: implicit this field access: keywords -> self.keywords
DEBUG: method call on identifier 'keywords', member 'put'
DEBUG:   no var type found, using raw member
DEBUG: checking static call: keywords.put
DEBUG:   type_definitions has keywords: false
DEBUG: implicit this field access: keywords -> self.keywords
DEBUG: method call on identifier 'keywords', member 'put'
DEBUG:   no var type found, using raw member
DEBUG: checking static call: keywords.put
DEBUG:   type_definitions has keywords: false
DEBUG: implicit this field access: keywords -> self.keywords
DEBUG: method call on identifier 'keywords', member 'put'
DEBUG:   no var type found, using raw member
DEBUG: checking static call: keywords.put
DEBUG:   type_definitions has keywords: false
DEBUG: implicit this field access: keywords -> self.keywords
DEBUG: method call on identifier 'keywords', member 'put'
DEBUG:   no var type found, using raw member
DEBUG: checking static call: keywords.put
DEBUG:   type_definitions has keywords: false
DEBUG: implicit this field access: keywords -> self.keywords
DEBUG: method call on identifier 'keywords', member 'put'
DEBUG:   no var type found, using raw member
DEBUG: checking static call: keywords.put
DEBUG:   type_definitions has keywords: false
DEBUG: implicit this field access: keywords -> self.keywords
DEBUG: method call on identifier 'keywords', member 'put'
DEBUG:   no var type found, using raw member
DEBUG: checking static call: keywords.put
DEBUG:   type_definitions has keywords: false
DEBUG: implicit this field access: keywords -> self.keywords
DEBUG: method call on identifier 'keywords', member 'put'
DEBUG:   no var type found, using raw member
DEBUG: checking static call: keywords.put
DEBUG:   type_definitions has keywords: false
DEBUG: implicit this field access: keywords -> self.keywords
DEBUG: method call on identifier 'keywords', member 'put'
DEBUG:   no var type found, using raw member
DEBUG: checking static call: keywords.put
DEBUG:   type_definitions has keywords: false
DEBUG: implicit this field access: keywords -> self.keywords
DEBUG: method call on identifier 'keywords', member 'put'
DEBUG:   no var type found, using raw member
DEBUG: checking static call: keywords.put
DEBUG:   type_definitions has keywords: false
DEBUG: implicit this field access: keywords -> self.keywords
DEBUG: method call on identifier 'keywords', member 'put'
DEBUG:   no var type found, using raw member
DEBUG: checking static call: keywords.put
DEBUG:   type_definitions has keywords: false
DEBUG: implicit this field access: keywords -> self.keywords
DEBUG: method call on identifier 'keywords', member 'put'
DEBUG:   no var type found, using raw member
DEBUG: checking static call: keywords.put
DEBUG:   type_definitions has keywords: false
DEBUG: implicit this field access: keywords -> self.keywords
DEBUG: method call on identifier 'keywords', member 'put'
DEBUG:   no var type found, using raw member
DEBUG: checking static call: keywords.put
DEBUG:   type_definitions has keywords: false
DEBUG: implicit this field access: keywords -> self.keywords
DEBUG: method call on identifier 'keywords', member 'put'
DEBUG:   no var type found, using raw member
DEBUG: checking static call: keywords.put
DEBUG:   type_definitions has keywords: false
DEBUG: implicit this field access: keywords -> self.keywords
DEBUG: method call on identifier 'keywords', member 'put'
DEBUG:   no var type found, using raw member
DEBUG: checking static call: keywords.put
DEBUG:   type_definitions has keywords: false
DEBUG: implicit this field access: keywords -> self.keywords
DEBUG: method call on identifier 'keywords', member 'put'
DEBUG:   no var type found, using raw member
DEBUG: checking static call: keywords.put
DEBUG:   type_definitions has keywords: false
DEBUG: implicit this field access: keywords -> self.keywords
DEBUG: method call on identifier 'keywords', member 'put'
DEBUG:   no var type found, using raw member
DEBUG: checking static call: keywords.put
DEBUG:   type_definitions has keywords: false
DEBUG: implicit this field access: keywords -> self.keywords
DEBUG: method call on identifier 'keywords', member 'put'
DEBUG:   no var type found, using raw member
DEBUG: checking static call: keywords.put
DEBUG:   type_definitions has keywords: false
DEBUG: implicit this field access: keywords -> self.keywords
DEBUG: method call on identifier 'keywords', member 'put'
DEBUG:   no var type found, using raw member
DEBUG: checking static call: keywords.put
DEBUG:   type_definitions has keywords: false
DEBUG: implicit this field access: keywords -> self.keywords
DEBUG: method call on identifier 'keywords', member 'put'
DEBUG:   no var type found, using raw member
DEBUG: checking static call: keywords.put
DEBUG:   type_definitions has keywords: false
DEBUG: implicit this field access: keywords -> self.keywords
DEBUG: method call on identifier 'keywords', member 'put'
DEBUG:   no var type found, using raw member
DEBUG: checking static call: keywords.put
DEBUG:   type_definitions has keywords: false
DEBUG: implicit this field access: keywords -> self.keywords
DEBUG: method call on identifier 'keywords', member 'put'
DEBUG:   no var type found, using raw member
DEBUG: checking static call: keywords.put
DEBUG:   type_definitions has keywords: false
DEBUG: implicit this field access: keywords -> self.keywords
DEBUG: method call on identifier 'keywords', member 'put'
DEBUG:   no var type found, using raw member
DEBUG: checking static call: keywords.put
DEBUG:   type_definitions has keywords: false
DEBUG: implicit this field access: keywords -> self.keywords
DEBUG: method call on identifier 'keywords', member 'put'
DEBUG:   no var type found, using raw member
DEBUG: checking static call: keywords.put
DEBUG:   type_definitions has keywords: false
DEBUG: implicit this field access: keywords -> self.keywords
DEBUG: method call on identifier 'keywords', member 'put'
DEBUG:   no var type found, using raw member
DEBUG: checking static call: keywords.put
DEBUG:   type_definitions has keywords: false
DEBUG: implicit this field access: keywords -> self.keywords
DEBUG: method call on identifier 'keywords', member 'put'
DEBUG:   no var type found, using raw member
DEBUG: checking static call: keywords.put
DEBUG:   type_definitions has keywords: false
DEBUG: implicit this field access: keywords -> self.keywords
DEBUG: method call on identifier 'keywords', member 'put'
DEBUG:   no var type found, using raw member
DEBUG: checking static call: keywords.put
DEBUG:   type_definitions has keywords: false
DEBUG: implicit this field access: keywords -> self.keywords
DEBUG: method call on identifier 'keywords', member 'put'
DEBUG:   no var type found, using raw member
DEBUG: checking static call: keywords.put
DEBUG:   type_definitions has keywords: false
DEBUG: implicit this field access: keywords -> self.keywords
DEBUG: method call on identifier 'keywords', member 'put'
DEBUG:   no var type found, using raw member
DEBUG: checking static call: keywords.put
DEBUG:   type_definitions has keywords: false
DEBUG: implicit this field access: keywords -> self.keywords
DEBUG: method call on identifier 'keywords', member 'put'
DEBUG:   no var type found, using raw member
DEBUG: checking static call: keywords.put
DEBUG:   type_definitions has keywords: false
DEBUG: implicit this field access: keywords -> self.keywords
DEBUG: method call on identifier 'keywords', member 'put'
DEBUG:   no var type found, using raw member
DEBUG: checking static call: keywords.put
DEBUG:   type_definitions has keywords: false
DEBUG: implicit this field access: keywords -> self.keywords
DEBUG: method call on identifier 'keywords', member 'put'
DEBUG:   no var type found, using raw member
DEBUG: checking static call: keywords.put
DEBUG:   type_definitions has keywords: false
DEBUG: implicit this field access: keywords -> self.keywords
DEBUG: method call on identifier 'keywords', member 'put'
DEBUG:   no var type found, using raw member
DEBUG: checking static call: keywords.put
DEBUG:   type_definitions has keywords: false
DEBUG: implicit this field access: keywords -> self.keywords
DEBUG: method call on identifier 'keywords', member 'put'
DEBUG:   no var type found, using raw member
DEBUG: checking static call: keywords.put
DEBUG:   type_definitions has keywords: false
DEBUG: implicit this field access: keywords -> self.keywords
DEBUG: method call on identifier 'keywords', member 'put'
DEBUG:   no var type found, using raw member
DEBUG: checking static call: keywords.put
DEBUG:   type_definitions has keywords: false
DEBUG: implicit this field access: keywords -> self.keywords
DEBUG: method call on identifier 'keywords', member 'put'
DEBUG:   no var type found, using raw member
DEBUG: checking static call: keywords.put
DEBUG:   type_definitions has keywords: false
DEBUG: implicit this field access: keywords -> self.keywords
DEBUG: method call on identifier 'keywords', member 'put'
DEBUG:   no var type found, using raw member
DEBUG: checking static call: keywords.put
DEBUG:   type_definitions has keywords: false
DEBUG: implicit this field access: keywords -> self.keywords
DEBUG: method call on identifier 'keywords', member 'put'
DEBUG:   no var type found, using raw member
DEBUG: checking static call: keywords.put
DEBUG:   type_definitions has keywords: false
DEBUG: implicit this field access: keywords -> self.keywords
DEBUG: method call on identifier 'keywords', member 'put'
DEBUG:   no var type found, using raw member
DEBUG: checking static call: keywords.put
DEBUG:   type_definitions has keywords: false
DEBUG: implicit this field access: keywords -> self.keywords
DEBUG: method call on identifier 'keywords', member 'put'
DEBUG:   no var type found, using raw member
DEBUG: checking static call: keywords.put
DEBUG:   type_definitions has keywords: false
DEBUG: implicit this field access: keywords -> self.keywords
DEBUG: method call on identifier 'keywords', member 'put'
DEBUG:   no var type found, using raw member
DEBUG: checking static call: keywords.put
DEBUG:   type_definitions has keywords: false
DEBUG: implicit this field access: keywords -> self.keywords
DEBUG: method call on identifier 'keywords', member 'put'
DEBUG:   no var type found, using raw member
DEBUG: checking static call: keywords.put
DEBUG:   type_definitions has keywords: false
DEBUG: implicit this field access: keywords -> self.keywords
DEBUG: method call on identifier 'keywords', member 'put'
DEBUG:   no var type found, using raw member
DEBUG: checking static call: keywords.put
DEBUG:   type_definitions has keywords: false
DEBUG: implicit this field access: keywords -> self.keywords
DEBUG: method call on identifier 'keywords', member 'put'
DEBUG:   no var type found, using raw member
DEBUG: checking static call: keywords.put
DEBUG:   type_definitions has keywords: false
DEBUG: implicit this field access: keywords -> self.keywords
DEBUG: method call on identifier 'keywords', member 'put'
DEBUG:   no var type found, using raw member
DEBUG: checking static call: keywords.put
DEBUG:   type_definitions has keywords: false
DEBUG: implicit this field access: keywords -> self.keywords
DEBUG: method call on identifier 'keywords', member 'put'
DEBUG:   no var type found, using raw member
DEBUG: checking static call: keywords.put
DEBUG:   type_definitions has keywords: false
DEBUG: implicit this field access: keywords -> self.keywords
DEBUG: method call on identifier 'keywords', member 'put'
DEBUG:   no var type found, using raw member
DEBUG: checking static call: keywords.put
DEBUG:   type_definitions has keywords: false
DEBUG: implicit this field access: keywords -> self.keywords
DEBUG: method call on identifier 'keywords', member 'put'
DEBUG:   no var type found, using raw member
DEBUG: checking static call: keywords.put
DEBUG:   type_definitions has keywords: false
DEBUG: implicit this field access: keywords -> self.keywords
DEBUG: method call on identifier 'keywords', member 'put'
DEBUG:   no var type found, using raw member
DEBUG: checking static call: keywords.put
DEBUG:   type_definitions has keywords: false
DEBUG: implicit this field access: keywords -> self.keywords
DEBUG: method call on identifier 'keywords', member 'put'
DEBUG:   no var type found, using raw member
DEBUG: checking static call: keywords.put
DEBUG:   type_definitions has keywords: false
DEBUG: implicit this field access: keywords -> self.keywords
DEBUG: method call on identifier 'keywords', member 'put'
DEBUG:   no var type found, using raw member
DEBUG: checking static call: keywords.put
DEBUG:   type_definitions has keywords: false
DEBUG: implicit this field access: keywords -> self.keywords
DEBUG: method call on identifier 'keywords', member 'put'
DEBUG:   no var type found, using raw member
DEBUG: checking static call: keywords.put
DEBUG:   type_definitions has keywords: false
DEBUG: implicit this field access: keywords -> self.keywords
DEBUG: method call on identifier 'keywords', member 'put'
DEBUG:   no var type found, using raw member
DEBUG: checking static call: keywords.put
DEBUG:   type_definitions has keywords: false
DEBUG: implicit this field access: keywords -> self.keywords
DEBUG: method call on identifier 'keywords', member 'put'
DEBUG:   no var type found, using raw member
DEBUG: checking static call: keywords.put
DEBUG:   type_definitions has keywords: false
DEBUG: implicit this field access: keywords -> self.keywords
DEBUG: method call on identifier 'keywords', member 'put'
DEBUG:   no var type found, using raw member
DEBUG: checking static call: keywords.put
DEBUG:   type_definitions has keywords: false
DEBUG: implicit this field access: keywords -> self.keywords
DEBUG: method call on identifier 'keywords', member 'put'
DEBUG:   no var type found, using raw member
DEBUG: checking static call: keywords.put
DEBUG:   type_definitions has keywords: false
DEBUG: implicit this field access: keywords -> self.keywords
DEBUG: method call on identifier 'keywords', member 'put'
DEBUG:   no var type found, using raw member
DEBUG: checking static call: keywords.put
DEBUG:   type_definitions has keywords: false
DEBUG: implicit this field access: keywords -> self.keywords
DEBUG: method call on identifier 'keywords', member 'put'
DEBUG:   no var type found, using raw member
DEBUG: checking static call: keywords.put
DEBUG:   type_definitions has keywords: false
DEBUG: implicit this field access: keywords -> self.keywords
DEBUG: method call on identifier 'keywords', member 'put'
DEBUG:   no var type found, using raw member
DEBUG: checking static call: keywords.put
DEBUG:   type_definitions has keywords: false
DEBUG: implicit this field access: keywords -> self.keywords
DEBUG: method call on identifier 'keywords', member 'put'
DEBUG:   no var type found, using raw member
DEBUG: checking static call: keywords.put
DEBUG:   type_definitions has keywords: false
DEBUG: implicit this field access: keywords -> self.keywords
DEBUG: method call on identifier 'keywords', member 'put'
DEBUG:   no var type found, using raw member
DEBUG: checking static call: keywords.put
DEBUG:   type_definitions has keywords: false
DEBUG: implicit this field access: keywords -> self.keywords
DEBUG: method call on identifier 'keywords', member 'put'
DEBUG:   no var type found, using raw member
DEBUG: checking static call: keywords.put
DEBUG:   type_definitions has keywords: false
DEBUG: implicit this field access: keywords -> self.keywords
DEBUG: method call on identifier 'keywords', member 'put'
DEBUG:   no var type found, using raw member
DEBUG: checking static call: keywords.put
DEBUG:   type_definitions has keywords: false
DEBUG: implicit this field access: keywords -> self.keywords
DEBUG: method call on identifier 'keywords', member 'put'
DEBUG:   no var type found, using raw member
DEBUG: checking static call: keywords.put
DEBUG:   type_definitions has keywords: false
DEBUG: implicit this field access: keywords -> self.keywords
DEBUG: method call on identifier 'keywords', member 'put'
DEBUG:   no var type found, using raw member
DEBUG: checking static call: keywords.put
DEBUG:   type_definitions has keywords: false
DEBUG: implicit this field access: keywords -> self.keywords
DEBUG: method call on identifier 'keywords', member 'put'
DEBUG:   no var type found, using raw member
DEBUG: checking static call: keywords.put
DEBUG:   type_definitions has keywords: false
DEBUG: implicit this field access: keywords -> self.keywords
DEBUG: method call on identifier 'keywords', member 'put'
DEBUG:   no var type found, using raw member
DEBUG: checking static call: keywords.put
DEBUG:   type_definitions has keywords: false
DEBUG: implicit this field access: keywords -> self.keywords
DEBUG: method call on identifier 'keywords', member 'put'
DEBUG:   no var type found, using raw member
DEBUG: checking static call: keywords.put
DEBUG:   type_definitions has keywords: false
DEBUG: implicit this field access: keywords -> self.keywords
DEBUG: method call on identifier 'keywords', member 'put'
DEBUG:   no var type found, using raw member
DEBUG: checking static call: keywords.put
DEBUG:   type_definitions has keywords: false
DEBUG: implicit this field access: keywords -> self.keywords
DEBUG: method call on identifier 'keywords', member 'put'
DEBUG:   no var type found, using raw member
DEBUG: checking static call: keywords.put
DEBUG:   type_definitions has keywords: false
DEBUG: implicit this field access: keywords -> self.keywords
DEBUG: method call on identifier 'keywords', member 'put'
DEBUG:   no var type found, using raw member
DEBUG: checking static call: keywords.put
DEBUG:   type_definitions has keywords: false
DEBUG: implicit this field access: keywords -> self.keywords
DEBUG: method call on identifier 'keywords', member 'put'
DEBUG:   no var type found, using raw member
DEBUG: checking static call: keywords.put
DEBUG:   type_definitions has keywords: false
DEBUG: implicit this field access: keywords -> self.keywords
DEBUG: method call on identifier 'keywords', member 'put'
DEBUG:   no var type found, using raw member
DEBUG: checking static call: keywords.put
DEBUG:   type_definitions has keywords: false
DEBUG: implicit this field access: keywords -> self.keywords
DEBUG: method call on identifier 'keywords', member 'put'
DEBUG:   no var type found, using raw member
DEBUG: checking static call: keywords.put
DEBUG:   type_definitions has keywords: false
DEBUG: implicit this field access: keywords -> self.keywords
DEBUG: method call on identifier 'keywords', member 'put'
DEBUG:   no var type found, using raw member
DEBUG: checking static call: keywords.put
DEBUG:   type_definitions has keywords: false
DEBUG: implicit this field access: keywords -> self.keywords
DEBUG: method call on identifier 'keywords', member 'put'
DEBUG:   no var type found, using raw member
DEBUG: checking static call: keywords.put
DEBUG:   type_definitions has keywords: false
DEBUG: implicit this field access: keywords -> self.keywords
DEBUG: method call on identifier 'keywords', member 'put'
DEBUG:   no var type found, using raw member
DEBUG: checking static call: keywords.put
DEBUG:   type_definitions has keywords: false
DEBUG: implicit this field access: keywords -> self.keywords
DEBUG: method call on identifier 'keywords', member 'put'
DEBUG:   no var type found, using raw member
DEBUG: checking static call: keywords.put
DEBUG:   type_definitions has keywords: false
DEBUG: implicit this field access: keywords -> self.keywords
DEBUG: method call on identifier 'keywords', member 'put'
DEBUG:   no var type found, using raw member
DEBUG: checking static call: keywords.put
DEBUG:   type_definitions has keywords: false
DEBUG: implicit this field access: keywords -> self.keywords
DEBUG: method call on identifier 'keywords', member 'put'
DEBUG:   no var type found, using raw member
DEBUG: checking static call: keywords.put
DEBUG:   type_definitions has keywords: false
DEBUG: implicit this field access: keywords -> self.keywords
DEBUG: method call on identifier 'keywords', member 'put'
DEBUG:   no var type found, using raw member
DEBUG: checking static call: keywords.put
DEBUG:   type_definitions has keywords: false
DEBUG: implicit this field access: keywords -> self.keywords
DEBUG: method call on identifier 'keywords', member 'put'
DEBUG:   no var type found, using raw member
DEBUG: checking static call: keywords.put
DEBUG:   type_definitions has keywords: false
DEBUG: implicit this field access: keywords -> self.keywords
DEBUG: method call on identifier 'keywords', member 'put'
DEBUG:   no var type found, using raw member
DEBUG: checking static call: keywords.put
DEBUG:   type_definitions has keywords: false
DEBUG: implicit this field access: keywords -> self.keywords
DEBUG: method call on identifier 'keywords', member 'put'
DEBUG:   no var type found, using raw member
DEBUG: checking static call: keywords.put
DEBUG:   type_definitions has keywords: false
DEBUG: implicit this field access: keywords -> self.keywords
DEBUG: method call on identifier 'keywords', member 'put'
DEBUG:   no var type found, using raw member
DEBUG: checking static call: keywords.put
DEBUG:   type_definitions has keywords: false
DEBUG: implicit this field access: keywords -> self.keywords
DEBUG: method call on identifier 'keywords', member 'put'
DEBUG:   no var type found, using raw member
DEBUG: checking static call: keywords.put
DEBUG:   type_definitions has keywords: false
DEBUG: implicit this field access: keywords -> self.keywords
DEBUG: method call on identifier 'keywords', member 'put'
DEBUG:   no var type found, using raw member
DEBUG: checking static call: keywords.put
DEBUG:   type_definitions has keywords: false
DEBUG: implicit this field access: keywords -> self.keywords
DEBUG: method call on identifier 'keywords', member 'put'
DEBUG:   no var type found, using raw member
DEBUG: checking static call: keywords.put
DEBUG:   type_definitions has keywords: false
DEBUG: implicit this field access: keywords -> self.keywords
DEBUG: method call on identifier 'keywords', member 'put'
DEBUG:   no var type found, using raw member
DEBUG: checking static call: keywords.put
DEBUG:   type_definitions has keywords: false
DEBUG: implicit this field access: keywords -> self.keywords
DEBUG: method call on identifier 'keywords', member 'put'
DEBUG:   no var type found, using raw member
DEBUG: checking static call: keywords.put
DEBUG:   type_definitions has keywords: false
DEBUG: implicit this field access: keywords -> self.keywords
DEBUG: method call on identifier 'keywords', member 'put'
DEBUG:   no var type found, using raw member
DEBUG: checking static call: keywords.put
DEBUG:   type_definitions has keywords: false
DEBUG: implicit this field access: keywords -> self.keywords
DEBUG: method call on identifier 'keywords', member 'put'
DEBUG:   no var type found, using raw member
DEBUG: checking static call: keywords.put
DEBUG:   type_definitions has keywords: false
DEBUG: implicit this field access: keywords -> self.keywords
DEBUG: method call on identifier 'keywords', member 'put'
DEBUG:   no var type found, using raw member
DEBUG: checking static call: keywords.put
DEBUG:   type_definitions has keywords: false
DEBUG: implicit this field access: keywords -> self.keywords
DEBUG: method call on identifier 'keywords', member 'put'
DEBUG:   no var type found, using raw member
DEBUG: checking static call: keywords.put
DEBUG:   type_definitions has keywords: false
DEBUG: implicit this field access: keywords -> self.keywords
DEBUG: method call on identifier 'keywords', member 'put'
DEBUG:   no var type found, using raw member
DEBUG: checking static call: keywords.put
DEBUG:   type_definitions has keywords: false
DEBUG: implicit this field access: keywords -> self.keywords
DEBUG: method call on identifier 'keywords', member 'put'
DEBUG:   no var type found, using raw member
DEBUG: checking static call: keywords.put
DEBUG:   type_definitions has keywords: false
DEBUG: implicit this field access: keywords -> self.keywords
DEBUG: method call on identifier 'keywords', member 'put'
DEBUG:   no var type found, using raw member
DEBUG: checking static call: keywords.put
DEBUG:   type_definitions has keywords: false
DEBUG: implicit this field access: keywords -> self.keywords
DEBUG: method call on identifier 'keywords', member 'put'
DEBUG:   no var type found, using raw member
DEBUG: checking static call: keywords.put
DEBUG:   type_definitions has keywords: false
DEBUG: implicit this field access: keywords -> self.keywords
DEBUG: method call on identifier 'keywords', member 'put'
DEBUG:   no var type found, using raw member
DEBUG: checking static call: keywords.put
DEBUG:   type_definitions has keywords: false
DEBUG: implicit this field access: keywords -> self.keywords
DEBUG: method call on identifier 'keywords', member 'put'
DEBUG:   no var type found, using raw member
DEBUG: checking static call: keywords.put
DEBUG:   type_definitions has keywords: false
DEBUG: implicit this field access: keywords -> self.keywords
DEBUG: method call on identifier 'keywords', member 'put'
DEBUG:   no var type found, using raw member
DEBUG: checking static call: keywords.put
DEBUG:   type_definitions has keywords: false
DEBUG: implicit this field access: keywords -> self.keywords
DEBUG: method call on identifier 'keywords', member 'put'
DEBUG:   no var type found, using raw member
DEBUG: checking static call: keywords.put
DEBUG:   type_definitions has keywords: false
DEBUG: implicit this field access: keywords -> self.keywords
DEBUG: method call on identifier 'keywords', member 'put'
DEBUG:   no var type found, using raw member
DEBUG: checking static call: keywords.put
DEBUG:   type_definitions has keywords: false
DEBUG: implicit this field access: keywords -> self.keywords
DEBUG: method call on identifier 'keywords', member 'put'
DEBUG:   no var type found, using raw member
DEBUG: checking static call: keywords.put
DEBUG:   type_definitions has keywords: false
DEBUG: implicit this field access: keywords -> self.keywords
DEBUG: method call on identifier 'keywords', member 'put'
DEBUG:   no var type found, using raw member
DEBUG: checking static call: keywords.put
DEBUG:   type_definitions has keywords: false
DEBUG: implicit this field access: keywords -> self.keywords
DEBUG: method call on identifier 'keywords', member 'put'
DEBUG:   no var type found, using raw member
DEBUG: checking static call: keywords.put
DEBUG:   type_definitions has keywords: false
DEBUG: implicit this field access: keywords -> self.keywords
DEBUG: method call on identifier 'keywords', member 'put'
DEBUG:   no var type found, using raw member
DEBUG: checking static call: keywords.put
DEBUG:   type_definitions has keywords: false
DEBUG: implicit this field access: keywords -> self.keywords
DEBUG: method call on identifier 'keywords', member 'put'
DEBUG:   no var type found, using raw member
DEBUG: checking static call: keywords.put
DEBUG:   type_definitions has keywords: false
DEBUG: implicit this field access: keywords -> self.keywords
DEBUG: method call on identifier 'keywords', member 'put'
DEBUG:   no var type found, using raw member
DEBUG: checking static call: keywords.put
DEBUG:   type_definitions has keywords: false
DEBUG: implicit this field access: keywords -> self.keywords
DEBUG: method call on identifier 'keywords', member 'put'
DEBUG:   no var type found, using raw member
DEBUG: checking static call: keywords.put
DEBUG:   type_definitions has keywords: false
DEBUG: implicit this field access: keywords -> self.keywords
DEBUG: method call on identifier 'keywords', member 'put'
DEBUG:   no var type found, using raw member
DEBUG: checking static call: keywords.put
DEBUG:   type_definitions has keywords: false
DEBUG: implicit this field access: keywords -> self.keywords
DEBUG: method call on identifier 'keywords', member 'put'
DEBUG:   no var type found, using raw member
DEBUG: checking static call: englishKeywords.put
DEBUG:   type_definitions has englishKeywords: false
DEBUG: method call on identifier 'englishKeywords', member 'put'
DEBUG:   var type: Void
DEBUG:   not a struct type, using raw member
DEBUG: checking static call: englishKeywords.put
DEBUG:   type_definitions has englishKeywords: false
DEBUG: method call on identifier 'englishKeywords', member 'put'
DEBUG:   var type: Void
DEBUG:   not a struct type, using raw member
DEBUG: checking static call: englishKeywords.put
DEBUG:   type_definitions has englishKeywords: false
DEBUG: method call on identifier 'englishKeywords', member 'put'
DEBUG:   var type: Void
DEBUG:   not a struct type, using raw member
DEBUG: checking static call: englishKeywords.put
DEBUG:   type_definitions has englishKeywords: false
DEBUG: method call on identifier 'englishKeywords', member 'put'
DEBUG:   var type: Void
DEBUG:   not a struct type, using raw member
DEBUG: checking static call: englishKeywords.put
DEBUG:   type_definitions has englishKeywords: false
DEBUG: method call on identifier 'englishKeywords', member 'put'
DEBUG:   var type: Void
DEBUG:   not a struct type, using raw member
DEBUG: checking static call: englishKeywords.put
DEBUG:   type_definitions has englishKeywords: false
DEBUG: method call on identifier 'englishKeywords', member 'put'
DEBUG:   var type: Void
DEBUG:   not a struct type, using raw member
DEBUG: checking static call: englishKeywords.put
DEBUG:   type_definitions has englishKeywords: false
DEBUG: method call on identifier 'englishKeywords', member 'put'
DEBUG:   var type: Void
DEBUG:   not a struct type, using raw member
DEBUG: checking static call: englishKeywords.put
DEBUG:   type_definitions has englishKeywords: false
DEBUG: method call on identifier 'englishKeywords', member 'put'
DEBUG:   var type: Void
DEBUG:   not a struct type, using raw member
DEBUG: checking static call: englishKeywords.get
DEBUG:   type_definitions has englishKeywords: false
DEBUG: method call on identifier 'englishKeywords', member 'get'
DEBUG:   var type: Void
DEBUG:   not a struct type, using raw member
DEBUG: WARNING - 'this' used but no receiver_name set. current_function: None
DEBUG: WARNING - 'this' used but no receiver_name set. current_function: None
DEBUG: WARNING - 'this' used but no receiver_name set. current_function: None
DEBUG: WARNING - 'this' used but no receiver_name set. current_function: None
DEBUG: WARNING - 'this' used but no receiver_name set. current_function: None
DEBUG: WARNING - 'this' used but no receiver_name set. current_function: None
DEBUG: implicit this field access: tokenType -> self.tokenType
DEBUG: implicit this field access: value -> self.value
DEBUG: implicit this field access: line -> self.line
DEBUG: implicit this field access: column -> self.column
DEBUG: implicit this field access: length -> self.length
DEBUG: implicit this field access: fileId -> self.fileId
DEBUG: WARNING - 'this' used but no receiver_name set. current_function: None
DEBUG: WARNING - 'this' used but no receiver_name set. current_function: None
DEBUG: implicit this field access: position -> self.position
DEBUG: implicit this field access: character -> self.character
DEBUG: WARNING - 'this' used but no receiver_name set. current_function: None
DEBUG: WARNING - 'this' used but no receiver_name set. current_function: None
DEBUG: WARNING - 'this' used but no receiver_name set. current_function: None
DEBUG: implicit this field access: line -> self.line
DEBUG: implicit this field access: column -> self.column
DEBUG: implicit this field access: fileId -> self.fileId
DEBUG: checking static call: StringBuilder.new
DEBUG:   type_definitions has StringBuilder: true
DEBUG:   mangled to: StringBuilder_new
DEBUG: checking static call: i.toString
DEBUG:   type_definitions has i: false
DEBUG: checking static call: i.toString
DEBUG:   type_definitions has i: false
DEBUG: checking static call: i.toString
DEBUG:   type_definitions has i: false
DEBUG: checking static call: builder.append
DEBUG:   type_definitions has builder: false
DEBUG: method call on identifier 'builder', member 'append'
DEBUG:   var type: Struct { name: "StringBuilder", fields: [("parts", Array(String)), ("totalLength", Integer)] }
DEBUG:   struct_name: StringBuilder
DEBUG:   type_definitions keys: ["Unit", "SeenTypeChecker", "AST", "Function", "Expression", "Statement", "Class", "Interface", "Type", "FunctionType", "ClassType", "InterfaceType", "Location", "TypeError", "Environment", "TypeInferenceResult", "TypeChecker", "ProgramNode", "ItemNode", "ImportSymbolNode", "FunctionNode", "ParamNode", "TypeNode", "BlockNode", "ClassNode", "ImportPathInfo", "RealParser", "TokenUtils", "SeenLexer", "LanguageConfig", "KeywordManager", "StringBuilder", "TokenType", "Token", "LexerError", "Position", "CommandResult", "BootstrapVerifier", "CompilerInfo", "VerificationResult", "StageArtifact", "BinaryComparison", "RemovalResult", "RustRemover", "BootstrapManager", "FrontendDiagnostic", "FrontendResult", "Duration", "File", "CString", "Result", "Option", "VecChunk", "VecSlot", "Vec", "HashEntry", "StringHashMap", "StringBuffer", "StdString", "TaskKind", "TaskHandle", "ScopeGuard", "Channel"]
DEBUG:   mangled to: StringBuilder_append
DEBUG: checking static call: builder.toString
DEBUG:   type_definitions has builder: false
DEBUG: implicit this field access: output -> self.output
DEBUG: implicit this field access: success -> self.success
DEBUG: checking static call: CommandResult.new
DEBUG:   type_definitions has CommandResult: true
DEBUG:   mangled to: CommandResult_new
DEBUG: checking static call: data.length
DEBUG:   type_definitions has data: false
DEBUG: checking static call: data.substring
DEBUG:   type_definitions has data: false
DEBUG: method call on identifier 'data', member 'substring'
DEBUG:   var type: String
DEBUG:   not a struct type, using raw member
DEBUG: checking static call: slice.charCodeAt
DEBUG:   type_definitions has slice: false
DEBUG: method call on identifier 'slice', member 'charCodeAt'
DEBUG:   var type: Void
DEBUG:   not a struct type, using raw member
Generating Modulo: Binary { op: Modulo, left: Register(6), right: Integer(2147483647), result: Register(7) } % Register(6) -> Integer(2147483647)
Generating Modulo: Binary { op: Modulo, left: Variable("remaining"), right: Integer(16), result: Register(4) } % Variable("remaining") -> Integer(16)
DEBUG: checking static call: hexChars.substring
DEBUG:   type_definitions has hexChars: false
DEBUG: method call on identifier 'hexChars', member 'substring'
DEBUG:   var type: String
DEBUG:   not a struct type, using raw member
DEBUG: checking static call: verifier.log
DEBUG:   type_definitions has verifier: false
DEBUG: method call on identifier 'verifier', member 'log'
DEBUG:   var type: Struct { name: "BootstrapVerifier", fields: [("Stages", Generic("Unresolved")), ("CurrentStage", Integer), ("LogPath", Generic("Unresolved"))] }
DEBUG:   struct_name: BootstrapVerifier
DEBUG:   type_definitions keys: ["Unit", "SeenTypeChecker", "AST", "Function", "Expression", "Statement", "Class", "Interface", "Type", "FunctionType", "ClassType", "InterfaceType", "Location", "TypeError", "Environment", "TypeInferenceResult", "TypeChecker", "ProgramNode", "ItemNode", "ImportSymbolNode", "FunctionNode", "ParamNode", "TypeNode", "BlockNode", "ClassNode", "ImportPathInfo", "RealParser", "TokenUtils", "SeenLexer", "LanguageConfig", "KeywordManager", "StringBuilder", "TokenType", "Token", "LexerError", "Position", "CommandResult", "BootstrapVerifier", "CompilerInfo", "VerificationResult", "StageArtifact", "BinaryComparison", "RemovalResult", "RustRemover", "BootstrapManager", "FrontendDiagnostic", "FrontendResult", "Duration", "File", "CString", "Result", "Option", "VecChunk", "VecSlot", "Vec", "HashEntry", "StringHashMap", "StringBuffer", "StdString", "TaskKind", "TaskHandle", "ScopeGuard", "Channel"]
DEBUG:   mangled to: BootstrapVerifier_log
DEBUG: implicit this field access: CurrentStage -> self.CurrentStage
DEBUG: checking static call: CompilerInfo.new
DEBUG:   type_definitions has CompilerInfo: true
DEBUG:   mangled to: CompilerInfo_new
DEBUG: checking static call: Stages.push
DEBUG:   type_definitions has Stages: false
DEBUG: implicit this field access: Stages -> self.Stages
DEBUG: method call on identifier 'Stages', member 'push'
DEBUG:   no var type found, using raw member
DEBUG: implicit this field access: CurrentStage -> self.CurrentStage
DEBUG: implicit this field access: CurrentStage -> self.CurrentStage
DEBUG: implicit this call: log -> BootstrapVerifier_log (receiver: self)
DEBUG: implicit this call: log -> BootstrapVerifier_log (receiver: self)
DEBUG: checking static call: Stages.length
DEBUG:   type_definitions has Stages: false
DEBUG: implicit this field access: Stages -> self.Stages
DEBUG: checking static call: Stages.length
DEBUG:   type_definitions has Stages: false
DEBUG: implicit this field access: Stages -> self.Stages
DEBUG: checking static call: VerificationResult.new
DEBUG:   type_definitions has VerificationResult: true
DEBUG:   mangled to: VerificationResult_new
DEBUG: implicit this call: compileWithStage -> BootstrapVerifier_compileWithStage (receiver: self)
DEBUG: checking static call: stage1Result.isErr
DEBUG:   type_definitions has stage1Result: false
DEBUG: method call on identifier 'stage1Result', member 'isErr'
DEBUG:   var type: Integer
DEBUG:   not a struct type, using raw member
DEBUG: checking static call: stage1Result.unwrapErr
DEBUG:   type_definitions has stage1Result: false
DEBUG: method call on identifier 'stage1Result', member 'unwrapErr'
DEBUG:   var type: Integer
DEBUG:   not a struct type, using raw member
DEBUG: checking static call: stage1Result.unwrap
DEBUG:   type_definitions has stage1Result: false
DEBUG: method call on identifier 'stage1Result', member 'unwrap'
DEBUG:   var type: Integer
DEBUG:   not a struct type, using raw member
DEBUG: checking static call: result.addStageArtifact
DEBUG:   type_definitions has result: false
DEBUG: method call on identifier 'result', member 'addStageArtifact'
DEBUG:   var type: Struct { name: "VerificationResult", fields: [("Message", String), ("BinaryIdentical", Boolean), ("HashMatch", Boolean), ("StageArtifacts", Integer)] }
DEBUG:   struct_name: VerificationResult
DEBUG:   type_definitions keys: ["Unit", "SeenTypeChecker", "AST", "Function", "Expression", "Statement", "Class", "Interface", "Type", "FunctionType", "ClassType", "InterfaceType", "Location", "TypeError", "Environment", "TypeInferenceResult", "TypeChecker", "ProgramNode", "ItemNode", "ImportSymbolNode", "FunctionNode", "ParamNode", "TypeNode", "BlockNode", "ClassNode", "ImportPathInfo", "RealParser", "TokenUtils", "SeenLexer", "LanguageConfig", "KeywordManager", "StringBuilder", "TokenType", "Token", "LexerError", "Position", "CommandResult", "BootstrapVerifier", "CompilerInfo", "VerificationResult", "StageArtifact", "BinaryComparison", "RemovalResult", "RustRemover", "BootstrapManager", "FrontendDiagnostic", "FrontendResult", "Duration", "File", "CString", "Result", "Option", "VecChunk", "VecSlot", "Vec", "HashEntry", "StringHashMap", "StringBuffer", "StdString", "TaskKind", "TaskHandle", "ScopeGuard", "Channel"]
DEBUG:   mangled to: VerificationResult_addStageArtifact
DEBUG: implicit this call: compileWithStage -> BootstrapVerifier_compileWithStage (receiver: self)
DEBUG: checking static call: stage2Result.isErr
DEBUG:   type_definitions has stage2Result: false
DEBUG: method call on identifier 'stage2Result', member 'isErr'
DEBUG:   var type: Integer
DEBUG:   not a struct type, using raw member
DEBUG: checking static call: stage2Result.unwrapErr
DEBUG:   type_definitions has stage2Result: false
DEBUG: method call on identifier 'stage2Result', member 'unwrapErr'
DEBUG:   var type: Integer
DEBUG:   not a struct type, using raw member
DEBUG: checking static call: stage2Result.unwrap
DEBUG:   type_definitions has stage2Result: false
DEBUG: method call on identifier 'stage2Result', member 'unwrap'
DEBUG:   var type: Integer
DEBUG:   not a struct type, using raw member
DEBUG: checking static call: result.addStageArtifact
DEBUG:   type_definitions has result: false
DEBUG: method call on identifier 'result', member 'addStageArtifact'
DEBUG:   var type: Struct { name: "VerificationResult", fields: [("Message", String), ("BinaryIdentical", Boolean), ("HashMatch", Boolean), ("StageArtifacts", Integer)] }
DEBUG:   struct_name: VerificationResult
DEBUG:   type_definitions keys: ["Unit", "SeenTypeChecker", "AST", "Function", "Expression", "Statement", "Class", "Interface", "Type", "FunctionType", "ClassType", "InterfaceType", "Location", "TypeError", "Environment", "TypeInferenceResult", "TypeChecker", "ProgramNode", "ItemNode", "ImportSymbolNode", "FunctionNode", "ParamNode", "TypeNode", "BlockNode", "ClassNode", "ImportPathInfo", "RealParser", "TokenUtils", "SeenLexer", "LanguageConfig", "KeywordManager", "StringBuilder", "TokenType", "Token", "LexerError", "Position", "CommandResult", "BootstrapVerifier", "CompilerInfo", "VerificationResult", "StageArtifact", "BinaryComparison", "RemovalResult", "RustRemover", "BootstrapManager", "FrontendDiagnostic", "FrontendResult", "Duration", "File", "CString", "Result", "Option", "VecChunk", "VecSlot", "Vec", "HashEntry", "StringHashMap", "StringBuffer", "StdString", "TaskKind", "TaskHandle", "ScopeGuard", "Channel"]
DEBUG:   mangled to: VerificationResult_addStageArtifact
DEBUG: implicit this call: compileWithStage -> BootstrapVerifier_compileWithStage (receiver: self)
DEBUG: checking static call: stage3Result.isErr
DEBUG:   type_definitions has stage3Result: false
DEBUG: method call on identifier 'stage3Result', member 'isErr'
DEBUG:   var type: Integer
DEBUG:   not a struct type, using raw member
DEBUG: checking static call: stage3Result.unwrapErr
DEBUG:   type_definitions has stage3Result: false
DEBUG: method call on identifier 'stage3Result', member 'unwrapErr'
DEBUG:   var type: Integer
DEBUG:   not a struct type, using raw member
DEBUG: checking static call: stage3Result.unwrap
DEBUG:   type_definitions has stage3Result: false
DEBUG: method call on identifier 'stage3Result', member 'unwrap'
DEBUG:   var type: Integer
DEBUG:   not a struct type, using raw member
DEBUG: checking static call: result.addStageArtifact
DEBUG:   type_definitions has result: false
DEBUG: method call on identifier 'result', member 'addStageArtifact'
DEBUG:   var type: Struct { name: "VerificationResult", fields: [("Message", String), ("BinaryIdentical", Boolean), ("HashMatch", Boolean), ("StageArtifacts", Integer)] }
DEBUG:   struct_name: VerificationResult
DEBUG:   type_definitions keys: ["Unit", "SeenTypeChecker", "AST", "Function", "Expression", "Statement", "Class", "Interface", "Type", "FunctionType", "ClassType", "InterfaceType", "Location", "TypeError", "Environment", "TypeInferenceResult", "TypeChecker", "ProgramNode", "ItemNode", "ImportSymbolNode", "FunctionNode", "ParamNode", "TypeNode", "BlockNode", "ClassNode", "ImportPathInfo", "RealParser", "TokenUtils", "SeenLexer", "LanguageConfig", "KeywordManager", "StringBuilder", "TokenType", "Token", "LexerError", "Position", "CommandResult", "BootstrapVerifier", "CompilerInfo", "VerificationResult", "StageArtifact", "BinaryComparison", "RemovalResult", "RustRemover", "BootstrapManager", "FrontendDiagnostic", "FrontendResult", "Duration", "File", "CString", "Result", "Option", "VecChunk", "VecSlot", "Vec", "HashEntry", "StringHashMap", "StringBuffer", "StdString", "TaskKind", "TaskHandle", "ScopeGuard", "Channel"]
DEBUG:   mangled to: VerificationResult_addStageArtifact
DEBUG: implicit this call: compareExecutables -> BootstrapVerifier_compareExecutables (receiver: self)
DEBUG: checking static call: verificationResult.isErr
DEBUG:   type_definitions has verificationResult: false
DEBUG: method call on identifier 'verificationResult', member 'isErr'
DEBUG:   var type: Integer
DEBUG:   not a struct type, using raw member
DEBUG: checking static call: verificationResult.unwrapErr
DEBUG:   type_definitions has verificationResult: false
DEBUG: method call on identifier 'verificationResult', member 'unwrapErr'
DEBUG:   var type: Integer
DEBUG:   not a struct type, using raw member
DEBUG: implicit this call: log -> BootstrapVerifier_log (receiver: self)
DEBUG: checking static call: verificationResult.unwrap
DEBUG:   type_definitions has verificationResult: false
DEBUG: method call on identifier 'verificationResult', member 'unwrap'
DEBUG:   var type: Integer
DEBUG:   not a struct type, using raw member
DEBUG: checking static call: comparison.isIdentical
DEBUG:   type_definitions has comparison: false
DEBUG: method call on identifier 'comparison', member 'isIdentical'
DEBUG:   var type: Void
DEBUG:   not a struct type, using raw member
DEBUG: checking static call: comparison.hashesMatch
DEBUG:   type_definitions has comparison: false
DEBUG: method call on identifier 'comparison', member 'hashesMatch'
DEBUG:   var type: Void
DEBUG:   not a struct type, using raw member
DEBUG: checking static call: comparison.isIdentical
DEBUG:   type_definitions has comparison: false
DEBUG: method call on identifier 'comparison', member 'isIdentical'
DEBUG:   var type: Void
DEBUG:   not a struct type, using raw member
DEBUG: implicit this call: log -> BootstrapVerifier_log (receiver: self)
DEBUG: checking static call: comparison.hashValue
DEBUG:   type_definitions has comparison: false
DEBUG: method call on identifier 'comparison', member 'hashValue'
DEBUG:   var type: Void
DEBUG:   not a struct type, using raw member
DEBUG: implicit this call: log -> BootstrapVerifier_log (receiver: self)
DEBUG: checking static call: comparison.sizeBytes
DEBUG:   type_definitions has comparison: false
DEBUG: method call on identifier 'comparison', member 'sizeBytes'
DEBUG:   var type: Void
DEBUG:   not a struct type, using raw member
DEBUG: implicit this call: log -> BootstrapVerifier_log (receiver: self)
DEBUG: implicit this call: log -> BootstrapVerifier_log (receiver: self)
DEBUG: checking static call: comparison.stage2HashValue
DEBUG:   type_definitions has comparison: false
DEBUG: method call on identifier 'comparison', member 'stage2HashValue'
DEBUG:   var type: Void
DEBUG:   not a struct type, using raw member
DEBUG: implicit this call: log -> BootstrapVerifier_log (receiver: self)
DEBUG: checking static call: comparison.stage3HashValue
DEBUG:   type_definitions has comparison: false
DEBUG: method call on identifier 'comparison', member 'stage3HashValue'
DEBUG:   var type: Void
DEBUG:   not a struct type, using raw member
DEBUG: implicit this call: log -> BootstrapVerifier_log (receiver: self)
DEBUG: implicit this field access: Stages -> self.Stages
DEBUG: implicit this call: log -> BootstrapVerifier_log (receiver: self)
DEBUG: implicit this call: log -> BootstrapVerifier_log (receiver: self)
DEBUG: implicit this call: log -> BootstrapVerifier_log (receiver: self)
DEBUG: implicit this call: log -> BootstrapVerifier_log (receiver: self)
DEBUG: checking static call: StageArtifact.new
DEBUG:   type_definitions has StageArtifact: true
DEBUG:   mangled to: StageArtifact_new
DEBUG: implicit this call: log -> BootstrapVerifier_log (receiver: self)
DEBUG: implicit this call: log -> BootstrapVerifier_log (receiver: self)
DEBUG: implicit this call: log -> BootstrapVerifier_log (receiver: self)
DEBUG: implicit this call: log -> BootstrapVerifier_log (receiver: self)
DEBUG: implicit this call: log -> BootstrapVerifier_log (receiver: self)
DEBUG: implicit this call: log -> BootstrapVerifier_log (receiver: self)
DEBUG: checking static call: BinaryComparison.new
DEBUG:   type_definitions has BinaryComparison: true
DEBUG:   mangled to: BinaryComparison_new
DEBUG: implicit this field access: LogPath -> self.LogPath
DEBUG: implicit this field access: LogPath -> self.LogPath
DEBUG: checking static call: Stages.length
DEBUG:   type_definitions has Stages: false
DEBUG: implicit this field access: Stages -> self.Stages
DEBUG: checking static call: Stages.length
DEBUG:   type_definitions has Stages: false
DEBUG: implicit this field access: Stages -> self.Stages
DEBUG: implicit this field access: Stages -> self.Stages
DEBUG: checking static call: StageArtifacts.put
DEBUG:   type_definitions has StageArtifacts: false
DEBUG: implicit this field access: StageArtifacts -> self.StageArtifacts
DEBUG: method call on identifier 'StageArtifacts', member 'put'
DEBUG:   no var type found, using raw member
DEBUG: checking static call: StageArtifacts.get
DEBUG:   type_definitions has StageArtifacts: false
DEBUG: implicit this field access: StageArtifacts -> self.StageArtifacts
DEBUG: method call on identifier 'StageArtifacts', member 'get'
DEBUG:   no var type found, using raw member
DEBUG: checking static call: BootstrapVerifier.new
DEBUG:   type_definitions has BootstrapVerifier: true
DEBUG:   mangled to: BootstrapVerifier_new
DEBUG: checking static call: verifier.addStage
DEBUG:   type_definitions has verifier: false
DEBUG: method call on identifier 'verifier', member 'addStage'
DEBUG:   var type: Struct { name: "BootstrapVerifier", fields: [("Stages", Array(Integer)), ("CurrentStage", Integer), ("LogPath", String)] }
DEBUG:   struct_name: BootstrapVerifier
DEBUG:   type_definitions keys: ["Unit", "SeenTypeChecker", "AST", "Function", "Expression", "Statement", "Class", "Interface", "Type", "FunctionType", "ClassType", "InterfaceType", "Location", "TypeError", "Environment", "TypeInferenceResult", "TypeChecker", "ProgramNode", "ItemNode", "ImportSymbolNode", "FunctionNode", "ParamNode", "TypeNode", "BlockNode", "ClassNode", "ImportPathInfo", "RealParser", "TokenUtils", "SeenLexer", "LanguageConfig", "KeywordManager", "StringBuilder", "TokenType", "Token", "LexerError", "Position", "CommandResult", "BootstrapVerifier", "CompilerInfo", "VerificationResult", "StageArtifact", "BinaryComparison", "RemovalResult", "RustRemover", "BootstrapManager", "FrontendDiagnostic", "FrontendResult", "Duration", "File", "CString", "Result", "Option", "VecChunk", "VecSlot", "Vec", "HashEntry", "StringHashMap", "StringBuffer", "StdString", "TaskKind", "TaskHandle", "ScopeGuard", "Channel"]
DEBUG:   mangled to: BootstrapVerifier_addStage
DEBUG: checking static call: verifier.addStage
DEBUG:   type_definitions has verifier: false
DEBUG: method call on identifier 'verifier', member 'addStage'
DEBUG:   var type: Struct { name: "BootstrapVerifier", fields: [("Stages", Array(Integer)), ("CurrentStage", Integer), ("LogPath", String)] }
DEBUG:   struct_name: BootstrapVerifier
DEBUG:   type_definitions keys: ["Unit", "SeenTypeChecker", "AST", "Function", "Expression", "Statement", "Class", "Interface", "Type", "FunctionType", "ClassType", "InterfaceType", "Location", "TypeError", "Environment", "TypeInferenceResult", "TypeChecker", "ProgramNode", "ItemNode", "ImportSymbolNode", "FunctionNode", "ParamNode", "TypeNode", "BlockNode", "ClassNode", "ImportPathInfo", "RealParser", "TokenUtils", "SeenLexer", "LanguageConfig", "KeywordManager", "StringBuilder", "TokenType", "Token", "LexerError", "Position", "CommandResult", "BootstrapVerifier", "CompilerInfo", "VerificationResult", "StageArtifact", "BinaryComparison", "RemovalResult", "RustRemover", "BootstrapManager", "FrontendDiagnostic", "FrontendResult", "Duration", "File", "CString", "Result", "Option", "VecChunk", "VecSlot", "Vec", "HashEntry", "StringHashMap", "StringBuffer", "StdString", "TaskKind", "TaskHandle", "ScopeGuard", "Channel"]
DEBUG:   mangled to: BootstrapVerifier_addStage
DEBUG: checking static call: verifier.addStage
DEBUG:   type_definitions has verifier: false
DEBUG: method call on identifier 'verifier', member 'addStage'
DEBUG:   var type: Struct { name: "BootstrapVerifier", fields: [("Stages", Array(Integer)), ("CurrentStage", Integer), ("LogPath", String)] }
DEBUG:   struct_name: BootstrapVerifier
DEBUG:   type_definitions keys: ["Unit", "SeenTypeChecker", "AST", "Function", "Expression", "Statement", "Class", "Interface", "Type", "FunctionType", "ClassType", "InterfaceType", "Location", "TypeError", "Environment", "TypeInferenceResult", "TypeChecker", "ProgramNode", "ItemNode", "ImportSymbolNode", "FunctionNode", "ParamNode", "TypeNode", "BlockNode", "ClassNode", "ImportPathInfo", "RealParser", "TokenUtils", "SeenLexer", "LanguageConfig", "KeywordManager", "StringBuilder", "TokenType", "Token", "LexerError", "Position", "CommandResult", "BootstrapVerifier", "CompilerInfo", "VerificationResult", "StageArtifact", "BinaryComparison", "RemovalResult", "RustRemover", "BootstrapManager", "FrontendDiagnostic", "FrontendResult", "Duration", "File", "CString", "Result", "Option", "VecChunk", "VecSlot", "Vec", "HashEntry", "StringHashMap", "StringBuffer", "StdString", "TaskKind", "TaskHandle", "ScopeGuard", "Channel"]
DEBUG:   mangled to: BootstrapVerifier_addStage
DEBUG: checking static call: verifier.verify
DEBUG:   type_definitions has verifier: false
DEBUG: method call on identifier 'verifier', member 'verify'
DEBUG:   var type: Struct { name: "BootstrapVerifier", fields: [("Stages", Array(Integer)), ("CurrentStage", Integer), ("LogPath", String)] }
DEBUG:   struct_name: BootstrapVerifier
DEBUG:   type_definitions keys: ["Unit", "SeenTypeChecker", "AST", "Function", "Expression", "Statement", "Class", "Interface", "Type", "FunctionType", "ClassType", "InterfaceType", "Location", "TypeError", "Environment", "TypeInferenceResult", "TypeChecker", "ProgramNode", "ItemNode", "ImportSymbolNode", "FunctionNode", "ParamNode", "TypeNode", "BlockNode", "ClassNode", "ImportPathInfo", "RealParser", "TokenUtils", "SeenLexer", "LanguageConfig", "KeywordManager", "StringBuilder", "TokenType", "Token", "LexerError", "Position", "CommandResult", "BootstrapVerifier", "CompilerInfo", "VerificationResult", "StageArtifact", "BinaryComparison", "RemovalResult", "RustRemover", "BootstrapManager", "FrontendDiagnostic", "FrontendResult", "Duration", "File", "CString", "Result", "Option", "VecChunk", "VecSlot", "Vec", "HashEntry", "StringHashMap", "StringBuffer", "StdString", "TaskKind", "TaskHandle", "ScopeGuard", "Channel"]
DEBUG:   mangled to: BootstrapVerifier_verify
DEBUG: checking static call: verification.isOk
DEBUG:   type_definitions has verification: false
DEBUG: method call on identifier 'verification', member 'isOk'
DEBUG:   var type: Struct { name: "Result", fields: [("isOk", Boolean), ("okStorage", Array(Integer)), ("errStorage", Array(Integer))] }
DEBUG:   struct_name: Result
DEBUG:   type_definitions keys: ["Unit", "SeenTypeChecker", "AST", "Function", "Expression", "Statement", "Class", "Interface", "Type", "FunctionType", "ClassType", "InterfaceType", "Location", "TypeError", "Environment", "TypeInferenceResult", "TypeChecker", "ProgramNode", "ItemNode", "ImportSymbolNode", "FunctionNode", "ParamNode", "TypeNode", "BlockNode", "ClassNode", "ImportPathInfo", "RealParser", "TokenUtils", "SeenLexer", "LanguageConfig", "KeywordManager", "StringBuilder", "TokenType", "Token", "LexerError", "Position", "CommandResult", "BootstrapVerifier", "CompilerInfo", "VerificationResult", "StageArtifact", "BinaryComparison", "RemovalResult", "RustRemover", "BootstrapManager", "FrontendDiagnostic", "FrontendResult", "Duration", "File", "CString", "Result", "Option", "VecChunk", "VecSlot", "Vec", "HashEntry", "StringHashMap", "StringBuffer", "StdString", "TaskKind", "TaskHandle", "ScopeGuard", "Channel"]
DEBUG:   mangled to: Result_isOk
DEBUG: checking static call: verification.unwrap
DEBUG:   type_definitions has verification: false
DEBUG: method call on identifier 'verification', member 'unwrap'
DEBUG:   var type: Struct { name: "Result", fields: [("isOk", Boolean), ("okStorage", Array(Integer)), ("errStorage", Array(Integer))] }
DEBUG:   struct_name: Result
DEBUG:   type_definitions keys: ["Unit", "SeenTypeChecker", "AST", "Function", "Expression", "Statement", "Class", "Interface", "Type", "FunctionType", "ClassType", "InterfaceType", "Location", "TypeError", "Environment", "TypeInferenceResult", "TypeChecker", "ProgramNode", "ItemNode", "ImportSymbolNode", "FunctionNode", "ParamNode", "TypeNode", "BlockNode", "ClassNode", "ImportPathInfo", "RealParser", "TokenUtils", "SeenLexer", "LanguageConfig", "KeywordManager", "StringBuilder", "TokenType", "Token", "LexerError", "Position", "CommandResult", "BootstrapVerifier", "CompilerInfo", "VerificationResult", "StageArtifact", "BinaryComparison", "RemovalResult", "RustRemover", "BootstrapManager", "FrontendDiagnostic", "FrontendResult", "Duration", "File", "CString", "Result", "Option", "VecChunk", "VecSlot", "Vec", "HashEntry", "StringHashMap", "StringBuffer", "StdString", "TaskKind", "TaskHandle", "ScopeGuard", "Channel"]
DEBUG:   mangled to: Result_unwrap
DEBUG: checking static call: verification.unwrapErr
DEBUG:   type_definitions has verification: false
DEBUG: method call on identifier 'verification', member 'unwrapErr'
DEBUG:   var type: Struct { name: "Result", fields: [("isOk", Boolean), ("okStorage", Array(Integer)), ("errStorage", Array(Integer))] }
DEBUG:   struct_name: Result
DEBUG:   type_definitions keys: ["Unit", "SeenTypeChecker", "AST", "Function", "Expression", "Statement", "Class", "Interface", "Type", "FunctionType", "ClassType", "InterfaceType", "Location", "TypeError", "Environment", "TypeInferenceResult", "TypeChecker", "ProgramNode", "ItemNode", "ImportSymbolNode", "FunctionNode", "ParamNode", "TypeNode", "BlockNode", "ClassNode", "ImportPathInfo", "RealParser", "TokenUtils", "SeenLexer", "LanguageConfig", "KeywordManager", "StringBuilder", "TokenType", "Token", "LexerError", "Position", "CommandResult", "BootstrapVerifier", "CompilerInfo", "VerificationResult", "StageArtifact", "BinaryComparison", "RemovalResult", "RustRemover", "BootstrapManager", "FrontendDiagnostic", "FrontendResult", "Duration", "File", "CString", "Result", "Option", "VecChunk", "VecSlot", "Vec", "HashEntry", "StringHashMap", "StringBuffer", "StdString", "TaskKind", "TaskHandle", "ScopeGuard", "Channel"]
DEBUG:   mangled to: Result_unwrapErr
DEBUG: method call on non-identifier, member 'trim'
DEBUG: checking static call: out.length
DEBUG:   type_definitions has out: false
DEBUG: checking static call: out.toInt
DEBUG:   type_definitions has out: false
DEBUG: method call on identifier 'out', member 'toInt'
DEBUG:   var type: Void
DEBUG:   not a struct type, using raw member
DEBUG: checking static call: roots.push
DEBUG:   type_definitions has roots: false
DEBUG: method call on identifier 'roots', member 'push'
DEBUG:   var type: Array(String)
DEBUG:   not a struct type, using raw member
DEBUG: checking static call: roots.push
DEBUG:   type_definitions has roots: false
DEBUG: method call on identifier 'roots', member 'push'
DEBUG:   var type: Array(String)
DEBUG:   not a struct type, using raw member
DEBUG: checking static call: roots.push
DEBUG:   type_definitions has roots: false
DEBUG: method call on identifier 'roots', member 'push'
DEBUG:   var type: Array(String)
DEBUG:   not a struct type, using raw member
DEBUG: Resolved 'this' to receiver 'self'
DEBUG: Resolved 'this' to receiver 'self'
DEBUG: Resolved 'this' to receiver 'self'
DEBUG: Resolved 'this' to receiver 'self'
DEBUG: Resolved 'this' to receiver 'self'
DEBUG: Resolved 'this' to receiver 'self'
DEBUG: Resolved 'this' to receiver 'self'
DEBUG: method call on non-identifier, member 'push'
DEBUG: Resolved 'this' to receiver 'self'
DEBUG: implicit this call: collectRustFiles -> RustRemover_collectRustFiles (receiver: self)
DEBUG: Resolved 'this' to receiver 'self'
DEBUG: implicit this call: removeDirectories -> RustRemover_removeDirectories (receiver: self)
DEBUG: checking static call: removedFiles.length
DEBUG:   type_definitions has removedFiles: false
DEBUG: checking static call: removedFiles.length
DEBUG:   type_definitions has removedFiles: false
DEBUG: Resolved 'this' to receiver 'self'
DEBUG: implicit this call: runFindCommand -> RustRemover_runFindCommand (receiver: self)
DEBUG: checking static call: StringBuilder.new
DEBUG:   type_definitions has StringBuilder: true
DEBUG:   mangled to: StringBuilder_new
DEBUG: checking static call: builder.append
DEBUG:   type_definitions has builder: false
DEBUG: method call on identifier 'builder', member 'append'
DEBUG:   var type: Struct { name: "StringBuilder", fields: [("parts", Array(String)), ("totalLength", Integer)] }
DEBUG:   struct_name: StringBuilder
DEBUG:   type_definitions keys: ["Unit", "SeenTypeChecker", "AST", "Function", "Expression", "Statement", "Class", "Interface", "Type", "FunctionType", "ClassType", "InterfaceType", "Location", "TypeError", "Environment", "TypeInferenceResult", "TypeChecker", "ProgramNode", "ItemNode", "ImportSymbolNode", "FunctionNode", "ParamNode", "TypeNode", "BlockNode", "ClassNode", "ImportPathInfo", "RealParser", "TokenUtils", "SeenLexer", "LanguageConfig", "KeywordManager", "StringBuilder", "TokenType", "Token", "LexerError", "Position", "CommandResult", "BootstrapVerifier", "CompilerInfo", "VerificationResult", "StageArtifact", "BinaryComparison", "RemovalResult", "RustRemover", "BootstrapManager", "FrontendDiagnostic", "FrontendResult", "Duration", "File", "CString", "Result", "Option", "VecChunk", "VecSlot", "Vec", "HashEntry", "StringHashMap", "StringBuffer", "StdString", "TaskKind", "TaskHandle", "ScopeGuard", "Channel"]
DEBUG:   mangled to: StringBuilder_append
DEBUG: Resolved 'this' to receiver 'self'
DEBUG: checking static call: builder.append
DEBUG:   type_definitions has builder: false
DEBUG: method call on identifier 'builder', member 'append'
DEBUG:   var type: Struct { name: "StringBuilder", fields: [("parts", Array(String)), ("totalLength", Integer)] }
DEBUG:   struct_name: StringBuilder
DEBUG:   type_definitions keys: ["Unit", "SeenTypeChecker", "AST", "Function", "Expression", "Statement", "Class", "Interface", "Type", "FunctionType", "ClassType", "InterfaceType", "Location", "TypeError", "Environment", "TypeInferenceResult", "TypeChecker", "ProgramNode", "ItemNode", "ImportSymbolNode", "FunctionNode", "ParamNode", "TypeNode", "BlockNode", "ClassNode", "ImportPathInfo", "RealParser", "TokenUtils", "SeenLexer", "LanguageConfig", "KeywordManager", "StringBuilder", "TokenType", "Token", "LexerError", "Position", "CommandResult", "BootstrapVerifier", "CompilerInfo", "VerificationResult", "StageArtifact", "BinaryComparison", "RemovalResult", "RustRemover", "BootstrapManager", "FrontendDiagnostic", "FrontendResult", "Duration", "File", "CString", "Result", "Option", "VecChunk", "VecSlot", "Vec", "HashEntry", "StringHashMap", "StringBuffer", "StdString", "TaskKind", "TaskHandle", "ScopeGuard", "Channel"]
DEBUG:   mangled to: StringBuilder_append
DEBUG: checking static call: builder.append
DEBUG:   type_definitions has builder: false
DEBUG: method call on identifier 'builder', member 'append'
DEBUG:   var type: Struct { name: "StringBuilder", fields: [("parts", Array(String)), ("totalLength", Integer)] }
DEBUG:   struct_name: StringBuilder
DEBUG:   type_definitions keys: ["Unit", "SeenTypeChecker", "AST", "Function", "Expression", "Statement", "Class", "Interface", "Type", "FunctionType", "ClassType", "InterfaceType", "Location", "TypeError", "Environment", "TypeInferenceResult", "TypeChecker", "ProgramNode", "ItemNode", "ImportSymbolNode", "FunctionNode", "ParamNode", "TypeNode", "BlockNode", "ClassNode", "ImportPathInfo", "RealParser", "TokenUtils", "SeenLexer", "LanguageConfig", "KeywordManager", "StringBuilder", "TokenType", "Token", "LexerError", "Position", "CommandResult", "BootstrapVerifier", "CompilerInfo", "VerificationResult", "StageArtifact", "BinaryComparison", "RemovalResult", "RustRemover", "BootstrapManager", "FrontendDiagnostic", "FrontendResult", "Duration", "File", "CString", "Result", "Option", "VecChunk", "VecSlot", "Vec", "HashEntry", "StringHashMap", "StringBuffer", "StdString", "TaskKind", "TaskHandle", "ScopeGuard", "Channel"]
DEBUG:   mangled to: StringBuilder_append
DEBUG: checking static call: builder.append
DEBUG:   type_definitions has builder: false
DEBUG: method call on identifier 'builder', member 'append'
DEBUG:   var type: Struct { name: "StringBuilder", fields: [("parts", Array(String)), ("totalLength", Integer)] }
DEBUG:   struct_name: StringBuilder
DEBUG:   type_definitions keys: ["Unit", "SeenTypeChecker", "AST", "Function", "Expression", "Statement", "Class", "Interface", "Type", "FunctionType", "ClassType", "InterfaceType", "Location", "TypeError", "Environment", "TypeInferenceResult", "TypeChecker", "ProgramNode", "ItemNode", "ImportSymbolNode", "FunctionNode", "ParamNode", "TypeNode", "BlockNode", "ClassNode", "ImportPathInfo", "RealParser", "TokenUtils", "SeenLexer", "LanguageConfig", "KeywordManager", "StringBuilder", "TokenType", "Token", "LexerError", "Position", "CommandResult", "BootstrapVerifier", "CompilerInfo", "VerificationResult", "StageArtifact", "BinaryComparison", "RemovalResult", "RustRemover", "BootstrapManager", "FrontendDiagnostic", "FrontendResult", "Duration", "File", "CString", "Result", "Option", "VecChunk", "VecSlot", "Vec", "HashEntry", "StringHashMap", "StringBuffer", "StdString", "TaskKind", "TaskHandle", "ScopeGuard", "Channel"]
DEBUG:   mangled to: StringBuilder_append
DEBUG: checking static call: builder.append
DEBUG:   type_definitions has builder: false
DEBUG: method call on identifier 'builder', member 'append'
DEBUG:   var type: Struct { name: "StringBuilder", fields: [("parts", Array(String)), ("totalLength", Integer)] }
DEBUG:   struct_name: StringBuilder
DEBUG:   type_definitions keys: ["Unit", "SeenTypeChecker", "AST", "Function", "Expression", "Statement", "Class", "Interface", "Type", "FunctionType", "ClassType", "InterfaceType", "Location", "TypeError", "Environment", "TypeInferenceResult", "TypeChecker", "ProgramNode", "ItemNode", "ImportSymbolNode", "FunctionNode", "ParamNode", "TypeNode", "BlockNode", "ClassNode", "ImportPathInfo", "RealParser", "TokenUtils", "SeenLexer", "LanguageConfig", "KeywordManager", "StringBuilder", "TokenType", "Token", "LexerError", "Position", "CommandResult", "BootstrapVerifier", "CompilerInfo", "VerificationResult", "StageArtifact", "BinaryComparison", "RemovalResult", "RustRemover", "BootstrapManager", "FrontendDiagnostic", "FrontendResult", "Duration", "File", "CString", "Result", "Option", "VecChunk", "VecSlot", "Vec", "HashEntry", "StringHashMap", "StringBuffer", "StdString", "TaskKind", "TaskHandle", "ScopeGuard", "Channel"]
DEBUG:   mangled to: StringBuilder_append
DEBUG: checking static call: builder.toString
DEBUG:   type_definitions has builder: false
DEBUG: Resolved 'this' to receiver 'self'
DEBUG: implicit this call: backupPath -> RustRemover_backupPath (receiver: self)
DEBUG: Resolved 'this' to receiver 'self'
DEBUG: Resolved 'this' to receiver 'self'
DEBUG: checking static call: StringBuilder.new
DEBUG:   type_definitions has StringBuilder: true
DEBUG:   mangled to: StringBuilder_new
DEBUG: Resolved 'this' to receiver 'self'
DEBUG: checking static call: builder.append
DEBUG:   type_definitions has builder: false
DEBUG: method call on identifier 'builder', member 'append'
DEBUG:   var type: Struct { name: "StringBuilder", fields: [("parts", Array(String)), ("totalLength", Integer)] }
DEBUG:   struct_name: StringBuilder
DEBUG:   type_definitions keys: ["Unit", "SeenTypeChecker", "AST", "Function", "Expression", "Statement", "Class", "Interface", "Type", "FunctionType", "ClassType", "InterfaceType", "Location", "TypeError", "Environment", "TypeInferenceResult", "TypeChecker", "ProgramNode", "ItemNode", "ImportSymbolNode", "FunctionNode", "ParamNode", "TypeNode", "BlockNode", "ClassNode", "ImportPathInfo", "RealParser", "TokenUtils", "SeenLexer", "LanguageConfig", "KeywordManager", "StringBuilder", "TokenType", "Token", "LexerError", "Position", "CommandResult", "BootstrapVerifier", "CompilerInfo", "VerificationResult", "StageArtifact", "BinaryComparison", "RemovalResult", "RustRemover", "BootstrapManager", "FrontendDiagnostic", "FrontendResult", "Duration", "File", "CString", "Result", "Option", "VecChunk", "VecSlot", "Vec", "HashEntry", "StringHashMap", "StringBuffer", "StdString", "TaskKind", "TaskHandle", "ScopeGuard", "Channel"]
DEBUG:   mangled to: StringBuilder_append
DEBUG: Resolved 'this' to receiver 'self'
DEBUG: method call on non-identifier, member 'endsWith'
DEBUG: checking static call: builder.append
DEBUG:   type_definitions has builder: false
DEBUG: method call on identifier 'builder', member 'append'
DEBUG:   var type: Struct { name: "StringBuilder", fields: [("parts", Array(String)), ("totalLength", Integer)] }
DEBUG:   struct_name: StringBuilder
DEBUG:   type_definitions keys: ["Unit", "SeenTypeChecker", "AST", "Function", "Expression", "Statement", "Class", "Interface", "Type", "FunctionType", "ClassType", "InterfaceType", "Location", "TypeError", "Environment", "TypeInferenceResult", "TypeChecker", "ProgramNode", "ItemNode", "ImportSymbolNode", "FunctionNode", "ParamNode", "TypeNode", "BlockNode", "ClassNode", "ImportPathInfo", "RealParser", "TokenUtils", "SeenLexer", "LanguageConfig", "KeywordManager", "StringBuilder", "TokenType", "Token", "LexerError", "Position", "CommandResult", "BootstrapVerifier", "CompilerInfo", "VerificationResult", "StageArtifact", "BinaryComparison", "RemovalResult", "RustRemover", "BootstrapManager", "FrontendDiagnostic", "FrontendResult", "Duration", "File", "CString", "Result", "Option", "VecChunk", "VecSlot", "Vec", "HashEntry", "StringHashMap", "StringBuffer", "StdString", "TaskKind", "TaskHandle", "ScopeGuard", "Channel"]
DEBUG:   mangled to: StringBuilder_append
DEBUG: checking static call: builder.append
DEBUG:   type_definitions has builder: false
DEBUG: method call on identifier 'builder', member 'append'
DEBUG:   var type: Struct { name: "StringBuilder", fields: [("parts", Array(String)), ("totalLength", Integer)] }
DEBUG:   struct_name: StringBuilder
DEBUG:   type_definitions keys: ["Unit", "SeenTypeChecker", "AST", "Function", "Expression", "Statement", "Class", "Interface", "Type", "FunctionType", "ClassType", "InterfaceType", "Location", "TypeError", "Environment", "TypeInferenceResult", "TypeChecker", "ProgramNode", "ItemNode", "ImportSymbolNode", "FunctionNode", "ParamNode", "TypeNode", "BlockNode", "ClassNode", "ImportPathInfo", "RealParser", "TokenUtils", "SeenLexer", "LanguageConfig", "KeywordManager", "StringBuilder", "TokenType", "Token", "LexerError", "Position", "CommandResult", "BootstrapVerifier", "CompilerInfo", "VerificationResult", "StageArtifact", "BinaryComparison", "RemovalResult", "RustRemover", "BootstrapManager", "FrontendDiagnostic", "FrontendResult", "Duration", "File", "CString", "Result", "Option", "VecChunk", "VecSlot", "Vec", "HashEntry", "StringHashMap", "StringBuffer", "StdString", "TaskKind", "TaskHandle", "ScopeGuard", "Channel"]
DEBUG:   mangled to: StringBuilder_append
DEBUG: checking static call: builder.toString
DEBUG:   type_definitions has builder: false
DEBUG: checking static call: relative.startsWith
DEBUG:   type_definitions has relative: false
DEBUG: method call on identifier 'relative', member 'startsWith'
DEBUG:   var type: String
DEBUG:   not a struct type, using raw member
DEBUG: Resolved 'this' to receiver 'self'
DEBUG: Resolved 'this' to receiver 'self'
DEBUG: checking static call: StringBuilder.new
DEBUG:   type_definitions has StringBuilder: true
DEBUG:   mangled to: StringBuilder_new
DEBUG: Resolved 'this' to receiver 'self'
DEBUG: checking static call: builder.append
DEBUG:   type_definitions has builder: false
DEBUG: method call on identifier 'builder', member 'append'
DEBUG:   var type: Struct { name: "StringBuilder", fields: [("parts", Array(String)), ("totalLength", Integer)] }
DEBUG:   struct_name: StringBuilder
DEBUG:   type_definitions keys: ["Unit", "SeenTypeChecker", "AST", "Function", "Expression", "Statement", "Class", "Interface", "Type", "FunctionType", "ClassType", "InterfaceType", "Location", "TypeError", "Environment", "TypeInferenceResult", "TypeChecker", "ProgramNode", "ItemNode", "ImportSymbolNode", "FunctionNode", "ParamNode", "TypeNode", "BlockNode", "ClassNode", "ImportPathInfo", "RealParser", "TokenUtils", "SeenLexer", "LanguageConfig", "KeywordManager", "StringBuilder", "TokenType", "Token", "LexerError", "Position", "CommandResult", "BootstrapVerifier", "CompilerInfo", "VerificationResult", "StageArtifact", "BinaryComparison", "RemovalResult", "RustRemover", "BootstrapManager", "FrontendDiagnostic", "FrontendResult", "Duration", "File", "CString", "Result", "Option", "VecChunk", "VecSlot", "Vec", "HashEntry", "StringHashMap", "StringBuffer", "StdString", "TaskKind", "TaskHandle", "ScopeGuard", "Channel"]
DEBUG:   mangled to: StringBuilder_append
DEBUG: Resolved 'this' to receiver 'self'
DEBUG: method call on non-identifier, member 'endsWith'
DEBUG: checking static call: builder.append
DEBUG:   type_definitions has builder: false
DEBUG: method call on identifier 'builder', member 'append'
DEBUG:   var type: Struct { name: "StringBuilder", fields: [("parts", Array(String)), ("totalLength", Integer)] }
DEBUG:   struct_name: StringBuilder
DEBUG:   type_definitions keys: ["Unit", "SeenTypeChecker", "AST", "Function", "Expression", "Statement", "Class", "Interface", "Type", "FunctionType", "ClassType", "InterfaceType", "Location", "TypeError", "Environment", "TypeInferenceResult", "TypeChecker", "ProgramNode", "ItemNode", "ImportSymbolNode", "FunctionNode", "ParamNode", "TypeNode", "BlockNode", "ClassNode", "ImportPathInfo", "RealParser", "TokenUtils", "SeenLexer", "LanguageConfig", "KeywordManager", "StringBuilder", "TokenType", "Token", "LexerError", "Position", "CommandResult", "BootstrapVerifier", "CompilerInfo", "VerificationResult", "StageArtifact", "BinaryComparison", "RemovalResult", "RustRemover", "BootstrapManager", "FrontendDiagnostic", "FrontendResult", "Duration", "File", "CString", "Result", "Option", "VecChunk", "VecSlot", "Vec", "HashEntry", "StringHashMap", "StringBuffer", "StdString", "TaskKind", "TaskHandle", "ScopeGuard", "Channel"]
DEBUG:   mangled to: StringBuilder_append
DEBUG: checking static call: builder.append
DEBUG:   type_definitions has builder: false
DEBUG: method call on identifier 'builder', member 'append'
DEBUG:   var type: Struct { name: "StringBuilder", fields: [("parts", Array(String)), ("totalLength", Integer)] }
DEBUG:   struct_name: StringBuilder
DEBUG:   type_definitions keys: ["Unit", "SeenTypeChecker", "AST", "Function", "Expression", "Statement", "Class", "Interface", "Type", "FunctionType", "ClassType", "InterfaceType", "Location", "TypeError", "Environment", "TypeInferenceResult", "TypeChecker", "ProgramNode", "ItemNode", "ImportSymbolNode", "FunctionNode", "ParamNode", "TypeNode", "BlockNode", "ClassNode", "ImportPathInfo", "RealParser", "TokenUtils", "SeenLexer", "LanguageConfig", "KeywordManager", "StringBuilder", "TokenType", "Token", "LexerError", "Position", "CommandResult", "BootstrapVerifier", "CompilerInfo", "VerificationResult", "StageArtifact", "BinaryComparison", "RemovalResult", "RustRemover", "BootstrapManager", "FrontendDiagnostic", "FrontendResult", "Duration", "File", "CString", "Result", "Option", "VecChunk", "VecSlot", "Vec", "HashEntry", "StringHashMap", "StringBuffer", "StdString", "TaskKind", "TaskHandle", "ScopeGuard", "Channel"]
DEBUG:   mangled to: StringBuilder_append
DEBUG: checking static call: builder.toString
DEBUG:   type_definitions has builder: false
DEBUG: checking static call: trimmed.length
DEBUG:   type_definitions has trimmed: false
DEBUG: checking static call: trimmed.startsWith
DEBUG:   type_definitions has trimmed: false
DEBUG: method call on identifier 'trimmed', member 'startsWith'
DEBUG:   var type: Void
DEBUG:   not a struct type, using raw member
DEBUG: checking static call: trimmed.length
DEBUG:   type_definitions has trimmed: false
DEBUG: checking static call: trimmed.substring
DEBUG:   type_definitions has trimmed: false
DEBUG: method call on identifier 'trimmed', member 'substring'
DEBUG:   var type: Void
DEBUG:   not a struct type, using raw member
DEBUG: checking static call: path.substring
DEBUG:   type_definitions has path: false
DEBUG: method call on identifier 'path', member 'substring'
DEBUG:   var type: String
DEBUG:   not a struct type, using raw member
DEBUG: checking static call: values.push
DEBUG:   type_definitions has values: false
DEBUG: method call on identifier 'values', member 'push'
DEBUG:   var type: Array(String)
DEBUG:   not a struct type, using raw member
DEBUG: checking static call: path.substring
DEBUG:   type_definitions has path: false
DEBUG: method call on identifier 'path', member 'substring'
DEBUG:   var type: String
DEBUG:   not a struct type, using raw member
DEBUG: checking static call: path.substring
DEBUG:   type_definitions has path: false
DEBUG: method call on identifier 'path', member 'substring'
DEBUG:   var type: String
DEBUG:   not a struct type, using raw member
DEBUG: checking static call: path.length
DEBUG:   type_definitions has path: false
DEBUG: checking static call: path.length
DEBUG:   type_definitions has path: false
DEBUG: checking static call: path.substring
DEBUG:   type_definitions has path: false
DEBUG: method call on identifier 'path', member 'substring'
DEBUG:   var type: String
DEBUG:   not a struct type, using raw member
DEBUG: implicit this field access: diagnostics -> self.diagnostics
DEBUG: checking static call: diagnostics.push
DEBUG:   type_definitions has diagnostics: false
DEBUG: implicit this field access: diagnostics -> self.diagnostics
DEBUG: method call on identifier 'diagnostics', member 'push'
DEBUG:   var type: Array(Struct { name: "FrontendDiagnostic", fields: [("file", String), ("line", Integer), ("column", Integer), ("severity", String), ("message", String)] })
DEBUG:   not a struct type, using raw member
DEBUG: checking static call: FrontendResult.new
DEBUG:   type_definitions has FrontendResult: true
DEBUG:   mangled to: FrontendResult_new
DEBUG: checking static call: SeenLexer.new
DEBUG:   type_definitions has SeenLexer: true
DEBUG:   mangled to: SeenLexer_new
DEBUG: checking static call: lexer.tokenize
DEBUG:   type_definitions has lexer: false
DEBUG: method call on identifier 'lexer', member 'tokenize'
DEBUG:   var type: Struct { name: "SeenLexer", fields: [("source", String), ("fileId", Integer), ("language", String), ("errorRecoveryMode", Boolean), ("keywordManager", Integer), ("position", Integer), ("line", Integer), ("column", Integer), ("tokens", Array(Integer))] }
DEBUG:   struct_name: SeenLexer
DEBUG:   type_definitions keys: ["Unit", "SeenTypeChecker", "AST", "Function", "Expression", "Statement", "Class", "Interface", "Type", "FunctionType", "ClassType", "InterfaceType", "Location", "TypeError", "Environment", "TypeInferenceResult", "TypeChecker", "ProgramNode", "ItemNode", "ImportSymbolNode", "FunctionNode", "ParamNode", "TypeNode", "BlockNode", "ClassNode", "ImportPathInfo", "RealParser", "TokenUtils", "SeenLexer", "LanguageConfig", "KeywordManager", "StringBuilder", "TokenType", "Token", "LexerError", "Position", "CommandResult", "BootstrapVerifier", "CompilerInfo", "VerificationResult", "StageArtifact", "BinaryComparison", "RemovalResult", "RustRemover", "BootstrapManager", "FrontendDiagnostic", "FrontendResult", "Duration", "File", "CString", "Result", "Option", "VecChunk", "VecSlot", "Vec", "HashEntry", "StringHashMap", "StringBuffer", "StdString", "TaskKind", "TaskHandle", "ScopeGuard", "Channel"]
DEBUG:   mangled to: SeenLexer_tokenize
DEBUG: checking static call: RealParser.new
DEBUG:   type_definitions has RealParser: true
DEBUG:   mangled to: RealParser_new
DEBUG: checking static call: parser.parse
DEBUG:   type_definitions has parser: false
DEBUG: method call on identifier 'parser', member 'parse'
DEBUG:   var type: Struct { name: "RealParser", fields: [("tokens", Array(Integer)), ("current", Integer)] }
DEBUG:   struct_name: RealParser
DEBUG:   type_definitions keys: ["Unit", "SeenTypeChecker", "AST", "Function", "Expression", "Statement", "Class", "Interface", "Type", "FunctionType", "ClassType", "InterfaceType", "Location", "TypeError", "Environment", "TypeInferenceResult", "TypeChecker", "ProgramNode", "ItemNode", "ImportSymbolNode", "FunctionNode", "ParamNode", "TypeNode", "BlockNode", "ClassNode", "ImportPathInfo", "RealParser", "TokenUtils", "SeenLexer", "LanguageConfig", "KeywordManager", "StringBuilder", "TokenType", "Token", "LexerError", "Position", "CommandResult", "BootstrapVerifier", "CompilerInfo", "VerificationResult", "StageArtifact", "BinaryComparison", "RemovalResult", "RustRemover", "BootstrapManager", "FrontendDiagnostic", "FrontendResult", "Duration", "File", "CString", "Result", "Option", "VecChunk", "VecSlot", "Vec", "HashEntry", "StringHashMap", "StringBuffer", "StdString", "TaskKind", "TaskHandle", "ScopeGuard", "Channel"]
DEBUG:   mangled to: RealParser_parse
DEBUG: checking static call: TypeChecker.new
DEBUG:   type_definitions has TypeChecker: true
DEBUG:   mangled to: TypeChecker_new
DEBUG: checking static call: checker.check
DEBUG:   type_definitions has checker: false
DEBUG: method call on identifier 'checker', member 'check'
DEBUG:   var type: Struct { name: "TypeChecker", fields: [("environment", Struct { name: "Environment", fields: [("parent", Optional(Struct { name: "Environment", fields: [] }))] }), ("errors", Array(Struct { name: "TypeError", fields: [("location", Struct { name: "Location", fields: [("line", Integer), ("column", Integer), ("file", String)] }), ("expected", Struct { name: "Type", fields: [("name", String), ("isNullable", Boolean)] }), ("actual", Struct { name: "Type", fields: [("name", String), ("isNullable", Boolean)] }), ("context", String)] })), ("warnings", Array(String)), ("strictMode", Boolean)] }
DEBUG:   struct_name: TypeChecker
DEBUG:   type_definitions keys: ["Unit", "SeenTypeChecker", "AST", "Function", "Expression", "Statement", "Class", "Interface", "Type", "FunctionType", "ClassType", "InterfaceType", "Location", "TypeError", "Environment", "TypeInferenceResult", "TypeChecker", "ProgramNode", "ItemNode", "ImportSymbolNode", "FunctionNode", "ParamNode", "TypeNode", "BlockNode", "ClassNode", "ImportPathInfo", "RealParser", "TokenUtils", "SeenLexer", "LanguageConfig", "KeywordManager", "StringBuilder", "TokenType", "Token", "LexerError", "Position", "CommandResult", "BootstrapVerifier", "CompilerInfo", "VerificationResult", "StageArtifact", "BinaryComparison", "RemovalResult", "RustRemover", "BootstrapManager", "FrontendDiagnostic", "FrontendResult", "Duration", "File", "CString", "Result", "Option", "VecChunk", "VecSlot", "Vec", "HashEntry", "StringHashMap", "StringBuffer", "StdString", "TaskKind", "TaskHandle", "ScopeGuard", "Channel"]
DEBUG:   mangled to: TypeChecker_check
DEBUG: checking static call: typeErrors.length
DEBUG:   type_definitions has typeErrors: false
DEBUG: checking static call: result.addDiagnostic
DEBUG:   type_definitions has result: false
DEBUG: method call on identifier 'result', member 'addDiagnostic'
DEBUG:   var type: Struct { name: "FrontendResult", fields: [("success", Boolean), ("diagnostics", Array(Struct { name: "FrontendDiagnostic", fields: [("file", String), ("line", Integer), ("column", Integer), ("severity", String), ("message", String)] }))] }
DEBUG:   struct_name: FrontendResult
DEBUG:   type_definitions keys: ["Unit", "SeenTypeChecker", "AST", "Function", "Expression", "Statement", "Class", "Interface", "Type", "FunctionType", "ClassType", "InterfaceType", "Location", "TypeError", "Environment", "TypeInferenceResult", "TypeChecker", "ProgramNode", "ItemNode", "ImportSymbolNode", "FunctionNode", "ParamNode", "TypeNode", "BlockNode", "ClassNode", "ImportPathInfo", "RealParser", "TokenUtils", "SeenLexer", "LanguageConfig", "KeywordManager", "StringBuilder", "TokenType", "Token", "LexerError", "Position", "CommandResult", "BootstrapVerifier", "CompilerInfo", "VerificationResult", "StageArtifact", "BinaryComparison", "RemovalResult", "RustRemover", "BootstrapManager", "FrontendDiagnostic", "FrontendResult", "Duration", "File", "CString", "Result", "Option", "VecChunk", "VecSlot", "Vec", "HashEntry", "StringHashMap", "StringBuffer", "StdString", "TaskKind", "TaskHandle", "ScopeGuard", "Channel"]
DEBUG:   mangled to: FrontendResult_addDiagnostic
DEBUG: checking static call: typeWarnings.length
DEBUG:   type_definitions has typeWarnings: false
DEBUG: checking static call: FrontendDiagnostic.new
DEBUG:   type_definitions has FrontendDiagnostic: true
DEBUG:   mangled to: FrontendDiagnostic_new
DEBUG: checking static call: result.addDiagnostic
DEBUG:   type_definitions has result: false
DEBUG: method call on identifier 'result', member 'addDiagnostic'
DEBUG:   var type: Struct { name: "FrontendResult", fields: [("success", Boolean), ("diagnostics", Array(Struct { name: "FrontendDiagnostic", fields: [("file", String), ("line", Integer), ("column", Integer), ("severity", String), ("message", String)] }))] }
DEBUG:   struct_name: FrontendResult
DEBUG:   type_definitions keys: ["Unit", "SeenTypeChecker", "AST", "Function", "Expression", "Statement", "Class", "Interface", "Type", "FunctionType", "ClassType", "InterfaceType", "Location", "TypeError", "Environment", "TypeInferenceResult", "TypeChecker", "ProgramNode", "ItemNode", "ImportSymbolNode", "FunctionNode", "ParamNode", "TypeNode", "BlockNode", "ClassNode", "ImportPathInfo", "RealParser", "TokenUtils", "SeenLexer", "LanguageConfig", "KeywordManager", "StringBuilder", "TokenType", "Token", "LexerError", "Position", "CommandResult", "BootstrapVerifier", "CompilerInfo", "VerificationResult", "StageArtifact", "BinaryComparison", "RemovalResult", "RustRemover", "BootstrapManager", "FrontendDiagnostic", "FrontendResult", "Duration", "File", "CString", "Result", "Option", "VecChunk", "VecSlot", "Vec", "HashEntry", "StringHashMap", "StringBuffer", "StdString", "TaskKind", "TaskHandle", "ScopeGuard", "Channel"]
DEBUG:   mangled to: FrontendResult_addDiagnostic
DEBUG: checking static call: error.getLocation
DEBUG:   type_definitions has error: false
DEBUG: method call on identifier 'error', member 'getLocation'
DEBUG:   var type: Struct { name: "TypeError", fields: [("location", Struct { name: "Location", fields: [("line", Integer), ("column", Integer), ("file", String)] }), ("expected", Struct { name: "Type", fields: [("name", String), ("isNullable", Boolean)] }), ("actual", Struct { name: "Type", fields: [("name", String), ("isNullable", Boolean)] }), ("context", String)] }
DEBUG:   struct_name: TypeError
DEBUG:   type_definitions keys: ["Unit", "SeenTypeChecker", "AST", "Function", "Expression", "Statement", "Class", "Interface", "Type", "FunctionType", "ClassType", "InterfaceType", "Location", "TypeError", "Environment", "TypeInferenceResult", "TypeChecker", "ProgramNode", "ItemNode", "ImportSymbolNode", "FunctionNode", "ParamNode", "TypeNode", "BlockNode", "ClassNode", "ImportPathInfo", "RealParser", "TokenUtils", "SeenLexer", "LanguageConfig", "KeywordManager", "StringBuilder", "TokenType", "Token", "LexerError", "Position", "CommandResult", "BootstrapVerifier", "CompilerInfo", "VerificationResult", "StageArtifact", "BinaryComparison", "RemovalResult", "RustRemover", "BootstrapManager", "FrontendDiagnostic", "FrontendResult", "Duration", "File", "CString", "Result", "Option", "VecChunk", "VecSlot", "Vec", "HashEntry", "StringHashMap", "StringBuffer", "StdString", "TaskKind", "TaskHandle", "ScopeGuard", "Channel"]
DEBUG:   mangled to: TypeError_getLocation
DEBUG: checking static call: error.getExpected
DEBUG:   type_definitions has error: false
DEBUG: method call on identifier 'error', member 'getExpected'
DEBUG:   var type: Struct { name: "TypeError", fields: [("location", Struct { name: "Location", fields: [("line", Integer), ("column", Integer), ("file", String)] }), ("expected", Struct { name: "Type", fields: [("name", String), ("isNullable", Boolean)] }), ("actual", Struct { name: "Type", fields: [("name", String), ("isNullable", Boolean)] }), ("context", String)] }
DEBUG:   struct_name: TypeError
DEBUG:   type_definitions keys: ["Unit", "SeenTypeChecker", "AST", "Function", "Expression", "Statement", "Class", "Interface", "Type", "FunctionType", "ClassType", "InterfaceType", "Location", "TypeError", "Environment", "TypeInferenceResult", "TypeChecker", "ProgramNode", "ItemNode", "ImportSymbolNode", "FunctionNode", "ParamNode", "TypeNode", "BlockNode", "ClassNode", "ImportPathInfo", "RealParser", "TokenUtils", "SeenLexer", "LanguageConfig", "KeywordManager", "StringBuilder", "TokenType", "Token", "LexerError", "Position", "CommandResult", "BootstrapVerifier", "CompilerInfo", "VerificationResult", "StageArtifact", "BinaryComparison", "RemovalResult", "RustRemover", "BootstrapManager", "FrontendDiagnostic", "FrontendResult", "Duration", "File", "CString", "Result", "Option", "VecChunk", "VecSlot", "Vec", "HashEntry", "StringHashMap", "StringBuffer", "StdString", "TaskKind", "TaskHandle", "ScopeGuard", "Channel"]
DEBUG:   mangled to: TypeError_getExpected
DEBUG: checking static call: error.getActual
DEBUG:   type_definitions has error: false
DEBUG: method call on identifier 'error', member 'getActual'
DEBUG:   var type: Struct { name: "TypeError", fields: [("location", Struct { name: "Location", fields: [("line", Integer), ("column", Integer), ("file", String)] }), ("expected", Struct { name: "Type", fields: [("name", String), ("isNullable", Boolean)] }), ("actual", Struct { name: "Type", fields: [("name", String), ("isNullable", Boolean)] }), ("context", String)] }
DEBUG:   struct_name: TypeError
DEBUG:   type_definitions keys: ["Unit", "SeenTypeChecker", "AST", "Function", "Expression", "Statement", "Class", "Interface", "Type", "FunctionType", "ClassType", "InterfaceType", "Location", "TypeError", "Environment", "TypeInferenceResult", "TypeChecker", "ProgramNode", "ItemNode", "ImportSymbolNode", "FunctionNode", "ParamNode", "TypeNode", "BlockNode", "ClassNode", "ImportPathInfo", "RealParser", "TokenUtils", "SeenLexer", "LanguageConfig", "KeywordManager", "StringBuilder", "TokenType", "Token", "LexerError", "Position", "CommandResult", "BootstrapVerifier", "CompilerInfo", "VerificationResult", "StageArtifact", "BinaryComparison", "RemovalResult", "RustRemover", "BootstrapManager", "FrontendDiagnostic", "FrontendResult", "Duration", "File", "CString", "Result", "Option", "VecChunk", "VecSlot", "Vec", "HashEntry", "StringHashMap", "StringBuffer", "StdString", "TaskKind", "TaskHandle", "ScopeGuard", "Channel"]
DEBUG:   mangled to: TypeError_getActual
DEBUG: checking static call: error.getContext
DEBUG:   type_definitions has error: false
DEBUG: method call on identifier 'error', member 'getContext'
DEBUG:   var type: Struct { name: "TypeError", fields: [("location", Struct { name: "Location", fields: [("line", Integer), ("column", Integer), ("file", String)] }), ("expected", Struct { name: "Type", fields: [("name", String), ("isNullable", Boolean)] }), ("actual", Struct { name: "Type", fields: [("name", String), ("isNullable", Boolean)] }), ("context", String)] }
DEBUG:   struct_name: TypeError
DEBUG:   type_definitions keys: ["Unit", "SeenTypeChecker", "AST", "Function", "Expression", "Statement", "Class", "Interface", "Type", "FunctionType", "ClassType", "InterfaceType", "Location", "TypeError", "Environment", "TypeInferenceResult", "TypeChecker", "ProgramNode", "ItemNode", "ImportSymbolNode", "FunctionNode", "ParamNode", "TypeNode", "BlockNode", "ClassNode", "ImportPathInfo", "RealParser", "TokenUtils", "SeenLexer", "LanguageConfig", "KeywordManager", "StringBuilder", "TokenType", "Token", "LexerError", "Position", "CommandResult", "BootstrapVerifier", "CompilerInfo", "VerificationResult", "StageArtifact", "BinaryComparison", "RemovalResult", "RustRemover", "BootstrapManager", "FrontendDiagnostic", "FrontendResult", "Duration", "File", "CString", "Result", "Option", "VecChunk", "VecSlot", "Vec", "HashEntry", "StringHashMap", "StringBuffer", "StdString", "TaskKind", "TaskHandle", "ScopeGuard", "Channel"]
DEBUG:   mangled to: TypeError_getContext
DEBUG: checking static call: error.getContext
DEBUG:   type_definitions has error: false
DEBUG: method call on identifier 'error', member 'getContext'
DEBUG:   var type: Struct { name: "TypeError", fields: [("location", Struct { name: "Location", fields: [("line", Integer), ("column", Integer), ("file", String)] }), ("expected", Struct { name: "Type", fields: [("name", String), ("isNullable", Boolean)] }), ("actual", Struct { name: "Type", fields: [("name", String), ("isNullable", Boolean)] }), ("context", String)] }
DEBUG:   struct_name: TypeError
DEBUG:   type_definitions keys: ["Unit", "SeenTypeChecker", "AST", "Function", "Expression", "Statement", "Class", "Interface", "Type", "FunctionType", "ClassType", "InterfaceType", "Location", "TypeError", "Environment", "TypeInferenceResult", "TypeChecker", "ProgramNode", "ItemNode", "ImportSymbolNode", "FunctionNode", "ParamNode", "TypeNode", "BlockNode", "ClassNode", "ImportPathInfo", "RealParser", "TokenUtils", "SeenLexer", "LanguageConfig", "KeywordManager", "StringBuilder", "TokenType", "Token", "LexerError", "Position", "CommandResult", "BootstrapVerifier", "CompilerInfo", "VerificationResult", "StageArtifact", "BinaryComparison", "RemovalResult", "RustRemover", "BootstrapManager", "FrontendDiagnostic", "FrontendResult", "Duration", "File", "CString", "Result", "Option", "VecChunk", "VecSlot", "Vec", "HashEntry", "StringHashMap", "StringBuffer", "StdString", "TaskKind", "TaskHandle", "ScopeGuard", "Channel"]
DEBUG:   mangled to: TypeError_getContext
DEBUG: checking static call: error.getMessage
DEBUG:   type_definitions has error: false
DEBUG: method call on identifier 'error', member 'getMessage'
DEBUG:   var type: Struct { name: "TypeError", fields: [("location", Struct { name: "Location", fields: [("line", Integer), ("column", Integer), ("file", String)] }), ("expected", Struct { name: "Type", fields: [("name", String), ("isNullable", Boolean)] }), ("actual", Struct { name: "Type", fields: [("name", String), ("isNullable", Boolean)] }), ("context", String)] }
DEBUG:   struct_name: TypeError
DEBUG:   type_definitions keys: ["Unit", "SeenTypeChecker", "AST", "Function", "Expression", "Statement", "Class", "Interface", "Type", "FunctionType", "ClassType", "InterfaceType", "Location", "TypeError", "Environment", "TypeInferenceResult", "TypeChecker", "ProgramNode", "ItemNode", "ImportSymbolNode", "FunctionNode", "ParamNode", "TypeNode", "BlockNode", "ClassNode", "ImportPathInfo", "RealParser", "TokenUtils", "SeenLexer", "LanguageConfig", "KeywordManager", "StringBuilder", "TokenType", "Token", "LexerError", "Position", "CommandResult", "BootstrapVerifier", "CompilerInfo", "VerificationResult", "StageArtifact", "BinaryComparison", "RemovalResult", "RustRemover", "BootstrapManager", "FrontendDiagnostic", "FrontendResult", "Duration", "File", "CString", "Result", "Option", "VecChunk", "VecSlot", "Vec", "HashEntry", "StringHashMap", "StringBuffer", "StdString", "TaskKind", "TaskHandle", "ScopeGuard", "Channel"]
DEBUG:   mangled to: TypeError_getMessage
DEBUG: checking static call: FrontendDiagnostic.new
DEBUG:   type_definitions has FrontendDiagnostic: true
DEBUG:   mangled to: FrontendDiagnostic_new
DEBUG: checking static call: value.length
DEBUG:   type_definitions has value: false
DEBUG: checking static call: value.charAt
DEBUG:   type_definitions has value: false
DEBUG: method call on identifier 'value', member 'charAt'
DEBUG:   var type: String
DEBUG:   not a struct type, using raw member
DEBUG: checking static call: value.length
DEBUG:   type_definitions has value: false
DEBUG: checking static call: value.charAt
DEBUG:   type_definitions has value: false
DEBUG: method call on identifier 'value', member 'charAt'
DEBUG:   var type: String
DEBUG:   not a struct type, using raw member
DEBUG: implicit this field access: seconds -> self.seconds
DEBUG: implicit this field access: seconds -> self.seconds
DEBUG: checking static call: Duration.fromSeconds
DEBUG:   type_definitions has Duration: true
DEBUG:   mangled to: Duration_fromSeconds
DEBUG: checking static call: text.length
DEBUG:   type_definitions has text: false
DEBUG: Resolved 'this' to receiver 'self'
DEBUG: checking static call: text.length
DEBUG:   type_definitions has text: false
DEBUG: Resolved 'this' to receiver 'self'
DEBUG: Resolved 'this' to receiver 'self'
DEBUG: method call on non-identifier, member 'push'
DEBUG: Resolved 'this' to receiver 'self'
DEBUG: Resolved 'this' to receiver 'self'
DEBUG: Resolved 'this' to receiver 'self'
DEBUG: method call on non-identifier, member 'push'
DEBUG: checking static call: text.length
DEBUG:   type_definitions has text: false
DEBUG: implicit this call: append -> StringBuilder_append (receiver: self)
DEBUG: implicit this call: append -> StringBuilder_append (receiver: self)
DEBUG: Resolved 'this' to receiver 'self'
DEBUG: Resolved 'this' to receiver 'self'
DEBUG: Resolved 'this' to receiver 'self'
DEBUG: implicit this field access: totalLength -> self.totalLength
DEBUG: implicit this call: toString -> StringBuilder_toString (receiver: self)
DEBUG: implicit this call: clear -> StringBuilder_clear (receiver: self)
DEBUG: checking static call: parts.length
DEBUG:   type_definitions has parts: false
DEBUG: implicit this field access: parts -> self.parts
DEBUG: checking static call: parts.length
DEBUG:   type_definitions has parts: false
DEBUG: implicit this field access: parts -> self.parts
DEBUG: implicit this field access: parts -> self.parts
DEBUG: implicit this field access: parts -> self.parts
DEBUG: implicit this call: copyParts -> StringBuilder_copyParts (receiver: self)
DEBUG: checking static call: flattened.length
DEBUG:   type_definitions has flattened: false
DEBUG: implicit this call: mergeAdjacent -> StringBuilder_mergeAdjacent (receiver: self)
DEBUG: checking static call: values.length
DEBUG:   type_definitions has values: false
DEBUG: checking static call: values.length
DEBUG:   type_definitions has values: false
DEBUG: checking static call: merged.push
DEBUG:   type_definitions has merged: false
DEBUG: method call on identifier 'merged', member 'push'
DEBUG:   var type: Array(String)
DEBUG:   not a struct type, using raw member
DEBUG: checking static call: merged.push
DEBUG:   type_definitions has merged: false
DEBUG: method call on identifier 'merged', member 'push'
DEBUG:   var type: Array(String)
DEBUG:   not a struct type, using raw member
DEBUG: checking static call: delimiter.length
DEBUG:   type_definitions has delimiter: false
DEBUG: checking static call: text.length
DEBUG:   type_definitions has text: false
DEBUG: checking static call: text.substring
DEBUG:   type_definitions has text: false
DEBUG: method call on identifier 'text', member 'substring'
DEBUG:   var type: String
DEBUG:   not a struct type, using raw member
DEBUG: checking static call: pieces.push
DEBUG:   type_definitions has pieces: false
DEBUG: method call on identifier 'pieces', member 'push'
DEBUG:   var type: Array(String)
DEBUG:   not a struct type, using raw member
DEBUG: checking static call: text.charAt
DEBUG:   type_definitions has text: false
DEBUG: method call on identifier 'text', member 'charAt'
DEBUG:   var type: String
DEBUG:   not a struct type, using raw member
DEBUG: checking static call: pieces.push
DEBUG:   type_definitions has pieces: false
DEBUG: method call on identifier 'pieces', member 'push'
DEBUG:   var type: Array(String)
DEBUG:   not a struct type, using raw member
DEBUG: checking static call: text.length
DEBUG:   type_definitions has text: false
DEBUG: checking static call: text.charAt
DEBUG:   type_definitions has text: false
DEBUG: method call on identifier 'text', member 'charAt'
DEBUG:   var type: String
DEBUG:   not a struct type, using raw member
DEBUG: checking static call: text.substring
DEBUG:   type_definitions has text: false
DEBUG: method call on identifier 'text', member 'substring'
DEBUG:   var type: String
DEBUG:   not a struct type, using raw member
DEBUG: checking static call: text.length
DEBUG:   type_definitions has text: false
DEBUG: checking static call: text.charAt
DEBUG:   type_definitions has text: false
DEBUG: method call on identifier 'text', member 'charAt'
DEBUG:   var type: String
DEBUG:   not a struct type, using raw member
DEBUG: checking static call: text.substring
DEBUG:   type_definitions has text: false
DEBUG: method call on identifier 'text', member 'substring'
DEBUG:   var type: String
DEBUG:   not a struct type, using raw member
DEBUG: checking static call: prefix.length
DEBUG:   type_definitions has prefix: false
DEBUG: checking static call: text.length
DEBUG:   type_definitions has text: false
DEBUG: checking static call: prefix.length
DEBUG:   type_definitions has prefix: false
DEBUG: checking static call: text.substring
DEBUG:   type_definitions has text: false
DEBUG: method call on identifier 'text', member 'substring'
DEBUG:   var type: String
DEBUG:   not a struct type, using raw member
DEBUG: checking static call: suffix.length
DEBUG:   type_definitions has suffix: false
DEBUG: checking static call: text.length
DEBUG:   type_definitions has text: false
DEBUG: checking static call: text.length
DEBUG:   type_definitions has text: false
DEBUG: checking static call: suffix.length
DEBUG:   type_definitions has suffix: false
DEBUG: checking static call: text.length
DEBUG:   type_definitions has text: false
DEBUG: checking static call: text.substring
DEBUG:   type_definitions has text: false
DEBUG: method call on identifier 'text', member 'substring'
DEBUG:   var type: String
DEBUG:   not a struct type, using raw member
DEBUG: checking static call: needle.length
DEBUG:   type_definitions has needle: false
DEBUG: checking static call: text.length
DEBUG:   type_definitions has text: false
DEBUG: checking static call: text.length
DEBUG:   type_definitions has text: false
DEBUG: checking static call: text.length
DEBUG:   type_definitions has text: false
DEBUG: checking static call: text.substring
DEBUG:   type_definitions has text: false
DEBUG: method call on identifier 'text', member 'substring'
DEBUG:   var type: String
DEBUG:   not a struct type, using raw member
DEBUG: checking static call: needle.length
DEBUG:   type_definitions has needle: false
DEBUG: checking static call: text.length
DEBUG:   type_definitions has text: false
DEBUG: checking static call: text.length
DEBUG:   type_definitions has text: false
DEBUG: checking static call: text.length
DEBUG:   type_definitions has text: false
DEBUG: checking static call: text.substring
DEBUG:   type_definitions has text: false
DEBUG: method call on identifier 'text', member 'substring'
DEBUG:   var type: String
DEBUG:   not a struct type, using raw member
DEBUG: checking static call: text.length
DEBUG:   type_definitions has text: false
DEBUG: checking static call: result.push
DEBUG:   type_definitions has result: false
DEBUG: method call on identifier 'result', member 'push'
DEBUG:   var type: Array(String)
DEBUG:   not a struct type, using raw member
DEBUG: checking static call: text.charAt
DEBUG:   type_definitions has text: false
DEBUG: method call on identifier 'text', member 'charAt'
DEBUG:   var type: String
DEBUG:   not a struct type, using raw member
DEBUG: checking static call: text.substring
DEBUG:   type_definitions has text: false
DEBUG: method call on identifier 'text', member 'substring'
DEBUG:   var type: String
DEBUG:   not a struct type, using raw member
DEBUG: checking static call: line.length
DEBUG:   type_definitions has line: false
DEBUG: checking static call: result.push
DEBUG:   type_definitions has result: false
DEBUG: method call on identifier 'result', member 'push'
DEBUG:   var type: Array(String)
DEBUG:   not a struct type, using raw member
DEBUG: checking static call: text.charAt
DEBUG:   type_definitions has text: false
DEBUG: method call on identifier 'text', member 'charAt'
DEBUG:   var type: String
DEBUG:   not a struct type, using raw member
DEBUG: checking static call: text.substring
DEBUG:   type_definitions has text: false
DEBUG: method call on identifier 'text', member 'substring'
DEBUG:   var type: String
DEBUG:   not a struct type, using raw member
DEBUG: checking static call: tail.length
DEBUG:   type_definitions has tail: false
DEBUG: checking static call: result.push
DEBUG:   type_definitions has result: false
DEBUG: method call on identifier 'result', member 'push'
DEBUG:   var type: Array(String)
DEBUG:   not a struct type, using raw member
DEBUG: checking static call: text.length
DEBUG:   type_definitions has text: false
DEBUG: checking static call: result.push
DEBUG:   type_definitions has result: false
DEBUG: method call on identifier 'result', member 'push'
DEBUG:   var type: Array(String)
DEBUG:   not a struct type, using raw member
DEBUG: checking static call: text.charAt
DEBUG:   type_definitions has text: false
DEBUG: method call on identifier 'text', member 'charAt'
DEBUG:   var type: String
DEBUG:   not a struct type, using raw member
DEBUG: checking static call: text.substring
DEBUG:   type_definitions has text: false
DEBUG: method call on identifier 'text', member 'substring'
DEBUG:   var type: String
DEBUG:   not a struct type, using raw member
DEBUG: checking static call: result.push
DEBUG:   type_definitions has result: false
DEBUG: method call on identifier 'result', member 'push'
DEBUG:   var type: Array(String)
DEBUG:   not a struct type, using raw member
DEBUG: checking static call: text.substring
DEBUG:   type_definitions has text: false
DEBUG: method call on identifier 'text', member 'substring'
DEBUG:   var type: String
DEBUG:   not a struct type, using raw member
DEBUG: checking static call: result.push
DEBUG:   type_definitions has result: false
DEBUG: method call on identifier 'result', member 'push'
DEBUG:   var type: Array(String)
DEBUG:   not a struct type, using raw member
DEBUG: checking static call: result.push
DEBUG:   type_definitions has result: false
DEBUG: method call on identifier 'result', member 'push'
DEBUG:   var type: Array(String)
DEBUG:   not a struct type, using raw member
DEBUG: checking static call: text.substring
DEBUG:   type_definitions has text: false
DEBUG: method call on identifier 'text', member 'substring'
DEBUG:   var type: String
DEBUG:   not a struct type, using raw member
DEBUG: checking static call: target.length
DEBUG:   type_definitions has target: false
DEBUG: checking static call: text.length
DEBUG:   type_definitions has text: false
DEBUG: checking static call: text.substring
DEBUG:   type_definitions has text: false
DEBUG: method call on identifier 'text', member 'substring'
DEBUG:   var type: String
DEBUG:   not a struct type, using raw member
DEBUG: checking static call: target.length
DEBUG:   type_definitions has target: false
DEBUG: checking static call: StringBuilder.new
DEBUG:   type_definitions has StringBuilder: true
DEBUG:   mangled to: StringBuilder_new
DEBUG: checking static call: text.length
DEBUG:   type_definitions has text: false
DEBUG: checking static call: target.length
DEBUG:   type_definitions has target: false
DEBUG: checking static call: text.substring
DEBUG:   type_definitions has text: false
DEBUG: method call on identifier 'text', member 'substring'
DEBUG:   var type: String
DEBUG:   not a struct type, using raw member
DEBUG: checking static call: builder.append
DEBUG:   type_definitions has builder: false
DEBUG: method call on identifier 'builder', member 'append'
DEBUG:   var type: Struct { name: "StringBuilder", fields: [("parts", Array(String)), ("totalLength", Integer)] }
DEBUG:   struct_name: StringBuilder
DEBUG:   type_definitions keys: ["Unit", "SeenTypeChecker", "AST", "Function", "Expression", "Statement", "Class", "Interface", "Type", "FunctionType", "ClassType", "InterfaceType", "Location", "TypeError", "Environment", "TypeInferenceResult", "TypeChecker", "ProgramNode", "ItemNode", "ImportSymbolNode", "FunctionNode", "ParamNode", "TypeNode", "BlockNode", "ClassNode", "ImportPathInfo", "RealParser", "TokenUtils", "SeenLexer", "LanguageConfig", "KeywordManager", "StringBuilder", "TokenType", "Token", "LexerError", "Position", "CommandResult", "BootstrapVerifier", "CompilerInfo", "VerificationResult", "StageArtifact", "BinaryComparison", "RemovalResult", "RustRemover", "BootstrapManager", "FrontendDiagnostic", "FrontendResult", "Duration", "File", "CString", "Result", "Option", "VecChunk", "VecSlot", "Vec", "HashEntry", "StringHashMap", "StringBuffer", "StdString", "TaskKind", "TaskHandle", "ScopeGuard", "Channel"]
DEBUG:   mangled to: StringBuilder_append
DEBUG: checking static call: text.charAt
DEBUG:   type_definitions has text: false
DEBUG: method call on identifier 'text', member 'charAt'
DEBUG:   var type: String
DEBUG:   not a struct type, using raw member
DEBUG: checking static call: builder.appendChar
DEBUG:   type_definitions has builder: false
DEBUG: method call on identifier 'builder', member 'appendChar'
DEBUG:   var type: Struct { name: "StringBuilder", fields: [("parts", Array(String)), ("totalLength", Integer)] }
DEBUG:   struct_name: StringBuilder
DEBUG:   type_definitions keys: ["Unit", "SeenTypeChecker", "AST", "Function", "Expression", "Statement", "Class", "Interface", "Type", "FunctionType", "ClassType", "InterfaceType", "Location", "TypeError", "Environment", "TypeInferenceResult", "TypeChecker", "ProgramNode", "ItemNode", "ImportSymbolNode", "FunctionNode", "ParamNode", "TypeNode", "BlockNode", "ClassNode", "ImportPathInfo", "RealParser", "TokenUtils", "SeenLexer", "LanguageConfig", "KeywordManager", "StringBuilder", "TokenType", "Token", "LexerError", "Position", "CommandResult", "BootstrapVerifier", "CompilerInfo", "VerificationResult", "StageArtifact", "BinaryComparison", "RemovalResult", "RustRemover", "BootstrapManager", "FrontendDiagnostic", "FrontendResult", "Duration", "File", "CString", "Result", "Option", "VecChunk", "VecSlot", "Vec", "HashEntry", "StringHashMap", "StringBuffer", "StdString", "TaskKind", "TaskHandle", "ScopeGuard", "Channel"]
DEBUG:   mangled to: StringBuilder_appendChar
DEBUG: checking static call: text.charAt
DEBUG:   type_definitions has text: false
DEBUG: method call on identifier 'text', member 'charAt'
DEBUG:   var type: String
DEBUG:   not a struct type, using raw member
DEBUG: checking static call: builder.appendChar
DEBUG:   type_definitions has builder: false
DEBUG: method call on identifier 'builder', member 'appendChar'
DEBUG:   var type: Struct { name: "StringBuilder", fields: [("parts", Array(String)), ("totalLength", Integer)] }
DEBUG:   struct_name: StringBuilder
DEBUG:   type_definitions keys: ["Unit", "SeenTypeChecker", "AST", "Function", "Expression", "Statement", "Class", "Interface", "Type", "FunctionType", "ClassType", "InterfaceType", "Location", "TypeError", "Environment", "TypeInferenceResult", "TypeChecker", "ProgramNode", "ItemNode", "ImportSymbolNode", "FunctionNode", "ParamNode", "TypeNode", "BlockNode", "ClassNode", "ImportPathInfo", "RealParser", "TokenUtils", "SeenLexer", "LanguageConfig", "KeywordManager", "StringBuilder", "TokenType", "Token", "LexerError", "Position", "CommandResult", "BootstrapVerifier", "CompilerInfo", "VerificationResult", "StageArtifact", "BinaryComparison", "RemovalResult", "RustRemover", "BootstrapManager", "FrontendDiagnostic", "FrontendResult", "Duration", "File", "CString", "Result", "Option", "VecChunk", "VecSlot", "Vec", "HashEntry", "StringHashMap", "StringBuffer", "StdString", "TaskKind", "TaskHandle", "ScopeGuard", "Channel"]
DEBUG:   mangled to: StringBuilder_appendChar
DEBUG: checking static call: builder.toString
DEBUG:   type_definitions has builder: false
DEBUG: checking static call: prefix.length
DEBUG:   type_definitions has prefix: false
DEBUG: checking static call: prefix.length
DEBUG:   type_definitions has prefix: false
DEBUG: checking static call: text.length
DEBUG:   type_definitions has text: false
DEBUG: checking static call: text.substring
DEBUG:   type_definitions has text: false
DEBUG: method call on identifier 'text', member 'substring'
DEBUG:   var type: String
DEBUG:   not a struct type, using raw member
DEBUG: checking static call: suffix.length
DEBUG:   type_definitions has suffix: false
DEBUG: checking static call: text.length
DEBUG:   type_definitions has text: false
DEBUG: checking static call: suffix.length
DEBUG:   type_definitions has suffix: false
DEBUG: checking static call: text.substring
DEBUG:   type_definitions has text: false
DEBUG: method call on identifier 'text', member 'substring'
DEBUG:   var type: String
DEBUG:   not a struct type, using raw member
DEBUG: checking static call: text.length
DEBUG:   type_definitions has text: false
DEBUG: checking static call: StringBuilder.new
DEBUG:   type_definitions has StringBuilder: true
DEBUG:   mangled to: StringBuilder_new
DEBUG: checking static call: text.length
DEBUG:   type_definitions has text: false
DEBUG: checking static call: builder.appendChar
DEBUG:   type_definitions has builder: false
DEBUG: method call on identifier 'builder', member 'appendChar'
DEBUG:   var type: Struct { name: "StringBuilder", fields: [("parts", Array(String)), ("totalLength", Integer)] }
DEBUG:   struct_name: StringBuilder
DEBUG:   type_definitions keys: ["Unit", "SeenTypeChecker", "AST", "Function", "Expression", "Statement", "Class", "Interface", "Type", "FunctionType", "ClassType", "InterfaceType", "Location", "TypeError", "Environment", "TypeInferenceResult", "TypeChecker", "ProgramNode", "ItemNode", "ImportSymbolNode", "FunctionNode", "ParamNode", "TypeNode", "BlockNode", "ClassNode", "ImportPathInfo", "RealParser", "TokenUtils", "SeenLexer", "LanguageConfig", "KeywordManager", "StringBuilder", "TokenType", "Token", "LexerError", "Position", "CommandResult", "BootstrapVerifier", "CompilerInfo", "VerificationResult", "StageArtifact", "BinaryComparison", "RemovalResult", "RustRemover", "BootstrapManager", "FrontendDiagnostic", "FrontendResult", "Duration", "File", "CString", "Result", "Option", "VecChunk", "VecSlot", "Vec", "HashEntry", "StringHashMap", "StringBuffer", "StdString", "TaskKind", "TaskHandle", "ScopeGuard", "Channel"]
DEBUG:   mangled to: StringBuilder_appendChar
DEBUG: checking static call: builder.append
DEBUG:   type_definitions has builder: false
DEBUG: method call on identifier 'builder', member 'append'
DEBUG:   var type: Struct { name: "StringBuilder", fields: [("parts", Array(String)), ("totalLength", Integer)] }
DEBUG:   struct_name: StringBuilder
DEBUG:   type_definitions keys: ["Unit", "SeenTypeChecker", "AST", "Function", "Expression", "Statement", "Class", "Interface", "Type", "FunctionType", "ClassType", "InterfaceType", "Location", "TypeError", "Environment", "TypeInferenceResult", "TypeChecker", "ProgramNode", "ItemNode", "ImportSymbolNode", "FunctionNode", "ParamNode", "TypeNode", "BlockNode", "ClassNode", "ImportPathInfo", "RealParser", "TokenUtils", "SeenLexer", "LanguageConfig", "KeywordManager", "StringBuilder", "TokenType", "Token", "LexerError", "Position", "CommandResult", "BootstrapVerifier", "CompilerInfo", "VerificationResult", "StageArtifact", "BinaryComparison", "RemovalResult", "RustRemover", "BootstrapManager", "FrontendDiagnostic", "FrontendResult", "Duration", "File", "CString", "Result", "Option", "VecChunk", "VecSlot", "Vec", "HashEntry", "StringHashMap", "StringBuffer", "StdString", "TaskKind", "TaskHandle", "ScopeGuard", "Channel"]
DEBUG:   mangled to: StringBuilder_append
DEBUG: checking static call: builder.toString
DEBUG:   type_definitions has builder: false
DEBUG: checking static call: text.length
DEBUG:   type_definitions has text: false
DEBUG: checking static call: StringBuilder.new
DEBUG:   type_definitions has StringBuilder: true
DEBUG:   mangled to: StringBuilder_new
DEBUG: checking static call: builder.append
DEBUG:   type_definitions has builder: false
DEBUG: method call on identifier 'builder', member 'append'
DEBUG:   var type: Struct { name: "StringBuilder", fields: [("parts", Array(String)), ("totalLength", Integer)] }
DEBUG:   struct_name: StringBuilder
DEBUG:   type_definitions keys: ["Unit", "SeenTypeChecker", "AST", "Function", "Expression", "Statement", "Class", "Interface", "Type", "FunctionType", "ClassType", "InterfaceType", "Location", "TypeError", "Environment", "TypeInferenceResult", "TypeChecker", "ProgramNode", "ItemNode", "ImportSymbolNode", "FunctionNode", "ParamNode", "TypeNode", "BlockNode", "ClassNode", "ImportPathInfo", "RealParser", "TokenUtils", "SeenLexer", "LanguageConfig", "KeywordManager", "StringBuilder", "TokenType", "Token", "LexerError", "Position", "CommandResult", "BootstrapVerifier", "CompilerInfo", "VerificationResult", "StageArtifact", "BinaryComparison", "RemovalResult", "RustRemover", "BootstrapManager", "FrontendDiagnostic", "FrontendResult", "Duration", "File", "CString", "Result", "Option", "VecChunk", "VecSlot", "Vec", "HashEntry", "StringHashMap", "StringBuffer", "StdString", "TaskKind", "TaskHandle", "ScopeGuard", "Channel"]
DEBUG:   mangled to: StringBuilder_append
DEBUG: checking static call: text.length
DEBUG:   type_definitions has text: false
DEBUG: checking static call: builder.appendChar
DEBUG:   type_definitions has builder: false
DEBUG: method call on identifier 'builder', member 'appendChar'
DEBUG:   var type: Struct { name: "StringBuilder", fields: [("parts", Array(String)), ("totalLength", Integer)] }
DEBUG:   struct_name: StringBuilder
DEBUG:   type_definitions keys: ["Unit", "SeenTypeChecker", "AST", "Function", "Expression", "Statement", "Class", "Interface", "Type", "FunctionType", "ClassType", "InterfaceType", "Location", "TypeError", "Environment", "TypeInferenceResult", "TypeChecker", "ProgramNode", "ItemNode", "ImportSymbolNode", "FunctionNode", "ParamNode", "TypeNode", "BlockNode", "ClassNode", "ImportPathInfo", "RealParser", "TokenUtils", "SeenLexer", "LanguageConfig", "KeywordManager", "StringBuilder", "TokenType", "Token", "LexerError", "Position", "CommandResult", "BootstrapVerifier", "CompilerInfo", "VerificationResult", "StageArtifact", "BinaryComparison", "RemovalResult", "RustRemover", "BootstrapManager", "FrontendDiagnostic", "FrontendResult", "Duration", "File", "CString", "Result", "Option", "VecChunk", "VecSlot", "Vec", "HashEntry", "StringHashMap", "StringBuffer", "StdString", "TaskKind", "TaskHandle", "ScopeGuard", "Channel"]
DEBUG:   mangled to: StringBuilder_appendChar
DEBUG: checking static call: builder.toString
DEBUG:   type_definitions has builder: false
DEBUG: checking static call: parts.length
DEBUG:   type_definitions has parts: false
DEBUG: checking static call: parts.length
DEBUG:   type_definitions has parts: false
DEBUG: checking static call: parts.length
DEBUG:   type_definitions has parts: false
DEBUG: Resolved 'this' to receiver 'self'
DEBUG: Resolved 'this' to receiver 'self'
DEBUG: Resolved 'this' to receiver 'self'
DEBUG: checking static call: ch.toInt
DEBUG:   type_definitions has ch: false
DEBUG: method call on identifier 'ch', member 'toInt'
DEBUG:   var type: Char
DEBUG:   not a struct type, using raw member
DEBUG: generate_call_expression for __ExecuteCommand
DEBUG:   found return type: Struct { name: "CommandResult", fields: [("success", Boolean), ("output", String)] }
DEBUG: checking static call: StringBuilder.new
DEBUG:   type_definitions has StringBuilder: true
DEBUG:   mangled to: StringBuilder_new
DEBUG: checking static call: builder.append
DEBUG:   type_definitions has builder: false
DEBUG: method call on identifier 'builder', member 'append'
DEBUG:   var type: Struct { name: "StringBuilder", fields: [("parts", Array(String)), ("totalLength", Integer)] }
DEBUG:   struct_name: StringBuilder
DEBUG:   type_definitions keys: ["Unit", "SeenTypeChecker", "AST", "Function", "Expression", "Statement", "Class", "Interface", "Type", "FunctionType", "ClassType", "InterfaceType", "Location", "TypeError", "Environment", "TypeInferenceResult", "TypeChecker", "ProgramNode", "ItemNode", "ImportSymbolNode", "FunctionNode", "ParamNode", "TypeNode", "BlockNode", "ClassNode", "ImportPathInfo", "RealParser", "TokenUtils", "SeenLexer", "LanguageConfig", "KeywordManager", "StringBuilder", "TokenType", "Token", "LexerError", "Position", "CommandResult", "BootstrapVerifier", "CompilerInfo", "VerificationResult", "StageArtifact", "BinaryComparison", "RemovalResult", "RustRemover", "BootstrapManager", "FrontendDiagnostic", "FrontendResult", "Duration", "File", "CString", "Result", "Option", "VecChunk", "VecSlot", "Vec", "HashEntry", "StringHashMap", "StringBuffer", "StdString", "TaskKind", "TaskHandle", "ScopeGuard", "Channel"]
DEBUG:   mangled to: StringBuilder_append
DEBUG: checking static call: text.length
DEBUG:   type_definitions has text: false
DEBUG: checking static call: text.charAt
DEBUG:   type_definitions has text: false
DEBUG: method call on identifier 'text', member 'charAt'
DEBUG:   var type: String
DEBUG:   not a struct type, using raw member
DEBUG: checking static call: builder.append
DEBUG:   type_definitions has builder: false
DEBUG: method call on identifier 'builder', member 'append'
DEBUG:   var type: Struct { name: "StringBuilder", fields: [("parts", Array(String)), ("totalLength", Integer)] }
DEBUG:   struct_name: StringBuilder
DEBUG:   type_definitions keys: ["Unit", "SeenTypeChecker", "AST", "Function", "Expression", "Statement", "Class", "Interface", "Type", "FunctionType", "ClassType", "InterfaceType", "Location", "TypeError", "Environment", "TypeInferenceResult", "TypeChecker", "ProgramNode", "ItemNode", "ImportSymbolNode", "FunctionNode", "ParamNode", "TypeNode", "BlockNode", "ClassNode", "ImportPathInfo", "RealParser", "TokenUtils", "SeenLexer", "LanguageConfig", "KeywordManager", "StringBuilder", "TokenType", "Token", "LexerError", "Position", "CommandResult", "BootstrapVerifier", "CompilerInfo", "VerificationResult", "StageArtifact", "BinaryComparison", "RemovalResult", "RustRemover", "BootstrapManager", "FrontendDiagnostic", "FrontendResult", "Duration", "File", "CString", "Result", "Option", "VecChunk", "VecSlot", "Vec", "HashEntry", "StringHashMap", "StringBuffer", "StdString", "TaskKind", "TaskHandle", "ScopeGuard", "Channel"]
DEBUG:   mangled to: StringBuilder_append
DEBUG: checking static call: builder.appendChar
DEBUG:   type_definitions has builder: false
DEBUG: method call on identifier 'builder', member 'appendChar'
DEBUG:   var type: Struct { name: "StringBuilder", fields: [("parts", Array(String)), ("totalLength", Integer)] }
DEBUG:   struct_name: StringBuilder
DEBUG:   type_definitions keys: ["Unit", "SeenTypeChecker", "AST", "Function", "Expression", "Statement", "Class", "Interface", "Type", "FunctionType", "ClassType", "InterfaceType", "Location", "TypeError", "Environment", "TypeInferenceResult", "TypeChecker", "ProgramNode", "ItemNode", "ImportSymbolNode", "FunctionNode", "ParamNode", "TypeNode", "BlockNode", "ClassNode", "ImportPathInfo", "RealParser", "TokenUtils", "SeenLexer", "LanguageConfig", "KeywordManager", "StringBuilder", "TokenType", "Token", "LexerError", "Position", "CommandResult", "BootstrapVerifier", "CompilerInfo", "VerificationResult", "StageArtifact", "BinaryComparison", "RemovalResult", "RustRemover", "BootstrapManager", "FrontendDiagnostic", "FrontendResult", "Duration", "File", "CString", "Result", "Option", "VecChunk", "VecSlot", "Vec", "HashEntry", "StringHashMap", "StringBuffer", "StdString", "TaskKind", "TaskHandle", "ScopeGuard", "Channel"]
DEBUG:   mangled to: StringBuilder_appendChar
DEBUG: checking static call: builder.append
DEBUG:   type_definitions has builder: false
DEBUG: method call on identifier 'builder', member 'append'
DEBUG:   var type: Struct { name: "StringBuilder", fields: [("parts", Array(String)), ("totalLength", Integer)] }
DEBUG:   struct_name: StringBuilder
DEBUG:   type_definitions keys: ["Unit", "SeenTypeChecker", "AST", "Function", "Expression", "Statement", "Class", "Interface", "Type", "FunctionType", "ClassType", "InterfaceType", "Location", "TypeError", "Environment", "TypeInferenceResult", "TypeChecker", "ProgramNode", "ItemNode", "ImportSymbolNode", "FunctionNode", "ParamNode", "TypeNode", "BlockNode", "ClassNode", "ImportPathInfo", "RealParser", "TokenUtils", "SeenLexer", "LanguageConfig", "KeywordManager", "StringBuilder", "TokenType", "Token", "LexerError", "Position", "CommandResult", "BootstrapVerifier", "CompilerInfo", "VerificationResult", "StageArtifact", "BinaryComparison", "RemovalResult", "RustRemover", "BootstrapManager", "FrontendDiagnostic", "FrontendResult", "Duration", "File", "CString", "Result", "Option", "VecChunk", "VecSlot", "Vec", "HashEntry", "StringHashMap", "StringBuffer", "StdString", "TaskKind", "TaskHandle", "ScopeGuard", "Channel"]
DEBUG:   mangled to: StringBuilder_append
DEBUG: checking static call: builder.toString
DEBUG:   type_definitions has builder: false
DEBUG: checking static call: Int.max
DEBUG:   type_definitions has Int: false
DEBUG: method call on identifier 'Int', member 'max'
DEBUG:   no var type found, using raw member
DEBUG: checking static call: Int.min
DEBUG:   type_definitions has Int: false
DEBUG: method call on identifier 'Int', member 'min'
DEBUG:   no var type found, using raw member
DEBUG: checking static call: Int.max
DEBUG:   type_definitions has Int: false
DEBUG: method call on identifier 'Int', member 'max'
DEBUG:   no var type found, using raw member
DEBUG: checking static call: Int.min
DEBUG:   type_definitions has Int: false
DEBUG: method call on identifier 'Int', member 'min'
DEBUG:   no var type found, using raw member
DEBUG: checking static call: Int.min
DEBUG:   type_definitions has Int: false
DEBUG: method call on identifier 'Int', member 'min'
DEBUG:   no var type found, using raw member
DEBUG: checking static call: Int.min
DEBUG:   type_definitions has Int: false
DEBUG: method call on identifier 'Int', member 'min'
DEBUG:   no var type found, using raw member
DEBUG: checking static call: Int.max
DEBUG:   type_definitions has Int: false
DEBUG: method call on identifier 'Int', member 'max'
DEBUG:   no var type found, using raw member
DEBUG: checking static call: Int.max
DEBUG:   type_definitions has Int: false
DEBUG: method call on identifier 'Int', member 'max'
DEBUG:   no var type found, using raw member
DEBUG: checking static call: Int.min
DEBUG:   type_definitions has Int: false
DEBUG: method call on identifier 'Int', member 'min'
DEBUG:   no var type found, using raw member
DEBUG: checking static call: Int.min
DEBUG:   type_definitions has Int: false
DEBUG: method call on identifier 'Int', member 'min'
DEBUG:   no var type found, using raw member
DEBUG: Resolved 'this' to receiver 'self'
DEBUG: Resolved 'this' to receiver 'self'
DEBUG: Resolved 'this' to receiver 'self'
DEBUG: checking static call: bytes.len
DEBUG:   type_definitions has bytes: false
DEBUG: Resolved 'this' to receiver 'self'
DEBUG: Resolved 'this' to receiver 'self'
DEBUG: Resolved 'this' to receiver 'self'
DEBUG: Resolved 'this' to receiver 'self'
DEBUG: Resolved 'this' to receiver 'self'
DEBUG: checking static call: File.open
DEBUG:   type_definitions has File: true
DEBUG:   mangled to: File_open
DEBUG: checking static call: res.isOk
DEBUG:   type_definitions has res: false
DEBUG: method call on identifier 'res', member 'isOk'
DEBUG:   var type: Struct { name: "File", fields: [("fd", Integer), ("path", String)] }
DEBUG:   struct_name: File
DEBUG:   type_definitions keys: ["Unit", "SeenTypeChecker", "AST", "Function", "Expression", "Statement", "Class", "Interface", "Type", "FunctionType", "ClassType", "InterfaceType", "Location", "TypeError", "Environment", "TypeInferenceResult", "TypeChecker", "ProgramNode", "ItemNode", "ImportSymbolNode", "FunctionNode", "ParamNode", "TypeNode", "BlockNode", "ClassNode", "ImportPathInfo", "RealParser", "TokenUtils", "SeenLexer", "LanguageConfig", "KeywordManager", "StringBuilder", "TokenType", "Token", "LexerError", "Position", "CommandResult", "BootstrapVerifier", "CompilerInfo", "VerificationResult", "StageArtifact", "BinaryComparison", "RemovalResult", "RustRemover", "BootstrapManager", "FrontendDiagnostic", "FrontendResult", "Duration", "File", "CString", "Result", "Option", "VecChunk", "VecSlot", "Vec", "HashEntry", "StringHashMap", "StringBuffer", "StdString", "TaskKind", "TaskHandle", "ScopeGuard", "Channel"]
DEBUG:   mangled to: File_isOk
DEBUG: checking static call: res.unwrap
DEBUG:   type_definitions has res: false
DEBUG: method call on identifier 'res', member 'unwrap'
DEBUG:   var type: Struct { name: "File", fields: [("fd", Integer), ("path", String)] }
DEBUG:   struct_name: File
DEBUG:   type_definitions keys: ["Unit", "SeenTypeChecker", "AST", "Function", "Expression", "Statement", "Class", "Interface", "Type", "FunctionType", "ClassType", "InterfaceType", "Location", "TypeError", "Environment", "TypeInferenceResult", "TypeChecker", "ProgramNode", "ItemNode", "ImportSymbolNode", "FunctionNode", "ParamNode", "TypeNode", "BlockNode", "ClassNode", "ImportPathInfo", "RealParser", "TokenUtils", "SeenLexer", "LanguageConfig", "KeywordManager", "StringBuilder", "TokenType", "Token", "LexerError", "Position", "CommandResult", "BootstrapVerifier", "CompilerInfo", "VerificationResult", "StageArtifact", "BinaryComparison", "RemovalResult", "RustRemover", "BootstrapManager", "FrontendDiagnostic", "FrontendResult", "Duration", "File", "CString", "Result", "Option", "VecChunk", "VecSlot", "Vec", "HashEntry", "StringHashMap", "StringBuffer", "StdString", "TaskKind", "TaskHandle", "ScopeGuard", "Channel"]
DEBUG:   mangled to: File_unwrap
DEBUG: checking static call: f.readToString
DEBUG:   type_definitions has f: false
DEBUG: method call on identifier 'f', member 'readToString'
DEBUG:   var type: Void
DEBUG:   not a struct type, using raw member
DEBUG: checking static call: f.close
DEBUG:   type_definitions has f: false
DEBUG: method call on identifier 'f', member 'close'
DEBUG:   var type: Void
DEBUG:   not a struct type, using raw member
DEBUG: checking static call: res.unwrapErr
DEBUG:   type_definitions has res: false
DEBUG: method call on identifier 'res', member 'unwrapErr'
DEBUG:   var type: Struct { name: "File", fields: [("fd", Integer), ("path", String)] }
DEBUG:   struct_name: File
DEBUG:   type_definitions keys: ["Unit", "SeenTypeChecker", "AST", "Function", "Expression", "Statement", "Class", "Interface", "Type", "FunctionType", "ClassType", "InterfaceType", "Location", "TypeError", "Environment", "TypeInferenceResult", "TypeChecker", "ProgramNode", "ItemNode", "ImportSymbolNode", "FunctionNode", "ParamNode", "TypeNode", "BlockNode", "ClassNode", "ImportPathInfo", "RealParser", "TokenUtils", "SeenLexer", "LanguageConfig", "KeywordManager", "StringBuilder", "TokenType", "Token", "LexerError", "Position", "CommandResult", "BootstrapVerifier", "CompilerInfo", "VerificationResult", "StageArtifact", "BinaryComparison", "RemovalResult", "RustRemover", "BootstrapManager", "FrontendDiagnostic", "FrontendResult", "Duration", "File", "CString", "Result", "Option", "VecChunk", "VecSlot", "Vec", "HashEntry", "StringHashMap", "StringBuffer", "StdString", "TaskKind", "TaskHandle", "ScopeGuard", "Channel"]
DEBUG:   mangled to: File_unwrapErr
DEBUG: checking static call: File.create
DEBUG:   type_definitions has File: true
DEBUG:   mangled to: File_create
DEBUG: checking static call: res.isOk
DEBUG:   type_definitions has res: false
DEBUG: method call on identifier 'res', member 'isOk'
DEBUG:   var type: Struct { name: "File", fields: [("fd", Integer), ("path", String)] }
DEBUG:   struct_name: File
DEBUG:   type_definitions keys: ["Unit", "SeenTypeChecker", "AST", "Function", "Expression", "Statement", "Class", "Interface", "Type", "FunctionType", "ClassType", "InterfaceType", "Location", "TypeError", "Environment", "TypeInferenceResult", "TypeChecker", "ProgramNode", "ItemNode", "ImportSymbolNode", "FunctionNode", "ParamNode", "TypeNode", "BlockNode", "ClassNode", "ImportPathInfo", "RealParser", "TokenUtils", "SeenLexer", "LanguageConfig", "KeywordManager", "StringBuilder", "TokenType", "Token", "LexerError", "Position", "CommandResult", "BootstrapVerifier", "CompilerInfo", "VerificationResult", "StageArtifact", "BinaryComparison", "RemovalResult", "RustRemover", "BootstrapManager", "FrontendDiagnostic", "FrontendResult", "Duration", "File", "CString", "Result", "Option", "VecChunk", "VecSlot", "Vec", "HashEntry", "StringHashMap", "StringBuffer", "StdString", "TaskKind", "TaskHandle", "ScopeGuard", "Channel"]
DEBUG:   mangled to: File_isOk
DEBUG: checking static call: res.unwrap
DEBUG:   type_definitions has res: false
DEBUG: method call on identifier 'res', member 'unwrap'
DEBUG:   var type: Struct { name: "File", fields: [("fd", Integer), ("path", String)] }
DEBUG:   struct_name: File
DEBUG:   type_definitions keys: ["Unit", "SeenTypeChecker", "AST", "Function", "Expression", "Statement", "Class", "Interface", "Type", "FunctionType", "ClassType", "InterfaceType", "Location", "TypeError", "Environment", "TypeInferenceResult", "TypeChecker", "ProgramNode", "ItemNode", "ImportSymbolNode", "FunctionNode", "ParamNode", "TypeNode", "BlockNode", "ClassNode", "ImportPathInfo", "RealParser", "TokenUtils", "SeenLexer", "LanguageConfig", "KeywordManager", "StringBuilder", "TokenType", "Token", "LexerError", "Position", "CommandResult", "BootstrapVerifier", "CompilerInfo", "VerificationResult", "StageArtifact", "BinaryComparison", "RemovalResult", "RustRemover", "BootstrapManager", "FrontendDiagnostic", "FrontendResult", "Duration", "File", "CString", "Result", "Option", "VecChunk", "VecSlot", "Vec", "HashEntry", "StringHashMap", "StringBuffer", "StdString", "TaskKind", "TaskHandle", "ScopeGuard", "Channel"]
DEBUG:   mangled to: File_unwrap
DEBUG: checking static call: f.write
DEBUG:   type_definitions has f: false
DEBUG: method call on identifier 'f', member 'write'
DEBUG:   var type: Void
DEBUG:   not a struct type, using raw member
DEBUG: checking static call: writeRes.isOk
DEBUG:   type_definitions has writeRes: false
DEBUG: method call on identifier 'writeRes', member 'isOk'
DEBUG:   var type: Void
DEBUG:   not a struct type, using raw member
DEBUG: checking static call: f.close
DEBUG:   type_definitions has f: false
DEBUG: method call on identifier 'f', member 'close'
DEBUG:   var type: Void
DEBUG:   not a struct type, using raw member
DEBUG: checking static call: f.close
DEBUG:   type_definitions has f: false
DEBUG: method call on identifier 'f', member 'close'
DEBUG:   var type: Void
DEBUG:   not a struct type, using raw member
DEBUG: checking static call: writeRes.unwrapErr
DEBUG:   type_definitions has writeRes: false
DEBUG: method call on identifier 'writeRes', member 'unwrapErr'
DEBUG:   var type: Void
DEBUG:   not a struct type, using raw member
DEBUG: checking static call: res.unwrapErr
DEBUG:   type_definitions has res: false
DEBUG: method call on identifier 'res', member 'unwrapErr'
DEBUG:   var type: Struct { name: "File", fields: [("fd", Integer), ("path", String)] }
DEBUG:   struct_name: File
DEBUG:   type_definitions keys: ["Unit", "SeenTypeChecker", "AST", "Function", "Expression", "Statement", "Class", "Interface", "Type", "FunctionType", "ClassType", "InterfaceType", "Location", "TypeError", "Environment", "TypeInferenceResult", "TypeChecker", "ProgramNode", "ItemNode", "ImportSymbolNode", "FunctionNode", "ParamNode", "TypeNode", "BlockNode", "ClassNode", "ImportPathInfo", "RealParser", "TokenUtils", "SeenLexer", "LanguageConfig", "KeywordManager", "StringBuilder", "TokenType", "Token", "LexerError", "Position", "CommandResult", "BootstrapVerifier", "CompilerInfo", "VerificationResult", "StageArtifact", "BinaryComparison", "RemovalResult", "RustRemover", "BootstrapManager", "FrontendDiagnostic", "FrontendResult", "Duration", "File", "CString", "Result", "Option", "VecChunk", "VecSlot", "Vec", "HashEntry", "StringHashMap", "StringBuffer", "StdString", "TaskKind", "TaskHandle", "ScopeGuard", "Channel"]
DEBUG:   mangled to: File_unwrapErr
DEBUG: checking static call: res.isOk
DEBUG:   type_definitions has res: false
DEBUG: method call on identifier 'res', member 'isOk'
DEBUG:   var type: Struct { name: "Result", fields: [("isOk", Boolean), ("okStorage", Array(Integer)), ("errStorage", Array(Integer))] }
DEBUG:   struct_name: Result
DEBUG:   type_definitions keys: ["Unit", "SeenTypeChecker", "AST", "Function", "Expression", "Statement", "Class", "Interface", "Type", "FunctionType", "ClassType", "InterfaceType", "Location", "TypeError", "Environment", "TypeInferenceResult", "TypeChecker", "ProgramNode", "ItemNode", "ImportSymbolNode", "FunctionNode", "ParamNode", "TypeNode", "BlockNode", "ClassNode", "ImportPathInfo", "RealParser", "TokenUtils", "SeenLexer", "LanguageConfig", "KeywordManager", "StringBuilder", "TokenType", "Token", "LexerError", "Position", "CommandResult", "BootstrapVerifier", "CompilerInfo", "VerificationResult", "StageArtifact", "BinaryComparison", "RemovalResult", "RustRemover", "BootstrapManager", "FrontendDiagnostic", "FrontendResult", "Duration", "File", "CString", "Result", "Option", "VecChunk", "VecSlot", "Vec", "HashEntry", "StringHashMap", "StringBuffer", "StdString", "TaskKind", "TaskHandle", "ScopeGuard", "Channel"]
DEBUG:   mangled to: Result_isOk
DEBUG: checking static call: res.unwrap
DEBUG:   type_definitions has res: false
DEBUG: method call on identifier 'res', member 'unwrap'
DEBUG:   var type: Struct { name: "Result", fields: [("isOk", Boolean), ("okStorage", Array(Integer)), ("errStorage", Array(Integer))] }
DEBUG:   struct_name: Result
DEBUG:   type_definitions keys: ["Unit", "SeenTypeChecker", "AST", "Function", "Expression", "Statement", "Class", "Interface", "Type", "FunctionType", "ClassType", "InterfaceType", "Location", "TypeError", "Environment", "TypeInferenceResult", "TypeChecker", "ProgramNode", "ItemNode", "ImportSymbolNode", "FunctionNode", "ParamNode", "TypeNode", "BlockNode", "ClassNode", "ImportPathInfo", "RealParser", "TokenUtils", "SeenLexer", "LanguageConfig", "KeywordManager", "StringBuilder", "TokenType", "Token", "LexerError", "Position", "CommandResult", "BootstrapVerifier", "CompilerInfo", "VerificationResult", "StageArtifact", "BinaryComparison", "RemovalResult", "RustRemover", "BootstrapManager", "FrontendDiagnostic", "FrontendResult", "Duration", "File", "CString", "Result", "Option", "VecChunk", "VecSlot", "Vec", "HashEntry", "StringHashMap", "StringBuffer", "StdString", "TaskKind", "TaskHandle", "ScopeGuard", "Channel"]
DEBUG:   mangled to: Result_unwrap
DEBUG: checking static call: res.isOk
DEBUG:   type_definitions has res: false
DEBUG: method call on identifier 'res', member 'isOk'
DEBUG:   var type: Struct { name: "Result", fields: [("isOk", Boolean), ("okStorage", Array(Integer)), ("errStorage", Array(Integer))] }
DEBUG:   struct_name: Result
DEBUG:   type_definitions keys: ["Unit", "SeenTypeChecker", "AST", "Function", "Expression", "Statement", "Class", "Interface", "Type", "FunctionType", "ClassType", "InterfaceType", "Location", "TypeError", "Environment", "TypeInferenceResult", "TypeChecker", "ProgramNode", "ItemNode", "ImportSymbolNode", "FunctionNode", "ParamNode", "TypeNode", "BlockNode", "ClassNode", "ImportPathInfo", "RealParser", "TokenUtils", "SeenLexer", "LanguageConfig", "KeywordManager", "StringBuilder", "TokenType", "Token", "LexerError", "Position", "CommandResult", "BootstrapVerifier", "CompilerInfo", "VerificationResult", "StageArtifact", "BinaryComparison", "RemovalResult", "RustRemover", "BootstrapManager", "FrontendDiagnostic", "FrontendResult", "Duration", "File", "CString", "Result", "Option", "VecChunk", "VecSlot", "Vec", "HashEntry", "StringHashMap", "StringBuffer", "StdString", "TaskKind", "TaskHandle", "ScopeGuard", "Channel"]
DEBUG:   mangled to: Result_isOk
DEBUG: checking static call: path.length
DEBUG:   type_definitions has path: false
DEBUG: checking static call: path.charAt
DEBUG:   type_definitions has path: false
DEBUG: method call on identifier 'path', member 'charAt'
DEBUG:   var type: String
DEBUG:   not a struct type, using raw member
DEBUG: checking static call: path.length
DEBUG:   type_definitions has path: false
DEBUG: checking static call: path.charAt
DEBUG:   type_definitions has path: false
DEBUG: method call on identifier 'path', member 'charAt'
DEBUG:   var type: String
DEBUG:   not a struct type, using raw member
DEBUG: checking static call: current.length
DEBUG:   type_definitions has current: false
DEBUG: checking static call: parts.push
DEBUG:   type_definitions has parts: false
DEBUG: method call on identifier 'parts', member 'push'
DEBUG:   var type: Array(String)
DEBUG:   not a struct type, using raw member
DEBUG: checking static call: path.length
DEBUG:   type_definitions has path: false
DEBUG: checking static call: Vec.new
DEBUG:   type_definitions has Vec: true
DEBUG:   mangled to: Vec_new
DEBUG: checking static call: stack.len
DEBUG:   type_definitions has stack: false
DEBUG: checking static call: StringBuilder.new
DEBUG:   type_definitions has StringBuilder: true
DEBUG:   mangled to: StringBuilder_new
DEBUG: checking static call: builder.append
DEBUG:   type_definitions has builder: false
DEBUG: method call on identifier 'builder', member 'append'
DEBUG:   var type: Struct { name: "StringBuilder", fields: [("parts", Array(String)), ("totalLength", Integer)] }
DEBUG:   struct_name: StringBuilder
DEBUG:   type_definitions keys: ["Unit", "SeenTypeChecker", "AST", "Function", "Expression", "Statement", "Class", "Interface", "Type", "FunctionType", "ClassType", "InterfaceType", "Location", "TypeError", "Environment", "TypeInferenceResult", "TypeChecker", "ProgramNode", "ItemNode", "ImportSymbolNode", "FunctionNode", "ParamNode", "TypeNode", "BlockNode", "ClassNode", "ImportPathInfo", "RealParser", "TokenUtils", "SeenLexer", "LanguageConfig", "KeywordManager", "StringBuilder", "TokenType", "Token", "LexerError", "Position", "CommandResult", "BootstrapVerifier", "CompilerInfo", "VerificationResult", "StageArtifact", "BinaryComparison", "RemovalResult", "RustRemover", "BootstrapManager", "FrontendDiagnostic", "FrontendResult", "Duration", "File", "CString", "Result", "Option", "VecChunk", "VecSlot", "Vec", "HashEntry", "StringHashMap", "StringBuffer", "StdString", "TaskKind", "TaskHandle", "ScopeGuard", "Channel"]
DEBUG:   mangled to: StringBuilder_append
DEBUG: checking static call: stack.toArray
DEBUG:   type_definitions has stack: false
DEBUG: method call on identifier 'stack', member 'toArray'
DEBUG:   var type: Struct { name: "Vec", fields: [("chunks", Array(Struct { name: "VecChunk", fields: [("values", Array(Integer))] })), ("capacities", Array(Integer)), ("usage", Array(Integer)), ("length", Integer), ("totalCapacity", Integer), ("nextChunkSize", Integer)] }
DEBUG:   struct_name: Vec
DEBUG:   type_definitions keys: ["Unit", "SeenTypeChecker", "AST", "Function", "Expression", "Statement", "Class", "Interface", "Type", "FunctionType", "ClassType", "InterfaceType", "Location", "TypeError", "Environment", "TypeInferenceResult", "TypeChecker", "ProgramNode", "ItemNode", "ImportSymbolNode", "FunctionNode", "ParamNode", "TypeNode", "BlockNode", "ClassNode", "ImportPathInfo", "RealParser", "TokenUtils", "SeenLexer", "LanguageConfig", "KeywordManager", "StringBuilder", "TokenType", "Token", "LexerError", "Position", "CommandResult", "BootstrapVerifier", "CompilerInfo", "VerificationResult", "StageArtifact", "BinaryComparison", "RemovalResult", "RustRemover", "BootstrapManager", "FrontendDiagnostic", "FrontendResult", "Duration", "File", "CString", "Result", "Option", "VecChunk", "VecSlot", "Vec", "HashEntry", "StringHashMap", "StringBuffer", "StdString", "TaskKind", "TaskHandle", "ScopeGuard", "Channel"]
DEBUG:   mangled to: Vec_toArray
DEBUG: checking static call: seq.length
DEBUG:   type_definitions has seq: false
DEBUG: checking static call: builder.append
DEBUG:   type_definitions has builder: false
DEBUG: method call on identifier 'builder', member 'append'
DEBUG:   var type: Struct { name: "StringBuilder", fields: [("parts", Array(String)), ("totalLength", Integer)] }
DEBUG:   struct_name: StringBuilder
DEBUG:   type_definitions keys: ["Unit", "SeenTypeChecker", "AST", "Function", "Expression", "Statement", "Class", "Interface", "Type", "FunctionType", "ClassType", "InterfaceType", "Location", "TypeError", "Environment", "TypeInferenceResult", "TypeChecker", "ProgramNode", "ItemNode", "ImportSymbolNode", "FunctionNode", "ParamNode", "TypeNode", "BlockNode", "ClassNode", "ImportPathInfo", "RealParser", "TokenUtils", "SeenLexer", "LanguageConfig", "KeywordManager", "StringBuilder", "TokenType", "Token", "LexerError", "Position", "CommandResult", "BootstrapVerifier", "CompilerInfo", "VerificationResult", "StageArtifact", "BinaryComparison", "RemovalResult", "RustRemover", "BootstrapManager", "FrontendDiagnostic", "FrontendResult", "Duration", "File", "CString", "Result", "Option", "VecChunk", "VecSlot", "Vec", "HashEntry", "StringHashMap", "StringBuffer", "StdString", "TaskKind", "TaskHandle", "ScopeGuard", "Channel"]
DEBUG:   mangled to: StringBuilder_append
DEBUG: checking static call: seq.length
DEBUG:   type_definitions has seq: false
DEBUG: checking static call: builder.append
DEBUG:   type_definitions has builder: false
DEBUG: method call on identifier 'builder', member 'append'
DEBUG:   var type: Struct { name: "StringBuilder", fields: [("parts", Array(String)), ("totalLength", Integer)] }
DEBUG:   struct_name: StringBuilder
DEBUG:   type_definitions keys: ["Unit", "SeenTypeChecker", "AST", "Function", "Expression", "Statement", "Class", "Interface", "Type", "FunctionType", "ClassType", "InterfaceType", "Location", "TypeError", "Environment", "TypeInferenceResult", "TypeChecker", "ProgramNode", "ItemNode", "ImportSymbolNode", "FunctionNode", "ParamNode", "TypeNode", "BlockNode", "ClassNode", "ImportPathInfo", "RealParser", "TokenUtils", "SeenLexer", "LanguageConfig", "KeywordManager", "StringBuilder", "TokenType", "Token", "LexerError", "Position", "CommandResult", "BootstrapVerifier", "CompilerInfo", "VerificationResult", "StageArtifact", "BinaryComparison", "RemovalResult", "RustRemover", "BootstrapManager", "FrontendDiagnostic", "FrontendResult", "Duration", "File", "CString", "Result", "Option", "VecChunk", "VecSlot", "Vec", "HashEntry", "StringHashMap", "StringBuffer", "StdString", "TaskKind", "TaskHandle", "ScopeGuard", "Channel"]
DEBUG:   mangled to: StringBuilder_append
DEBUG: checking static call: builder.toString
DEBUG:   type_definitions has builder: false
DEBUG: checking static call: parts.length
DEBUG:   type_definitions has parts: false
DEBUG: checking static call: StringBuilder.new
DEBUG:   type_definitions has StringBuilder: true
DEBUG:   mangled to: StringBuilder_new
DEBUG: checking static call: parts.length
DEBUG:   type_definitions has parts: false
DEBUG: checking static call: part.length
DEBUG:   type_definitions has part: false
DEBUG: checking static call: builder.length
DEBUG:   type_definitions has builder: false
DEBUG: checking static call: builder.append
DEBUG:   type_definitions has builder: false
DEBUG: method call on identifier 'builder', member 'append'
DEBUG:   var type: Struct { name: "StringBuilder", fields: [("parts", Array(String)), ("totalLength", Integer)] }
DEBUG:   struct_name: StringBuilder
DEBUG:   type_definitions keys: ["Unit", "SeenTypeChecker", "AST", "Function", "Expression", "Statement", "Class", "Interface", "Type", "FunctionType", "ClassType", "InterfaceType", "Location", "TypeError", "Environment", "TypeInferenceResult", "TypeChecker", "ProgramNode", "ItemNode", "ImportSymbolNode", "FunctionNode", "ParamNode", "TypeNode", "BlockNode", "ClassNode", "ImportPathInfo", "RealParser", "TokenUtils", "SeenLexer", "LanguageConfig", "KeywordManager", "StringBuilder", "TokenType", "Token", "LexerError", "Position", "CommandResult", "BootstrapVerifier", "CompilerInfo", "VerificationResult", "StageArtifact", "BinaryComparison", "RemovalResult", "RustRemover", "BootstrapManager", "FrontendDiagnostic", "FrontendResult", "Duration", "File", "CString", "Result", "Option", "VecChunk", "VecSlot", "Vec", "HashEntry", "StringHashMap", "StringBuffer", "StdString", "TaskKind", "TaskHandle", "ScopeGuard", "Channel"]
DEBUG:   mangled to: StringBuilder_append
DEBUG: checking static call: trimmed.length
DEBUG:   type_definitions has trimmed: false
DEBUG: checking static call: builder.append
DEBUG:   type_definitions has builder: false
DEBUG: method call on identifier 'builder', member 'append'
DEBUG:   var type: Struct { name: "StringBuilder", fields: [("parts", Array(String)), ("totalLength", Integer)] }
DEBUG:   struct_name: StringBuilder
DEBUG:   type_definitions keys: ["Unit", "SeenTypeChecker", "AST", "Function", "Expression", "Statement", "Class", "Interface", "Type", "FunctionType", "ClassType", "InterfaceType", "Location", "TypeError", "Environment", "TypeInferenceResult", "TypeChecker", "ProgramNode", "ItemNode", "ImportSymbolNode", "FunctionNode", "ParamNode", "TypeNode", "BlockNode", "ClassNode", "ImportPathInfo", "RealParser", "TokenUtils", "SeenLexer", "LanguageConfig", "KeywordManager", "StringBuilder", "TokenType", "Token", "LexerError", "Position", "CommandResult", "BootstrapVerifier", "CompilerInfo", "VerificationResult", "StageArtifact", "BinaryComparison", "RemovalResult", "RustRemover", "BootstrapManager", "FrontendDiagnostic", "FrontendResult", "Duration", "File", "CString", "Result", "Option", "VecChunk", "VecSlot", "Vec", "HashEntry", "StringHashMap", "StringBuffer", "StdString", "TaskKind", "TaskHandle", "ScopeGuard", "Channel"]
DEBUG:   mangled to: StringBuilder_append
DEBUG: checking static call: builder.append
DEBUG:   type_definitions has builder: false
DEBUG: method call on identifier 'builder', member 'append'
DEBUG:   var type: Struct { name: "StringBuilder", fields: [("parts", Array(String)), ("totalLength", Integer)] }
DEBUG:   struct_name: StringBuilder
DEBUG:   type_definitions keys: ["Unit", "SeenTypeChecker", "AST", "Function", "Expression", "Statement", "Class", "Interface", "Type", "FunctionType", "ClassType", "InterfaceType", "Location", "TypeError", "Environment", "TypeInferenceResult", "TypeChecker", "ProgramNode", "ItemNode", "ImportSymbolNode", "FunctionNode", "ParamNode", "TypeNode", "BlockNode", "ClassNode", "ImportPathInfo", "RealParser", "TokenUtils", "SeenLexer", "LanguageConfig", "KeywordManager", "StringBuilder", "TokenType", "Token", "LexerError", "Position", "CommandResult", "BootstrapVerifier", "CompilerInfo", "VerificationResult", "StageArtifact", "BinaryComparison", "RemovalResult", "RustRemover", "BootstrapManager", "FrontendDiagnostic", "FrontendResult", "Duration", "File", "CString", "Result", "Option", "VecChunk", "VecSlot", "Vec", "HashEntry", "StringHashMap", "StringBuffer", "StdString", "TaskKind", "TaskHandle", "ScopeGuard", "Channel"]
DEBUG:   mangled to: StringBuilder_append
DEBUG: checking static call: builder.toString
DEBUG:   type_definitions has builder: false
DEBUG: checking static call: path.length
DEBUG:   type_definitions has path: false
DEBUG: checking static call: path.length
DEBUG:   type_definitions has path: false
DEBUG: checking static call: path.charAt
DEBUG:   type_definitions has path: false
DEBUG: method call on identifier 'path', member 'charAt'
DEBUG:   var type: String
DEBUG:   not a struct type, using raw member
DEBUG: checking static call: path.length
DEBUG:   type_definitions has path: false
DEBUG: checking static call: path.length
DEBUG:   type_definitions has path: false
DEBUG: checking static call: path.substring
DEBUG:   type_definitions has path: false
DEBUG: method call on identifier 'path', member 'substring'
DEBUG:   var type: String
DEBUG:   not a struct type, using raw member
DEBUG: checking static call: builder.length
DEBUG:   type_definitions has builder: false
DEBUG: checking static call: builder.toString
DEBUG:   type_definitions has builder: false
DEBUG: checking static call: combined.length
DEBUG:   type_definitions has combined: false
DEBUG: checking static call: combined.charAt
DEBUG:   type_definitions has combined: false
DEBUG: method call on identifier 'combined', member 'charAt'
DEBUG:   var type: String
DEBUG:   not a struct type, using raw member
DEBUG: checking static call: path.length
DEBUG:   type_definitions has path: false
DEBUG: checking static call: components.length
DEBUG:   type_definitions has components: false
DEBUG: checking static call: components.length
DEBUG:   type_definitions has components: false
DEBUG: checking static call: path.length
DEBUG:   type_definitions has path: false
DEBUG: checking static call: components.length
DEBUG:   type_definitions has components: false
DEBUG: checking static call: StringBuilder.new
DEBUG:   type_definitions has StringBuilder: true
DEBUG:   mangled to: StringBuilder_new
DEBUG: checking static call: builder.append
DEBUG:   type_definitions has builder: false
DEBUG: method call on identifier 'builder', member 'append'
DEBUG:   var type: Struct { name: "StringBuilder", fields: [("parts", Array(String)), ("totalLength", Integer)] }
DEBUG:   struct_name: StringBuilder
DEBUG:   type_definitions keys: ["Unit", "SeenTypeChecker", "AST", "Function", "Expression", "Statement", "Class", "Interface", "Type", "FunctionType", "ClassType", "InterfaceType", "Location", "TypeError", "Environment", "TypeInferenceResult", "TypeChecker", "ProgramNode", "ItemNode", "ImportSymbolNode", "FunctionNode", "ParamNode", "TypeNode", "BlockNode", "ClassNode", "ImportPathInfo", "RealParser", "TokenUtils", "SeenLexer", "LanguageConfig", "KeywordManager", "StringBuilder", "TokenType", "Token", "LexerError", "Position", "CommandResult", "BootstrapVerifier", "CompilerInfo", "VerificationResult", "StageArtifact", "BinaryComparison", "RemovalResult", "RustRemover", "BootstrapManager", "FrontendDiagnostic", "FrontendResult", "Duration", "File", "CString", "Result", "Option", "VecChunk", "VecSlot", "Vec", "HashEntry", "StringHashMap", "StringBuffer", "StdString", "TaskKind", "TaskHandle", "ScopeGuard", "Channel"]
DEBUG:   mangled to: StringBuilder_append
DEBUG: checking static call: components.length
DEBUG:   type_definitions has components: false
DEBUG: checking static call: builder.append
DEBUG:   type_definitions has builder: false
DEBUG: method call on identifier 'builder', member 'append'
DEBUG:   var type: Struct { name: "StringBuilder", fields: [("parts", Array(String)), ("totalLength", Integer)] }
DEBUG:   struct_name: StringBuilder
DEBUG:   type_definitions keys: ["Unit", "SeenTypeChecker", "AST", "Function", "Expression", "Statement", "Class", "Interface", "Type", "FunctionType", "ClassType", "InterfaceType", "Location", "TypeError", "Environment", "TypeInferenceResult", "TypeChecker", "ProgramNode", "ItemNode", "ImportSymbolNode", "FunctionNode", "ParamNode", "TypeNode", "BlockNode", "ClassNode", "ImportPathInfo", "RealParser", "TokenUtils", "SeenLexer", "LanguageConfig", "KeywordManager", "StringBuilder", "TokenType", "Token", "LexerError", "Position", "CommandResult", "BootstrapVerifier", "CompilerInfo", "VerificationResult", "StageArtifact", "BinaryComparison", "RemovalResult", "RustRemover", "BootstrapManager", "FrontendDiagnostic", "FrontendResult", "Duration", "File", "CString", "Result", "Option", "VecChunk", "VecSlot", "Vec", "HashEntry", "StringHashMap", "StringBuffer", "StdString", "TaskKind", "TaskHandle", "ScopeGuard", "Channel"]
DEBUG:   mangled to: StringBuilder_append
DEBUG: checking static call: components.length
DEBUG:   type_definitions has components: false
DEBUG: checking static call: builder.append
DEBUG:   type_definitions has builder: false
DEBUG: method call on identifier 'builder', member 'append'
DEBUG:   var type: Struct { name: "StringBuilder", fields: [("parts", Array(String)), ("totalLength", Integer)] }
DEBUG:   struct_name: StringBuilder
DEBUG:   type_definitions keys: ["Unit", "SeenTypeChecker", "AST", "Function", "Expression", "Statement", "Class", "Interface", "Type", "FunctionType", "ClassType", "InterfaceType", "Location", "TypeError", "Environment", "TypeInferenceResult", "TypeChecker", "ProgramNode", "ItemNode", "ImportSymbolNode", "FunctionNode", "ParamNode", "TypeNode", "BlockNode", "ClassNode", "ImportPathInfo", "RealParser", "TokenUtils", "SeenLexer", "LanguageConfig", "KeywordManager", "StringBuilder", "TokenType", "Token", "LexerError", "Position", "CommandResult", "BootstrapVerifier", "CompilerInfo", "VerificationResult", "StageArtifact", "BinaryComparison", "RemovalResult", "RustRemover", "BootstrapManager", "FrontendDiagnostic", "FrontendResult", "Duration", "File", "CString", "Result", "Option", "VecChunk", "VecSlot", "Vec", "HashEntry", "StringHashMap", "StringBuffer", "StdString", "TaskKind", "TaskHandle", "ScopeGuard", "Channel"]
DEBUG:   mangled to: StringBuilder_append
DEBUG: checking static call: builder.toString
DEBUG:   type_definitions has builder: false
DEBUG: checking static call: parent.length
DEBUG:   type_definitions has parent: false
DEBUG: checking static call: name.length
DEBUG:   type_definitions has name: false
DEBUG: checking static call: name.substring
DEBUG:   type_definitions has name: false
DEBUG: method call on identifier 'name', member 'substring'
DEBUG:   var type: String
DEBUG:   not a struct type, using raw member
DEBUG: checking static call: name.substring
DEBUG:   type_definitions has name: false
DEBUG: method call on identifier 'name', member 'substring'
DEBUG:   var type: String
DEBUG:   not a struct type, using raw member
DEBUG: checking static call: StringBuilder.new
DEBUG:   type_definitions has StringBuilder: true
DEBUG:   mangled to: StringBuilder_new
DEBUG: checking static call: builder.append
DEBUG:   type_definitions has builder: false
DEBUG: method call on identifier 'builder', member 'append'
DEBUG:   var type: Struct { name: "StringBuilder", fields: [("parts", Array(String)), ("totalLength", Integer)] }
DEBUG:   struct_name: StringBuilder
DEBUG:   type_definitions keys: ["Unit", "SeenTypeChecker", "AST", "Function", "Expression", "Statement", "Class", "Interface", "Type", "FunctionType", "ClassType", "InterfaceType", "Location", "TypeError", "Environment", "TypeInferenceResult", "TypeChecker", "ProgramNode", "ItemNode", "ImportSymbolNode", "FunctionNode", "ParamNode", "TypeNode", "BlockNode", "ClassNode", "ImportPathInfo", "RealParser", "TokenUtils", "SeenLexer", "LanguageConfig", "KeywordManager", "StringBuilder", "TokenType", "Token", "LexerError", "Position", "CommandResult", "BootstrapVerifier", "CompilerInfo", "VerificationResult", "StageArtifact", "BinaryComparison", "RemovalResult", "RustRemover", "BootstrapManager", "FrontendDiagnostic", "FrontendResult", "Duration", "File", "CString", "Result", "Option", "VecChunk", "VecSlot", "Vec", "HashEntry", "StringHashMap", "StringBuffer", "StdString", "TaskKind", "TaskHandle", "ScopeGuard", "Channel"]
DEBUG:   mangled to: StringBuilder_append
DEBUG: checking static call: builder.append
DEBUG:   type_definitions has builder: false
DEBUG: method call on identifier 'builder', member 'append'
DEBUG:   var type: Struct { name: "StringBuilder", fields: [("parts", Array(String)), ("totalLength", Integer)] }
DEBUG:   struct_name: StringBuilder
DEBUG:   type_definitions keys: ["Unit", "SeenTypeChecker", "AST", "Function", "Expression", "Statement", "Class", "Interface", "Type", "FunctionType", "ClassType", "InterfaceType", "Location", "TypeError", "Environment", "TypeInferenceResult", "TypeChecker", "ProgramNode", "ItemNode", "ImportSymbolNode", "FunctionNode", "ParamNode", "TypeNode", "BlockNode", "ClassNode", "ImportPathInfo", "RealParser", "TokenUtils", "SeenLexer", "LanguageConfig", "KeywordManager", "StringBuilder", "TokenType", "Token", "LexerError", "Position", "CommandResult", "BootstrapVerifier", "CompilerInfo", "VerificationResult", "StageArtifact", "BinaryComparison", "RemovalResult", "RustRemover", "BootstrapManager", "FrontendDiagnostic", "FrontendResult", "Duration", "File", "CString", "Result", "Option", "VecChunk", "VecSlot", "Vec", "HashEntry", "StringHashMap", "StringBuffer", "StdString", "TaskKind", "TaskHandle", "ScopeGuard", "Channel"]
DEBUG:   mangled to: StringBuilder_append
DEBUG: checking static call: name.substring
DEBUG:   type_definitions has name: false
DEBUG: method call on identifier 'name', member 'substring'
DEBUG:   var type: String
DEBUG:   not a struct type, using raw member
DEBUG: checking static call: builder.append
DEBUG:   type_definitions has builder: false
DEBUG: method call on identifier 'builder', member 'append'
DEBUG:   var type: Struct { name: "StringBuilder", fields: [("parts", Array(String)), ("totalLength", Integer)] }
DEBUG:   struct_name: StringBuilder
DEBUG:   type_definitions keys: ["Unit", "SeenTypeChecker", "AST", "Function", "Expression", "Statement", "Class", "Interface", "Type", "FunctionType", "ClassType", "InterfaceType", "Location", "TypeError", "Environment", "TypeInferenceResult", "TypeChecker", "ProgramNode", "ItemNode", "ImportSymbolNode", "FunctionNode", "ParamNode", "TypeNode", "BlockNode", "ClassNode", "ImportPathInfo", "RealParser", "TokenUtils", "SeenLexer", "LanguageConfig", "KeywordManager", "StringBuilder", "TokenType", "Token", "LexerError", "Position", "CommandResult", "BootstrapVerifier", "CompilerInfo", "VerificationResult", "StageArtifact", "BinaryComparison", "RemovalResult", "RustRemover", "BootstrapManager", "FrontendDiagnostic", "FrontendResult", "Duration", "File", "CString", "Result", "Option", "VecChunk", "VecSlot", "Vec", "HashEntry", "StringHashMap", "StringBuffer", "StdString", "TaskKind", "TaskHandle", "ScopeGuard", "Channel"]
DEBUG:   mangled to: StringBuilder_append
DEBUG: checking static call: builder.toString
DEBUG:   type_definitions has builder: false
DEBUG: Resolved 'this' to receiver 'self'
DEBUG: Resolved 'this' to receiver 'self'
DEBUG: method call on non-identifier, member 'push'
DEBUG: Resolved 'this' to receiver 'self'
DEBUG: Resolved 'this' to receiver 'self'
DEBUG: Resolved 'this' to receiver 'self'
DEBUG: Resolved 'this' to receiver 'self'
DEBUG: Resolved 'this' to receiver 'self'
DEBUG: method call on non-identifier, member 'push'
DEBUG: Resolved 'this' to receiver 'self'
DEBUG: Resolved 'this' to receiver 'self'
DEBUG: Resolved 'this' to receiver 'self'
DEBUG: Resolved 'this' to receiver 'self'
DEBUG: Resolved 'this' to receiver 'self'
DEBUG: Resolved 'this' to receiver 'self'
DEBUG: Resolved 'this' to receiver 'self'
DEBUG: Resolved 'this' to receiver 'self'
DEBUG: Resolved 'this' to receiver 'self'
DEBUG: Resolved 'this' to receiver 'self'
DEBUG: Resolved 'this' to receiver 'self'
DEBUG: checking static call: this.Unwrap
DEBUG:   type_definitions has this: false
DEBUG: Resolved 'this' to receiver 'self'
DEBUG: method call on identifier 'this', member 'Unwrap'
DEBUG:   var type: Struct { name: "Result", fields: [("isOk", Boolean), ("okStorage", Array(Integer)), ("errStorage", Array(Integer))] }
DEBUG:   struct_name: Result
DEBUG:   type_definitions keys: ["Unit", "SeenTypeChecker", "AST", "Function", "Expression", "Statement", "Class", "Interface", "Type", "FunctionType", "ClassType", "InterfaceType", "Location", "TypeError", "Environment", "TypeInferenceResult", "TypeChecker", "ProgramNode", "ItemNode", "ImportSymbolNode", "FunctionNode", "ParamNode", "TypeNode", "BlockNode", "ClassNode", "ImportPathInfo", "RealParser", "TokenUtils", "SeenLexer", "LanguageConfig", "KeywordManager", "StringBuilder", "TokenType", "Token", "LexerError", "Position", "CommandResult", "BootstrapVerifier", "CompilerInfo", "VerificationResult", "StageArtifact", "BinaryComparison", "RemovalResult", "RustRemover", "BootstrapManager", "FrontendDiagnostic", "FrontendResult", "Duration", "File", "CString", "Result", "Option", "VecChunk", "VecSlot", "Vec", "HashEntry", "StringHashMap", "StringBuffer", "StdString", "TaskKind", "TaskHandle", "ScopeGuard", "Channel"]
DEBUG:   mangled to: Result_Unwrap
DEBUG: Resolved 'this' to receiver 'self'
DEBUG: Resolved 'this' to receiver 'self'
DEBUG: Resolved 'this' to receiver 'self'
DEBUG: Resolved 'this' to receiver 'self'
DEBUG: Resolved 'this' to receiver 'self'
DEBUG: Resolved 'this' to receiver 'self'
DEBUG: Resolved 'this' to receiver 'self'
DEBUG: Resolved 'this' to receiver 'self'
DEBUG: Resolved 'this' to receiver 'self'
DEBUG: Resolved 'this' to receiver 'self'
DEBUG: Resolved 'this' to receiver 'self'
DEBUG: checking static call: Result.New
DEBUG:   type_definitions has Result: true
DEBUG:   mangled to: Result_New
DEBUG: checking static call: result.StoreOk
DEBUG:   type_definitions has result: false
DEBUG: method call on identifier 'result', member 'StoreOk'
DEBUG:   var type: Struct { name: "Result", fields: [("isOk", Boolean), ("okStorage", Array(Integer)), ("errStorage", Array(Integer))] }
DEBUG:   struct_name: Result
DEBUG:   type_definitions keys: ["Unit", "SeenTypeChecker", "AST", "Function", "Expression", "Statement", "Class", "Interface", "Type", "FunctionType", "ClassType", "InterfaceType", "Location", "TypeError", "Environment", "TypeInferenceResult", "TypeChecker", "ProgramNode", "ItemNode", "ImportSymbolNode", "FunctionNode", "ParamNode", "TypeNode", "BlockNode", "ClassNode", "ImportPathInfo", "RealParser", "TokenUtils", "SeenLexer", "LanguageConfig", "KeywordManager", "StringBuilder", "TokenType", "Token", "LexerError", "Position", "CommandResult", "BootstrapVerifier", "CompilerInfo", "VerificationResult", "StageArtifact", "BinaryComparison", "RemovalResult", "RustRemover", "BootstrapManager", "FrontendDiagnostic", "FrontendResult", "Duration", "File", "CString", "Result", "Option", "VecChunk", "VecSlot", "Vec", "HashEntry", "StringHashMap", "StringBuffer", "StdString", "TaskKind", "TaskHandle", "ScopeGuard", "Channel"]
DEBUG:   mangled to: Result_StoreOk
DEBUG: checking static call: Result.New
DEBUG:   type_definitions has Result: true
DEBUG:   mangled to: Result_New
DEBUG: checking static call: result.StoreErr
DEBUG:   type_definitions has result: false
DEBUG: method call on identifier 'result', member 'StoreErr'
DEBUG:   var type: Struct { name: "Result", fields: [("isOk", Boolean), ("okStorage", Array(Integer)), ("errStorage", Array(Integer))] }
DEBUG:   struct_name: Result
DEBUG:   type_definitions keys: ["Unit", "SeenTypeChecker", "AST", "Function", "Expression", "Statement", "Class", "Interface", "Type", "FunctionType", "ClassType", "InterfaceType", "Location", "TypeError", "Environment", "TypeInferenceResult", "TypeChecker", "ProgramNode", "ItemNode", "ImportSymbolNode", "FunctionNode", "ParamNode", "TypeNode", "BlockNode", "ClassNode", "ImportPathInfo", "RealParser", "TokenUtils", "SeenLexer", "LanguageConfig", "KeywordManager", "StringBuilder", "TokenType", "Token", "LexerError", "Position", "CommandResult", "BootstrapVerifier", "CompilerInfo", "VerificationResult", "StageArtifact", "BinaryComparison", "RemovalResult", "RustRemover", "BootstrapManager", "FrontendDiagnostic", "FrontendResult", "Duration", "File", "CString", "Result", "Option", "VecChunk", "VecSlot", "Vec", "HashEntry", "StringHashMap", "StringBuffer", "StdString", "TaskKind", "TaskHandle", "ScopeGuard", "Channel"]
DEBUG:   mangled to: Result_StoreErr
DEBUG: checking static call: this.isSome
DEBUG:   type_definitions has this: false
DEBUG: Resolved 'this' to receiver 'self'
DEBUG: method call on identifier 'this', member 'isSome'
DEBUG:   var type: Struct { name: "Option", fields: [("hasValue", Boolean), ("storage", Array(Integer))] }
DEBUG:   struct_name: Option
DEBUG:   type_definitions keys: ["Unit", "SeenTypeChecker", "AST", "Function", "Expression", "Statement", "Class", "Interface", "Type", "FunctionType", "ClassType", "InterfaceType", "Location", "TypeError", "Environment", "TypeInferenceResult", "TypeChecker", "ProgramNode", "ItemNode", "ImportSymbolNode", "FunctionNode", "ParamNode", "TypeNode", "BlockNode", "ClassNode", "ImportPathInfo", "RealParser", "TokenUtils", "SeenLexer", "LanguageConfig", "KeywordManager", "StringBuilder", "TokenType", "Token", "LexerError", "Position", "CommandResult", "BootstrapVerifier", "CompilerInfo", "VerificationResult", "StageArtifact", "BinaryComparison", "RemovalResult", "RustRemover", "BootstrapManager", "FrontendDiagnostic", "FrontendResult", "Duration", "File", "CString", "Result", "Option", "VecChunk", "VecSlot", "Vec", "HashEntry", "StringHashMap", "StringBuffer", "StdString", "TaskKind", "TaskHandle", "ScopeGuard", "Channel"]
DEBUG:   mangled to: Option_isSome
DEBUG: checking static call: this.unwrap
DEBUG:   type_definitions has this: false
DEBUG: Resolved 'this' to receiver 'self'
DEBUG: method call on identifier 'this', member 'unwrap'
DEBUG:   var type: Struct { name: "Option", fields: [("hasValue", Boolean), ("storage", Array(Integer))] }
DEBUG:   struct_name: Option
DEBUG:   type_definitions keys: ["Unit", "SeenTypeChecker", "AST", "Function", "Expression", "Statement", "Class", "Interface", "Type", "FunctionType", "ClassType", "InterfaceType", "Location", "TypeError", "Environment", "TypeInferenceResult", "TypeChecker", "ProgramNode", "ItemNode", "ImportSymbolNode", "FunctionNode", "ParamNode", "TypeNode", "BlockNode", "ClassNode", "ImportPathInfo", "RealParser", "TokenUtils", "SeenLexer", "LanguageConfig", "KeywordManager", "StringBuilder", "TokenType", "Token", "LexerError", "Position", "CommandResult", "BootstrapVerifier", "CompilerInfo", "VerificationResult", "StageArtifact", "BinaryComparison", "RemovalResult", "RustRemover", "BootstrapManager", "FrontendDiagnostic", "FrontendResult", "Duration", "File", "CString", "Result", "Option", "VecChunk", "VecSlot", "Vec", "HashEntry", "StringHashMap", "StringBuffer", "StdString", "TaskKind", "TaskHandle", "ScopeGuard", "Channel"]
DEBUG:   mangled to: Option_unwrap
DEBUG: checking static call: this.isOk
DEBUG:   type_definitions has this: false
DEBUG: Resolved 'this' to receiver 'self'
DEBUG: method call on identifier 'this', member 'isOk'
DEBUG:   var type: Struct { name: "Result", fields: [("isOk", Boolean), ("okStorage", Array(Integer)), ("errStorage", Array(Integer))] }
DEBUG:   struct_name: Result
DEBUG:   type_definitions keys: ["Unit", "SeenTypeChecker", "AST", "Function", "Expression", "Statement", "Class", "Interface", "Type", "FunctionType", "ClassType", "InterfaceType", "Location", "TypeError", "Environment", "TypeInferenceResult", "TypeChecker", "ProgramNode", "ItemNode", "ImportSymbolNode", "FunctionNode", "ParamNode", "TypeNode", "BlockNode", "ClassNode", "ImportPathInfo", "RealParser", "TokenUtils", "SeenLexer", "LanguageConfig", "KeywordManager", "StringBuilder", "TokenType", "Token", "LexerError", "Position", "CommandResult", "BootstrapVerifier", "CompilerInfo", "VerificationResult", "StageArtifact", "BinaryComparison", "RemovalResult", "RustRemover", "BootstrapManager", "FrontendDiagnostic", "FrontendResult", "Duration", "File", "CString", "Result", "Option", "VecChunk", "VecSlot", "Vec", "HashEntry", "StringHashMap", "StringBuffer", "StdString", "TaskKind", "TaskHandle", "ScopeGuard", "Channel"]
DEBUG:   mangled to: Result_isOk
DEBUG: checking static call: this.unwrap
DEBUG:   type_definitions has this: false
DEBUG: Resolved 'this' to receiver 'self'
DEBUG: method call on identifier 'this', member 'unwrap'
DEBUG:   var type: Struct { name: "Result", fields: [("isOk", Boolean), ("okStorage", Array(Integer)), ("errStorage", Array(Integer))] }
DEBUG:   struct_name: Result
DEBUG:   type_definitions keys: ["Unit", "SeenTypeChecker", "AST", "Function", "Expression", "Statement", "Class", "Interface", "Type", "FunctionType", "ClassType", "InterfaceType", "Location", "TypeError", "Environment", "TypeInferenceResult", "TypeChecker", "ProgramNode", "ItemNode", "ImportSymbolNode", "FunctionNode", "ParamNode", "TypeNode", "BlockNode", "ClassNode", "ImportPathInfo", "RealParser", "TokenUtils", "SeenLexer", "LanguageConfig", "KeywordManager", "StringBuilder", "TokenType", "Token", "LexerError", "Position", "CommandResult", "BootstrapVerifier", "CompilerInfo", "VerificationResult", "StageArtifact", "BinaryComparison", "RemovalResult", "RustRemover", "BootstrapManager", "FrontendDiagnostic", "FrontendResult", "Duration", "File", "CString", "Result", "Option", "VecChunk", "VecSlot", "Vec", "HashEntry", "StringHashMap", "StringBuffer", "StdString", "TaskKind", "TaskHandle", "ScopeGuard", "Channel"]
DEBUG:   mangled to: Result_unwrap
DEBUG: Resolved 'this' to receiver 'self'
DEBUG: Resolved 'this' to receiver 'self'
DEBUG: method call on non-identifier, member 'push'
DEBUG: Resolved 'this' to receiver 'self'
DEBUG: Resolved 'this' to receiver 'self'
DEBUG: Resolved 'this' to receiver 'self'
DEBUG: Resolved 'this' to receiver 'self'
DEBUG: Resolved 'this' to receiver 'self'
DEBUG: Resolved 'this' to receiver 'self'
DEBUG: Resolved 'this' to receiver 'self'
DEBUG: Resolved 'this' to receiver 'self'
DEBUG: Resolved 'this' to receiver 'self'
DEBUG: Resolved 'this' to receiver 'self'
DEBUG: checking static call: this.Unwrap
DEBUG:   type_definitions has this: false
DEBUG: Resolved 'this' to receiver 'self'
DEBUG: method call on identifier 'this', member 'Unwrap'
DEBUG:   var type: Struct { name: "Option", fields: [("hasValue", Boolean), ("storage", Array(Integer))] }
DEBUG:   struct_name: Option
DEBUG:   type_definitions keys: ["Unit", "SeenTypeChecker", "AST", "Function", "Expression", "Statement", "Class", "Interface", "Type", "FunctionType", "ClassType", "InterfaceType", "Location", "TypeError", "Environment", "TypeInferenceResult", "TypeChecker", "ProgramNode", "ItemNode", "ImportSymbolNode", "FunctionNode", "ParamNode", "TypeNode", "BlockNode", "ClassNode", "ImportPathInfo", "RealParser", "TokenUtils", "SeenLexer", "LanguageConfig", "KeywordManager", "StringBuilder", "TokenType", "Token", "LexerError", "Position", "CommandResult", "BootstrapVerifier", "CompilerInfo", "VerificationResult", "StageArtifact", "BinaryComparison", "RemovalResult", "RustRemover", "BootstrapManager", "FrontendDiagnostic", "FrontendResult", "Duration", "File", "CString", "Result", "Option", "VecChunk", "VecSlot", "Vec", "HashEntry", "StringHashMap", "StringBuffer", "StdString", "TaskKind", "TaskHandle", "ScopeGuard", "Channel"]
DEBUG:   mangled to: Option_Unwrap
DEBUG: Resolved 'this' to receiver 'self'
DEBUG: Resolved 'this' to receiver 'self'
DEBUG: Resolved 'this' to receiver 'self'
DEBUG: Resolved 'this' to receiver 'self'
DEBUG: Resolved 'this' to receiver 'self'
DEBUG: Resolved 'this' to receiver 'self'
DEBUG: checking static call: this.Store
DEBUG:   type_definitions has this: false
DEBUG: Resolved 'this' to receiver 'self'
DEBUG: method call on identifier 'this', member 'Store'
DEBUG:   var type: Struct { name: "Option", fields: [("hasValue", Boolean), ("storage", Array(Integer))] }
DEBUG:   struct_name: Option
DEBUG:   type_definitions keys: ["Unit", "SeenTypeChecker", "AST", "Function", "Expression", "Statement", "Class", "Interface", "Type", "FunctionType", "ClassType", "InterfaceType", "Location", "TypeError", "Environment", "TypeInferenceResult", "TypeChecker", "ProgramNode", "ItemNode", "ImportSymbolNode", "FunctionNode", "ParamNode", "TypeNode", "BlockNode", "ClassNode", "ImportPathInfo", "RealParser", "TokenUtils", "SeenLexer", "LanguageConfig", "KeywordManager", "StringBuilder", "TokenType", "Token", "LexerError", "Position", "CommandResult", "BootstrapVerifier", "CompilerInfo", "VerificationResult", "StageArtifact", "BinaryComparison", "RemovalResult", "RustRemover", "BootstrapManager", "FrontendDiagnostic", "FrontendResult", "Duration", "File", "CString", "Result", "Option", "VecChunk", "VecSlot", "Vec", "HashEntry", "StringHashMap", "StringBuffer", "StdString", "TaskKind", "TaskHandle", "ScopeGuard", "Channel"]
DEBUG:   mangled to: Option_Store
DEBUG: Resolved 'this' to receiver 'self'
DEBUG: Resolved 'this' to receiver 'self'
DEBUG: checking static call: Option.New
DEBUG:   type_definitions has Option: true
DEBUG:   mangled to: Option_New
DEBUG: checking static call: option.Store
DEBUG:   type_definitions has option: false
DEBUG: method call on identifier 'option', member 'Store'
DEBUG:   var type: Struct { name: "Option", fields: [("hasValue", Boolean), ("storage", Array(Integer))] }
DEBUG:   struct_name: Option
DEBUG:   type_definitions keys: ["Unit", "SeenTypeChecker", "AST", "Function", "Expression", "Statement", "Class", "Interface", "Type", "FunctionType", "ClassType", "InterfaceType", "Location", "TypeError", "Environment", "TypeInferenceResult", "TypeChecker", "ProgramNode", "ItemNode", "ImportSymbolNode", "FunctionNode", "ParamNode", "TypeNode", "BlockNode", "ClassNode", "ImportPathInfo", "RealParser", "TokenUtils", "SeenLexer", "LanguageConfig", "KeywordManager", "StringBuilder", "TokenType", "Token", "LexerError", "Position", "CommandResult", "BootstrapVerifier", "CompilerInfo", "VerificationResult", "StageArtifact", "BinaryComparison", "RemovalResult", "RustRemover", "BootstrapManager", "FrontendDiagnostic", "FrontendResult", "Duration", "File", "CString", "Result", "Option", "VecChunk", "VecSlot", "Vec", "HashEntry", "StringHashMap", "StringBuffer", "StdString", "TaskKind", "TaskHandle", "ScopeGuard", "Channel"]
DEBUG:   mangled to: Option_Store
DEBUG: checking static call: Option.New
DEBUG:   type_definitions has Option: true
DEBUG:   mangled to: Option_New
DEBUG: checking static call: Vec.new
DEBUG:   type_definitions has Vec: true
DEBUG:   mangled to: Vec_new
DEBUG: checking static call: vec.reserve
DEBUG:   type_definitions has vec: false
DEBUG: method call on identifier 'vec', member 'reserve'
DEBUG:   var type: Struct { name: "Vec", fields: [("chunks", Array(Struct { name: "VecChunk", fields: [("values", Array(Integer))] })), ("capacities", Array(Integer)), ("usage", Array(Integer)), ("length", Integer), ("totalCapacity", Integer), ("nextChunkSize", Integer)] }
DEBUG:   struct_name: Vec
DEBUG:   type_definitions keys: ["Unit", "SeenTypeChecker", "AST", "Function", "Expression", "Statement", "Class", "Interface", "Type", "FunctionType", "ClassType", "InterfaceType", "Location", "TypeError", "Environment", "TypeInferenceResult", "TypeChecker", "ProgramNode", "ItemNode", "ImportSymbolNode", "FunctionNode", "ParamNode", "TypeNode", "BlockNode", "ClassNode", "ImportPathInfo", "RealParser", "TokenUtils", "SeenLexer", "LanguageConfig", "KeywordManager", "StringBuilder", "TokenType", "Token", "LexerError", "Position", "CommandResult", "BootstrapVerifier", "CompilerInfo", "VerificationResult", "StageArtifact", "BinaryComparison", "RemovalResult", "RustRemover", "BootstrapManager", "FrontendDiagnostic", "FrontendResult", "Duration", "File", "CString", "Result", "Option", "VecChunk", "VecSlot", "Vec", "HashEntry", "StringHashMap", "StringBuffer", "StdString", "TaskKind", "TaskHandle", "ScopeGuard", "Channel"]
DEBUG:   mangled to: Vec_reserve
DEBUG: Resolved 'this' to receiver 'self'
DEBUG: Resolved 'this' to receiver 'self'
DEBUG: Resolved 'this' to receiver 'self'
DEBUG: Resolved 'this' to receiver 'self'
DEBUG: Resolved 'this' to receiver 'self'
DEBUG: checking static call: this.growChunk
DEBUG:   type_definitions has this: false
DEBUG: Resolved 'this' to receiver 'self'
DEBUG: method call on identifier 'this', member 'growChunk'
DEBUG:   var type: Struct { name: "Vec", fields: [("chunks", Array(Struct { name: "VecChunk", fields: [("values", Array(Integer))] })), ("capacities", Array(Integer)), ("usage", Array(Integer)), ("length", Integer), ("totalCapacity", Integer), ("nextChunkSize", Integer)] }
DEBUG:   struct_name: Vec
DEBUG:   type_definitions keys: ["Unit", "SeenTypeChecker", "AST", "Function", "Expression", "Statement", "Class", "Interface", "Type", "FunctionType", "ClassType", "InterfaceType", "Location", "TypeError", "Environment", "TypeInferenceResult", "TypeChecker", "ProgramNode", "ItemNode", "ImportSymbolNode", "FunctionNode", "ParamNode", "TypeNode", "BlockNode", "ClassNode", "ImportPathInfo", "RealParser", "TokenUtils", "SeenLexer", "LanguageConfig", "KeywordManager", "StringBuilder", "TokenType", "Token", "LexerError", "Position", "CommandResult", "BootstrapVerifier", "CompilerInfo", "VerificationResult", "StageArtifact", "BinaryComparison", "RemovalResult", "RustRemover", "BootstrapManager", "FrontendDiagnostic", "FrontendResult", "Duration", "File", "CString", "Result", "Option", "VecChunk", "VecSlot", "Vec", "HashEntry", "StringHashMap", "StringBuffer", "StdString", "TaskKind", "TaskHandle", "ScopeGuard", "Channel"]
DEBUG:   mangled to: Vec_growChunk
DEBUG: Resolved 'this' to receiver 'self'
DEBUG: Resolved 'this' to receiver 'self'
DEBUG: Resolved 'this' to receiver 'self'
DEBUG: method call on non-identifier, member 'push'
DEBUG: Resolved 'this' to receiver 'self'
DEBUG: Resolved 'this' to receiver 'self'
DEBUG: Resolved 'this' to receiver 'self'
DEBUG: Resolved 'this' to receiver 'self'
DEBUG: Resolved 'this' to receiver 'self'
DEBUG: Resolved 'this' to receiver 'self'
DEBUG: Resolved 'this' to receiver 'self'
DEBUG: Resolved 'this' to receiver 'self'
DEBUG: Resolved 'this' to receiver 'self'
DEBUG: Resolved 'this' to receiver 'self'
DEBUG: Resolved 'this' to receiver 'self'
DEBUG: Resolved 'this' to receiver 'self'
DEBUG: Resolved 'this' to receiver 'self'
DEBUG: Resolved 'this' to receiver 'self'
DEBUG: Resolved 'this' to receiver 'self'
DEBUG: Resolved 'this' to receiver 'self'
DEBUG: Resolved 'this' to receiver 'self'
DEBUG: Resolved 'this' to receiver 'self'
DEBUG: Resolved 'this' to receiver 'self'
DEBUG: Resolved 'this' to receiver 'self'
DEBUG: Resolved 'this' to receiver 'self'
DEBUG: Resolved 'this' to receiver 'self'
DEBUG: Resolved 'this' to receiver 'self'
DEBUG: Resolved 'this' to receiver 'self'
DEBUG: Resolved 'this' to receiver 'self'
DEBUG: Resolved 'this' to receiver 'self'
DEBUG: Resolved 'this' to receiver 'self'
DEBUG: checking static call: this.growChunk
DEBUG:   type_definitions has this: false
DEBUG: Resolved 'this' to receiver 'self'
DEBUG: method call on identifier 'this', member 'growChunk'
DEBUG:   var type: Struct { name: "Vec", fields: [("chunks", Array(Struct { name: "VecChunk", fields: [("values", Array(Integer))] })), ("capacities", Array(Integer)), ("usage", Array(Integer)), ("length", Integer), ("totalCapacity", Integer), ("nextChunkSize", Integer)] }
DEBUG:   struct_name: Vec
DEBUG:   type_definitions keys: ["Unit", "SeenTypeChecker", "AST", "Function", "Expression", "Statement", "Class", "Interface", "Type", "FunctionType", "ClassType", "InterfaceType", "Location", "TypeError", "Environment", "TypeInferenceResult", "TypeChecker", "ProgramNode", "ItemNode", "ImportSymbolNode", "FunctionNode", "ParamNode", "TypeNode", "BlockNode", "ClassNode", "ImportPathInfo", "RealParser", "TokenUtils", "SeenLexer", "LanguageConfig", "KeywordManager", "StringBuilder", "TokenType", "Token", "LexerError", "Position", "CommandResult", "BootstrapVerifier", "CompilerInfo", "VerificationResult", "StageArtifact", "BinaryComparison", "RemovalResult", "RustRemover", "BootstrapManager", "FrontendDiagnostic", "FrontendResult", "Duration", "File", "CString", "Result", "Option", "VecChunk", "VecSlot", "Vec", "HashEntry", "StringHashMap", "StringBuffer", "StdString", "TaskKind", "TaskHandle", "ScopeGuard", "Channel"]
DEBUG:   mangled to: Vec_growChunk
DEBUG: Resolved 'this' to receiver 'self'
DEBUG: method call on non-identifier, member 'push'
DEBUG: Resolved 'this' to receiver 'self'
DEBUG: method call on non-identifier, member 'push'
DEBUG: Resolved 'this' to receiver 'self'
DEBUG: Resolved 'this' to receiver 'self'
DEBUG: method call on non-identifier, member 'push'
DEBUG: Resolved 'this' to receiver 'self'
DEBUG: method call on non-identifier, member 'push'
DEBUG: Resolved 'this' to receiver 'self'
DEBUG: Resolved 'this' to receiver 'self'
DEBUG: Resolved 'this' to receiver 'self'
DEBUG: Resolved 'this' to receiver 'self'
DEBUG: Resolved 'this' to receiver 'self'
DEBUG: Resolved 'this' to receiver 'self'
DEBUG: Resolved 'this' to receiver 'self'
DEBUG: Resolved 'this' to receiver 'self'
DEBUG: checking static call: StringHashMap.withCapacity
DEBUG:   type_definitions has StringHashMap: true
DEBUG:   mangled to: StringHashMap_withCapacity
DEBUG: implicit this field access: length -> self.length
DEBUG: implicit this field access: length -> self.length
DEBUG: checking static call: entries.len
DEBUG:   type_definitions has entries: false
DEBUG: implicit this field access: entries -> self.entries
DEBUG: checking static call: this.Capacity
DEBUG:   type_definitions has this: false
DEBUG: Resolved 'this' to receiver 'self'
DEBUG: method call on identifier 'this', member 'Capacity'
DEBUG:   var type: Struct { name: "StringHashMap", fields: [("entries", Struct { name: "Vec", fields: [("chunks", Array(Struct { name: "VecChunk", fields: [("values", Array(Integer))] })), ("capacities", Array(Integer)), ("usage", Array(Integer)), ("length", Integer), ("totalCapacity", Integer), ("nextChunkSize", Integer)] }), ("states", Struct { name: "Vec", fields: [("chunks", Array(Struct { name: "VecChunk", fields: [("values", Array(Integer))] })), ("capacities", Array(Integer)), ("usage", Array(Integer)), ("length", Integer), ("totalCapacity", Integer), ("nextChunkSize", Integer)] }), ("length", Integer)] }
DEBUG:   struct_name: StringHashMap
DEBUG:   type_definitions keys: ["Unit", "SeenTypeChecker", "AST", "Function", "Expression", "Statement", "Class", "Interface", "Type", "FunctionType", "ClassType", "InterfaceType", "Location", "TypeError", "Environment", "TypeInferenceResult", "TypeChecker", "ProgramNode", "ItemNode", "ImportSymbolNode", "FunctionNode", "ParamNode", "TypeNode", "BlockNode", "ClassNode", "ImportPathInfo", "RealParser", "TokenUtils", "SeenLexer", "LanguageConfig", "KeywordManager", "StringBuilder", "TokenType", "Token", "LexerError", "Position", "CommandResult", "BootstrapVerifier", "CompilerInfo", "VerificationResult", "StageArtifact", "BinaryComparison", "RemovalResult", "RustRemover", "BootstrapManager", "FrontendDiagnostic", "FrontendResult", "Duration", "File", "CString", "Result", "Option", "VecChunk", "VecSlot", "Vec", "HashEntry", "StringHashMap", "StringBuffer", "StdString", "TaskKind", "TaskHandle", "ScopeGuard", "Channel"]
DEBUG:   mangled to: StringHashMap_Capacity
DEBUG: implicit this field access: length -> self.length
DEBUG: checking static call: this.ensureCapacityFor
DEBUG:   type_definitions has this: false
DEBUG: Resolved 'this' to receiver 'self'
DEBUG: method call on identifier 'this', member 'ensureCapacityFor'
DEBUG:   var type: Struct { name: "StringHashMap", fields: [("entries", Struct { name: "Vec", fields: [("chunks", Array(Struct { name: "VecChunk", fields: [("values", Array(Integer))] })), ("capacities", Array(Integer)), ("usage", Array(Integer)), ("length", Integer), ("totalCapacity", Integer), ("nextChunkSize", Integer)] }), ("states", Struct { name: "Vec", fields: [("chunks", Array(Struct { name: "VecChunk", fields: [("values", Array(Integer))] })), ("capacities", Array(Integer)), ("usage", Array(Integer)), ("length", Integer), ("totalCapacity", Integer), ("nextChunkSize", Integer)] }), ("length", Integer)] }
DEBUG:   struct_name: StringHashMap
DEBUG:   type_definitions keys: ["Unit", "SeenTypeChecker", "AST", "Function", "Expression", "Statement", "Class", "Interface", "Type", "FunctionType", "ClassType", "InterfaceType", "Location", "TypeError", "Environment", "TypeInferenceResult", "TypeChecker", "ProgramNode", "ItemNode", "ImportSymbolNode", "FunctionNode", "ParamNode", "TypeNode", "BlockNode", "ClassNode", "ImportPathInfo", "RealParser", "TokenUtils", "SeenLexer", "LanguageConfig", "KeywordManager", "StringBuilder", "TokenType", "Token", "LexerError", "Position", "CommandResult", "BootstrapVerifier", "CompilerInfo", "VerificationResult", "StageArtifact", "BinaryComparison", "RemovalResult", "RustRemover", "BootstrapManager", "FrontendDiagnostic", "FrontendResult", "Duration", "File", "CString", "Result", "Option", "VecChunk", "VecSlot", "Vec", "HashEntry", "StringHashMap", "StringBuffer", "StdString", "TaskKind", "TaskHandle", "ScopeGuard", "Channel"]
DEBUG:   mangled to: StringHashMap_ensureCapacityFor
DEBUG: checking static call: this.insertInternal
DEBUG:   type_definitions has this: false
DEBUG: Resolved 'this' to receiver 'self'
DEBUG: method call on identifier 'this', member 'insertInternal'
DEBUG:   var type: Struct { name: "StringHashMap", fields: [("entries", Struct { name: "Vec", fields: [("chunks", Array(Struct { name: "VecChunk", fields: [("values", Array(Integer))] })), ("capacities", Array(Integer)), ("usage", Array(Integer)), ("length", Integer), ("totalCapacity", Integer), ("nextChunkSize", Integer)] }), ("states", Struct { name: "Vec", fields: [("chunks", Array(Struct { name: "VecChunk", fields: [("values", Array(Integer))] })), ("capacities", Array(Integer)), ("usage", Array(Integer)), ("length", Integer), ("totalCapacity", Integer), ("nextChunkSize", Integer)] }), ("length", Integer)] }
DEBUG:   struct_name: StringHashMap
DEBUG:   type_definitions keys: ["Unit", "SeenTypeChecker", "AST", "Function", "Expression", "Statement", "Class", "Interface", "Type", "FunctionType", "ClassType", "InterfaceType", "Location", "TypeError", "Environment", "TypeInferenceResult", "TypeChecker", "ProgramNode", "ItemNode", "ImportSymbolNode", "FunctionNode", "ParamNode", "TypeNode", "BlockNode", "ClassNode", "ImportPathInfo", "RealParser", "TokenUtils", "SeenLexer", "LanguageConfig", "KeywordManager", "StringBuilder", "TokenType", "Token", "LexerError", "Position", "CommandResult", "BootstrapVerifier", "CompilerInfo", "VerificationResult", "StageArtifact", "BinaryComparison", "RemovalResult", "RustRemover", "BootstrapManager", "FrontendDiagnostic", "FrontendResult", "Duration", "File", "CString", "Result", "Option", "VecChunk", "VecSlot", "Vec", "HashEntry", "StringHashMap", "StringBuffer", "StdString", "TaskKind", "TaskHandle", "ScopeGuard", "Channel"]
DEBUG:   mangled to: StringHashMap_insertInternal
DEBUG: checking static call: this.findSlot
DEBUG:   type_definitions has this: false
DEBUG: Resolved 'this' to receiver 'self'
DEBUG: method call on identifier 'this', member 'findSlot'
DEBUG:   var type: Struct { name: "StringHashMap", fields: [("entries", Struct { name: "Vec", fields: [("chunks", Array(Struct { name: "VecChunk", fields: [("values", Array(Integer))] })), ("capacities", Array(Integer)), ("usage", Array(Integer)), ("length", Integer), ("totalCapacity", Integer), ("nextChunkSize", Integer)] }), ("states", Struct { name: "Vec", fields: [("chunks", Array(Struct { name: "VecChunk", fields: [("values", Array(Integer))] })), ("capacities", Array(Integer)), ("usage", Array(Integer)), ("length", Integer), ("totalCapacity", Integer), ("nextChunkSize", Integer)] }), ("length", Integer)] }
DEBUG:   struct_name: StringHashMap
DEBUG:   type_definitions keys: ["Unit", "SeenTypeChecker", "AST", "Function", "Expression", "Statement", "Class", "Interface", "Type", "FunctionType", "ClassType", "InterfaceType", "Location", "TypeError", "Environment", "TypeInferenceResult", "TypeChecker", "ProgramNode", "ItemNode", "ImportSymbolNode", "FunctionNode", "ParamNode", "TypeNode", "BlockNode", "ClassNode", "ImportPathInfo", "RealParser", "TokenUtils", "SeenLexer", "LanguageConfig", "KeywordManager", "StringBuilder", "TokenType", "Token", "LexerError", "Position", "CommandResult", "BootstrapVerifier", "CompilerInfo", "VerificationResult", "StageArtifact", "BinaryComparison", "RemovalResult", "RustRemover", "BootstrapManager", "FrontendDiagnostic", "FrontendResult", "Duration", "File", "CString", "Result", "Option", "VecChunk", "VecSlot", "Vec", "HashEntry", "StringHashMap", "StringBuffer", "StdString", "TaskKind", "TaskHandle", "ScopeGuard", "Channel"]
DEBUG:   mangled to: StringHashMap_findSlot
DEBUG: checking static call: entries.get
DEBUG:   type_definitions has entries: false
DEBUG: implicit this field access: entries -> self.entries
DEBUG: method call on identifier 'entries', member 'get'
DEBUG:   no var type found, using raw member
DEBUG: checking static call: entryOpt.isNone
DEBUG:   type_definitions has entryOpt: false
DEBUG: method call on identifier 'entryOpt', member 'isNone'
DEBUG:   var type: String
DEBUG:   not a struct type, using raw member
DEBUG: checking static call: entryOpt.Unwrap
DEBUG:   type_definitions has entryOpt: false
DEBUG: method call on identifier 'entryOpt', member 'Unwrap'
DEBUG:   var type: String
DEBUG:   not a struct type, using raw member
DEBUG: checking static call: this.Get
DEBUG:   type_definitions has this: false
DEBUG: Resolved 'this' to receiver 'self'
DEBUG: method call on identifier 'this', member 'Get'
DEBUG:   var type: Struct { name: "StringHashMap", fields: [("entries", Struct { name: "Vec", fields: [("chunks", Array(Struct { name: "VecChunk", fields: [("values", Array(Integer))] })), ("capacities", Array(Integer)), ("usage", Array(Integer)), ("length", Integer), ("totalCapacity", Integer), ("nextChunkSize", Integer)] }), ("states", Struct { name: "Vec", fields: [("chunks", Array(Struct { name: "VecChunk", fields: [("values", Array(Integer))] })), ("capacities", Array(Integer)), ("usage", Array(Integer)), ("length", Integer), ("totalCapacity", Integer), ("nextChunkSize", Integer)] }), ("length", Integer)] }
DEBUG:   struct_name: StringHashMap
DEBUG:   type_definitions keys: ["Unit", "SeenTypeChecker", "AST", "Function", "Expression", "Statement", "Class", "Interface", "Type", "FunctionType", "ClassType", "InterfaceType", "Location", "TypeError", "Environment", "TypeInferenceResult", "TypeChecker", "ProgramNode", "ItemNode", "ImportSymbolNode", "FunctionNode", "ParamNode", "TypeNode", "BlockNode", "ClassNode", "ImportPathInfo", "RealParser", "TokenUtils", "SeenLexer", "LanguageConfig", "KeywordManager", "StringBuilder", "TokenType", "Token", "LexerError", "Position", "CommandResult", "BootstrapVerifier", "CompilerInfo", "VerificationResult", "StageArtifact", "BinaryComparison", "RemovalResult", "RustRemover", "BootstrapManager", "FrontendDiagnostic", "FrontendResult", "Duration", "File", "CString", "Result", "Option", "VecChunk", "VecSlot", "Vec", "HashEntry", "StringHashMap", "StringBuffer", "StdString", "TaskKind", "TaskHandle", "ScopeGuard", "Channel"]
DEBUG:   mangled to: StringHashMap_Get
DEBUG: checking static call: opt.isSome
DEBUG:   type_definitions has opt: false
DEBUG: method call on identifier 'opt', member 'isSome'
DEBUG:   var type: Struct { name: "Option", fields: [("hasValue", Boolean), ("storage", Array(Integer))] }
DEBUG:   struct_name: Option
DEBUG:   type_definitions keys: ["Unit", "SeenTypeChecker", "AST", "Function", "Expression", "Statement", "Class", "Interface", "Type", "FunctionType", "ClassType", "InterfaceType", "Location", "TypeError", "Environment", "TypeInferenceResult", "TypeChecker", "ProgramNode", "ItemNode", "ImportSymbolNode", "FunctionNode", "ParamNode", "TypeNode", "BlockNode", "ClassNode", "ImportPathInfo", "RealParser", "TokenUtils", "SeenLexer", "LanguageConfig", "KeywordManager", "StringBuilder", "TokenType", "Token", "LexerError", "Position", "CommandResult", "BootstrapVerifier", "CompilerInfo", "VerificationResult", "StageArtifact", "BinaryComparison", "RemovalResult", "RustRemover", "BootstrapManager", "FrontendDiagnostic", "FrontendResult", "Duration", "File", "CString", "Result", "Option", "VecChunk", "VecSlot", "Vec", "HashEntry", "StringHashMap", "StringBuffer", "StdString", "TaskKind", "TaskHandle", "ScopeGuard", "Channel"]
DEBUG:   mangled to: Option_isSome
DEBUG: checking static call: opt.Unwrap
DEBUG:   type_definitions has opt: false
DEBUG: method call on identifier 'opt', member 'Unwrap'
DEBUG:   var type: Struct { name: "Option", fields: [("hasValue", Boolean), ("storage", Array(Integer))] }
DEBUG:   struct_name: Option
DEBUG:   type_definitions keys: ["Unit", "SeenTypeChecker", "AST", "Function", "Expression", "Statement", "Class", "Interface", "Type", "FunctionType", "ClassType", "InterfaceType", "Location", "TypeError", "Environment", "TypeInferenceResult", "TypeChecker", "ProgramNode", "ItemNode", "ImportSymbolNode", "FunctionNode", "ParamNode", "TypeNode", "BlockNode", "ClassNode", "ImportPathInfo", "RealParser", "TokenUtils", "SeenLexer", "LanguageConfig", "KeywordManager", "StringBuilder", "TokenType", "Token", "LexerError", "Position", "CommandResult", "BootstrapVerifier", "CompilerInfo", "VerificationResult", "StageArtifact", "BinaryComparison", "RemovalResult", "RustRemover", "BootstrapManager", "FrontendDiagnostic", "FrontendResult", "Duration", "File", "CString", "Result", "Option", "VecChunk", "VecSlot", "Vec", "HashEntry", "StringHashMap", "StringBuffer", "StdString", "TaskKind", "TaskHandle", "ScopeGuard", "Channel"]
DEBUG:   mangled to: Option_Unwrap
DEBUG: checking static call: this.findSlot
DEBUG:   type_definitions has this: false
DEBUG: Resolved 'this' to receiver 'self'
DEBUG: method call on identifier 'this', member 'findSlot'
DEBUG:   var type: Struct { name: "StringHashMap", fields: [("entries", Struct { name: "Vec", fields: [("chunks", Array(Struct { name: "VecChunk", fields: [("values", Array(Integer))] })), ("capacities", Array(Integer)), ("usage", Array(Integer)), ("length", Integer), ("totalCapacity", Integer), ("nextChunkSize", Integer)] }), ("states", Struct { name: "Vec", fields: [("chunks", Array(Struct { name: "VecChunk", fields: [("values", Array(Integer))] })), ("capacities", Array(Integer)), ("usage", Array(Integer)), ("length", Integer), ("totalCapacity", Integer), ("nextChunkSize", Integer)] }), ("length", Integer)] }
DEBUG:   struct_name: StringHashMap
DEBUG:   type_definitions keys: ["Unit", "SeenTypeChecker", "AST", "Function", "Expression", "Statement", "Class", "Interface", "Type", "FunctionType", "ClassType", "InterfaceType", "Location", "TypeError", "Environment", "TypeInferenceResult", "TypeChecker", "ProgramNode", "ItemNode", "ImportSymbolNode", "FunctionNode", "ParamNode", "TypeNode", "BlockNode", "ClassNode", "ImportPathInfo", "RealParser", "TokenUtils", "SeenLexer", "LanguageConfig", "KeywordManager", "StringBuilder", "TokenType", "Token", "LexerError", "Position", "CommandResult", "BootstrapVerifier", "CompilerInfo", "VerificationResult", "StageArtifact", "BinaryComparison", "RemovalResult", "RustRemover", "BootstrapManager", "FrontendDiagnostic", "FrontendResult", "Duration", "File", "CString", "Result", "Option", "VecChunk", "VecSlot", "Vec", "HashEntry", "StringHashMap", "StringBuffer", "StdString", "TaskKind", "TaskHandle", "ScopeGuard", "Channel"]
DEBUG:   mangled to: StringHashMap_findSlot
DEBUG: checking static call: this.findSlot
DEBUG:   type_definitions has this: false
DEBUG: Resolved 'this' to receiver 'self'
DEBUG: method call on identifier 'this', member 'findSlot'
DEBUG:   var type: Struct { name: "StringHashMap", fields: [("entries", Struct { name: "Vec", fields: [("chunks", Array(Struct { name: "VecChunk", fields: [("values", Array(Integer))] })), ("capacities", Array(Integer)), ("usage", Array(Integer)), ("length", Integer), ("totalCapacity", Integer), ("nextChunkSize", Integer)] }), ("states", Struct { name: "Vec", fields: [("chunks", Array(Struct { name: "VecChunk", fields: [("values", Array(Integer))] })), ("capacities", Array(Integer)), ("usage", Array(Integer)), ("length", Integer), ("totalCapacity", Integer), ("nextChunkSize", Integer)] }), ("length", Integer)] }
DEBUG:   struct_name: StringHashMap
DEBUG:   type_definitions keys: ["Unit", "SeenTypeChecker", "AST", "Function", "Expression", "Statement", "Class", "Interface", "Type", "FunctionType", "ClassType", "InterfaceType", "Location", "TypeError", "Environment", "TypeInferenceResult", "TypeChecker", "ProgramNode", "ItemNode", "ImportSymbolNode", "FunctionNode", "ParamNode", "TypeNode", "BlockNode", "ClassNode", "ImportPathInfo", "RealParser", "TokenUtils", "SeenLexer", "LanguageConfig", "KeywordManager", "StringBuilder", "TokenType", "Token", "LexerError", "Position", "CommandResult", "BootstrapVerifier", "CompilerInfo", "VerificationResult", "StageArtifact", "BinaryComparison", "RemovalResult", "RustRemover", "BootstrapManager", "FrontendDiagnostic", "FrontendResult", "Duration", "File", "CString", "Result", "Option", "VecChunk", "VecSlot", "Vec", "HashEntry", "StringHashMap", "StringBuffer", "StdString", "TaskKind", "TaskHandle", "ScopeGuard", "Channel"]
DEBUG:   mangled to: StringHashMap_findSlot
DEBUG: checking static call: entries.set
DEBUG:   type_definitions has entries: false
DEBUG: implicit this field access: entries -> self.entries
DEBUG: method call on identifier 'entries', member 'set'
DEBUG:   no var type found, using raw member
DEBUG: checking static call: states.set
DEBUG:   type_definitions has states: false
DEBUG: implicit this field access: states -> self.states
DEBUG: method call on identifier 'states', member 'set'
DEBUG:   no var type found, using raw member
DEBUG: implicit this field access: length -> self.length
DEBUG: checking static call: entries.len
DEBUG:   type_definitions has entries: false
DEBUG: implicit this field access: entries -> self.entries
DEBUG: checking static call: states.get
DEBUG:   type_definitions has states: false
DEBUG: implicit this field access: states -> self.states
DEBUG: method call on identifier 'states', member 'get'
DEBUG:   no var type found, using raw member
DEBUG: checking static call: entries.get
DEBUG:   type_definitions has entries: false
DEBUG: implicit this field access: entries -> self.entries
DEBUG: method call on identifier 'entries', member 'get'
DEBUG:   no var type found, using raw member
DEBUG: checking static call: entryOpt.isSome
DEBUG:   type_definitions has entryOpt: false
DEBUG: method call on identifier 'entryOpt', member 'isSome'
DEBUG:   var type: String
DEBUG:   not a struct type, using raw member
DEBUG: checking static call: entryOpt.unwrap
DEBUG:   type_definitions has entryOpt: false
DEBUG: method call on identifier 'entryOpt', member 'unwrap'
DEBUG:   var type: String
DEBUG:   not a struct type, using raw member
DEBUG: checking static call: items.push
DEBUG:   type_definitions has items: false
DEBUG: method call on identifier 'items', member 'push'
DEBUG:   var type: Array(String)
DEBUG:   not a struct type, using raw member
DEBUG: checking static call: this.capacity
DEBUG:   type_definitions has this: false
DEBUG: Resolved 'this' to receiver 'self'
DEBUG: method call on identifier 'this', member 'capacity'
DEBUG:   var type: Struct { name: "StringHashMap", fields: [("entries", Struct { name: "Vec", fields: [("chunks", Array(Struct { name: "VecChunk", fields: [("values", Array(Integer))] })), ("capacities", Array(Integer)), ("usage", Array(Integer)), ("length", Integer), ("totalCapacity", Integer), ("nextChunkSize", Integer)] }), ("states", Struct { name: "Vec", fields: [("chunks", Array(Struct { name: "VecChunk", fields: [("values", Array(Integer))] })), ("capacities", Array(Integer)), ("usage", Array(Integer)), ("length", Integer), ("totalCapacity", Integer), ("nextChunkSize", Integer)] }), ("length", Integer)] }
DEBUG:   struct_name: StringHashMap
DEBUG:   type_definitions keys: ["Unit", "SeenTypeChecker", "AST", "Function", "Expression", "Statement", "Class", "Interface", "Type", "FunctionType", "ClassType", "InterfaceType", "Location", "TypeError", "Environment", "TypeInferenceResult", "TypeChecker", "ProgramNode", "ItemNode", "ImportSymbolNode", "FunctionNode", "ParamNode", "TypeNode", "BlockNode", "ClassNode", "ImportPathInfo", "RealParser", "TokenUtils", "SeenLexer", "LanguageConfig", "KeywordManager", "StringBuilder", "TokenType", "Token", "LexerError", "Position", "CommandResult", "BootstrapVerifier", "CompilerInfo", "VerificationResult", "StageArtifact", "BinaryComparison", "RemovalResult", "RustRemover", "BootstrapManager", "FrontendDiagnostic", "FrontendResult", "Duration", "File", "CString", "Result", "Option", "VecChunk", "VecSlot", "Vec", "HashEntry", "StringHashMap", "StringBuffer", "StdString", "TaskKind", "TaskHandle", "ScopeGuard", "Channel"]
DEBUG:   mangled to: StringHashMap_capacity
DEBUG: implicit this field access: length -> self.length
DEBUG: checking static call: this.capacity
DEBUG:   type_definitions has this: false
DEBUG: Resolved 'this' to receiver 'self'
DEBUG: method call on identifier 'this', member 'capacity'
DEBUG:   var type: Struct { name: "StringHashMap", fields: [("entries", Struct { name: "Vec", fields: [("chunks", Array(Struct { name: "VecChunk", fields: [("values", Array(Integer))] })), ("capacities", Array(Integer)), ("usage", Array(Integer)), ("length", Integer), ("totalCapacity", Integer), ("nextChunkSize", Integer)] }), ("states", Struct { name: "Vec", fields: [("chunks", Array(Struct { name: "VecChunk", fields: [("values", Array(Integer))] })), ("capacities", Array(Integer)), ("usage", Array(Integer)), ("length", Integer), ("totalCapacity", Integer), ("nextChunkSize", Integer)] }), ("length", Integer)] }
DEBUG:   struct_name: StringHashMap
DEBUG:   type_definitions keys: ["Unit", "SeenTypeChecker", "AST", "Function", "Expression", "Statement", "Class", "Interface", "Type", "FunctionType", "ClassType", "InterfaceType", "Location", "TypeError", "Environment", "TypeInferenceResult", "TypeChecker", "ProgramNode", "ItemNode", "ImportSymbolNode", "FunctionNode", "ParamNode", "TypeNode", "BlockNode", "ClassNode", "ImportPathInfo", "RealParser", "TokenUtils", "SeenLexer", "LanguageConfig", "KeywordManager", "StringBuilder", "TokenType", "Token", "LexerError", "Position", "CommandResult", "BootstrapVerifier", "CompilerInfo", "VerificationResult", "StageArtifact", "BinaryComparison", "RemovalResult", "RustRemover", "BootstrapManager", "FrontendDiagnostic", "FrontendResult", "Duration", "File", "CString", "Result", "Option", "VecChunk", "VecSlot", "Vec", "HashEntry", "StringHashMap", "StringBuffer", "StdString", "TaskKind", "TaskHandle", "ScopeGuard", "Channel"]
DEBUG:   mangled to: StringHashMap_capacity
DEBUG: checking static call: this.probeIndex
DEBUG:   type_definitions has this: false
DEBUG: Resolved 'this' to receiver 'self'
DEBUG: method call on identifier 'this', member 'probeIndex'
DEBUG:   var type: Struct { name: "StringHashMap", fields: [("entries", Struct { name: "Vec", fields: [("chunks", Array(Struct { name: "VecChunk", fields: [("values", Array(Integer))] })), ("capacities", Array(Integer)), ("usage", Array(Integer)), ("length", Integer), ("totalCapacity", Integer), ("nextChunkSize", Integer)] }), ("states", Struct { name: "Vec", fields: [("chunks", Array(Struct { name: "VecChunk", fields: [("values", Array(Integer))] })), ("capacities", Array(Integer)), ("usage", Array(Integer)), ("length", Integer), ("totalCapacity", Integer), ("nextChunkSize", Integer)] }), ("length", Integer)] }
DEBUG:   struct_name: StringHashMap
DEBUG:   type_definitions keys: ["Unit", "SeenTypeChecker", "AST", "Function", "Expression", "Statement", "Class", "Interface", "Type", "FunctionType", "ClassType", "InterfaceType", "Location", "TypeError", "Environment", "TypeInferenceResult", "TypeChecker", "ProgramNode", "ItemNode", "ImportSymbolNode", "FunctionNode", "ParamNode", "TypeNode", "BlockNode", "ClassNode", "ImportPathInfo", "RealParser", "TokenUtils", "SeenLexer", "LanguageConfig", "KeywordManager", "StringBuilder", "TokenType", "Token", "LexerError", "Position", "CommandResult", "BootstrapVerifier", "CompilerInfo", "VerificationResult", "StageArtifact", "BinaryComparison", "RemovalResult", "RustRemover", "BootstrapManager", "FrontendDiagnostic", "FrontendResult", "Duration", "File", "CString", "Result", "Option", "VecChunk", "VecSlot", "Vec", "HashEntry", "StringHashMap", "StringBuffer", "StdString", "TaskKind", "TaskHandle", "ScopeGuard", "Channel"]
DEBUG:   mangled to: StringHashMap_probeIndex
DEBUG: checking static call: states.get
DEBUG:   type_definitions has states: false
DEBUG: implicit this field access: states -> self.states
DEBUG: method call on identifier 'states', member 'get'
DEBUG:   no var type found, using raw member
DEBUG: checking static call: entries.set
DEBUG:   type_definitions has entries: false
DEBUG: implicit this field access: entries -> self.entries
DEBUG: method call on identifier 'entries', member 'set'
DEBUG:   no var type found, using raw member
DEBUG: checking static call: states.set
DEBUG:   type_definitions has states: false
DEBUG: implicit this field access: states -> self.states
DEBUG: method call on identifier 'states', member 'set'
DEBUG:   no var type found, using raw member
DEBUG: implicit this field access: length -> self.length
DEBUG: checking static call: entries.get
DEBUG:   type_definitions has entries: false
DEBUG: implicit this field access: entries -> self.entries
DEBUG: method call on identifier 'entries', member 'get'
DEBUG:   no var type found, using raw member
DEBUG: checking static call: entryOpt.isSome
DEBUG:   type_definitions has entryOpt: false
DEBUG: method call on identifier 'entryOpt', member 'isSome'
DEBUG:   var type: String
DEBUG:   not a struct type, using raw member
DEBUG: checking static call: entryOpt.unwrap
DEBUG:   type_definitions has entryOpt: false
DEBUG: method call on identifier 'entryOpt', member 'unwrap'
DEBUG:   var type: String
DEBUG:   not a struct type, using raw member
DEBUG: checking static call: entries.set
DEBUG:   type_definitions has entries: false
DEBUG: implicit this field access: entries -> self.entries
DEBUG: method call on identifier 'entries', member 'set'
DEBUG:   no var type found, using raw member
DEBUG: checking static call: this.capacity
DEBUG:   type_definitions has this: false
DEBUG: Resolved 'this' to receiver 'self'
DEBUG: method call on identifier 'this', member 'capacity'
DEBUG:   var type: Struct { name: "StringHashMap", fields: [("entries", Struct { name: "Vec", fields: [("chunks", Array(Struct { name: "VecChunk", fields: [("values", Array(Integer))] })), ("capacities", Array(Integer)), ("usage", Array(Integer)), ("length", Integer), ("totalCapacity", Integer), ("nextChunkSize", Integer)] }), ("states", Struct { name: "Vec", fields: [("chunks", Array(Struct { name: "VecChunk", fields: [("values", Array(Integer))] })), ("capacities", Array(Integer)), ("usage", Array(Integer)), ("length", Integer), ("totalCapacity", Integer), ("nextChunkSize", Integer)] }), ("length", Integer)] }
DEBUG:   struct_name: StringHashMap
DEBUG:   type_definitions keys: ["Unit", "SeenTypeChecker", "AST", "Function", "Expression", "Statement", "Class", "Interface", "Type", "FunctionType", "ClassType", "InterfaceType", "Location", "TypeError", "Environment", "TypeInferenceResult", "TypeChecker", "ProgramNode", "ItemNode", "ImportSymbolNode", "FunctionNode", "ParamNode", "TypeNode", "BlockNode", "ClassNode", "ImportPathInfo", "RealParser", "TokenUtils", "SeenLexer", "LanguageConfig", "KeywordManager", "StringBuilder", "TokenType", "Token", "LexerError", "Position", "CommandResult", "BootstrapVerifier", "CompilerInfo", "VerificationResult", "StageArtifact", "BinaryComparison", "RemovalResult", "RustRemover", "BootstrapManager", "FrontendDiagnostic", "FrontendResult", "Duration", "File", "CString", "Result", "Option", "VecChunk", "VecSlot", "Vec", "HashEntry", "StringHashMap", "StringBuffer", "StdString", "TaskKind", "TaskHandle", "ScopeGuard", "Channel"]
DEBUG:   mangled to: StringHashMap_capacity
Generating Modulo: Binary { op: Modulo, left: Register(2338), right: Register(2339), result: Register(2340) } % Register(2338) -> Register(2339)
DEBUG: checking static call: this.capacity
DEBUG:   type_definitions has this: false
DEBUG: Resolved 'this' to receiver 'self'
DEBUG: method call on identifier 'this', member 'capacity'
DEBUG:   var type: Struct { name: "StringHashMap", fields: [("entries", Struct { name: "Vec", fields: [("chunks", Array(Struct { name: "VecChunk", fields: [("values", Array(Integer))] })), ("capacities", Array(Integer)), ("usage", Array(Integer)), ("length", Integer), ("totalCapacity", Integer), ("nextChunkSize", Integer)] }), ("states", Struct { name: "Vec", fields: [("chunks", Array(Struct { name: "VecChunk", fields: [("values", Array(Integer))] })), ("capacities", Array(Integer)), ("usage", Array(Integer)), ("length", Integer), ("totalCapacity", Integer), ("nextChunkSize", Integer)] }), ("length", Integer)] }
DEBUG:   struct_name: StringHashMap
DEBUG:   type_definitions keys: ["Unit", "SeenTypeChecker", "AST", "Function", "Expression", "Statement", "Class", "Interface", "Type", "FunctionType", "ClassType", "InterfaceType", "Location", "TypeError", "Environment", "TypeInferenceResult", "TypeChecker", "ProgramNode", "ItemNode", "ImportSymbolNode", "FunctionNode", "ParamNode", "TypeNode", "BlockNode", "ClassNode", "ImportPathInfo", "RealParser", "TokenUtils", "SeenLexer", "LanguageConfig", "KeywordManager", "StringBuilder", "TokenType", "Token", "LexerError", "Position", "CommandResult", "BootstrapVerifier", "CompilerInfo", "VerificationResult", "StageArtifact", "BinaryComparison", "RemovalResult", "RustRemover", "BootstrapManager", "FrontendDiagnostic", "FrontendResult", "Duration", "File", "CString", "Result", "Option", "VecChunk", "VecSlot", "Vec", "HashEntry", "StringHashMap", "StringBuffer", "StdString", "TaskKind", "TaskHandle", "ScopeGuard", "Channel"]
DEBUG:   mangled to: StringHashMap_capacity
DEBUG: checking static call: this.probeIndex
DEBUG:   type_definitions has this: false
DEBUG: Resolved 'this' to receiver 'self'
DEBUG: method call on identifier 'this', member 'probeIndex'
DEBUG:   var type: Struct { name: "StringHashMap", fields: [("entries", Struct { name: "Vec", fields: [("chunks", Array(Struct { name: "VecChunk", fields: [("values", Array(Integer))] })), ("capacities", Array(Integer)), ("usage", Array(Integer)), ("length", Integer), ("totalCapacity", Integer), ("nextChunkSize", Integer)] }), ("states", Struct { name: "Vec", fields: [("chunks", Array(Struct { name: "VecChunk", fields: [("values", Array(Integer))] })), ("capacities", Array(Integer)), ("usage", Array(Integer)), ("length", Integer), ("totalCapacity", Integer), ("nextChunkSize", Integer)] }), ("length", Integer)] }
DEBUG:   struct_name: StringHashMap
DEBUG:   type_definitions keys: ["Unit", "SeenTypeChecker", "AST", "Function", "Expression", "Statement", "Class", "Interface", "Type", "FunctionType", "ClassType", "InterfaceType", "Location", "TypeError", "Environment", "TypeInferenceResult", "TypeChecker", "ProgramNode", "ItemNode", "ImportSymbolNode", "FunctionNode", "ParamNode", "TypeNode", "BlockNode", "ClassNode", "ImportPathInfo", "RealParser", "TokenUtils", "SeenLexer", "LanguageConfig", "KeywordManager", "StringBuilder", "TokenType", "Token", "LexerError", "Position", "CommandResult", "BootstrapVerifier", "CompilerInfo", "VerificationResult", "StageArtifact", "BinaryComparison", "RemovalResult", "RustRemover", "BootstrapManager", "FrontendDiagnostic", "FrontendResult", "Duration", "File", "CString", "Result", "Option", "VecChunk", "VecSlot", "Vec", "HashEntry", "StringHashMap", "StringBuffer", "StdString", "TaskKind", "TaskHandle", "ScopeGuard", "Channel"]
DEBUG:   mangled to: StringHashMap_probeIndex
DEBUG: checking static call: this.capacity
DEBUG:   type_definitions has this: false
DEBUG: Resolved 'this' to receiver 'self'
DEBUG: method call on identifier 'this', member 'capacity'
DEBUG:   var type: Struct { name: "StringHashMap", fields: [("entries", Struct { name: "Vec", fields: [("chunks", Array(Struct { name: "VecChunk", fields: [("values", Array(Integer))] })), ("capacities", Array(Integer)), ("usage", Array(Integer)), ("length", Integer), ("totalCapacity", Integer), ("nextChunkSize", Integer)] }), ("states", Struct { name: "Vec", fields: [("chunks", Array(Struct { name: "VecChunk", fields: [("values", Array(Integer))] })), ("capacities", Array(Integer)), ("usage", Array(Integer)), ("length", Integer), ("totalCapacity", Integer), ("nextChunkSize", Integer)] }), ("length", Integer)] }
DEBUG:   struct_name: StringHashMap
DEBUG:   type_definitions keys: ["Unit", "SeenTypeChecker", "AST", "Function", "Expression", "Statement", "Class", "Interface", "Type", "FunctionType", "ClassType", "InterfaceType", "Location", "TypeError", "Environment", "TypeInferenceResult", "TypeChecker", "ProgramNode", "ItemNode", "ImportSymbolNode", "FunctionNode", "ParamNode", "TypeNode", "BlockNode", "ClassNode", "ImportPathInfo", "RealParser", "TokenUtils", "SeenLexer", "LanguageConfig", "KeywordManager", "StringBuilder", "TokenType", "Token", "LexerError", "Position", "CommandResult", "BootstrapVerifier", "CompilerInfo", "VerificationResult", "StageArtifact", "BinaryComparison", "RemovalResult", "RustRemover", "BootstrapManager", "FrontendDiagnostic", "FrontendResult", "Duration", "File", "CString", "Result", "Option", "VecChunk", "VecSlot", "Vec", "HashEntry", "StringHashMap", "StringBuffer", "StdString", "TaskKind", "TaskHandle", "ScopeGuard", "Channel"]
DEBUG:   mangled to: StringHashMap_capacity
DEBUG: checking static call: states.get
DEBUG:   type_definitions has states: false
DEBUG: implicit this field access: states -> self.states
DEBUG: method call on identifier 'states', member 'get'
DEBUG:   no var type found, using raw member
DEBUG: checking static call: entries.get
DEBUG:   type_definitions has entries: false
DEBUG: implicit this field access: entries -> self.entries
DEBUG: method call on identifier 'entries', member 'get'
DEBUG:   no var type found, using raw member
DEBUG: checking static call: entryOpt.isSome
DEBUG:   type_definitions has entryOpt: false
DEBUG: method call on identifier 'entryOpt', member 'isSome'
DEBUG:   var type: String
DEBUG:   not a struct type, using raw member
DEBUG: checking static call: entryOpt.unwrap
DEBUG:   type_definitions has entryOpt: false
DEBUG: method call on identifier 'entryOpt', member 'unwrap'
DEBUG:   var type: String
DEBUG:   not a struct type, using raw member
DEBUG: checking static call: this.capacity
DEBUG:   type_definitions has this: false
DEBUG: Resolved 'this' to receiver 'self'
DEBUG: method call on identifier 'this', member 'capacity'
DEBUG:   var type: Struct { name: "StringHashMap", fields: [("entries", Struct { name: "Vec", fields: [("chunks", Array(Struct { name: "VecChunk", fields: [("values", Array(Integer))] })), ("capacities", Array(Integer)), ("usage", Array(Integer)), ("length", Integer), ("totalCapacity", Integer), ("nextChunkSize", Integer)] }), ("states", Struct { name: "Vec", fields: [("chunks", Array(Struct { name: "VecChunk", fields: [("values", Array(Integer))] })), ("capacities", Array(Integer)), ("usage", Array(Integer)), ("length", Integer), ("totalCapacity", Integer), ("nextChunkSize", Integer)] }), ("length", Integer)] }
DEBUG:   struct_name: StringHashMap
DEBUG:   type_definitions keys: ["Unit", "SeenTypeChecker", "AST", "Function", "Expression", "Statement", "Class", "Interface", "Type", "FunctionType", "ClassType", "InterfaceType", "Location", "TypeError", "Environment", "TypeInferenceResult", "TypeChecker", "ProgramNode", "ItemNode", "ImportSymbolNode", "FunctionNode", "ParamNode", "TypeNode", "BlockNode", "ClassNode", "ImportPathInfo", "RealParser", "TokenUtils", "SeenLexer", "LanguageConfig", "KeywordManager", "StringBuilder", "TokenType", "Token", "LexerError", "Position", "CommandResult", "BootstrapVerifier", "CompilerInfo", "VerificationResult", "StageArtifact", "BinaryComparison", "RemovalResult", "RustRemover", "BootstrapManager", "FrontendDiagnostic", "FrontendResult", "Duration", "File", "CString", "Result", "Option", "VecChunk", "VecSlot", "Vec", "HashEntry", "StringHashMap", "StringBuffer", "StdString", "TaskKind", "TaskHandle", "ScopeGuard", "Channel"]
DEBUG:   mangled to: StringHashMap_capacity
Generating Modulo: Binary { op: Modulo, left: Register(2365), right: Register(2366), result: Register(2367) } % Register(2365) -> Register(2366)
DEBUG: checking static call: this.capacity
DEBUG:   type_definitions has this: false
DEBUG: Resolved 'this' to receiver 'self'
DEBUG: method call on identifier 'this', member 'capacity'
DEBUG:   var type: Struct { name: "StringHashMap", fields: [("entries", Struct { name: "Vec", fields: [("chunks", Array(Struct { name: "VecChunk", fields: [("values", Array(Integer))] })), ("capacities", Array(Integer)), ("usage", Array(Integer)), ("length", Integer), ("totalCapacity", Integer), ("nextChunkSize", Integer)] }), ("states", Struct { name: "Vec", fields: [("chunks", Array(Struct { name: "VecChunk", fields: [("values", Array(Integer))] })), ("capacities", Array(Integer)), ("usage", Array(Integer)), ("length", Integer), ("totalCapacity", Integer), ("nextChunkSize", Integer)] }), ("length", Integer)] }
DEBUG:   struct_name: StringHashMap
DEBUG:   type_definitions keys: ["Unit", "SeenTypeChecker", "AST", "Function", "Expression", "Statement", "Class", "Interface", "Type", "FunctionType", "ClassType", "InterfaceType", "Location", "TypeError", "Environment", "TypeInferenceResult", "TypeChecker", "ProgramNode", "ItemNode", "ImportSymbolNode", "FunctionNode", "ParamNode", "TypeNode", "BlockNode", "ClassNode", "ImportPathInfo", "RealParser", "TokenUtils", "SeenLexer", "LanguageConfig", "KeywordManager", "StringBuilder", "TokenType", "Token", "LexerError", "Position", "CommandResult", "BootstrapVerifier", "CompilerInfo", "VerificationResult", "StageArtifact", "BinaryComparison", "RemovalResult", "RustRemover", "BootstrapManager", "FrontendDiagnostic", "FrontendResult", "Duration", "File", "CString", "Result", "Option", "VecChunk", "VecSlot", "Vec", "HashEntry", "StringHashMap", "StringBuffer", "StdString", "TaskKind", "TaskHandle", "ScopeGuard", "Channel"]
DEBUG:   mangled to: StringHashMap_capacity
DEBUG: checking static call: this.resize
DEBUG:   type_definitions has this: false
DEBUG: Resolved 'this' to receiver 'self'
DEBUG: method call on identifier 'this', member 'resize'
DEBUG:   var type: Struct { name: "StringHashMap", fields: [("entries", Struct { name: "Vec", fields: [("chunks", Array(Struct { name: "VecChunk", fields: [("values", Array(Integer))] })), ("capacities", Array(Integer)), ("usage", Array(Integer)), ("length", Integer), ("totalCapacity", Integer), ("nextChunkSize", Integer)] }), ("states", Struct { name: "Vec", fields: [("chunks", Array(Struct { name: "VecChunk", fields: [("values", Array(Integer))] })), ("capacities", Array(Integer)), ("usage", Array(Integer)), ("length", Integer), ("totalCapacity", Integer), ("nextChunkSize", Integer)] }), ("length", Integer)] }
DEBUG:   struct_name: StringHashMap
DEBUG:   type_definitions keys: ["Unit", "SeenTypeChecker", "AST", "Function", "Expression", "Statement", "Class", "Interface", "Type", "FunctionType", "ClassType", "InterfaceType", "Location", "TypeError", "Environment", "TypeInferenceResult", "TypeChecker", "ProgramNode", "ItemNode", "ImportSymbolNode", "FunctionNode", "ParamNode", "TypeNode", "BlockNode", "ClassNode", "ImportPathInfo", "RealParser", "TokenUtils", "SeenLexer", "LanguageConfig", "KeywordManager", "StringBuilder", "TokenType", "Token", "LexerError", "Position", "CommandResult", "BootstrapVerifier", "CompilerInfo", "VerificationResult", "StageArtifact", "BinaryComparison", "RemovalResult", "RustRemover", "BootstrapManager", "FrontendDiagnostic", "FrontendResult", "Duration", "File", "CString", "Result", "Option", "VecChunk", "VecSlot", "Vec", "HashEntry", "StringHashMap", "StringBuffer", "StdString", "TaskKind", "TaskHandle", "ScopeGuard", "Channel"]
DEBUG:   mangled to: StringHashMap_resize
DEBUG: checking static call: this.capacity
DEBUG:   type_definitions has this: false
DEBUG: Resolved 'this' to receiver 'self'
DEBUG: method call on identifier 'this', member 'capacity'
DEBUG:   var type: Struct { name: "StringHashMap", fields: [("entries", Struct { name: "Vec", fields: [("chunks", Array(Struct { name: "VecChunk", fields: [("values", Array(Integer))] })), ("capacities", Array(Integer)), ("usage", Array(Integer)), ("length", Integer), ("totalCapacity", Integer), ("nextChunkSize", Integer)] }), ("states", Struct { name: "Vec", fields: [("chunks", Array(Struct { name: "VecChunk", fields: [("values", Array(Integer))] })), ("capacities", Array(Integer)), ("usage", Array(Integer)), ("length", Integer), ("totalCapacity", Integer), ("nextChunkSize", Integer)] }), ("length", Integer)] }
DEBUG:   struct_name: StringHashMap
DEBUG:   type_definitions keys: ["Unit", "SeenTypeChecker", "AST", "Function", "Expression", "Statement", "Class", "Interface", "Type", "FunctionType", "ClassType", "InterfaceType", "Location", "TypeError", "Environment", "TypeInferenceResult", "TypeChecker", "ProgramNode", "ItemNode", "ImportSymbolNode", "FunctionNode", "ParamNode", "TypeNode", "BlockNode", "ClassNode", "ImportPathInfo", "RealParser", "TokenUtils", "SeenLexer", "LanguageConfig", "KeywordManager", "StringBuilder", "TokenType", "Token", "LexerError", "Position", "CommandResult", "BootstrapVerifier", "CompilerInfo", "VerificationResult", "StageArtifact", "BinaryComparison", "RemovalResult", "RustRemover", "BootstrapManager", "FrontendDiagnostic", "FrontendResult", "Duration", "File", "CString", "Result", "Option", "VecChunk", "VecSlot", "Vec", "HashEntry", "StringHashMap", "StringBuffer", "StdString", "TaskKind", "TaskHandle", "ScopeGuard", "Channel"]
DEBUG:   mangled to: StringHashMap_capacity
DEBUG: checking static call: this.capacity
DEBUG:   type_definitions has this: false
DEBUG: Resolved 'this' to receiver 'self'
DEBUG: method call on identifier 'this', member 'capacity'
DEBUG:   var type: Struct { name: "StringHashMap", fields: [("entries", Struct { name: "Vec", fields: [("chunks", Array(Struct { name: "VecChunk", fields: [("values", Array(Integer))] })), ("capacities", Array(Integer)), ("usage", Array(Integer)), ("length", Integer), ("totalCapacity", Integer), ("nextChunkSize", Integer)] }), ("states", Struct { name: "Vec", fields: [("chunks", Array(Struct { name: "VecChunk", fields: [("values", Array(Integer))] })), ("capacities", Array(Integer)), ("usage", Array(Integer)), ("length", Integer), ("totalCapacity", Integer), ("nextChunkSize", Integer)] }), ("length", Integer)] }
DEBUG:   struct_name: StringHashMap
DEBUG:   type_definitions keys: ["Unit", "SeenTypeChecker", "AST", "Function", "Expression", "Statement", "Class", "Interface", "Type", "FunctionType", "ClassType", "InterfaceType", "Location", "TypeError", "Environment", "TypeInferenceResult", "TypeChecker", "ProgramNode", "ItemNode", "ImportSymbolNode", "FunctionNode", "ParamNode", "TypeNode", "BlockNode", "ClassNode", "ImportPathInfo", "RealParser", "TokenUtils", "SeenLexer", "LanguageConfig", "KeywordManager", "StringBuilder", "TokenType", "Token", "LexerError", "Position", "CommandResult", "BootstrapVerifier", "CompilerInfo", "VerificationResult", "StageArtifact", "BinaryComparison", "RemovalResult", "RustRemover", "BootstrapManager", "FrontendDiagnostic", "FrontendResult", "Duration", "File", "CString", "Result", "Option", "VecChunk", "VecSlot", "Vec", "HashEntry", "StringHashMap", "StringBuffer", "StdString", "TaskKind", "TaskHandle", "ScopeGuard", "Channel"]
DEBUG:   mangled to: StringHashMap_capacity
DEBUG: checking static call: this.resize
DEBUG:   type_definitions has this: false
DEBUG: Resolved 'this' to receiver 'self'
DEBUG: method call on identifier 'this', member 'resize'
DEBUG:   var type: Struct { name: "StringHashMap", fields: [("entries", Struct { name: "Vec", fields: [("chunks", Array(Struct { name: "VecChunk", fields: [("values", Array(Integer))] })), ("capacities", Array(Integer)), ("usage", Array(Integer)), ("length", Integer), ("totalCapacity", Integer), ("nextChunkSize", Integer)] }), ("states", Struct { name: "Vec", fields: [("chunks", Array(Struct { name: "VecChunk", fields: [("values", Array(Integer))] })), ("capacities", Array(Integer)), ("usage", Array(Integer)), ("length", Integer), ("totalCapacity", Integer), ("nextChunkSize", Integer)] }), ("length", Integer)] }
DEBUG:   struct_name: StringHashMap
DEBUG:   type_definitions keys: ["Unit", "SeenTypeChecker", "AST", "Function", "Expression", "Statement", "Class", "Interface", "Type", "FunctionType", "ClassType", "InterfaceType", "Location", "TypeError", "Environment", "TypeInferenceResult", "TypeChecker", "ProgramNode", "ItemNode", "ImportSymbolNode", "FunctionNode", "ParamNode", "TypeNode", "BlockNode", "ClassNode", "ImportPathInfo", "RealParser", "TokenUtils", "SeenLexer", "LanguageConfig", "KeywordManager", "StringBuilder", "TokenType", "Token", "LexerError", "Position", "CommandResult", "BootstrapVerifier", "CompilerInfo", "VerificationResult", "StageArtifact", "BinaryComparison", "RemovalResult", "RustRemover", "BootstrapManager", "FrontendDiagnostic", "FrontendResult", "Duration", "File", "CString", "Result", "Option", "VecChunk", "VecSlot", "Vec", "HashEntry", "StringHashMap", "StringBuffer", "StdString", "TaskKind", "TaskHandle", "ScopeGuard", "Channel"]
DEBUG:   mangled to: StringHashMap_resize
DEBUG: implicit this field access: entries -> self.entries
DEBUG: implicit this field access: states -> self.states
DEBUG: checking static call: oldEntries.len
DEBUG:   type_definitions has oldEntries: false
DEBUG: checking static call: oldStates.get
DEBUG:   type_definitions has oldStates: false
DEBUG: method call on identifier 'oldStates', member 'get'
DEBUG:   var type: Struct { name: "Vec", fields: [("chunks", Array(Struct { name: "VecChunk", fields: [("values", Array(Integer))] })), ("capacities", Array(Integer)), ("usage", Array(Integer)), ("length", Integer), ("totalCapacity", Integer), ("nextChunkSize", Integer)] }
DEBUG:   struct_name: Vec
DEBUG:   type_definitions keys: ["Unit", "SeenTypeChecker", "AST", "Function", "Expression", "Statement", "Class", "Interface", "Type", "FunctionType", "ClassType", "InterfaceType", "Location", "TypeError", "Environment", "TypeInferenceResult", "TypeChecker", "ProgramNode", "ItemNode", "ImportSymbolNode", "FunctionNode", "ParamNode", "TypeNode", "BlockNode", "ClassNode", "ImportPathInfo", "RealParser", "TokenUtils", "SeenLexer", "LanguageConfig", "KeywordManager", "StringBuilder", "TokenType", "Token", "LexerError", "Position", "CommandResult", "BootstrapVerifier", "CompilerInfo", "VerificationResult", "StageArtifact", "BinaryComparison", "RemovalResult", "RustRemover", "BootstrapManager", "FrontendDiagnostic", "FrontendResult", "Duration", "File", "CString", "Result", "Option", "VecChunk", "VecSlot", "Vec", "HashEntry", "StringHashMap", "StringBuffer", "StdString", "TaskKind", "TaskHandle", "ScopeGuard", "Channel"]
DEBUG:   mangled to: Vec_get
DEBUG: checking static call: oldEntries.get
DEBUG:   type_definitions has oldEntries: false
DEBUG: method call on identifier 'oldEntries', member 'get'
DEBUG:   var type: Struct { name: "Vec", fields: [("chunks", Array(Struct { name: "VecChunk", fields: [("values", Array(Integer))] })), ("capacities", Array(Integer)), ("usage", Array(Integer)), ("length", Integer), ("totalCapacity", Integer), ("nextChunkSize", Integer)] }
DEBUG:   struct_name: Vec
DEBUG:   type_definitions keys: ["Unit", "SeenTypeChecker", "AST", "Function", "Expression", "Statement", "Class", "Interface", "Type", "FunctionType", "ClassType", "InterfaceType", "Location", "TypeError", "Environment", "TypeInferenceResult", "TypeChecker", "ProgramNode", "ItemNode", "ImportSymbolNode", "FunctionNode", "ParamNode", "TypeNode", "BlockNode", "ClassNode", "ImportPathInfo", "RealParser", "TokenUtils", "SeenLexer", "LanguageConfig", "KeywordManager", "StringBuilder", "TokenType", "Token", "LexerError", "Position", "CommandResult", "BootstrapVerifier", "CompilerInfo", "VerificationResult", "StageArtifact", "BinaryComparison", "RemovalResult", "RustRemover", "BootstrapManager", "FrontendDiagnostic", "FrontendResult", "Duration", "File", "CString", "Result", "Option", "VecChunk", "VecSlot", "Vec", "HashEntry", "StringHashMap", "StringBuffer", "StdString", "TaskKind", "TaskHandle", "ScopeGuard", "Channel"]
DEBUG:   mangled to: Vec_get
DEBUG: checking static call: entryOpt.isSome
DEBUG:   type_definitions has entryOpt: false
DEBUG: method call on identifier 'entryOpt', member 'isSome'
DEBUG:   var type: Integer
DEBUG:   not a struct type, using raw member
DEBUG: checking static call: entryOpt.unwrap
DEBUG:   type_definitions has entryOpt: false
DEBUG: method call on identifier 'entryOpt', member 'unwrap'
DEBUG:   var type: Integer
DEBUG:   not a struct type, using raw member
DEBUG: checking static call: this.insertInternal
DEBUG:   type_definitions has this: false
DEBUG: Resolved 'this' to receiver 'self'
DEBUG: method call on identifier 'this', member 'insertInternal'
DEBUG:   var type: Struct { name: "StringHashMap", fields: [("entries", Struct { name: "Vec", fields: [("chunks", Array(Struct { name: "VecChunk", fields: [("values", Array(Integer))] })), ("capacities", Array(Integer)), ("usage", Array(Integer)), ("length", Integer), ("totalCapacity", Integer), ("nextChunkSize", Integer)] }), ("states", Struct { name: "Vec", fields: [("chunks", Array(Struct { name: "VecChunk", fields: [("values", Array(Integer))] })), ("capacities", Array(Integer)), ("usage", Array(Integer)), ("length", Integer), ("totalCapacity", Integer), ("nextChunkSize", Integer)] }), ("length", Integer)] }
DEBUG:   struct_name: StringHashMap
DEBUG:   type_definitions keys: ["Unit", "SeenTypeChecker", "AST", "Function", "Expression", "Statement", "Class", "Interface", "Type", "FunctionType", "ClassType", "InterfaceType", "Location", "TypeError", "Environment", "TypeInferenceResult", "TypeChecker", "ProgramNode", "ItemNode", "ImportSymbolNode", "FunctionNode", "ParamNode", "TypeNode", "BlockNode", "ClassNode", "ImportPathInfo", "RealParser", "TokenUtils", "SeenLexer", "LanguageConfig", "KeywordManager", "StringBuilder", "TokenType", "Token", "LexerError", "Position", "CommandResult", "BootstrapVerifier", "CompilerInfo", "VerificationResult", "StageArtifact", "BinaryComparison", "RemovalResult", "RustRemover", "BootstrapManager", "FrontendDiagnostic", "FrontendResult", "Duration", "File", "CString", "Result", "Option", "VecChunk", "VecSlot", "Vec", "HashEntry", "StringHashMap", "StringBuffer", "StdString", "TaskKind", "TaskHandle", "ScopeGuard", "Channel"]
DEBUG:   mangled to: StringHashMap_insertInternal
DEBUG: checking static call: this.Capacity
DEBUG:   type_definitions has this: false
DEBUG: Resolved 'this' to receiver 'self'
DEBUG: method call on identifier 'this', member 'Capacity'
DEBUG:   var type: Struct { name: "StringHashMap", fields: [("entries", Struct { name: "Vec", fields: [("chunks", Array(Struct { name: "VecChunk", fields: [("values", Array(Integer))] })), ("capacities", Array(Integer)), ("usage", Array(Integer)), ("length", Integer), ("totalCapacity", Integer), ("nextChunkSize", Integer)] }), ("states", Struct { name: "Vec", fields: [("chunks", Array(Struct { name: "VecChunk", fields: [("values", Array(Integer))] })), ("capacities", Array(Integer)), ("usage", Array(Integer)), ("length", Integer), ("totalCapacity", Integer), ("nextChunkSize", Integer)] }), ("length", Integer)] }
DEBUG:   struct_name: StringHashMap
DEBUG:   type_definitions keys: ["Unit", "SeenTypeChecker", "AST", "Function", "Expression", "Statement", "Class", "Interface", "Type", "FunctionType", "ClassType", "InterfaceType", "Location", "TypeError", "Environment", "TypeInferenceResult", "TypeChecker", "ProgramNode", "ItemNode", "ImportSymbolNode", "FunctionNode", "ParamNode", "TypeNode", "BlockNode", "ClassNode", "ImportPathInfo", "RealParser", "TokenUtils", "SeenLexer", "LanguageConfig", "KeywordManager", "StringBuilder", "TokenType", "Token", "LexerError", "Position", "CommandResult", "BootstrapVerifier", "CompilerInfo", "VerificationResult", "StageArtifact", "BinaryComparison", "RemovalResult", "RustRemover", "BootstrapManager", "FrontendDiagnostic", "FrontendResult", "Duration", "File", "CString", "Result", "Option", "VecChunk", "VecSlot", "Vec", "HashEntry", "StringHashMap", "StringBuffer", "StdString", "TaskKind", "TaskHandle", "ScopeGuard", "Channel"]
DEBUG:   mangled to: StringHashMap_Capacity
Generating Modulo: Binary { op: Modulo, left: Variable("hash"), right: Variable("cap"), result: Register(2407) } % Variable("hash") -> Variable("cap")
DEBUG: checking static call: Vec.withCapacity
DEBUG:   type_definitions has Vec: true
DEBUG:   mangled to: Vec_withCapacity
DEBUG: checking static call: vec.push
DEBUG:   type_definitions has vec: false
DEBUG: method call on identifier 'vec', member 'push'
DEBUG:   var type: Struct { name: "Vec", fields: [("chunks", Array(Struct { name: "VecChunk", fields: [("values", Array(Integer))] })), ("capacities", Array(Integer)), ("usage", Array(Integer)), ("length", Integer), ("totalCapacity", Integer), ("nextChunkSize", Integer)] }
DEBUG:   struct_name: Vec
DEBUG:   type_definitions keys: ["Unit", "SeenTypeChecker", "AST", "Function", "Expression", "Statement", "Class", "Interface", "Type", "FunctionType", "ClassType", "InterfaceType", "Location", "TypeError", "Environment", "TypeInferenceResult", "TypeChecker", "ProgramNode", "ItemNode", "ImportSymbolNode", "FunctionNode", "ParamNode", "TypeNode", "BlockNode", "ClassNode", "ImportPathInfo", "RealParser", "TokenUtils", "SeenLexer", "LanguageConfig", "KeywordManager", "StringBuilder", "TokenType", "Token", "LexerError", "Position", "CommandResult", "BootstrapVerifier", "CompilerInfo", "VerificationResult", "StageArtifact", "BinaryComparison", "RemovalResult", "RustRemover", "BootstrapManager", "FrontendDiagnostic", "FrontendResult", "Duration", "File", "CString", "Result", "Option", "VecChunk", "VecSlot", "Vec", "HashEntry", "StringHashMap", "StringBuffer", "StdString", "TaskKind", "TaskHandle", "ScopeGuard", "Channel"]
DEBUG:   mangled to: Vec_push
DEBUG: checking static call: Vec.withCapacity
DEBUG:   type_definitions has Vec: true
DEBUG:   mangled to: Vec_withCapacity
DEBUG: checking static call: vec.push
DEBUG:   type_definitions has vec: false
DEBUG: method call on identifier 'vec', member 'push'
DEBUG:   var type: Struct { name: "Vec", fields: [("chunks", Array(Struct { name: "VecChunk", fields: [("values", Array(Integer))] })), ("capacities", Array(Integer)), ("usage", Array(Integer)), ("length", Integer), ("totalCapacity", Integer), ("nextChunkSize", Integer)] }
DEBUG:   struct_name: Vec
DEBUG:   type_definitions keys: ["Unit", "SeenTypeChecker", "AST", "Function", "Expression", "Statement", "Class", "Interface", "Type", "FunctionType", "ClassType", "InterfaceType", "Location", "TypeError", "Environment", "TypeInferenceResult", "TypeChecker", "ProgramNode", "ItemNode", "ImportSymbolNode", "FunctionNode", "ParamNode", "TypeNode", "BlockNode", "ClassNode", "ImportPathInfo", "RealParser", "TokenUtils", "SeenLexer", "LanguageConfig", "KeywordManager", "StringBuilder", "TokenType", "Token", "LexerError", "Position", "CommandResult", "BootstrapVerifier", "CompilerInfo", "VerificationResult", "StageArtifact", "BinaryComparison", "RemovalResult", "RustRemover", "BootstrapManager", "FrontendDiagnostic", "FrontendResult", "Duration", "File", "CString", "Result", "Option", "VecChunk", "VecSlot", "Vec", "HashEntry", "StringHashMap", "StringBuffer", "StdString", "TaskKind", "TaskHandle", "ScopeGuard", "Channel"]
DEBUG:   mangled to: Vec_push
DEBUG: checking static call: text.length
DEBUG:   type_definitions has text: false
DEBUG: checking static call: text.substring
DEBUG:   type_definitions has text: false
DEBUG: method call on identifier 'text', member 'substring'
DEBUG:   var type: String
DEBUG:   not a struct type, using raw member
DEBUG: checking static call: slice.charCodeAt
DEBUG:   type_definitions has slice: false
DEBUG: method call on identifier 'slice', member 'charCodeAt'
DEBUG:   var type: Void
DEBUG:   not a struct type, using raw member
Generating Modulo: Binary { op: Modulo, left: Register(6), right: Integer(2147483647), result: Register(7) } % Register(6) -> Integer(2147483647)
DEBUG: checking static call: Vec.new
DEBUG:   type_definitions has Vec: true
DEBUG:   mangled to: Vec_new
DEBUG: checking static call: StringBuffer.new
DEBUG:   type_definitions has StringBuffer: true
DEBUG:   mangled to: StringBuffer_new
DEBUG: checking static call: buf.reserve
DEBUG:   type_definitions has buf: false
DEBUG: method call on identifier 'buf', member 'reserve'
DEBUG:   var type: Struct { name: "StringBuffer", fields: [("chars", Struct { name: "Vec", fields: [("chunks", Array(Struct { name: "VecChunk", fields: [("values", Array(Integer))] })), ("capacities", Array(Integer)), ("usage", Array(Integer)), ("length", Integer), ("totalCapacity", Integer), ("nextChunkSize", Integer)] })] }
DEBUG:   struct_name: StringBuffer
DEBUG:   type_definitions keys: ["Unit", "SeenTypeChecker", "AST", "Function", "Expression", "Statement", "Class", "Interface", "Type", "FunctionType", "ClassType", "InterfaceType", "Location", "TypeError", "Environment", "TypeInferenceResult", "TypeChecker", "ProgramNode", "ItemNode", "ImportSymbolNode", "FunctionNode", "ParamNode", "TypeNode", "BlockNode", "ClassNode", "ImportPathInfo", "RealParser", "TokenUtils", "SeenLexer", "LanguageConfig", "KeywordManager", "StringBuilder", "TokenType", "Token", "LexerError", "Position", "CommandResult", "BootstrapVerifier", "CompilerInfo", "VerificationResult", "StageArtifact", "BinaryComparison", "RemovalResult", "RustRemover", "BootstrapManager", "FrontendDiagnostic", "FrontendResult", "Duration", "File", "CString", "Result", "Option", "VecChunk", "VecSlot", "Vec", "HashEntry", "StringHashMap", "StringBuffer", "StdString", "TaskKind", "TaskHandle", "ScopeGuard", "Channel"]
DEBUG:   mangled to: StringBuffer_reserve
DEBUG: checking static call: chars.len
DEBUG:   type_definitions has chars: false
DEBUG: implicit this field access: chars -> self.chars
DEBUG: checking static call: chars.capacity
DEBUG:   type_definitions has chars: false
DEBUG: implicit this field access: chars -> self.chars
DEBUG: method call on identifier 'chars', member 'capacity'
DEBUG:   no var type found, using raw member
DEBUG: checking static call: chars.isEmpty
DEBUG:   type_definitions has chars: false
DEBUG: implicit this field access: chars -> self.chars
DEBUG: method call on identifier 'chars', member 'isEmpty'
DEBUG:   no var type found, using raw member
DEBUG: checking static call: chars.ensureCapacity
DEBUG:   type_definitions has chars: false
DEBUG: implicit this field access: chars -> self.chars
DEBUG: method call on identifier 'chars', member 'ensureCapacity'
DEBUG:   no var type found, using raw member
DEBUG: checking static call: chars.clear
DEBUG:   type_definitions has chars: false
DEBUG: implicit this field access: chars -> self.chars
DEBUG: method call on identifier 'chars', member 'clear'
DEBUG:   no var type found, using raw member
DEBUG: checking static call: chars.push
DEBUG:   type_definitions has chars: false
DEBUG: implicit this field access: chars -> self.chars
DEBUG: method call on identifier 'chars', member 'push'
DEBUG:   no var type found, using raw member
DEBUG: implicit this call: push -> StringBuffer_push (receiver: self)
DEBUG: implicit this call: pushChar -> StringBuffer_pushChar (receiver: self)
DEBUG: checking static call: chars.pop
DEBUG:   type_definitions has chars: false
DEBUG: implicit this field access: chars -> self.chars
DEBUG: method call on identifier 'chars', member 'pop'
DEBUG:   no var type found, using raw member
DEBUG: checking static call: chars.isEmpty
DEBUG:   type_definitions has chars: false
DEBUG: implicit this field access: chars -> self.chars
DEBUG: method call on identifier 'chars', member 'isEmpty'
DEBUG:   no var type found, using raw member
DEBUG: checking static call: chars.len
DEBUG:   type_definitions has chars: false
DEBUG: implicit this field access: chars -> self.chars
DEBUG: checking static call: chars.get
DEBUG:   type_definitions has chars: false
DEBUG: implicit this field access: chars -> self.chars
DEBUG: method call on identifier 'chars', member 'get'
DEBUG:   no var type found, using raw member
DEBUG: checking static call: chars.isEmpty
DEBUG:   type_definitions has chars: false
DEBUG: implicit this field access: chars -> self.chars
DEBUG: method call on identifier 'chars', member 'isEmpty'
DEBUG:   no var type found, using raw member
DEBUG: checking static call: StringBuilder.new
DEBUG:   type_definitions has StringBuilder: true
DEBUG:   mangled to: StringBuilder_new
DEBUG: checking static call: chars.len
DEBUG:   type_definitions has chars: false
DEBUG: implicit this field access: chars -> self.chars
DEBUG: checking static call: chars.get
DEBUG:   type_definitions has chars: false
DEBUG: implicit this field access: chars -> self.chars
DEBUG: method call on identifier 'chars', member 'get'
DEBUG:   no var type found, using raw member
DEBUG: checking static call: builder.appendChar
DEBUG:   type_definitions has builder: false
DEBUG: method call on identifier 'builder', member 'appendChar'
DEBUG:   var type: Struct { name: "StringBuilder", fields: [("parts", Array(String)), ("totalLength", Integer)] }
DEBUG:   struct_name: StringBuilder
DEBUG:   type_definitions keys: ["Unit", "SeenTypeChecker", "AST", "Function", "Expression", "Statement", "Class", "Interface", "Type", "FunctionType", "ClassType", "InterfaceType", "Location", "TypeError", "Environment", "TypeInferenceResult", "TypeChecker", "ProgramNode", "ItemNode", "ImportSymbolNode", "FunctionNode", "ParamNode", "TypeNode", "BlockNode", "ClassNode", "ImportPathInfo", "RealParser", "TokenUtils", "SeenLexer", "LanguageConfig", "KeywordManager", "StringBuilder", "TokenType", "Token", "LexerError", "Position", "CommandResult", "BootstrapVerifier", "CompilerInfo", "VerificationResult", "StageArtifact", "BinaryComparison", "RemovalResult", "RustRemover", "BootstrapManager", "FrontendDiagnostic", "FrontendResult", "Duration", "File", "CString", "Result", "Option", "VecChunk", "VecSlot", "Vec", "HashEntry", "StringHashMap", "StringBuffer", "StdString", "TaskKind", "TaskHandle", "ScopeGuard", "Channel"]
DEBUG:   mangled to: StringBuilder_appendChar
DEBUG: checking static call: builder.toString
DEBUG:   type_definitions has builder: false
DEBUG: implicit this call: toString -> StringBuffer_toString (receiver: self)
DEBUG: implicit this call: clear -> StringBuffer_clear (receiver: self)
DEBUG: checking static call: Vec.new
DEBUG:   type_definitions has Vec: true
DEBUG:   mangled to: Vec_new
DEBUG: checking static call: StdString.new
DEBUG:   type_definitions has StdString: true
DEBUG:   mangled to: StdString_new
DEBUG: checking static call: s.push
DEBUG:   type_definitions has s: false
DEBUG: method call on identifier 's', member 'push'
DEBUG:   var type: Struct { name: "StdString", fields: [("buffer", Struct { name: "Vec", fields: [("chunks", Array(Struct { name: "VecChunk", fields: [("values", Array(Integer))] })), ("capacities", Array(Integer)), ("usage", Array(Integer)), ("length", Integer), ("totalCapacity", Integer), ("nextChunkSize", Integer)] })] }
DEBUG:   struct_name: StdString
DEBUG:   type_definitions keys: ["Unit", "SeenTypeChecker", "AST", "Function", "Expression", "Statement", "Class", "Interface", "Type", "FunctionType", "ClassType", "InterfaceType", "Location", "TypeError", "Environment", "TypeInferenceResult", "TypeChecker", "ProgramNode", "ItemNode", "ImportSymbolNode", "FunctionNode", "ParamNode", "TypeNode", "BlockNode", "ClassNode", "ImportPathInfo", "RealParser", "TokenUtils", "SeenLexer", "LanguageConfig", "KeywordManager", "StringBuilder", "TokenType", "Token", "LexerError", "Position", "CommandResult", "BootstrapVerifier", "CompilerInfo", "VerificationResult", "StageArtifact", "BinaryComparison", "RemovalResult", "RustRemover", "BootstrapManager", "FrontendDiagnostic", "FrontendResult", "Duration", "File", "CString", "Result", "Option", "VecChunk", "VecSlot", "Vec", "HashEntry", "StringHashMap", "StringBuffer", "StdString", "TaskKind", "TaskHandle", "ScopeGuard", "Channel"]
DEBUG:   mangled to: StdString_push
DEBUG: checking static call: StdString.new
DEBUG:   type_definitions has StdString: true
DEBUG:   mangled to: StdString_new
DEBUG: checking static call: s.reserve
DEBUG:   type_definitions has s: false
DEBUG: method call on identifier 's', member 'reserve'
DEBUG:   var type: Struct { name: "StdString", fields: [("buffer", Struct { name: "Vec", fields: [("chunks", Array(Struct { name: "VecChunk", fields: [("values", Array(Integer))] })), ("capacities", Array(Integer)), ("usage", Array(Integer)), ("length", Integer), ("totalCapacity", Integer), ("nextChunkSize", Integer)] })] }
DEBUG:   struct_name: StdString
DEBUG:   type_definitions keys: ["Unit", "SeenTypeChecker", "AST", "Function", "Expression", "Statement", "Class", "Interface", "Type", "FunctionType", "ClassType", "InterfaceType", "Location", "TypeError", "Environment", "TypeInferenceResult", "TypeChecker", "ProgramNode", "ItemNode", "ImportSymbolNode", "FunctionNode", "ParamNode", "TypeNode", "BlockNode", "ClassNode", "ImportPathInfo", "RealParser", "TokenUtils", "SeenLexer", "LanguageConfig", "KeywordManager", "StringBuilder", "TokenType", "Token", "LexerError", "Position", "CommandResult", "BootstrapVerifier", "CompilerInfo", "VerificationResult", "StageArtifact", "BinaryComparison", "RemovalResult", "RustRemover", "BootstrapManager", "FrontendDiagnostic", "FrontendResult", "Duration", "File", "CString", "Result", "Option", "VecChunk", "VecSlot", "Vec", "HashEntry", "StringHashMap", "StringBuffer", "StdString", "TaskKind", "TaskHandle", "ScopeGuard", "Channel"]
DEBUG:   mangled to: StdString_reserve
DEBUG: checking static call: buffer.len
DEBUG:   type_definitions has buffer: false
DEBUG: implicit this field access: buffer -> self.buffer
DEBUG: checking static call: buffer.capacity
DEBUG:   type_definitions has buffer: false
DEBUG: implicit this field access: buffer -> self.buffer
DEBUG: method call on identifier 'buffer', member 'capacity'
DEBUG:   var type: Array(Struct { name: "Token", fields: [("tokenType", Enum { name: "TokenType", variants: [("IntegerLiteral", None), ("FloatLiteral", None), ("StringLiteral", None), ("BooleanLiteral", None), ("Identifier", None), ("KeywordFun", None), ("KeywordLet", None), ("KeywordVar", None), ("KeywordIf", None), ("KeywordElse", None), ("KeywordWhile", None), ("KeywordFor", None), ("KeywordIn", None), ("KeywordReturn", None), ("KeywordBreak", None), ("KeywordContinue", None), ("KeywordClass", None), ("KeywordInterface", None), ("KeywordEnum", None), ("KeywordExtends", None), ("KeywordImplements", None), ("KeywordAsync", None), ("KeywordAwait", None), ("KeywordSpawn", None), ("KeywordMatch", None), ("KeywordTry", None), ("KeywordCatch", None), ("KeywordFinally", None), ("KeywordThrow", None), ("KeywordImport", None), ("KeywordExport", None), ("KeywordAs", None), ("KeywordIs", None), ("KeywordNull", None), ("KeywordTrue", None), ("KeywordFalse", None), ("KeywordThis", None), ("KeywordSuper", None), ("KeywordMove", None), ("KeywordBorrow", None), ("Plus", None), ("Minus", None), ("Multiply", None), ("Divide", None), ("Modulo", None), ("Equal", None), ("PlusEqual", None), ("MinusEqual", None), ("MultiplyEqual", None), ("DivideEqual", None), ("EqualEqual", None), ("NotEqual", None), ("LessThan", None), ("LessEqual", None), ("GreaterThan", None), ("GreaterEqual", None), ("LogicalAnd", None), ("LogicalOr", None), ("LogicalNot", None), ("SafeNavigation", None), ("Elvis", None), ("Question", None), ("LeftParen", None), ("RightParen", None), ("LeftBrace", None), ("RightBrace", None), ("LeftBracket", None), ("RightBracket", None), ("Comma", None), ("Semicolon", None), ("Colon", None), ("Dot", None), ("Arrow", None), ("InterpolatedStringStart", None), ("InterpolatedStringMiddle", None), ("InterpolatedStringEnd", None), ("Newline", None), ("Whitespace", None), ("Comment", None), ("Error", None), ("EndOfFile", None)] }), ("value", String), ("line", Integer), ("column", Integer), ("length", Integer), ("fileId", Integer)] })
DEBUG:   not a struct type, using raw member
DEBUG: checking static call: buffer.len
DEBUG:   type_definitions has buffer: false
DEBUG: implicit this field access: buffer -> self.buffer
DEBUG: checking static call: buffer.clear
DEBUG:   type_definitions has buffer: false
DEBUG: implicit this field access: buffer -> self.buffer
DEBUG: method call on identifier 'buffer', member 'clear'
DEBUG:   var type: Array(Struct { name: "Token", fields: [("tokenType", Enum { name: "TokenType", variants: [("IntegerLiteral", None), ("FloatLiteral", None), ("StringLiteral", None), ("BooleanLiteral", None), ("Identifier", None), ("KeywordFun", None), ("KeywordLet", None), ("KeywordVar", None), ("KeywordIf", None), ("KeywordElse", None), ("KeywordWhile", None), ("KeywordFor", None), ("KeywordIn", None), ("KeywordReturn", None), ("KeywordBreak", None), ("KeywordContinue", None), ("KeywordClass", None), ("KeywordInterface", None), ("KeywordEnum", None), ("KeywordExtends", None), ("KeywordImplements", None), ("KeywordAsync", None), ("KeywordAwait", None), ("KeywordSpawn", None), ("KeywordMatch", None), ("KeywordTry", None), ("KeywordCatch", None), ("KeywordFinally", None), ("KeywordThrow", None), ("KeywordImport", None), ("KeywordExport", None), ("KeywordAs", None), ("KeywordIs", None), ("KeywordNull", None), ("KeywordTrue", None), ("KeywordFalse", None), ("KeywordThis", None), ("KeywordSuper", None), ("KeywordMove", None), ("KeywordBorrow", None), ("Plus", None), ("Minus", None), ("Multiply", None), ("Divide", None), ("Modulo", None), ("Equal", None), ("PlusEqual", None), ("MinusEqual", None), ("MultiplyEqual", None), ("DivideEqual", None), ("EqualEqual", None), ("NotEqual", None), ("LessThan", None), ("LessEqual", None), ("GreaterThan", None), ("GreaterEqual", None), ("LogicalAnd", None), ("LogicalOr", None), ("LogicalNot", None), ("SafeNavigation", None), ("Elvis", None), ("Question", None), ("LeftParen", None), ("RightParen", None), ("LeftBrace", None), ("RightBrace", None), ("LeftBracket", None), ("RightBracket", None), ("Comma", None), ("Semicolon", None), ("Colon", None), ("Dot", None), ("Arrow", None), ("InterpolatedStringStart", None), ("InterpolatedStringMiddle", None), ("InterpolatedStringEnd", None), ("Newline", None), ("Whitespace", None), ("Comment", None), ("Error", None), ("EndOfFile", None)] }), ("value", String), ("line", Integer), ("column", Integer), ("length", Integer), ("fileId", Integer)] })
DEBUG:   not a struct type, using raw member
DEBUG: checking static call: buffer.ensureCapacity
DEBUG:   type_definitions has buffer: false
DEBUG: implicit this field access: buffer -> self.buffer
DEBUG: method call on identifier 'buffer', member 'ensureCapacity'
DEBUG:   var type: Array(Struct { name: "Token", fields: [("tokenType", Enum { name: "TokenType", variants: [("IntegerLiteral", None), ("FloatLiteral", None), ("StringLiteral", None), ("BooleanLiteral", None), ("Identifier", None), ("KeywordFun", None), ("KeywordLet", None), ("KeywordVar", None), ("KeywordIf", None), ("KeywordElse", None), ("KeywordWhile", None), ("KeywordFor", None), ("KeywordIn", None), ("KeywordReturn", None), ("KeywordBreak", None), ("KeywordContinue", None), ("KeywordClass", None), ("KeywordInterface", None), ("KeywordEnum", None), ("KeywordExtends", None), ("KeywordImplements", None), ("KeywordAsync", None), ("KeywordAwait", None), ("KeywordSpawn", None), ("KeywordMatch", None), ("KeywordTry", None), ("KeywordCatch", None), ("KeywordFinally", None), ("KeywordThrow", None), ("KeywordImport", None), ("KeywordExport", None), ("KeywordAs", None), ("KeywordIs", None), ("KeywordNull", None), ("KeywordTrue", None), ("KeywordFalse", None), ("KeywordThis", None), ("KeywordSuper", None), ("KeywordMove", None), ("KeywordBorrow", None), ("Plus", None), ("Minus", None), ("Multiply", None), ("Divide", None), ("Modulo", None), ("Equal", None), ("PlusEqual", None), ("MinusEqual", None), ("MultiplyEqual", None), ("DivideEqual", None), ("EqualEqual", None), ("NotEqual", None), ("LessThan", None), ("LessEqual", None), ("GreaterThan", None), ("GreaterEqual", None), ("LogicalAnd", None), ("LogicalOr", None), ("LogicalNot", None), ("SafeNavigation", None), ("Elvis", None), ("Question", None), ("LeftParen", None), ("RightParen", None), ("LeftBrace", None), ("RightBrace", None), ("LeftBracket", None), ("RightBracket", None), ("Comma", None), ("Semicolon", None), ("Colon", None), ("Dot", None), ("Arrow", None), ("InterpolatedStringStart", None), ("InterpolatedStringMiddle", None), ("InterpolatedStringEnd", None), ("Newline", None), ("Whitespace", None), ("Comment", None), ("Error", None), ("EndOfFile", None)] }), ("value", String), ("line", Integer), ("column", Integer), ("length", Integer), ("fileId", Integer)] })
DEBUG:   not a struct type, using raw member
DEBUG: checking static call: buffer.push
DEBUG:   type_definitions has buffer: false
DEBUG: implicit this field access: buffer -> self.buffer
DEBUG: method call on identifier 'buffer', member 'push'
DEBUG:   var type: Array(Struct { name: "Token", fields: [("tokenType", Enum { name: "TokenType", variants: [("IntegerLiteral", None), ("FloatLiteral", None), ("StringLiteral", None), ("BooleanLiteral", None), ("Identifier", None), ("KeywordFun", None), ("KeywordLet", None), ("KeywordVar", None), ("KeywordIf", None), ("KeywordElse", None), ("KeywordWhile", None), ("KeywordFor", None), ("KeywordIn", None), ("KeywordReturn", None), ("KeywordBreak", None), ("KeywordContinue", None), ("KeywordClass", None), ("KeywordInterface", None), ("KeywordEnum", None), ("KeywordExtends", None), ("KeywordImplements", None), ("KeywordAsync", None), ("KeywordAwait", None), ("KeywordSpawn", None), ("KeywordMatch", None), ("KeywordTry", None), ("KeywordCatch", None), ("KeywordFinally", None), ("KeywordThrow", None), ("KeywordImport", None), ("KeywordExport", None), ("KeywordAs", None), ("KeywordIs", None), ("KeywordNull", None), ("KeywordTrue", None), ("KeywordFalse", None), ("KeywordThis", None), ("KeywordSuper", None), ("KeywordMove", None), ("KeywordBorrow", None), ("Plus", None), ("Minus", None), ("Multiply", None), ("Divide", None), ("Modulo", None), ("Equal", None), ("PlusEqual", None), ("MinusEqual", None), ("MultiplyEqual", None), ("DivideEqual", None), ("EqualEqual", None), ("NotEqual", None), ("LessThan", None), ("LessEqual", None), ("GreaterThan", None), ("GreaterEqual", None), ("LogicalAnd", None), ("LogicalOr", None), ("LogicalNot", None), ("SafeNavigation", None), ("Elvis", None), ("Question", None), ("LeftParen", None), ("RightParen", None), ("LeftBrace", None), ("RightBrace", None), ("LeftBracket", None), ("RightBracket", None), ("Comma", None), ("Semicolon", None), ("Colon", None), ("Dot", None), ("Arrow", None), ("InterpolatedStringStart", None), ("InterpolatedStringMiddle", None), ("InterpolatedStringEnd", None), ("Newline", None), ("Whitespace", None), ("Comment", None), ("Error", None), ("EndOfFile", None)] }), ("value", String), ("line", Integer), ("column", Integer), ("length", Integer), ("fileId", Integer)] })
DEBUG:   not a struct type, using raw member
DEBUG: checking static call: buffer.pop
DEBUG:   type_definitions has buffer: false
DEBUG: implicit this field access: buffer -> self.buffer
DEBUG: method call on identifier 'buffer', member 'pop'
DEBUG:   var type: Array(Struct { name: "Token", fields: [("tokenType", Enum { name: "TokenType", variants: [("IntegerLiteral", None), ("FloatLiteral", None), ("StringLiteral", None), ("BooleanLiteral", None), ("Identifier", None), ("KeywordFun", None), ("KeywordLet", None), ("KeywordVar", None), ("KeywordIf", None), ("KeywordElse", None), ("KeywordWhile", None), ("KeywordFor", None), ("KeywordIn", None), ("KeywordReturn", None), ("KeywordBreak", None), ("KeywordContinue", None), ("KeywordClass", None), ("KeywordInterface", None), ("KeywordEnum", None), ("KeywordExtends", None), ("KeywordImplements", None), ("KeywordAsync", None), ("KeywordAwait", None), ("KeywordSpawn", None), ("KeywordMatch", None), ("KeywordTry", None), ("KeywordCatch", None), ("KeywordFinally", None), ("KeywordThrow", None), ("KeywordImport", None), ("KeywordExport", None), ("KeywordAs", None), ("KeywordIs", None), ("KeywordNull", None), ("KeywordTrue", None), ("KeywordFalse", None), ("KeywordThis", None), ("KeywordSuper", None), ("KeywordMove", None), ("KeywordBorrow", None), ("Plus", None), ("Minus", None), ("Multiply", None), ("Divide", None), ("Modulo", None), ("Equal", None), ("PlusEqual", None), ("MinusEqual", None), ("MultiplyEqual", None), ("DivideEqual", None), ("EqualEqual", None), ("NotEqual", None), ("LessThan", None), ("LessEqual", None), ("GreaterThan", None), ("GreaterEqual", None), ("LogicalAnd", None), ("LogicalOr", None), ("LogicalNot", None), ("SafeNavigation", None), ("Elvis", None), ("Question", None), ("LeftParen", None), ("RightParen", None), ("LeftBrace", None), ("RightBrace", None), ("LeftBracket", None), ("RightBracket", None), ("Comma", None), ("Semicolon", None), ("Colon", None), ("Dot", None), ("Arrow", None), ("InterpolatedStringStart", None), ("InterpolatedStringMiddle", None), ("InterpolatedStringEnd", None), ("Newline", None), ("Whitespace", None), ("Comment", None), ("Error", None), ("EndOfFile", None)] }), ("value", String), ("line", Integer), ("column", Integer), ("length", Integer), ("fileId", Integer)] })
DEBUG:   not a struct type, using raw member
DEBUG: checking static call: buffer.len
DEBUG:   type_definitions has buffer: false
DEBUG: implicit this field access: buffer -> self.buffer
DEBUG: checking static call: buffer.len
DEBUG:   type_definitions has buffer: false
DEBUG: implicit this field access: buffer -> self.buffer
DEBUG: checking static call: buffer.get
DEBUG:   type_definitions has buffer: false
DEBUG: implicit this field access: buffer -> self.buffer
DEBUG: method call on identifier 'buffer', member 'get'
DEBUG:   var type: Array(Struct { name: "Token", fields: [("tokenType", Enum { name: "TokenType", variants: [("IntegerLiteral", None), ("FloatLiteral", None), ("StringLiteral", None), ("BooleanLiteral", None), ("Identifier", None), ("KeywordFun", None), ("KeywordLet", None), ("KeywordVar", None), ("KeywordIf", None), ("KeywordElse", None), ("KeywordWhile", None), ("KeywordFor", None), ("KeywordIn", None), ("KeywordReturn", None), ("KeywordBreak", None), ("KeywordContinue", None), ("KeywordClass", None), ("KeywordInterface", None), ("KeywordEnum", None), ("KeywordExtends", None), ("KeywordImplements", None), ("KeywordAsync", None), ("KeywordAwait", None), ("KeywordSpawn", None), ("KeywordMatch", None), ("KeywordTry", None), ("KeywordCatch", None), ("KeywordFinally", None), ("KeywordThrow", None), ("KeywordImport", None), ("KeywordExport", None), ("KeywordAs", None), ("KeywordIs", None), ("KeywordNull", None), ("KeywordTrue", None), ("KeywordFalse", None), ("KeywordThis", None), ("KeywordSuper", None), ("KeywordMove", None), ("KeywordBorrow", None), ("Plus", None), ("Minus", None), ("Multiply", None), ("Divide", None), ("Modulo", None), ("Equal", None), ("PlusEqual", None), ("MinusEqual", None), ("MultiplyEqual", None), ("DivideEqual", None), ("EqualEqual", None), ("NotEqual", None), ("LessThan", None), ("LessEqual", None), ("GreaterThan", None), ("GreaterEqual", None), ("LogicalAnd", None), ("LogicalOr", None), ("LogicalNot", None), ("SafeNavigation", None), ("Elvis", None), ("Question", None), ("LeftParen", None), ("RightParen", None), ("LeftBrace", None), ("RightBrace", None), ("LeftBracket", None), ("RightBracket", None), ("Comma", None), ("Semicolon", None), ("Colon", None), ("Dot", None), ("Arrow", None), ("InterpolatedStringStart", None), ("InterpolatedStringMiddle", None), ("InterpolatedStringEnd", None), ("Newline", None), ("Whitespace", None), ("Comment", None), ("Error", None), ("EndOfFile", None)] }), ("value", String), ("line", Integer), ("column", Integer), ("length", Integer), ("fileId", Integer)] })
DEBUG:   not a struct type, using raw member
DEBUG: checking static call: buffer.len
DEBUG:   type_definitions has buffer: false
DEBUG: implicit this field access: buffer -> self.buffer
DEBUG: checking static call: StringBuilder.new
DEBUG:   type_definitions has StringBuilder: true
DEBUG:   mangled to: StringBuilder_new
DEBUG: checking static call: buffer.len
DEBUG:   type_definitions has buffer: false
DEBUG: implicit this field access: buffer -> self.buffer
DEBUG: checking static call: buffer.get
DEBUG:   type_definitions has buffer: false
DEBUG: implicit this field access: buffer -> self.buffer
DEBUG: method call on identifier 'buffer', member 'get'
DEBUG:   var type: Array(Struct { name: "Token", fields: [("tokenType", Enum { name: "TokenType", variants: [("IntegerLiteral", None), ("FloatLiteral", None), ("StringLiteral", None), ("BooleanLiteral", None), ("Identifier", None), ("KeywordFun", None), ("KeywordLet", None), ("KeywordVar", None), ("KeywordIf", None), ("KeywordElse", None), ("KeywordWhile", None), ("KeywordFor", None), ("KeywordIn", None), ("KeywordReturn", None), ("KeywordBreak", None), ("KeywordContinue", None), ("KeywordClass", None), ("KeywordInterface", None), ("KeywordEnum", None), ("KeywordExtends", None), ("KeywordImplements", None), ("KeywordAsync", None), ("KeywordAwait", None), ("KeywordSpawn", None), ("KeywordMatch", None), ("KeywordTry", None), ("KeywordCatch", None), ("KeywordFinally", None), ("KeywordThrow", None), ("KeywordImport", None), ("KeywordExport", None), ("KeywordAs", None), ("KeywordIs", None), ("KeywordNull", None), ("KeywordTrue", None), ("KeywordFalse", None), ("KeywordThis", None), ("KeywordSuper", None), ("KeywordMove", None), ("KeywordBorrow", None), ("Plus", None), ("Minus", None), ("Multiply", None), ("Divide", None), ("Modulo", None), ("Equal", None), ("PlusEqual", None), ("MinusEqual", None), ("MultiplyEqual", None), ("DivideEqual", None), ("EqualEqual", None), ("NotEqual", None), ("LessThan", None), ("LessEqual", None), ("GreaterThan", None), ("GreaterEqual", None), ("LogicalAnd", None), ("LogicalOr", None), ("LogicalNot", None), ("SafeNavigation", None), ("Elvis", None), ("Question", None), ("LeftParen", None), ("RightParen", None), ("LeftBrace", None), ("RightBrace", None), ("LeftBracket", None), ("RightBracket", None), ("Comma", None), ("Semicolon", None), ("Colon", None), ("Dot", None), ("Arrow", None), ("InterpolatedStringStart", None), ("InterpolatedStringMiddle", None), ("InterpolatedStringEnd", None), ("Newline", None), ("Whitespace", None), ("Comment", None), ("Error", None), ("EndOfFile", None)] }), ("value", String), ("line", Integer), ("column", Integer), ("length", Integer), ("fileId", Integer)] })
DEBUG:   not a struct type, using raw member
DEBUG: checking static call: builder.appendChar
DEBUG:   type_definitions has builder: false
DEBUG: method call on identifier 'builder', member 'appendChar'
DEBUG:   var type: Struct { name: "StringBuilder", fields: [("parts", Array(String)), ("totalLength", Integer)] }
DEBUG:   struct_name: StringBuilder
DEBUG:   type_definitions keys: ["Unit", "SeenTypeChecker", "AST", "Function", "Expression", "Statement", "Class", "Interface", "Type", "FunctionType", "ClassType", "InterfaceType", "Location", "TypeError", "Environment", "TypeInferenceResult", "TypeChecker", "ProgramNode", "ItemNode", "ImportSymbolNode", "FunctionNode", "ParamNode", "TypeNode", "BlockNode", "ClassNode", "ImportPathInfo", "RealParser", "TokenUtils", "SeenLexer", "LanguageConfig", "KeywordManager", "StringBuilder", "TokenType", "Token", "LexerError", "Position", "CommandResult", "BootstrapVerifier", "CompilerInfo", "VerificationResult", "StageArtifact", "BinaryComparison", "RemovalResult", "RustRemover", "BootstrapManager", "FrontendDiagnostic", "FrontendResult", "Duration", "File", "CString", "Result", "Option", "VecChunk", "VecSlot", "Vec", "HashEntry", "StringHashMap", "StringBuffer", "StdString", "TaskKind", "TaskHandle", "ScopeGuard", "Channel"]
DEBUG:   mangled to: StringBuilder_appendChar
DEBUG: checking static call: builder.toString
DEBUG:   type_definitions has builder: false
DEBUG: implicit this call: toString -> StdString_toString (receiver: self)
DEBUG: implicit this call: clear -> StdString_clear (receiver: self)
DEBUG: checking static call: this.size
DEBUG:   type_definitions has this: false
DEBUG: Resolved 'this' to receiver 'self'
DEBUG: checking static call: this.size
DEBUG:   type_definitions has this: false
DEBUG: Resolved 'this' to receiver 'self'
DEBUG: Resolved 'this' to receiver 'self'
DEBUG: checking static call: this.append
DEBUG:   type_definitions has this: false
DEBUG: Resolved 'this' to receiver 'self'
DEBUG: method call on identifier 'this', member 'append'
DEBUG:   var type: Array(Integer)
DEBUG:   not a struct type, using raw member
DEBUG: checking static call: this.containsKey
DEBUG:   type_definitions has this: false
DEBUG: Resolved 'this' to receiver 'self'
DEBUG: method call on identifier 'this', member 'containsKey'
DEBUG:   var type: Struct { name: "Map", fields: [("length", Integer)] }
DEBUG:   struct_name: Map
DEBUG:   type_definitions keys: ["Unit", "SeenTypeChecker", "AST", "Function", "Expression", "Statement", "Class", "Interface", "Type", "FunctionType", "ClassType", "InterfaceType", "Location", "TypeError", "Environment", "TypeInferenceResult", "TypeChecker", "ProgramNode", "ItemNode", "ImportSymbolNode", "FunctionNode", "ParamNode", "TypeNode", "BlockNode", "ClassNode", "ImportPathInfo", "RealParser", "TokenUtils", "SeenLexer", "LanguageConfig", "KeywordManager", "StringBuilder", "TokenType", "Token", "LexerError", "Position", "CommandResult", "BootstrapVerifier", "CompilerInfo", "VerificationResult", "StageArtifact", "BinaryComparison", "RemovalResult", "RustRemover", "BootstrapManager", "FrontendDiagnostic", "FrontendResult", "Duration", "File", "CString", "Result", "Option", "VecChunk", "VecSlot", "Vec", "HashEntry", "StringHashMap", "StringBuffer", "StdString", "TaskKind", "TaskHandle", "ScopeGuard", "Channel"]
DEBUG:   struct not in type_definitions, using raw member
DEBUG: checking static call: this.get
DEBUG:   type_definitions has this: false
DEBUG: Resolved 'this' to receiver 'self'
DEBUG: method call on identifier 'this', member 'get'
DEBUG:   var type: Struct { name: "Map", fields: [("length", Integer)] }
DEBUG:   struct_name: Map
DEBUG:   type_definitions keys: ["Unit", "SeenTypeChecker", "AST", "Function", "Expression", "Statement", "Class", "Interface", "Type", "FunctionType", "ClassType", "InterfaceType", "Location", "TypeError", "Environment", "TypeInferenceResult", "TypeChecker", "ProgramNode", "ItemNode", "ImportSymbolNode", "FunctionNode", "ParamNode", "TypeNode", "BlockNode", "ClassNode", "ImportPathInfo", "RealParser", "TokenUtils", "SeenLexer", "LanguageConfig", "KeywordManager", "StringBuilder", "TokenType", "Token", "LexerError", "Position", "CommandResult", "BootstrapVerifier", "CompilerInfo", "VerificationResult", "StageArtifact", "BinaryComparison", "RemovalResult", "RustRemover", "BootstrapManager", "FrontendDiagnostic", "FrontendResult", "Duration", "File", "CString", "Result", "Option", "VecChunk", "VecSlot", "Vec", "HashEntry", "StringHashMap", "StringBuffer", "StdString", "TaskKind", "TaskHandle", "ScopeGuard", "Channel"]
DEBUG:   struct not in type_definitions, using raw member
DEBUG: implicit this field access: rawHandle -> self.rawHandle
DEBUG: implicit this field access: rawHandle -> self.rawHandle
DEBUG: implicit this field access: rawHandle -> self.rawHandle
DEBUG: implicit this field access: active -> self.active
DEBUG: implicit this field access: kind -> self.kind
DEBUG: checking static call: ScopeGuard.new
DEBUG:   type_definitions has ScopeGuard: true
DEBUG:   mangled to: ScopeGuard_new
DEBUG: checking static call: ScopeGuard.new
DEBUG:   type_definitions has ScopeGuard: true
DEBUG:   mangled to: ScopeGuard_new
DEBUG: checking static call: TaskHandle.new
DEBUG:   type_definitions has TaskHandle: true
DEBUG:   mangled to: TaskHandle_new
DEBUG: checking static call: TaskHandle.new
DEBUG:   type_definitions has TaskHandle: true
DEBUG:   mangled to: TaskHandle_new
DEBUG: checking static call: TaskHandle.new
DEBUG:   type_definitions has TaskHandle: true
DEBUG:   mangled to: TaskHandle_new
DEBUG: implicit this field access: raw -> self.raw
DEBUG: implicit this field access: raw -> self.raw
DEBUG: implicit this field access: raw -> self.raw
DEBUG: implicit this field access: raw -> self.raw
DEBUG: implicit this field access: raw -> self.raw
DEBUG: implicit this field access: raw -> self.raw
DEBUG: checking static call: frontend.getDiagnostics
DEBUG:   type_definitions has frontend: false
DEBUG: method call on identifier 'frontend', member 'getDiagnostics'
DEBUG:   var type: Struct { name: "FrontendResult", fields: [("success", Boolean), ("diagnostics", Array(Struct { name: "FrontendDiagnostic", fields: [("file", String), ("line", Integer), ("column", Integer), ("severity", String), ("message", String)] }))] }
DEBUG:   struct_name: FrontendResult
DEBUG:   type_definitions keys: ["Unit", "SeenTypeChecker", "AST", "Function", "Expression", "Statement", "Class", "Interface", "Type", "FunctionType", "ClassType", "InterfaceType", "Location", "TypeError", "Environment", "TypeInferenceResult", "TypeChecker", "ProgramNode", "ItemNode", "ImportSymbolNode", "FunctionNode", "ParamNode", "TypeNode", "BlockNode", "ClassNode", "ImportPathInfo", "RealParser", "TokenUtils", "SeenLexer", "LanguageConfig", "KeywordManager", "StringBuilder", "TokenType", "Token", "LexerError", "Position", "CommandResult", "BootstrapVerifier", "CompilerInfo", "VerificationResult", "StageArtifact", "BinaryComparison", "RemovalResult", "RustRemover", "BootstrapManager", "FrontendDiagnostic", "FrontendResult", "Duration", "File", "CString", "Result", "Option", "VecChunk", "VecSlot", "Vec", "HashEntry", "StringHashMap", "StringBuffer", "StdString", "TaskKind", "TaskHandle", "ScopeGuard", "Channel"]
DEBUG:   mangled to: FrontendResult_getDiagnostics
DEBUG: checking static call: diagnostics.length
DEBUG:   type_definitions has diagnostics: false
DEBUG: checking static call: sourceFile.endsWith
DEBUG:   type_definitions has sourceFile: false
DEBUG: method call on identifier 'sourceFile', member 'endsWith'
DEBUG:   var type: String
DEBUG:   not a struct type, using raw member
DEBUG: checking static call: sourceFile.length
DEBUG:   type_definitions has sourceFile: false
DEBUG: checking static call: sourceFile.substring
DEBUG:   type_definitions has sourceFile: false
DEBUG: method call on identifier 'sourceFile', member 'substring'
DEBUG:   var type: String
DEBUG:   not a struct type, using raw member
DEBUG: checking static call: argv.length
DEBUG:   type_definitions has argv: false
DEBUG: checking static call: argv.length
DEBUG:   type_definitions has argv: false
DEBUG: checking static call: argv.length
DEBUG:   type_definitions has argv: false
DEBUG: checking static call: argv.length
DEBUG:   type_definitions has argv: false
DEBUG: register_struct_type SeenLexer with 9 fields
DEBUG:   field_types: [StructType(StructType { struct_type: Type { address: 0x581f41616230, llvm_type: "{ i64, ptr }" } }), IntType(IntType { int_type: Type { address: 0x581f414e1f08, llvm_type: "i64" } }), StructType(StructType { struct_type: Type { address: 0x581f41616230, llvm_type: "{ i64, ptr }" } }), IntType(IntType { int_type: Type { address: 0x581f414e1ea8, llvm_type: "i1" } }), IntType(IntType { int_type: Type { address: 0x581f414e1f08, llvm_type: "i64" } }), IntType(IntType { int_type: Type { address: 0x581f414e1f08, llvm_type: "i64" } }), IntType(IntType { int_type: Type { address: 0x581f414e1f08, llvm_type: "i64" } }), IntType(IntType { int_type: Type { address: 0x581f414e1f08, llvm_type: "i64" } }), PointerType(PointerType { ptr_type: Type { address: 0x581f416161f0, llvm_type: "ptr" } })]
DEBUG:   llvm_struct_ty: StructType { struct_type: Type { address: 0x581f416165c0, llvm_type: "{ { i64, ptr }, i64, { i64, ptr }, i1, i64, i64, i64, i64, ptr }" } }
DEBUG: Registered 61 struct types
DEBUG:   Unit -> StructType { struct_type: Type { address: 0x581f41616210, llvm_type: "{}" } }
DEBUG:   SeenTypeChecker -> StructType { struct_type: Type { address: 0x581f41616210, llvm_type: "{}" } }
DEBUG:   AST -> StructType { struct_type: Type { address: 0x581f41616210, llvm_type: "{}" } }
DEBUG:   Function -> StructType { struct_type: Type { address: 0x581f41616210, llvm_type: "{}" } }
DEBUG:   Expression -> StructType { struct_type: Type { address: 0x581f41616210, llvm_type: "{}" } }
DEBUG:   Statement -> StructType { struct_type: Type { address: 0x581f41616210, llvm_type: "{}" } }
DEBUG:   Class -> StructType { struct_type: Type { address: 0x581f41616210, llvm_type: "{}" } }
DEBUG:   Interface -> StructType { struct_type: Type { address: 0x581f41616210, llvm_type: "{}" } }
DEBUG:   Type -> StructType { struct_type: Type { address: 0x581f41616260, llvm_type: "{ { i64, ptr }, i1 }" } }
DEBUG:   FunctionType -> StructType { struct_type: Type { address: 0x581f41616290, llvm_type: "{ ptr, { { i64, ptr }, i1 }, i1 }" } }
DEBUG:   ClassType -> StructType { struct_type: Type { address: 0x581f416162d0, llvm_type: "{ { i64, ptr } }" } }
DEBUG:   InterfaceType -> StructType { struct_type: Type { address: 0x581f416162d0, llvm_type: "{ { i64, ptr } }" } }
DEBUG:   Location -> StructType { struct_type: Type { address: 0x581f41616300, llvm_type: "{ i64, i64, { i64, ptr } }" } }
DEBUG:   TypeError -> StructType { struct_type: Type { address: 0x581f41616340, llvm_type: "{ { i64, i64, { i64, ptr } }, { { i64, ptr }, i1 }, { { i64, ptr }, i1 }, { i64, ptr } }" } }
DEBUG:   Environment -> StructType { struct_type: Type { address: 0x581f41616380, llvm_type: "{ ptr }" } }
DEBUG:   TypeInferenceResult -> StructType { struct_type: Type { address: 0x581f416163b0, llvm_type: "{ i1, { { i64, ptr }, i1 }, ptr, ptr, { ptr } }" } }
DEBUG:   TypeChecker -> StructType { struct_type: Type { address: 0x581f41616400, llvm_type: "{ { ptr }, ptr, ptr, i1 }" } }
DEBUG:   ProgramNode -> StructType { struct_type: Type { address: 0x581f41616380, llvm_type: "{ ptr }" } }
DEBUG:   ItemNode -> StructType { struct_type: Type { address: 0x581f41616440, llvm_type: "{ { i64, ptr }, { i64, ptr }, { i64, ptr }, ptr, ptr, ptr, ptr }" } }
DEBUG:   ImportSymbolNode -> StructType { struct_type: Type { address: 0x581f416164a0, llvm_type: "{ { i64, ptr }, { i64, ptr } }" } }
DEBUG:   FunctionNode -> StructType { struct_type: Type { address: 0x581f416164d0, llvm_type: "{ { i64, ptr }, ptr, ptr, ptr, i1, i1 }" } }
DEBUG:   ParamNode -> StructType { struct_type: Type { address: 0x581f41616520, llvm_type: "{ { i64, ptr }, ptr, i1 }" } }
DEBUG:   TypeNode -> StructType { struct_type: Type { address: 0x581f41616260, llvm_type: "{ { i64, ptr }, i1 }" } }
DEBUG:   BlockNode -> StructType { struct_type: Type { address: 0x581f41616380, llvm_type: "{ ptr }" } }
DEBUG:   ClassNode -> StructType { struct_type: Type { address: 0x581f416162d0, llvm_type: "{ { i64, ptr } }" } }
DEBUG:   ImportPathInfo -> StructType { struct_type: Type { address: 0x581f41616560, llvm_type: "{ { i64, ptr }, ptr }" } }
DEBUG:   RealParser -> StructType { struct_type: Type { address: 0x581f41616590, llvm_type: "{ ptr, i64 }" } }
DEBUG:   TokenUtils -> StructType { struct_type: Type { address: 0x581f41616210, llvm_type: "{}" } }
DEBUG:   SeenLexer -> StructType { struct_type: Type { address: 0x581f416165c0, llvm_type: "{ { i64, ptr }, i64, { i64, ptr }, i1, i64, i64, i64, i64, ptr }" } }
DEBUG:   LanguageConfig -> StructType { struct_type: Type { address: 0x581f41616210, llvm_type: "{}" } }
DEBUG:   KeywordManager -> StructType { struct_type: Type { address: 0x581f41616630, llvm_type: "{ { i64, ptr }, i64, ptr }" } }
DEBUG:   StringBuilder -> StructType { struct_type: Type { address: 0x581f41616590, llvm_type: "{ ptr, i64 }" } }
DEBUG:   Token -> StructType { struct_type: Type { address: 0x581f41616670, llvm_type: "{ i64, { i64, ptr }, i64, i64, i64, i64 }" } }
DEBUG:   LexerError -> StructType { struct_type: Type { address: 0x581f416166c0, llvm_type: "{ i64, { i64, ptr } }" } }
DEBUG:   Position -> StructType { struct_type: Type { address: 0x581f416166f0, llvm_type: "{ i64, i64, i64 }" } }
DEBUG:   CommandResult -> StructType { struct_type: Type { address: 0x581f41616730, llvm_type: "{ i1, { i64, ptr } }" } }
DEBUG:   BootstrapVerifier -> StructType { struct_type: Type { address: 0x581f41616760, llvm_type: "{ ptr, i64, { i64, ptr } }" } }
DEBUG:   CompilerInfo -> StructType { struct_type: Type { address: 0x581f416167a0, llvm_type: "{ { i64, ptr }, { i64, ptr }, i64 }" } }
DEBUG:   VerificationResult -> StructType { struct_type: Type { address: 0x581f416167e0, llvm_type: "{ { i64, ptr }, i1, i1, i64 }" } }
DEBUG:   StageArtifact -> StructType { struct_type: Type { address: 0x581f41616820, llvm_type: "{ { i64, ptr }, { i64, ptr }, i64, i64 }" } }
DEBUG:   BinaryComparison -> StructType { struct_type: Type { address: 0x581f41616860, llvm_type: "{ i1, i1, { i64, ptr }, { i64, ptr }, { i64, ptr }, i64 }" } }
DEBUG:   RemovalResult -> StructType { struct_type: Type { address: 0x581f416168b0, llvm_type: "{ i1, { i64, ptr }, ptr, ptr }" } }
DEBUG:   RustRemover -> StructType { struct_type: Type { address: 0x581f416168f0, llvm_type: "{ { i64, ptr }, { i64, ptr }, i1, ptr }" } }
DEBUG:   BootstrapManager -> StructType { struct_type: Type { address: 0x581f41616210, llvm_type: "{}" } }
DEBUG:   FrontendDiagnostic -> StructType { struct_type: Type { address: 0x581f41616930, llvm_type: "{ { i64, ptr }, i64, i64, { i64, ptr }, { i64, ptr } }" } }
DEBUG:   FrontendResult -> StructType { struct_type: Type { address: 0x581f41616980, llvm_type: "{ i1, ptr }" } }
DEBUG:   Duration -> StructType { struct_type: Type { address: 0x581f416169b0, llvm_type: "{ i64 }" } }
DEBUG:   File -> StructType { struct_type: Type { address: 0x581f416166c0, llvm_type: "{ i64, { i64, ptr } }" } }
DEBUG:   CString -> StructType { struct_type: Type { address: 0x581f416162d0, llvm_type: "{ { i64, ptr } }" } }
DEBUG:   Result -> StructType { struct_type: Type { address: 0x581f416169e0, llvm_type: "{ i1, ptr, ptr }" } }
DEBUG:   Option -> StructType { struct_type: Type { address: 0x581f41616980, llvm_type: "{ i1, ptr }" } }
DEBUG:   VecChunk -> StructType { struct_type: Type { address: 0x581f41616380, llvm_type: "{ ptr }" } }
DEBUG:   VecSlot -> StructType { struct_type: Type { address: 0x581f41616a20, llvm_type: "{ i64, i64 }" } }
DEBUG:   Vec -> StructType { struct_type: Type { address: 0x581f41616a50, llvm_type: "{ ptr, ptr, ptr, i64, i64, i64 }" } }
DEBUG:   HashEntry -> StructType { struct_type: Type { address: 0x581f41616aa0, llvm_type: "{ { i64, ptr }, i64 }" } }
DEBUG:   StringHashMap -> StructType { struct_type: Type { address: 0x581f41616ad0, llvm_type: "{ { ptr, ptr, ptr, i64, i64, i64 }, { ptr, ptr, ptr, i64, i64, i64 }, i64 }" } }
DEBUG:   StringBuffer -> StructType { struct_type: Type { address: 0x581f41616b10, llvm_type: "{ { ptr, ptr, ptr, i64, i64, i64 } }" } }
DEBUG:   StdString -> StructType { struct_type: Type { address: 0x581f41616b10, llvm_type: "{ { ptr, ptr, ptr, i64, i64, i64 } }" } }
DEBUG:   TaskHandle -> StructType { struct_type: Type { address: 0x581f41616590, llvm_type: "{ ptr, i64 }" } }
DEBUG:   ScopeGuard -> StructType { struct_type: Type { address: 0x581f41616b40, llvm_type: "{ i64, i1 }" } }
DEBUG:   Channel -> StructType { struct_type: Type { address: 0x581f41616380, llvm_type: "{ ptr }" } }
DEBUG: declaring function SeenLexer_new with return type Struct { name: "SeenLexer", fields: [("source", String), ("fileId", Integer), ("language", String), ("errorRecoveryMode", Boolean), ("keywordManager", Integer), ("position", Integer), ("line", Integer), ("column", Integer), ("tokens", Array(Integer))] }
DEBUG:   struct_types contains SeenLexer: true
DEBUG:   struct type for SeenLexer: StructType { struct_type: Type { address: 0x581f416165c0, llvm_type: "{ { i64, ptr }, i64, { i64, ptr }, i1, i64, i64, i64, i64, ptr }" } }
DEBUG:   LLVM fn_ty for SeenLexer_new: FunctionType { address: 0x581f419a4ee8, is_var_args: false, llvm_type: "{ { i64, ptr }, i64, { i64, ptr }, i1, i64, i64, i64, i64, ptr } ({ i64, ptr }, i64, { i64, ptr })" }
DEBUG: infer call target: join
DEBUG: infer join reg 0 from LLVM function type: Some(StructType(StructType { struct_type: Type { address: 0x581f41616230, llvm_type: "{ i64, ptr }" } }))
DEBUG: infer call target: join
DEBUG: infer join reg 0 from LLVM function type: Some(StructType(StructType { struct_type: Type { address: 0x581f41616230, llvm_type: "{ i64, ptr }" } }))
DEBUG: infer_instruction_result_type fallback for field 'Hash' found type String
DEBUG: infer_instruction_result_type fallback for field 'Hash' found type String
DEBUG: infer_instruction_result_type fallback for field 'HashMatch' found type Boolean
DEBUG: infer_instruction_result_type fallback for field 'HashMatch' found type Boolean
DEBUG: infer_instruction_result_type fallback for field 'Identical' found type Boolean
DEBUG: infer_instruction_result_type fallback for field 'Identical' found type Boolean
DEBUG: Return cast in BinaryComparison_new - value type: PointerType(PointerType { ptr_type: Type { address: 0x581f416161f0, llvm_type: "ptr" } }), expected ret_ty: StructType(StructType { struct_type: Type { address: 0x581f41616860, llvm_type: "{ i1, i1, { i64, ptr }, { i64, ptr }, { i64, ptr }, i64 }" } })
DEBUG: Return cast in BinaryComparison_new - value type: PointerType(PointerType { ptr_type: Type { address: 0x581f416161f0, llvm_type: "ptr" } }), expected ret_ty: StructType(StructType { struct_type: Type { address: 0x581f41616860, llvm_type: "{ i1, i1, { i64, ptr }, { i64, ptr }, { i64, ptr }, i64 }" } })
DEBUG: infer_instruction_result_type fallback for field 'Size' found type Integer
DEBUG: infer_instruction_result_type fallback for field 'Size' found type Integer
DEBUG: infer_instruction_result_type fallback for field 'Stage2Hash' found type String
DEBUG: infer_instruction_result_type fallback for field 'Stage2Hash' found type String
DEBUG: infer_instruction_result_type fallback for field 'Stage3Hash' found type String
DEBUG: infer_instruction_result_type fallback for field 'Stage3Hash' found type String
DEBUG: infer call target: __ArrayNew
DEBUG: function __ArrayNew not found in module
DEBUG: Return cast in BlockNode_new - value type: PointerType(PointerType { ptr_type: Type { address: 0x581f416161f0, llvm_type: "ptr" } }), expected ret_ty: StructType(StructType { struct_type: Type { address: 0x581f41616380, llvm_type: "{ ptr }" } })
DEBUG: Return cast in BlockNode_new - value type: PointerType(PointerType { ptr_type: Type { address: 0x581f416161f0, llvm_type: "ptr" } }), expected ret_ty: StructType(StructType { struct_type: Type { address: 0x581f41616380, llvm_type: "{ ptr }" } })
DEBUG: Return cast in BootstrapManager_new - value type: PointerType(PointerType { ptr_type: Type { address: 0x581f416161f0, llvm_type: "ptr" } }), expected ret_ty: StructType(StructType { struct_type: Type { address: 0x581f41616210, llvm_type: "{}" } })
DEBUG: Return cast in BootstrapManager_new - value type: PointerType(PointerType { ptr_type: Type { address: 0x581f416161f0, llvm_type: "ptr" } }), expected ret_ty: StructType(StructType { struct_type: Type { address: 0x581f41616210, llvm_type: "{}" } })
DEBUG: infer_instruction_result_type fallback for field 'CurrentStage' found type Integer
DEBUG: allocated reg 1502 as IntType(IntType { int_type: Type { address: 0x581f414e1f08, llvm_type: "i64" } })
DEBUG: infer call target: CompilerInfo_new
DEBUG: infer constructor CompilerInfo_new reg 1503 as struct CompilerInfo
DEBUG: allocated reg 1503 as StructType(StructType { struct_type: Type { address: 0x581f416167a0, llvm_type: "{ { i64, ptr }, { i64, ptr }, i64 }" } })
DEBUG: infer_instruction_result_type fallback for field 'Stages' found type Array(Integer)
DEBUG: allocated reg 1504 as PointerType(PointerType { ptr_type: Type { address: 0x581f416161f0, llvm_type: "ptr" } })
DEBUG: infer call target: push
DEBUG: function push not found in module
DEBUG: infer_instruction_result_type fallback for field 'CurrentStage' found type Integer
DEBUG: allocated reg 1506 as IntType(IntType { int_type: Type { address: 0x581f414e1f08, llvm_type: "i64" } })
DEBUG: allocated reg 1507 as IntType(IntType { int_type: Type { address: 0x581f414e1f08, llvm_type: "i64" } })
DEBUG: allocated reg 1508 as StructType(StructType { struct_type: Type { address: 0x581f41616230, llvm_type: "{ i64, ptr }" } })
DEBUG: allocated reg 1509 as StructType(StructType { struct_type: Type { address: 0x581f41616230, llvm_type: "{ i64, ptr }" } })
DEBUG: infer_instruction_result_type fallback for field 'CurrentStage' found type Integer
DEBUG: allocated reg 1510 as IntType(IntType { int_type: Type { address: 0x581f414e1f08, llvm_type: "i64" } })
DEBUG: allocated reg 1511 as StructType(StructType { struct_type: Type { address: 0x581f41616230, llvm_type: "{ i64, ptr }" } })
DEBUG: allocated reg 1512 as StructType(StructType { struct_type: Type { address: 0x581f41616230, llvm_type: "{ i64, ptr }" } })
DEBUG: allocated reg 1513 as StructType(StructType { struct_type: Type { address: 0x581f41616230, llvm_type: "{ i64, ptr }" } })
DEBUG: allocated reg 1514 as StructType(StructType { struct_type: Type { address: 0x581f41616230, llvm_type: "{ i64, ptr }" } })
DEBUG: allocated reg 1515 as StructType(StructType { struct_type: Type { address: 0x581f41616230, llvm_type: "{ i64, ptr }" } })
DEBUG: infer call target: BootstrapVerifier_log
DEBUG: infer BootstrapVerifier_log reg 1516 from LLVM function type: Some(IntType(IntType { int_type: Type { address: 0x581f414e1f08, llvm_type: "i64" } }))
DEBUG: allocated reg 1516 as IntType(IntType { int_type: Type { address: 0x581f414e1f08, llvm_type: "i64" } })
DEBUG: infer_instruction_result_type fallback for field 'CurrentStage' found type Integer
DEBUG: infer call target: CompilerInfo_new
DEBUG: infer constructor CompilerInfo_new reg 1503 as struct CompilerInfo
DEBUG: infer_instruction_result_type fallback for field 'Stages' found type Array(Integer)
DEBUG: infer call target: push
DEBUG: function push not found in module
DEBUG: infer_instruction_result_type fallback for field 'CurrentStage' found type Integer
DEBUG: infer_instruction_result_type fallback for field 'CurrentStage' found type Integer
DEBUG: infer call target: BootstrapVerifier_log
DEBUG: infer BootstrapVerifier_log reg 1516 from LLVM function type: Some(IntType(IntType { int_type: Type { address: 0x581f414e1f08, llvm_type: "i64" } }))
DEBUG: collect_defined_registers defaulting reg 1505 to i64, inst: Call { target: Variable("push"), args: [Register(1504), Variable("stage")], result: Some(Register(1505)) }
DEBUG: allocated reg 1662 as StructType(StructType { struct_type: Type { address: 0x581f41616230, llvm_type: "{ i64, ptr }" } })
DEBUG: allocated reg 1663 as StructType(StructType { struct_type: Type { address: 0x581f41616230, llvm_type: "{ i64, ptr }" } })
DEBUG: allocated reg 1664 as StructType(StructType { struct_type: Type { address: 0x581f41616230, llvm_type: "{ i64, ptr }" } })
DEBUG: allocated reg 1665 as StructType(StructType { struct_type: Type { address: 0x581f41616230, llvm_type: "{ i64, ptr }" } })
DEBUG: allocated reg 1666 as StructType(StructType { struct_type: Type { address: 0x581f41616230, llvm_type: "{ i64, ptr }" } })
DEBUG: infer call target: BootstrapVerifier_log
DEBUG: infer BootstrapVerifier_log reg 1667 from LLVM function type: Some(IntType(IntType { int_type: Type { address: 0x581f414e1f08, llvm_type: "i64" } }))
DEBUG: allocated reg 1667 as IntType(IntType { int_type: Type { address: 0x581f414e1f08, llvm_type: "i64" } })
DEBUG: infer call target: FileExists
DEBUG: infer FileExists reg 1668 from LLVM function type: Some(IntType(IntType { int_type: Type { address: 0x581f414e1ea8, llvm_type: "i1" } }))
DEBUG: allocated reg 1668 as IntType(IntType { int_type: Type { address: 0x581f414e1ea8, llvm_type: "i1" } })
DEBUG: allocated reg 1669 as IntType(IntType { int_type: Type { address: 0x581f414e1ea8, llvm_type: "i1" } })
DEBUG: infer call target: FileExists
DEBUG: infer FileExists reg 1670 from LLVM function type: Some(IntType(IntType { int_type: Type { address: 0x581f414e1ea8, llvm_type: "i1" } }))
DEBUG: allocated reg 1670 as IntType(IntType { int_type: Type { address: 0x581f414e1ea8, llvm_type: "i1" } })
DEBUG: allocated reg 1671 as IntType(IntType { int_type: Type { address: 0x581f414e1ea8, llvm_type: "i1" } })
DEBUG: allocated reg 1672 as IntType(IntType { int_type: Type { address: 0x581f414e1ea8, llvm_type: "i1" } })
DEBUG: allocated reg 1673 as StructType(StructType { struct_type: Type { address: 0x581f41616230, llvm_type: "{ i64, ptr }" } })
DEBUG: allocated reg 1674 as StructType(StructType { struct_type: Type { address: 0x581f41616230, llvm_type: "{ i64, ptr }" } })
DEBUG: allocated reg 1675 as StructType(StructType { struct_type: Type { address: 0x581f41616230, llvm_type: "{ i64, ptr }" } })
DEBUG: allocated reg 1676 as StructType(StructType { struct_type: Type { address: 0x581f41616230, llvm_type: "{ i64, ptr }" } })
DEBUG: allocated reg 1677 as StructType(StructType { struct_type: Type { address: 0x581f41616230, llvm_type: "{ i64, ptr }" } })
DEBUG: infer call target: Err
DEBUG: infer Err reg 1678 as struct Result from fn_return_struct_types
DEBUG: allocated reg 1678 as StructType(StructType { struct_type: Type { address: 0x581f416169e0, llvm_type: "{ i1, ptr, ptr }" } })
DEBUG: allocated reg 1679 as StructType(StructType { struct_type: Type { address: 0x581f416169e0, llvm_type: "{ i1, ptr, ptr }" } })
DEBUG: infer call target: GetFileHash
DEBUG: infer GetFileHash reg 1680 from LLVM function type: Some(StructType(StructType { struct_type: Type { address: 0x581f41616230, llvm_type: "{ i64, ptr }" } }))
DEBUG: allocated reg 1680 as StructType(StructType { struct_type: Type { address: 0x581f41616230, llvm_type: "{ i64, ptr }" } })
DEBUG: infer call target: GetFileHash
DEBUG: infer GetFileHash reg 1681 from LLVM function type: Some(StructType(StructType { struct_type: Type { address: 0x581f41616230, llvm_type: "{ i64, ptr }" } }))
DEBUG: allocated reg 1681 as StructType(StructType { struct_type: Type { address: 0x581f41616230, llvm_type: "{ i64, ptr }" } })
DEBUG: infer call target: GetFileSize
DEBUG: infer GetFileSize reg 1682 from LLVM function type: Some(IntType(IntType { int_type: Type { address: 0x581f414e1f08, llvm_type: "i64" } }))
DEBUG: allocated reg 1682 as IntType(IntType { int_type: Type { address: 0x581f414e1f08, llvm_type: "i64" } })
DEBUG: infer call target: GetFileSize
DEBUG: infer GetFileSize reg 1683 from LLVM function type: Some(IntType(IntType { int_type: Type { address: 0x581f414e1f08, llvm_type: "i64" } }))
DEBUG: allocated reg 1683 as IntType(IntType { int_type: Type { address: 0x581f414e1f08, llvm_type: "i64" } })
DEBUG: allocated reg 1684 as StructType(StructType { struct_type: Type { address: 0x581f41616230, llvm_type: "{ i64, ptr }" } })
DEBUG: allocated reg 1685 as StructType(StructType { struct_type: Type { address: 0x581f41616230, llvm_type: "{ i64, ptr }" } })
DEBUG: allocated reg 1686 as StructType(StructType { struct_type: Type { address: 0x581f41616230, llvm_type: "{ i64, ptr }" } })
DEBUG: allocated reg 1687 as StructType(StructType { struct_type: Type { address: 0x581f41616230, llvm_type: "{ i64, ptr }" } })
DEBUG: allocated reg 1688 as StructType(StructType { struct_type: Type { address: 0x581f41616230, llvm_type: "{ i64, ptr }" } })
DEBUG: allocated reg 1689 as StructType(StructType { struct_type: Type { address: 0x581f41616230, llvm_type: "{ i64, ptr }" } })
DEBUG: allocated reg 1690 as StructType(StructType { struct_type: Type { address: 0x581f41616230, llvm_type: "{ i64, ptr }" } })
DEBUG: infer call target: BootstrapVerifier_log
DEBUG: infer BootstrapVerifier_log reg 1691 from LLVM function type: Some(IntType(IntType { int_type: Type { address: 0x581f414e1f08, llvm_type: "i64" } }))
DEBUG: allocated reg 1691 as IntType(IntType { int_type: Type { address: 0x581f414e1f08, llvm_type: "i64" } })
DEBUG: allocated reg 1692 as StructType(StructType { struct_type: Type { address: 0x581f41616230, llvm_type: "{ i64, ptr }" } })
DEBUG: allocated reg 1693 as StructType(StructType { struct_type: Type { address: 0x581f41616230, llvm_type: "{ i64, ptr }" } })
DEBUG: allocated reg 1694 as StructType(StructType { struct_type: Type { address: 0x581f41616230, llvm_type: "{ i64, ptr }" } })
DEBUG: allocated reg 1695 as StructType(StructType { struct_type: Type { address: 0x581f41616230, llvm_type: "{ i64, ptr }" } })
DEBUG: allocated reg 1696 as StructType(StructType { struct_type: Type { address: 0x581f41616230, llvm_type: "{ i64, ptr }" } })
DEBUG: allocated reg 1697 as StructType(StructType { struct_type: Type { address: 0x581f41616230, llvm_type: "{ i64, ptr }" } })
DEBUG: allocated reg 1698 as StructType(StructType { struct_type: Type { address: 0x581f41616230, llvm_type: "{ i64, ptr }" } })
DEBUG: infer call target: BootstrapVerifier_log
DEBUG: infer BootstrapVerifier_log reg 1699 from LLVM function type: Some(IntType(IntType { int_type: Type { address: 0x581f414e1f08, llvm_type: "i64" } }))
DEBUG: allocated reg 1699 as IntType(IntType { int_type: Type { address: 0x581f414e1f08, llvm_type: "i64" } })
DEBUG: allocated reg 1700 as IntType(IntType { int_type: Type { address: 0x581f414e1ea8, llvm_type: "i1" } })
DEBUG: allocated reg 1701 as IntType(IntType { int_type: Type { address: 0x581f414e1ea8, llvm_type: "i1" } })
DEBUG: allocated reg 1702 as IntType(IntType { int_type: Type { address: 0x581f414e1ea8, llvm_type: "i1" } })
DEBUG: allocated reg 1703 as IntType(IntType { int_type: Type { address: 0x581f414e1ea8, llvm_type: "i1" } })
DEBUG: allocated reg 1704 as StructType(StructType { struct_type: Type { address: 0x581f41616230, llvm_type: "{ i64, ptr }" } })
DEBUG: allocated reg 1705 as IntType(IntType { int_type: Type { address: 0x581f414e1f08, llvm_type: "i64" } })
DEBUG: infer call target: BinaryComparison_new
DEBUG: infer constructor BinaryComparison_new reg 1706 as struct BinaryComparison
DEBUG: allocated reg 1706 as StructType(StructType { struct_type: Type { address: 0x581f41616860, llvm_type: "{ i1, i1, { i64, ptr }, { i64, ptr }, { i64, ptr }, i64 }" } })
DEBUG: infer call target: Ok
DEBUG: infer Ok reg 1707 as struct Result from fn_return_struct_types
DEBUG: allocated reg 1707 as StructType(StructType { struct_type: Type { address: 0x581f416169e0, llvm_type: "{ i1, ptr, ptr }" } })
DEBUG: infer call target: BootstrapVerifier_log
DEBUG: infer BootstrapVerifier_log reg 1667 from LLVM function type: Some(IntType(IntType { int_type: Type { address: 0x581f414e1f08, llvm_type: "i64" } }))
DEBUG: infer call target: FileExists
DEBUG: infer FileExists reg 1668 from LLVM function type: Some(IntType(IntType { int_type: Type { address: 0x581f414e1ea8, llvm_type: "i1" } }))
DEBUG: infer call target: FileExists
DEBUG: infer FileExists reg 1670 from LLVM function type: Some(IntType(IntType { int_type: Type { address: 0x581f414e1ea8, llvm_type: "i1" } }))
DEBUG: infer call target: Err
DEBUG: infer Err reg 1678 as struct Result from fn_return_struct_types
DEBUG: infer call target: GetFileHash
DEBUG: infer GetFileHash reg 1680 from LLVM function type: Some(StructType(StructType { struct_type: Type { address: 0x581f41616230, llvm_type: "{ i64, ptr }" } }))
DEBUG: infer call target: GetFileHash
DEBUG: infer GetFileHash reg 1681 from LLVM function type: Some(StructType(StructType { struct_type: Type { address: 0x581f41616230, llvm_type: "{ i64, ptr }" } }))
DEBUG: infer call target: GetFileSize
DEBUG: infer GetFileSize reg 1682 from LLVM function type: Some(IntType(IntType { int_type: Type { address: 0x581f414e1f08, llvm_type: "i64" } }))
DEBUG: infer call target: GetFileSize
DEBUG: infer GetFileSize reg 1683 from LLVM function type: Some(IntType(IntType { int_type: Type { address: 0x581f414e1f08, llvm_type: "i64" } }))
DEBUG: infer call target: BootstrapVerifier_log
DEBUG: infer BootstrapVerifier_log reg 1691 from LLVM function type: Some(IntType(IntType { int_type: Type { address: 0x581f414e1f08, llvm_type: "i64" } }))
DEBUG: infer call target: BootstrapVerifier_log
DEBUG: infer BootstrapVerifier_log reg 1699 from LLVM function type: Some(IntType(IntType { int_type: Type { address: 0x581f414e1f08, llvm_type: "i64" } }))
DEBUG: infer call target: BinaryComparison_new
DEBUG: infer constructor BinaryComparison_new reg 1706 as struct BinaryComparison
DEBUG: infer call target: Ok
DEBUG: infer Ok reg 1707 as struct Result from fn_return_struct_types
DEBUG: infer_instruction_result_type fallback for field 'Stages' found type Array(Integer)
DEBUG: allocated reg 1599 as PointerType(PointerType { ptr_type: Type { address: 0x581f416161f0, llvm_type: "ptr" } })
DEBUG: allocated reg 1601 as StructType(StructType { struct_type: Type { address: 0x581f41616230, llvm_type: "{ i64, ptr }" } })
DEBUG: allocated reg 1602 as StructType(StructType { struct_type: Type { address: 0x581f41616230, llvm_type: "{ i64, ptr }" } })
DEBUG: infer_instruction_result_type fallback for field 'name' found type String
DEBUG: allocated reg 1603 as StructType(StructType { struct_type: Type { address: 0x581f41616230, llvm_type: "{ i64, ptr }" } })
DEBUG: allocated reg 1604 as StructType(StructType { struct_type: Type { address: 0x581f41616230, llvm_type: "{ i64, ptr }" } })
DEBUG: allocated reg 1605 as StructType(StructType { struct_type: Type { address: 0x581f41616230, llvm_type: "{ i64, ptr }" } })
DEBUG: infer call target: BootstrapVerifier_log
DEBUG: infer BootstrapVerifier_log reg 1606 from LLVM function type: Some(IntType(IntType { int_type: Type { address: 0x581f414e1f08, llvm_type: "i64" } }))
DEBUG: allocated reg 1606 as IntType(IntType { int_type: Type { address: 0x581f414e1f08, llvm_type: "i64" } })
DEBUG: allocated reg 1607 as StructType(StructType { struct_type: Type { address: 0x581f41616230, llvm_type: "{ i64, ptr }" } })
DEBUG: infer_instruction_result_type fallback for field 'Path' found type String
DEBUG: allocated reg 1608 as StructType(StructType { struct_type: Type { address: 0x581f41616230, llvm_type: "{ i64, ptr }" } })
DEBUG: allocated reg 1609 as StructType(StructType { struct_type: Type { address: 0x581f41616230, llvm_type: "{ i64, ptr }" } })
DEBUG: allocated reg 1610 as StructType(StructType { struct_type: Type { address: 0x581f41616230, llvm_type: "{ i64, ptr }" } })
DEBUG: allocated reg 1611 as StructType(StructType { struct_type: Type { address: 0x581f41616230, llvm_type: "{ i64, ptr }" } })
DEBUG: allocated reg 1612 as StructType(StructType { struct_type: Type { address: 0x581f41616230, llvm_type: "{ i64, ptr }" } })
DEBUG: allocated reg 1613 as StructType(StructType { struct_type: Type { address: 0x581f41616230, llvm_type: "{ i64, ptr }" } })
DEBUG: allocated reg 1614 as StructType(StructType { struct_type: Type { address: 0x581f41616230, llvm_type: "{ i64, ptr }" } })
DEBUG: allocated reg 1615 as StructType(StructType { struct_type: Type { address: 0x581f41616230, llvm_type: "{ i64, ptr }" } })
DEBUG: allocated reg 1616 as StructType(StructType { struct_type: Type { address: 0x581f41616230, llvm_type: "{ i64, ptr }" } })
DEBUG: infer call target: BootstrapVerifier_log
DEBUG: infer BootstrapVerifier_log reg 1617 from LLVM function type: Some(IntType(IntType { int_type: Type { address: 0x581f414e1f08, llvm_type: "i64" } }))
DEBUG: allocated reg 1617 as IntType(IntType { int_type: Type { address: 0x581f414e1f08, llvm_type: "i64" } })
DEBUG: infer call target: getCurrentTime
DEBUG: infer getCurrentTime reg 1618 from LLVM function type: Some(IntType(IntType { int_type: Type { address: 0x581f414e1f08, llvm_type: "i64" } }))
DEBUG: allocated reg 1618 as IntType(IntType { int_type: Type { address: 0x581f414e1f08, llvm_type: "i64" } })
DEBUG: infer call target: execCommand
DEBUG: infer execCommand reg 1619 as struct CommandResult from fn_return_struct_types
DEBUG: allocated reg 1619 as StructType(StructType { struct_type: Type { address: 0x581f41616730, llvm_type: "{ i1, { i64, ptr } }" } })
DEBUG: infer call target: getCurrentTime
DEBUG: infer getCurrentTime reg 1620 from LLVM function type: Some(IntType(IntType { int_type: Type { address: 0x581f414e1f08, llvm_type: "i64" } }))
DEBUG: allocated reg 1620 as IntType(IntType { int_type: Type { address: 0x581f414e1f08, llvm_type: "i64" } })
DEBUG: allocated reg 1622 as StructType(StructType { struct_type: Type { address: 0x581f41616230, llvm_type: "{ i64, ptr }" } })
DEBUG: allocated reg 1623 as StructType(StructType { struct_type: Type { address: 0x581f41616230, llvm_type: "{ i64, ptr }" } })
DEBUG: allocated reg 1624 as StructType(StructType { struct_type: Type { address: 0x581f41616230, llvm_type: "{ i64, ptr }" } })
DEBUG: allocated reg 1625 as StructType(StructType { struct_type: Type { address: 0x581f41616230, llvm_type: "{ i64, ptr }" } })
DEBUG: infer call target: BootstrapVerifier_log
DEBUG: infer BootstrapVerifier_log reg 1626 from LLVM function type: Some(IntType(IntType { int_type: Type { address: 0x581f414e1f08, llvm_type: "i64" } }))
DEBUG: allocated reg 1626 as IntType(IntType { int_type: Type { address: 0x581f414e1f08, llvm_type: "i64" } })
DEBUG: infer call target: commandWasSuccessful
DEBUG: infer commandWasSuccessful reg 1627 from LLVM function type: Some(IntType(IntType { int_type: Type { address: 0x581f414e1ea8, llvm_type: "i1" } }))
DEBUG: allocated reg 1627 as IntType(IntType { int_type: Type { address: 0x581f414e1ea8, llvm_type: "i1" } })
DEBUG: infer call target: FileExists
DEBUG: infer FileExists reg 1628 from LLVM function type: Some(IntType(IntType { int_type: Type { address: 0x581f414e1ea8, llvm_type: "i1" } }))
DEBUG: allocated reg 1628 as IntType(IntType { int_type: Type { address: 0x581f414e1ea8, llvm_type: "i1" } })
DEBUG: infer call target: GetFileSize
DEBUG: infer GetFileSize reg 1629 from LLVM function type: Some(IntType(IntType { int_type: Type { address: 0x581f414e1f08, llvm_type: "i64" } }))
DEBUG: allocated reg 1629 as IntType(IntType { int_type: Type { address: 0x581f414e1f08, llvm_type: "i64" } })
DEBUG: infer call target: GetFileHash
DEBUG: infer GetFileHash reg 1630 from LLVM function type: Some(StructType(StructType { struct_type: Type { address: 0x581f41616230, llvm_type: "{ i64, ptr }" } }))
DEBUG: allocated reg 1630 as StructType(StructType { struct_type: Type { address: 0x581f41616230, llvm_type: "{ i64, ptr }" } })
DEBUG: allocated reg 1631 as StructType(StructType { struct_type: Type { address: 0x581f41616230, llvm_type: "{ i64, ptr }" } })
DEBUG: allocated reg 1632 as StructType(StructType { struct_type: Type { address: 0x581f41616230, llvm_type: "{ i64, ptr }" } })
DEBUG: allocated reg 1633 as StructType(StructType { struct_type: Type { address: 0x581f41616230, llvm_type: "{ i64, ptr }" } })
DEBUG: allocated reg 1634 as StructType(StructType { struct_type: Type { address: 0x581f41616230, llvm_type: "{ i64, ptr }" } })
DEBUG: allocated reg 1635 as StructType(StructType { struct_type: Type { address: 0x581f41616230, llvm_type: "{ i64, ptr }" } })
DEBUG: allocated reg 1636 as StructType(StructType { struct_type: Type { address: 0x581f41616230, llvm_type: "{ i64, ptr }" } })
DEBUG: allocated reg 1637 as StructType(StructType { struct_type: Type { address: 0x581f41616230, llvm_type: "{ i64, ptr }" } })
DEBUG: allocated reg 1638 as StructType(StructType { struct_type: Type { address: 0x581f41616230, llvm_type: "{ i64, ptr }" } })
DEBUG: infer call target: BootstrapVerifier_log
DEBUG: infer BootstrapVerifier_log reg 1639 from LLVM function type: Some(IntType(IntType { int_type: Type { address: 0x581f414e1f08, llvm_type: "i64" } }))
DEBUG: allocated reg 1639 as IntType(IntType { int_type: Type { address: 0x581f414e1f08, llvm_type: "i64" } })
DEBUG: infer call target: StageArtifact_new
DEBUG: infer constructor StageArtifact_new reg 1640 as struct StageArtifact
DEBUG: allocated reg 1640 as StructType(StructType { struct_type: Type { address: 0x581f41616820, llvm_type: "{ { i64, ptr }, { i64, ptr }, i64, i64 }" } })
DEBUG: infer call target: Ok
DEBUG: infer Ok reg 1641 as struct Result from fn_return_struct_types
DEBUG: allocated reg 1641 as StructType(StructType { struct_type: Type { address: 0x581f416169e0, llvm_type: "{ i1, ptr, ptr }" } })
DEBUG: allocated reg 1642 as StructType(StructType { struct_type: Type { address: 0x581f416169e0, llvm_type: "{ i1, ptr, ptr }" } })
DEBUG: allocated reg 1643 as StructType(StructType { struct_type: Type { address: 0x581f41616230, llvm_type: "{ i64, ptr }" } })
DEBUG: allocated reg 1644 as StructType(StructType { struct_type: Type { address: 0x581f41616230, llvm_type: "{ i64, ptr }" } })
DEBUG: allocated reg 1645 as StructType(StructType { struct_type: Type { address: 0x581f41616230, llvm_type: "{ i64, ptr }" } })
DEBUG: infer call target: BootstrapVerifier_log
DEBUG: infer BootstrapVerifier_log reg 1646 from LLVM function type: Some(IntType(IntType { int_type: Type { address: 0x581f414e1f08, llvm_type: "i64" } }))
DEBUG: allocated reg 1646 as IntType(IntType { int_type: Type { address: 0x581f414e1f08, llvm_type: "i64" } })
DEBUG: allocated reg 1647 as StructType(StructType { struct_type: Type { address: 0x581f41616230, llvm_type: "{ i64, ptr }" } })
DEBUG: allocated reg 1648 as StructType(StructType { struct_type: Type { address: 0x581f41616230, llvm_type: "{ i64, ptr }" } })
DEBUG: allocated reg 1649 as StructType(StructType { struct_type: Type { address: 0x581f41616230, llvm_type: "{ i64, ptr }" } })
DEBUG: infer call target: Err
DEBUG: infer Err reg 1650 as struct Result from fn_return_struct_types
DEBUG: allocated reg 1650 as StructType(StructType { struct_type: Type { address: 0x581f416169e0, llvm_type: "{ i1, ptr, ptr }" } })
DEBUG: allocated reg 1651 as StructType(StructType { struct_type: Type { address: 0x581f416169e0, llvm_type: "{ i1, ptr, ptr }" } })
DEBUG: infer call target: BootstrapVerifier_log
DEBUG: infer BootstrapVerifier_log reg 1652 from LLVM function type: Some(IntType(IntType { int_type: Type { address: 0x581f414e1f08, llvm_type: "i64" } }))
DEBUG: allocated reg 1652 as IntType(IntType { int_type: Type { address: 0x581f414e1f08, llvm_type: "i64" } })
DEBUG: infer call target: commandOutput
DEBUG: infer commandOutput reg 1653 from LLVM function type: Some(StructType(StructType { struct_type: Type { address: 0x581f41616230, llvm_type: "{ i64, ptr }" } }))
DEBUG: allocated reg 1653 as StructType(StructType { struct_type: Type { address: 0x581f41616230, llvm_type: "{ i64, ptr }" } })
DEBUG: allocated reg 1654 as StructType(StructType { struct_type: Type { address: 0x581f41616230, llvm_type: "{ i64, ptr }" } })
DEBUG: allocated reg 1655 as StructType(StructType { struct_type: Type { address: 0x581f41616230, llvm_type: "{ i64, ptr }" } })
DEBUG: allocated reg 1656 as StructType(StructType { struct_type: Type { address: 0x581f41616230, llvm_type: "{ i64, ptr }" } })
DEBUG: infer call target: BootstrapVerifier_log
DEBUG: infer BootstrapVerifier_log reg 1657 from LLVM function type: Some(IntType(IntType { int_type: Type { address: 0x581f414e1f08, llvm_type: "i64" } }))
DEBUG: allocated reg 1657 as IntType(IntType { int_type: Type { address: 0x581f414e1f08, llvm_type: "i64" } })
DEBUG: allocated reg 1658 as StructType(StructType { struct_type: Type { address: 0x581f41616230, llvm_type: "{ i64, ptr }" } })
DEBUG: allocated reg 1659 as StructType(StructType { struct_type: Type { address: 0x581f41616230, llvm_type: "{ i64, ptr }" } })
DEBUG: allocated reg 1660 as StructType(StructType { struct_type: Type { address: 0x581f41616230, llvm_type: "{ i64, ptr }" } })
DEBUG: infer call target: Err
DEBUG: infer Err reg 1661 as struct Result from fn_return_struct_types
DEBUG: allocated reg 1661 as StructType(StructType { struct_type: Type { address: 0x581f416169e0, llvm_type: "{ i1, ptr, ptr }" } })
DEBUG: infer_instruction_result_type fallback for field 'Stages' found type Array(Integer)
DEBUG: infer_instruction_result_type fallback for field 'name' found type String
DEBUG: infer call target: BootstrapVerifier_log
DEBUG: infer BootstrapVerifier_log reg 1606 from LLVM function type: Some(IntType(IntType { int_type: Type { address: 0x581f414e1f08, llvm_type: "i64" } }))
DEBUG: infer_instruction_result_type fallback for field 'Path' found type String
DEBUG: infer call target: BootstrapVerifier_log
DEBUG: infer BootstrapVerifier_log reg 1617 from LLVM function type: Some(IntType(IntType { int_type: Type { address: 0x581f414e1f08, llvm_type: "i64" } }))
DEBUG: infer call target: getCurrentTime
DEBUG: infer getCurrentTime reg 1618 from LLVM function type: Some(IntType(IntType { int_type: Type { address: 0x581f414e1f08, llvm_type: "i64" } }))
DEBUG: infer call target: execCommand
DEBUG: infer execCommand reg 1619 as struct CommandResult from fn_return_struct_types
DEBUG: infer call target: getCurrentTime
DEBUG: infer getCurrentTime reg 1620 from LLVM function type: Some(IntType(IntType { int_type: Type { address: 0x581f414e1f08, llvm_type: "i64" } }))
DEBUG: infer call target: BootstrapVerifier_log
DEBUG: infer BootstrapVerifier_log reg 1626 from LLVM function type: Some(IntType(IntType { int_type: Type { address: 0x581f414e1f08, llvm_type: "i64" } }))
DEBUG: infer call target: commandWasSuccessful
DEBUG: infer commandWasSuccessful reg 1627 from LLVM function type: Some(IntType(IntType { int_type: Type { address: 0x581f414e1ea8, llvm_type: "i1" } }))
DEBUG: infer call target: FileExists
DEBUG: infer FileExists reg 1628 from LLVM function type: Some(IntType(IntType { int_type: Type { address: 0x581f414e1ea8, llvm_type: "i1" } }))
DEBUG: infer call target: GetFileSize
DEBUG: infer GetFileSize reg 1629 from LLVM function type: Some(IntType(IntType { int_type: Type { address: 0x581f414e1f08, llvm_type: "i64" } }))
DEBUG: infer call target: GetFileHash
DEBUG: infer GetFileHash reg 1630 from LLVM function type: Some(StructType(StructType { struct_type: Type { address: 0x581f41616230, llvm_type: "{ i64, ptr }" } }))
DEBUG: infer call target: BootstrapVerifier_log
DEBUG: infer BootstrapVerifier_log reg 1639 from LLVM function type: Some(IntType(IntType { int_type: Type { address: 0x581f414e1f08, llvm_type: "i64" } }))
DEBUG: infer call target: StageArtifact_new
DEBUG: infer constructor StageArtifact_new reg 1640 as struct StageArtifact
DEBUG: infer call target: Ok
DEBUG: infer Ok reg 1641 as struct Result from fn_return_struct_types
DEBUG: infer call target: BootstrapVerifier_log
DEBUG: infer BootstrapVerifier_log reg 1646 from LLVM function type: Some(IntType(IntType { int_type: Type { address: 0x581f414e1f08, llvm_type: "i64" } }))
DEBUG: infer call target: Err
DEBUG: infer Err reg 1650 as struct Result from fn_return_struct_types
DEBUG: infer call target: BootstrapVerifier_log
DEBUG: infer BootstrapVerifier_log reg 1652 from LLVM function type: Some(IntType(IntType { int_type: Type { address: 0x581f414e1f08, llvm_type: "i64" } }))
DEBUG: infer call target: commandOutput
DEBUG: infer commandOutput reg 1653 from LLVM function type: Some(StructType(StructType { struct_type: Type { address: 0x581f41616230, llvm_type: "{ i64, ptr }" } }))
DEBUG: infer call target: BootstrapVerifier_log
DEBUG: infer BootstrapVerifier_log reg 1657 from LLVM function type: Some(IntType(IntType { int_type: Type { address: 0x581f414e1f08, llvm_type: "i64" } }))
DEBUG: infer call target: Err
DEBUG: infer Err reg 1661 as struct Result from fn_return_struct_types
DEBUG: collect_defined_registers defaulting reg 1600 to i64, inst: ArrayAccess { array: Register(1599), index: Variable("stageIndex"), result: Register(1600) }
DEBUG: collect_defined_registers defaulting reg 1621 to i64, inst: Binary { op: Subtract, left: Variable("endTime"), right: Variable("startTime"), result: Register(1621) }
Error: Categorised { kind: Ir, message: "Failed to produce output stage1.out: Lowering IR to LLVM failed\n\nCaused by:\n    Not a string value: IntValue(IntValue { int_value: Value { name: \"succ\", address: 0x581f41a0beb0, is_const: false, is_null: false, is_undef: false, llvm_value: \"  %succ = load i1, ptr %fld, align 1\", llvm_type: \"i1\" } })", location: None }
